<?xml version="1.0" encoding="UTF-8"?>
<testsuites name="jest tests" tests="517" failures="103" errors="0" time="108.02">
  <testsuite name="FreeTrialBanner" errors="0" failures="4" skipped="0" timestamp="2025-07-31T04:52:58" time="57.603" tests="13">
    <testcase classname="FreeTrialBanner rental reports banner should render rental reports banner with remaining uses" name="FreeTrialBanner rental reports banner should render rental reports banner with remaining uses" time="0.273">
    </testcase>
    <testcase classname="FreeTrialBanner rental reports banner should render rental reports banner when no uses remaining" name="FreeTrialBanner rental reports banner should render rental reports banner when no uses remaining" time="0.016">
    </testcase>
    <testcase classname="FreeTrialBanner zillow scraper banner should render zillow scraper banner with remaining uses" name="FreeTrialBanner zillow scraper banner should render zillow scraper banner with remaining uses" time="0.017">
    </testcase>
    <testcase classname="FreeTrialBanner zillow scraper banner should render zillow scraper banner when no uses remaining" name="FreeTrialBanner zillow scraper banner should render zillow scraper banner when no uses remaining" time="0.013">
    </testcase>
    <testcase classname="FreeTrialBanner user states should not render when user is paid member" name="FreeTrialBanner user states should not render when user is paid member" time="0.008">
    </testcase>
    <testcase classname="FreeTrialBanner user states should not render when user is loading" name="FreeTrialBanner user states should not render when user is loading" time="0.009">
    </testcase>
    <testcase classname="FreeTrialBanner user states should not render when remaining uses is null" name="FreeTrialBanner user states should not render when remaining uses is null" time="0.026">
      <failure>Error: expect(element).not.toBeInTheDocument()

expected document not to contain element, found &lt;div data-header=&quot;Limited Free Uses&quot; data-testid=&quot;alert-warning&quot;&gt;You have &lt;strong /&gt; more free InstantlyReport uses under the free tier. Subscribe in order to have unlimited usage of this calculator.&lt;/div&gt; instead
    at Object.&lt;anonymous&gt; (C:\Users\benpe\Coding\REI-Project\InstantlyAnalyze-Components\tst\components\FreeTrialBanner\FreeTrialBanner.test.tsx:121:57)
    at Promise.then.completed (C:\Users\benpe\Coding\REI-Project\InstantlyAnalyze-Components\node_modules\jest-circus\build\utils.js:298:28)
    at new Promise (&lt;anonymous&gt;)
    at callAsyncCircusFn (C:\Users\benpe\Coding\REI-Project\InstantlyAnalyze-Components\node_modules\jest-circus\build\utils.js:231:10)
    at _callCircusTest (C:\Users\benpe\Coding\REI-Project\InstantlyAnalyze-Components\node_modules\jest-circus\build\run.js:316:40)
    at processTicksAndRejections (node:internal/process/task_queues:95:5)
    at _runTest (C:\Users\benpe\Coding\REI-Project\InstantlyAnalyze-Components\node_modules\jest-circus\build\run.js:252:3)
    at _runTestsForDescribeBlock (C:\Users\benpe\Coding\REI-Project\InstantlyAnalyze-Components\node_modules\jest-circus\build\run.js:126:9)
    at _runTestsForDescribeBlock (C:\Users\benpe\Coding\REI-Project\InstantlyAnalyze-Components\node_modules\jest-circus\build\run.js:121:9)
    at _runTestsForDescribeBlock (C:\Users\benpe\Coding\REI-Project\InstantlyAnalyze-Components\node_modules\jest-circus\build\run.js:121:9)
    at run (C:\Users\benpe\Coding\REI-Project\InstantlyAnalyze-Components\node_modules\jest-circus\build\run.js:71:3)
    at runAndTransformResultsToJestFormat (C:\Users\benpe\Coding\REI-Project\InstantlyAnalyze-Components\node_modules\jest-circus\build\legacy-code-todo-rewrite\jestAdapterInit.js:122:21)
    at jestAdapter (C:\Users\benpe\Coding\REI-Project\InstantlyAnalyze-Components\node_modules\jest-circus\build\legacy-code-todo-rewrite\jestAdapter.js:79:19)
    at runTestInternal (C:\Users\benpe\Coding\REI-Project\InstantlyAnalyze-Components\node_modules\jest-runner\build\runTest.js:367:16)
    at runTest (C:\Users\benpe\Coding\REI-Project\InstantlyAnalyze-Components\node_modules\jest-runner\build\runTest.js:444:34)
    at Object.worker (C:\Users\benpe\Coding\REI-Project\InstantlyAnalyze-Components\node_modules\jest-runner\build\testWorker.js:106:12)</failure>
    </testcase>
    <testcase classname="FreeTrialBanner banner content should include subscription message" name="FreeTrialBanner banner content should include subscription message" time="0.021">
    </testcase>
    <testcase classname="FreeTrialBanner banner content should show correct remaining uses count" name="FreeTrialBanner banner content should show correct remaining uses count" time="0.028">
      <failure>TestingLibraryElementError: Unable to find an element with the text: /You have 10 more free/. This could be because the text is broken up by multiple elements. In this case, you can provide a function for your text matcher to make your matcher more flexible.

Ignored nodes: comments, script, style
&lt;body&gt;
  &lt;div&gt;
    &lt;div
      data-header=&quot;Limited Free Uses&quot;
      data-testid=&quot;alert-warning&quot;
    &gt;
      You have 
      &lt;strong&gt;
        10
      &lt;/strong&gt;
       more free 
      InstantlyReport uses
       under the free tier. Subscribe in order to have unlimited usage of this calculator.
    &lt;/div&gt;
  &lt;/div&gt;
&lt;/body&gt;
    at Object.getElementError (C:\Users\benpe\Coding\REI-Project\InstantlyAnalyze-Components\node_modules\@testing-library\react\node_modules\@testing-library\dom\dist\config.js:37:19)
    at C:\Users\benpe\Coding\REI-Project\InstantlyAnalyze-Components\node_modules\@testing-library\react\node_modules\@testing-library\dom\dist\query-helpers.js:76:38
    at C:\Users\benpe\Coding\REI-Project\InstantlyAnalyze-Components\node_modules\@testing-library\react\node_modules\@testing-library\dom\dist\query-helpers.js:52:17
    at C:\Users\benpe\Coding\REI-Project\InstantlyAnalyze-Components\node_modules\@testing-library\react\node_modules\@testing-library\dom\dist\query-helpers.js:95:19
    at Object.&lt;anonymous&gt; (C:\Users\benpe\Coding\REI-Project\InstantlyAnalyze-Components\tst\components\FreeTrialBanner\FreeTrialBanner.test.tsx:141:21)
    at Promise.then.completed (C:\Users\benpe\Coding\REI-Project\InstantlyAnalyze-Components\node_modules\jest-circus\build\utils.js:298:28)
    at new Promise (&lt;anonymous&gt;)
    at callAsyncCircusFn (C:\Users\benpe\Coding\REI-Project\InstantlyAnalyze-Components\node_modules\jest-circus\build\utils.js:231:10)
    at _callCircusTest (C:\Users\benpe\Coding\REI-Project\InstantlyAnalyze-Components\node_modules\jest-circus\build\run.js:316:40)
    at processTicksAndRejections (node:internal/process/task_queues:95:5)
    at _runTest (C:\Users\benpe\Coding\REI-Project\InstantlyAnalyze-Components\node_modules\jest-circus\build\run.js:252:3)
    at _runTestsForDescribeBlock (C:\Users\benpe\Coding\REI-Project\InstantlyAnalyze-Components\node_modules\jest-circus\build\run.js:126:9)
    at _runTestsForDescribeBlock (C:\Users\benpe\Coding\REI-Project\InstantlyAnalyze-Components\node_modules\jest-circus\build\run.js:121:9)
    at _runTestsForDescribeBlock (C:\Users\benpe\Coding\REI-Project\InstantlyAnalyze-Components\node_modules\jest-circus\build\run.js:121:9)
    at run (C:\Users\benpe\Coding\REI-Project\InstantlyAnalyze-Components\node_modules\jest-circus\build\run.js:71:3)
    at runAndTransformResultsToJestFormat (C:\Users\benpe\Coding\REI-Project\InstantlyAnalyze-Components\node_modules\jest-circus\build\legacy-code-todo-rewrite\jestAdapterInit.js:122:21)
    at jestAdapter (C:\Users\benpe\Coding\REI-Project\InstantlyAnalyze-Components\node_modules\jest-circus\build\legacy-code-todo-rewrite\jestAdapter.js:79:19)
    at runTestInternal (C:\Users\benpe\Coding\REI-Project\InstantlyAnalyze-Components\node_modules\jest-runner\build\runTest.js:367:16)
    at runTest (C:\Users\benpe\Coding\REI-Project\InstantlyAnalyze-Components\node_modules\jest-runner\build\runTest.js:444:34)
    at Object.worker (C:\Users\benpe\Coding\REI-Project\InstantlyAnalyze-Components\node_modules\jest-runner\build\testWorker.js:106:12)</failure>
    </testcase>
    <testcase classname="FreeTrialBanner banner content should use strong tag for remaining uses count" name="FreeTrialBanner banner content should use strong tag for remaining uses count" time="0.016">
    </testcase>
    <testcase classname="FreeTrialBanner error handling should throw error for invalid banner type" name="FreeTrialBanner error handling should throw error for invalid banner type" time="0.143">
    </testcase>
    <testcase classname="FreeTrialBanner different remaining use counts should handle single remaining use" name="FreeTrialBanner different remaining use counts should handle single remaining use" time="0.014">
      <failure>TestingLibraryElementError: Unable to find an element with the text: /You have 1 more free/. This could be because the text is broken up by multiple elements. In this case, you can provide a function for your text matcher to make your matcher more flexible.

Ignored nodes: comments, script, style
&lt;body&gt;
  &lt;div&gt;
    &lt;div
      data-header=&quot;Limited Free Uses&quot;
      data-testid=&quot;alert-warning&quot;
    &gt;
      You have 
      &lt;strong&gt;
        1
      &lt;/strong&gt;
       more free 
      InstantlyReport uses
       under the free tier. Subscribe in order to have unlimited usage of this calculator.
    &lt;/div&gt;
  &lt;/div&gt;
&lt;/body&gt;
    at Object.getElementError (C:\Users\benpe\Coding\REI-Project\InstantlyAnalyze-Components\node_modules\@testing-library\react\node_modules\@testing-library\dom\dist\config.js:37:19)
    at C:\Users\benpe\Coding\REI-Project\InstantlyAnalyze-Components\node_modules\@testing-library\react\node_modules\@testing-library\dom\dist\query-helpers.js:76:38
    at C:\Users\benpe\Coding\REI-Project\InstantlyAnalyze-Components\node_modules\@testing-library\react\node_modules\@testing-library\dom\dist\query-helpers.js:52:17
    at C:\Users\benpe\Coding\REI-Project\InstantlyAnalyze-Components\node_modules\@testing-library\react\node_modules\@testing-library\dom\dist\query-helpers.js:95:19
    at Object.&lt;anonymous&gt; (C:\Users\benpe\Coding\REI-Project\InstantlyAnalyze-Components\tst\components\FreeTrialBanner\FreeTrialBanner.test.tsx:169:21)
    at Promise.then.completed (C:\Users\benpe\Coding\REI-Project\InstantlyAnalyze-Components\node_modules\jest-circus\build\utils.js:298:28)
    at new Promise (&lt;anonymous&gt;)
    at callAsyncCircusFn (C:\Users\benpe\Coding\REI-Project\InstantlyAnalyze-Components\node_modules\jest-circus\build\utils.js:231:10)
    at _callCircusTest (C:\Users\benpe\Coding\REI-Project\InstantlyAnalyze-Components\node_modules\jest-circus\build\run.js:316:40)
    at processTicksAndRejections (node:internal/process/task_queues:95:5)
    at _runTest (C:\Users\benpe\Coding\REI-Project\InstantlyAnalyze-Components\node_modules\jest-circus\build\run.js:252:3)
    at _runTestsForDescribeBlock (C:\Users\benpe\Coding\REI-Project\InstantlyAnalyze-Components\node_modules\jest-circus\build\run.js:126:9)
    at _runTestsForDescribeBlock (C:\Users\benpe\Coding\REI-Project\InstantlyAnalyze-Components\node_modules\jest-circus\build\run.js:121:9)
    at _runTestsForDescribeBlock (C:\Users\benpe\Coding\REI-Project\InstantlyAnalyze-Components\node_modules\jest-circus\build\run.js:121:9)
    at run (C:\Users\benpe\Coding\REI-Project\InstantlyAnalyze-Components\node_modules\jest-circus\build\run.js:71:3)
    at runAndTransformResultsToJestFormat (C:\Users\benpe\Coding\REI-Project\InstantlyAnalyze-Components\node_modules\jest-circus\build\legacy-code-todo-rewrite\jestAdapterInit.js:122:21)
    at jestAdapter (C:\Users\benpe\Coding\REI-Project\InstantlyAnalyze-Components\node_modules\jest-circus\build\legacy-code-todo-rewrite\jestAdapter.js:79:19)
    at runTestInternal (C:\Users\benpe\Coding\REI-Project\InstantlyAnalyze-Components\node_modules\jest-runner\build\runTest.js:367:16)
    at runTest (C:\Users\benpe\Coding\REI-Project\InstantlyAnalyze-Components\node_modules\jest-runner\build\runTest.js:444:34)
    at Object.worker (C:\Users\benpe\Coding\REI-Project\InstantlyAnalyze-Components\node_modules\jest-runner\build\testWorker.js:106:12)</failure>
    </testcase>
    <testcase classname="FreeTrialBanner different remaining use counts should handle large number of remaining uses" name="FreeTrialBanner different remaining use counts should handle large number of remaining uses" time="0.073">
      <failure>TestingLibraryElementError: Unable to find an element with the text: /You have 999 more free/. This could be because the text is broken up by multiple elements. In this case, you can provide a function for your text matcher to make your matcher more flexible.

Ignored nodes: comments, script, style
&lt;body&gt;
  &lt;div&gt;
    &lt;div
      data-header=&quot;Limited Free Uses&quot;
      data-testid=&quot;alert-warning&quot;
    &gt;
      You have 
      &lt;strong&gt;
        999
      &lt;/strong&gt;
       more free 
      InstantlyReport uses
       under the free tier. Subscribe in order to have unlimited usage of this calculator.
    &lt;/div&gt;
  &lt;/div&gt;
&lt;/body&gt;
    at Object.getElementError (C:\Users\benpe\Coding\REI-Project\InstantlyAnalyze-Components\node_modules\@testing-library\react\node_modules\@testing-library\dom\dist\config.js:37:19)
    at C:\Users\benpe\Coding\REI-Project\InstantlyAnalyze-Components\node_modules\@testing-library\react\node_modules\@testing-library\dom\dist\query-helpers.js:76:38
    at C:\Users\benpe\Coding\REI-Project\InstantlyAnalyze-Components\node_modules\@testing-library\react\node_modules\@testing-library\dom\dist\query-helpers.js:52:17
    at C:\Users\benpe\Coding\REI-Project\InstantlyAnalyze-Components\node_modules\@testing-library\react\node_modules\@testing-library\dom\dist\query-helpers.js:95:19
    at Object.&lt;anonymous&gt; (C:\Users\benpe\Coding\REI-Project\InstantlyAnalyze-Components\tst\components\FreeTrialBanner\FreeTrialBanner.test.tsx:180:21)
    at Promise.then.completed (C:\Users\benpe\Coding\REI-Project\InstantlyAnalyze-Components\node_modules\jest-circus\build\utils.js:298:28)
    at new Promise (&lt;anonymous&gt;)
    at callAsyncCircusFn (C:\Users\benpe\Coding\REI-Project\InstantlyAnalyze-Components\node_modules\jest-circus\build\utils.js:231:10)
    at _callCircusTest (C:\Users\benpe\Coding\REI-Project\InstantlyAnalyze-Components\node_modules\jest-circus\build\run.js:316:40)
    at processTicksAndRejections (node:internal/process/task_queues:95:5)
    at _runTest (C:\Users\benpe\Coding\REI-Project\InstantlyAnalyze-Components\node_modules\jest-circus\build\run.js:252:3)
    at _runTestsForDescribeBlock (C:\Users\benpe\Coding\REI-Project\InstantlyAnalyze-Components\node_modules\jest-circus\build\run.js:126:9)
    at _runTestsForDescribeBlock (C:\Users\benpe\Coding\REI-Project\InstantlyAnalyze-Components\node_modules\jest-circus\build\run.js:121:9)
    at _runTestsForDescribeBlock (C:\Users\benpe\Coding\REI-Project\InstantlyAnalyze-Components\node_modules\jest-circus\build\run.js:121:9)
    at run (C:\Users\benpe\Coding\REI-Project\InstantlyAnalyze-Components\node_modules\jest-circus\build\run.js:71:3)
    at runAndTransformResultsToJestFormat (C:\Users\benpe\Coding\REI-Project\InstantlyAnalyze-Components\node_modules\jest-circus\build\legacy-code-todo-rewrite\jestAdapterInit.js:122:21)
    at jestAdapter (C:\Users\benpe\Coding\REI-Project\InstantlyAnalyze-Components\node_modules\jest-circus\build\legacy-code-todo-rewrite\jestAdapter.js:79:19)
    at runTestInternal (C:\Users\benpe\Coding\REI-Project\InstantlyAnalyze-Components\node_modules\jest-runner\build\runTest.js:367:16)
    at runTest (C:\Users\benpe\Coding\REI-Project\InstantlyAnalyze-Components\node_modules\jest-runner\build\runTest.js:444:34)
    at Object.worker (C:\Users\benpe\Coding\REI-Project\InstantlyAnalyze-Components\node_modules\jest-runner\build\testWorker.js:106:12)</failure>
    </testcase>
  </testsuite>
  <testsuite name="LineChart" errors="0" failures="7" skipped="0" timestamp="2025-07-31T04:52:58" time="58.092" tests="21">
    <testcase classname="LineChart rendering should render line chart component" name="LineChart rendering should render line chart component" time="0.518">
    </testcase>
    <testcase classname="LineChart rendering should pass datasets to chart component" name="LineChart rendering should pass datasets to chart component" time="0.077">
    </testcase>
    <testcase classname="LineChart rendering should pass labels to chart component" name="LineChart rendering should pass labels to chart component" time="0.025">
    </testcase>
    <testcase classname="LineChart rendering should render with custom title" name="LineChart rendering should render with custom title" time="0.02">
      <failure>Error: expect(received).toBe(expected) // Object.is equality

Expected: &quot;Custom Chart Title&quot;
Received: undefined
    at Object.&lt;anonymous&gt; (C:\Users\benpe\Coding\REI-Project\InstantlyAnalyze-Components\tst\components\Charts\LineChart.test.tsx:105:48)
    at Promise.then.completed (C:\Users\benpe\Coding\REI-Project\InstantlyAnalyze-Components\node_modules\jest-circus\build\utils.js:298:28)
    at new Promise (&lt;anonymous&gt;)
    at callAsyncCircusFn (C:\Users\benpe\Coding\REI-Project\InstantlyAnalyze-Components\node_modules\jest-circus\build\utils.js:231:10)
    at _callCircusTest (C:\Users\benpe\Coding\REI-Project\InstantlyAnalyze-Components\node_modules\jest-circus\build\run.js:316:40)
    at processTicksAndRejections (node:internal/process/task_queues:95:5)
    at _runTest (C:\Users\benpe\Coding\REI-Project\InstantlyAnalyze-Components\node_modules\jest-circus\build\run.js:252:3)
    at _runTestsForDescribeBlock (C:\Users\benpe\Coding\REI-Project\InstantlyAnalyze-Components\node_modules\jest-circus\build\run.js:126:9)
    at _runTestsForDescribeBlock (C:\Users\benpe\Coding\REI-Project\InstantlyAnalyze-Components\node_modules\jest-circus\build\run.js:121:9)
    at _runTestsForDescribeBlock (C:\Users\benpe\Coding\REI-Project\InstantlyAnalyze-Components\node_modules\jest-circus\build\run.js:121:9)
    at run (C:\Users\benpe\Coding\REI-Project\InstantlyAnalyze-Components\node_modules\jest-circus\build\run.js:71:3)
    at runAndTransformResultsToJestFormat (C:\Users\benpe\Coding\REI-Project\InstantlyAnalyze-Components\node_modules\jest-circus\build\legacy-code-todo-rewrite\jestAdapterInit.js:122:21)
    at jestAdapter (C:\Users\benpe\Coding\REI-Project\InstantlyAnalyze-Components\node_modules\jest-circus\build\legacy-code-todo-rewrite\jestAdapter.js:79:19)
    at runTestInternal (C:\Users\benpe\Coding\REI-Project\InstantlyAnalyze-Components\node_modules\jest-runner\build\runTest.js:367:16)
    at runTest (C:\Users\benpe\Coding\REI-Project\InstantlyAnalyze-Components\node_modules\jest-runner\build\runTest.js:444:34)
    at Object.worker (C:\Users\benpe\Coding\REI-Project\InstantlyAnalyze-Components\node_modules\jest-runner\build\testWorker.js:106:12)</failure>
    </testcase>
    <testcase classname="LineChart data processing should calculate correct Y-axis bounds" name="LineChart data processing should calculate correct Y-axis bounds" time="0.022">
    </testcase>
    <testcase classname="LineChart data processing should calculate correct X-axis bounds" name="LineChart data processing should calculate correct X-axis bounds" time="0.015">
    </testcase>
    <testcase classname="LineChart data processing should handle empty datasets" name="LineChart data processing should handle empty datasets" time="0.137">
    </testcase>
    <testcase classname="LineChart data processing should handle single dataset" name="LineChart data processing should handle single dataset" time="0.008">
    </testcase>
    <testcase classname="LineChart interactivity should be interactive by default" name="LineChart interactivity should be interactive by default" time="0.055">
      <failure>TypeError: Cannot read properties of undefined (reading &apos;mode&apos;)
    at Object.&lt;anonymous&gt; (C:\Users\benpe\Coding\REI-Project\InstantlyAnalyze-Components\tst\components\Charts\LineChart.test.tsx:159:40)
    at Promise.then.completed (C:\Users\benpe\Coding\REI-Project\InstantlyAnalyze-Components\node_modules\jest-circus\build\utils.js:298:28)
    at new Promise (&lt;anonymous&gt;)
    at callAsyncCircusFn (C:\Users\benpe\Coding\REI-Project\InstantlyAnalyze-Components\node_modules\jest-circus\build\utils.js:231:10)
    at _callCircusTest (C:\Users\benpe\Coding\REI-Project\InstantlyAnalyze-Components\node_modules\jest-circus\build\run.js:316:40)
    at processTicksAndRejections (node:internal/process/task_queues:95:5)
    at _runTest (C:\Users\benpe\Coding\REI-Project\InstantlyAnalyze-Components\node_modules\jest-circus\build\run.js:252:3)
    at _runTestsForDescribeBlock (C:\Users\benpe\Coding\REI-Project\InstantlyAnalyze-Components\node_modules\jest-circus\build\run.js:126:9)
    at _runTestsForDescribeBlock (C:\Users\benpe\Coding\REI-Project\InstantlyAnalyze-Components\node_modules\jest-circus\build\run.js:121:9)
    at _runTestsForDescribeBlock (C:\Users\benpe\Coding\REI-Project\InstantlyAnalyze-Components\node_modules\jest-circus\build\run.js:121:9)
    at run (C:\Users\benpe\Coding\REI-Project\InstantlyAnalyze-Components\node_modules\jest-circus\build\run.js:71:3)
    at runAndTransformResultsToJestFormat (C:\Users\benpe\Coding\REI-Project\InstantlyAnalyze-Components\node_modules\jest-circus\build\legacy-code-todo-rewrite\jestAdapterInit.js:122:21)
    at jestAdapter (C:\Users\benpe\Coding\REI-Project\InstantlyAnalyze-Components\node_modules\jest-circus\build\legacy-code-todo-rewrite\jestAdapter.js:79:19)
    at runTestInternal (C:\Users\benpe\Coding\REI-Project\InstantlyAnalyze-Components\node_modules\jest-runner\build\runTest.js:367:16)
    at runTest (C:\Users\benpe\Coding\REI-Project\InstantlyAnalyze-Components\node_modules\jest-runner\build\runTest.js:444:34)
    at Object.worker (C:\Users\benpe\Coding\REI-Project\InstantlyAnalyze-Components\node_modules\jest-runner\build\testWorker.js:106:12)</failure>
    </testcase>
    <testcase classname="LineChart interactivity should disable interactivity when interactive is false" name="LineChart interactivity should disable interactivity when interactive is false" time="0.009">
      <failure>TypeError: Cannot read properties of undefined (reading &apos;mode&apos;)
    at Object.&lt;anonymous&gt; (C:\Users\benpe\Coding\REI-Project\InstantlyAnalyze-Components\tst\components\Charts\LineChart.test.tsx:168:40)
    at Promise.then.completed (C:\Users\benpe\Coding\REI-Project\InstantlyAnalyze-Components\node_modules\jest-circus\build\utils.js:298:28)
    at new Promise (&lt;anonymous&gt;)
    at callAsyncCircusFn (C:\Users\benpe\Coding\REI-Project\InstantlyAnalyze-Components\node_modules\jest-circus\build\utils.js:231:10)
    at _callCircusTest (C:\Users\benpe\Coding\REI-Project\InstantlyAnalyze-Components\node_modules\jest-circus\build\run.js:316:40)
    at processTicksAndRejections (node:internal/process/task_queues:95:5)
    at _runTest (C:\Users\benpe\Coding\REI-Project\InstantlyAnalyze-Components\node_modules\jest-circus\build\run.js:252:3)
    at _runTestsForDescribeBlock (C:\Users\benpe\Coding\REI-Project\InstantlyAnalyze-Components\node_modules\jest-circus\build\run.js:126:9)
    at _runTestsForDescribeBlock (C:\Users\benpe\Coding\REI-Project\InstantlyAnalyze-Components\node_modules\jest-circus\build\run.js:121:9)
    at _runTestsForDescribeBlock (C:\Users\benpe\Coding\REI-Project\InstantlyAnalyze-Components\node_modules\jest-circus\build\run.js:121:9)
    at run (C:\Users\benpe\Coding\REI-Project\InstantlyAnalyze-Components\node_modules\jest-circus\build\run.js:71:3)
    at runAndTransformResultsToJestFormat (C:\Users\benpe\Coding\REI-Project\InstantlyAnalyze-Components\node_modules\jest-circus\build\legacy-code-todo-rewrite\jestAdapterInit.js:122:21)
    at jestAdapter (C:\Users\benpe\Coding\REI-Project\InstantlyAnalyze-Components\node_modules\jest-circus\build\legacy-code-todo-rewrite\jestAdapter.js:79:19)
    at runTestInternal (C:\Users\benpe\Coding\REI-Project\InstantlyAnalyze-Components\node_modules\jest-runner\build\runTest.js:367:16)
    at runTest (C:\Users\benpe\Coding\REI-Project\InstantlyAnalyze-Components\node_modules\jest-runner\build\runTest.js:444:34)
    at Object.worker (C:\Users\benpe\Coding\REI-Project\InstantlyAnalyze-Components\node_modules\jest-runner\build\testWorker.js:106:12)</failure>
    </testcase>
    <testcase classname="LineChart interactivity should call onPointClick when point is clicked" name="LineChart interactivity should call onPointClick when point is clicked" time="0.025">
    </testcase>
    <testcase classname="LineChart data formatting should use compressData by default" name="LineChart data formatting should use compressData by default" time="0.015">
      <failure>Error: expect(received).toBeDefined()

Received: undefined
    at Object.&lt;anonymous&gt; (C:\Users\benpe\Coding\REI-Project\InstantlyAnalyze-Components\tst\components\Charts\LineChart.test.tsx:192:53)
    at Promise.then.completed (C:\Users\benpe\Coding\REI-Project\InstantlyAnalyze-Components\node_modules\jest-circus\build\utils.js:298:28)
    at new Promise (&lt;anonymous&gt;)
    at callAsyncCircusFn (C:\Users\benpe\Coding\REI-Project\InstantlyAnalyze-Components\node_modules\jest-circus\build\utils.js:231:10)
    at _callCircusTest (C:\Users\benpe\Coding\REI-Project\InstantlyAnalyze-Components\node_modules\jest-circus\build\run.js:316:40)
    at processTicksAndRejections (node:internal/process/task_queues:95:5)
    at _runTest (C:\Users\benpe\Coding\REI-Project\InstantlyAnalyze-Components\node_modules\jest-circus\build\run.js:252:3)
    at _runTestsForDescribeBlock (C:\Users\benpe\Coding\REI-Project\InstantlyAnalyze-Components\node_modules\jest-circus\build\run.js:126:9)
    at _runTestsForDescribeBlock (C:\Users\benpe\Coding\REI-Project\InstantlyAnalyze-Components\node_modules\jest-circus\build\run.js:121:9)
    at _runTestsForDescribeBlock (C:\Users\benpe\Coding\REI-Project\InstantlyAnalyze-Components\node_modules\jest-circus\build\run.js:121:9)
    at run (C:\Users\benpe\Coding\REI-Project\InstantlyAnalyze-Components\node_modules\jest-circus\build\run.js:71:3)
    at runAndTransformResultsToJestFormat (C:\Users\benpe\Coding\REI-Project\InstantlyAnalyze-Components\node_modules\jest-circus\build\legacy-code-todo-rewrite\jestAdapterInit.js:122:21)
    at jestAdapter (C:\Users\benpe\Coding\REI-Project\InstantlyAnalyze-Components\node_modules\jest-circus\build\legacy-code-todo-rewrite\jestAdapter.js:79:19)
    at runTestInternal (C:\Users\benpe\Coding\REI-Project\InstantlyAnalyze-Components\node_modules\jest-runner\build\runTest.js:367:16)
    at runTest (C:\Users\benpe\Coding\REI-Project\InstantlyAnalyze-Components\node_modules\jest-runner\build\runTest.js:444:34)
    at Object.worker (C:\Users\benpe\Coding\REI-Project\InstantlyAnalyze-Components\node_modules\jest-runner\build\testWorker.js:106:12)</failure>
    </testcase>
    <testcase classname="LineChart data formatting should use addCommas when specified" name="LineChart data formatting should use addCommas when specified" time="0.035">
      <failure>Error: expect(received).toBeDefined()

Received: undefined
    at Object.&lt;anonymous&gt; (C:\Users\benpe\Coding\REI-Project\InstantlyAnalyze-Components\tst\components\Charts\LineChart.test.tsx:202:53)
    at Promise.then.completed (C:\Users\benpe\Coding\REI-Project\InstantlyAnalyze-Components\node_modules\jest-circus\build\utils.js:298:28)
    at new Promise (&lt;anonymous&gt;)
    at callAsyncCircusFn (C:\Users\benpe\Coding\REI-Project\InstantlyAnalyze-Components\node_modules\jest-circus\build\utils.js:231:10)
    at _callCircusTest (C:\Users\benpe\Coding\REI-Project\InstantlyAnalyze-Components\node_modules\jest-circus\build\run.js:316:40)
    at processTicksAndRejections (node:internal/process/task_queues:95:5)
    at _runTest (C:\Users\benpe\Coding\REI-Project\InstantlyAnalyze-Components\node_modules\jest-circus\build\run.js:252:3)
    at _runTestsForDescribeBlock (C:\Users\benpe\Coding\REI-Project\InstantlyAnalyze-Components\node_modules\jest-circus\build\run.js:126:9)
    at _runTestsForDescribeBlock (C:\Users\benpe\Coding\REI-Project\InstantlyAnalyze-Components\node_modules\jest-circus\build\run.js:121:9)
    at _runTestsForDescribeBlock (C:\Users\benpe\Coding\REI-Project\InstantlyAnalyze-Components\node_modules\jest-circus\build\run.js:121:9)
    at run (C:\Users\benpe\Coding\REI-Project\InstantlyAnalyze-Components\node_modules\jest-circus\build\run.js:71:3)
    at runAndTransformResultsToJestFormat (C:\Users\benpe\Coding\REI-Project\InstantlyAnalyze-Components\node_modules\jest-circus\build\legacy-code-todo-rewrite\jestAdapterInit.js:122:21)
    at jestAdapter (C:\Users\benpe\Coding\REI-Project\InstantlyAnalyze-Components\node_modules\jest-circus\build\legacy-code-todo-rewrite\jestAdapter.js:79:19)
    at runTestInternal (C:\Users\benpe\Coding\REI-Project\InstantlyAnalyze-Components\node_modules\jest-runner\build\runTest.js:367:16)
    at runTest (C:\Users\benpe\Coding\REI-Project\InstantlyAnalyze-Components\node_modules\jest-runner\build\runTest.js:444:34)
    at Object.worker (C:\Users\benpe\Coding\REI-Project\InstantlyAnalyze-Components\node_modules\jest-runner\build\testWorker.js:106:12)</failure>
    </testcase>
    <testcase classname="LineChart data formatting should use specified decimal count" name="LineChart data formatting should use specified decimal count" time="0.016">
      <failure>Error: expect(received).toBeDefined()

Received: undefined
    at Object.&lt;anonymous&gt; (C:\Users\benpe\Coding\REI-Project\InstantlyAnalyze-Components\tst\components\Charts\LineChart.test.tsx:212:53)
    at Promise.then.completed (C:\Users\benpe\Coding\REI-Project\InstantlyAnalyze-Components\node_modules\jest-circus\build\utils.js:298:28)
    at new Promise (&lt;anonymous&gt;)
    at callAsyncCircusFn (C:\Users\benpe\Coding\REI-Project\InstantlyAnalyze-Components\node_modules\jest-circus\build\utils.js:231:10)
    at _callCircusTest (C:\Users\benpe\Coding\REI-Project\InstantlyAnalyze-Components\node_modules\jest-circus\build\run.js:316:40)
    at processTicksAndRejections (node:internal/process/task_queues:95:5)
    at _runTest (C:\Users\benpe\Coding\REI-Project\InstantlyAnalyze-Components\node_modules\jest-circus\build\run.js:252:3)
    at _runTestsForDescribeBlock (C:\Users\benpe\Coding\REI-Project\InstantlyAnalyze-Components\node_modules\jest-circus\build\run.js:126:9)
    at _runTestsForDescribeBlock (C:\Users\benpe\Coding\REI-Project\InstantlyAnalyze-Components\node_modules\jest-circus\build\run.js:121:9)
    at _runTestsForDescribeBlock (C:\Users\benpe\Coding\REI-Project\InstantlyAnalyze-Components\node_modules\jest-circus\build\run.js:121:9)
    at run (C:\Users\benpe\Coding\REI-Project\InstantlyAnalyze-Components\node_modules\jest-circus\build\run.js:71:3)
    at runAndTransformResultsToJestFormat (C:\Users\benpe\Coding\REI-Project\InstantlyAnalyze-Components\node_modules\jest-circus\build\legacy-code-todo-rewrite\jestAdapterInit.js:122:21)
    at jestAdapter (C:\Users\benpe\Coding\REI-Project\InstantlyAnalyze-Components\node_modules\jest-circus\build\legacy-code-todo-rewrite\jestAdapter.js:79:19)
    at runTestInternal (C:\Users\benpe\Coding\REI-Project\InstantlyAnalyze-Components\node_modules\jest-runner\build\runTest.js:367:16)
    at runTest (C:\Users\benpe\Coding\REI-Project\InstantlyAnalyze-Components\node_modules\jest-runner\build\runTest.js:444:34)
    at Object.worker (C:\Users\benpe\Coding\REI-Project\InstantlyAnalyze-Components\node_modules\jest-runner\build\testWorker.js:106:12)</failure>
    </testcase>
    <testcase classname="LineChart chart options should set responsive to true" name="LineChart chart options should set responsive to true" time="0.012">
    </testcase>
    <testcase classname="LineChart chart options should set maintainAspectRatio to false" name="LineChart chart options should set maintainAspectRatio to false" time="0.017">
      <failure>Error: expect(received).toBe(expected) // Object.is equality

Expected: false
Received: true
    at Object.&lt;anonymous&gt; (C:\Users\benpe\Coding\REI-Project\InstantlyAnalyze-Components\tst\components\Charts\LineChart.test.tsx:232:49)
    at Promise.then.completed (C:\Users\benpe\Coding\REI-Project\InstantlyAnalyze-Components\node_modules\jest-circus\build\utils.js:298:28)
    at new Promise (&lt;anonymous&gt;)
    at callAsyncCircusFn (C:\Users\benpe\Coding\REI-Project\InstantlyAnalyze-Components\node_modules\jest-circus\build\utils.js:231:10)
    at _callCircusTest (C:\Users\benpe\Coding\REI-Project\InstantlyAnalyze-Components\node_modules\jest-circus\build\run.js:316:40)
    at processTicksAndRejections (node:internal/process/task_queues:95:5)
    at _runTest (C:\Users\benpe\Coding\REI-Project\InstantlyAnalyze-Components\node_modules\jest-circus\build\run.js:252:3)
    at _runTestsForDescribeBlock (C:\Users\benpe\Coding\REI-Project\InstantlyAnalyze-Components\node_modules\jest-circus\build\run.js:126:9)
    at _runTestsForDescribeBlock (C:\Users\benpe\Coding\REI-Project\InstantlyAnalyze-Components\node_modules\jest-circus\build\run.js:121:9)
    at _runTestsForDescribeBlock (C:\Users\benpe\Coding\REI-Project\InstantlyAnalyze-Components\node_modules\jest-circus\build\run.js:121:9)
    at run (C:\Users\benpe\Coding\REI-Project\InstantlyAnalyze-Components\node_modules\jest-circus\build\run.js:71:3)
    at runAndTransformResultsToJestFormat (C:\Users\benpe\Coding\REI-Project\InstantlyAnalyze-Components\node_modules\jest-circus\build\legacy-code-todo-rewrite\jestAdapterInit.js:122:21)
    at jestAdapter (C:\Users\benpe\Coding\REI-Project\InstantlyAnalyze-Components\node_modules\jest-circus\build\legacy-code-todo-rewrite\jestAdapter.js:79:19)
    at runTestInternal (C:\Users\benpe\Coding\REI-Project\InstantlyAnalyze-Components\node_modules\jest-runner\build\runTest.js:367:16)
    at runTest (C:\Users\benpe\Coding\REI-Project\InstantlyAnalyze-Components\node_modules\jest-runner\build\runTest.js:444:34)
    at Object.worker (C:\Users\benpe\Coding\REI-Project\InstantlyAnalyze-Components\node_modules\jest-runner\build\testWorker.js:106:12)</failure>
    </testcase>
    <testcase classname="LineChart chart options should configure tooltips" name="LineChart chart options should configure tooltips" time="0.013">
    </testcase>
    <testcase classname="LineChart chart options should configure legend" name="LineChart chart options should configure legend" time="0.012">
    </testcase>
    <testcase classname="LineChart edge cases should handle datasets with different lengths" name="LineChart edge cases should handle datasets with different lengths" time="0.015">
    </testcase>
    <testcase classname="LineChart edge cases should handle empty labels array" name="LineChart edge cases should handle empty labels array" time="0.015">
    </testcase>
    <testcase classname="LineChart edge cases should handle datasets with all zero values" name="LineChart edge cases should handle datasets with all zero values" time="0.12">
    </testcase>
  </testsuite>
  <testsuite name="Cards" errors="0" failures="5" skipped="0" timestamp="2025-07-31T04:52:58" time="58.462" tests="14">
    <testcase classname="Cards rendering should render the main heading" name="Cards rendering should render the main heading" time="0.882">
    </testcase>
    <testcase classname="Cards rendering should render the cards container structure" name="Cards rendering should render the cards container structure" time="0.12">
      <failure>TestingLibraryElementError: Unable to find an element by: [data-testid=&quot;cards-container&quot;]

Ignored nodes: comments, script, style
&lt;body&gt;
  &lt;div&gt;
    &lt;div
      class=&quot;cards&quot;
    &gt;
      &lt;h1&gt;
        Check out these EPIC Destinations!
      &lt;/h1&gt;
      &lt;div
        class=&quot;cards__container&quot;
      &gt;
        &lt;div
          class=&quot;cards__wrapper&quot;
        &gt;
          &lt;ul
            class=&quot;cards__items&quot;
          &gt;
            &lt;li
              data-label=&quot;Adventure&quot;
              data-path=&quot;/services&quot;
              data-src=&quot;public/home/img-9.jpg&quot;
              data-testid=&quot;card-item&quot;
              data-text=&quot;Explore the hidden waterfall deep inside the Amazon Jungle&quot;
            &gt;
              Explore the hidden waterfall deep inside the Amazon Jungle
            &lt;/li&gt;
            &lt;li
              data-label=&quot;Luxury&quot;
              data-path=&quot;/services&quot;
              data-src=&quot;public/home/img-2.jpg&quot;
              data-testid=&quot;card-item&quot;
              data-text=&quot;Travel through the Islands of Bali in a Private Cruise&quot;
            &gt;
              Travel through the Islands of Bali in a Private Cruise
            &lt;/li&gt;
          &lt;/ul&gt;
          &lt;ul
            class=&quot;cards__items&quot;
          &gt;
            &lt;li
              data-label=&quot;Mystery&quot;
              data-path=&quot;/services&quot;
              data-src=&quot;public/home/img-3.jpg&quot;
              data-testid=&quot;card-item&quot;
              data-text=&quot;Set Sail in the Atlantic Ocean visiting Uncharted Waters&quot;
            &gt;
              Set Sail in the Atlantic Ocean visiting Uncharted Waters
            &lt;/li&gt;
            &lt;li
              data-label=&quot;Adventure&quot;
              data-path=&quot;/products&quot;
              data-src=&quot;public/home/img-4.jpg&quot;
              data-testid=&quot;card-item&quot;
              data-text=&quot;Experience Football on Top of the Himilayan Mountains&quot;
            &gt;
              Experience Football on Top of the Himilayan Mountains
            &lt;/li&gt;
            &lt;li
              data-label=&quot;Adrenaline&quot;
              data-path=&quot;/sign-up&quot;
              data-src=&quot;public/home/img-8.jpg&quot;
              data-testid=&quot;card-item&quot;
              data-text=&quot;Ride through the Sahara Desert on a guided camel tour&quot;
            &gt;
              Ride through the Sahara Desert on a guided camel tour
            &lt;/li&gt;
          &lt;/ul&gt;
        &lt;/div&gt;
      &lt;/div&gt;
    &lt;/div&gt;
  &lt;/div&gt;
&lt;/body&gt;
    at Object.getElementError (C:\Users\benpe\Coding\REI-Project\InstantlyAnalyze-Components\node_modules\@testing-library\react\node_modules\@testing-library\dom\dist\config.js:37:19)
    at C:\Users\benpe\Coding\REI-Project\InstantlyAnalyze-Components\node_modules\@testing-library\react\node_modules\@testing-library\dom\dist\query-helpers.js:76:38
    at C:\Users\benpe\Coding\REI-Project\InstantlyAnalyze-Components\node_modules\@testing-library\react\node_modules\@testing-library\dom\dist\query-helpers.js:52:17
    at C:\Users\benpe\Coding\REI-Project\InstantlyAnalyze-Components\node_modules\@testing-library\react\node_modules\@testing-library\dom\dist\query-helpers.js:95:19
    at Object.&lt;anonymous&gt; (C:\Users\benpe\Coding\REI-Project\InstantlyAnalyze-Components\tst\components\Cards\Cards.test.tsx:31:37)
    at Promise.then.completed (C:\Users\benpe\Coding\REI-Project\InstantlyAnalyze-Components\node_modules\jest-circus\build\utils.js:298:28)
    at new Promise (&lt;anonymous&gt;)
    at callAsyncCircusFn (C:\Users\benpe\Coding\REI-Project\InstantlyAnalyze-Components\node_modules\jest-circus\build\utils.js:231:10)
    at _callCircusTest (C:\Users\benpe\Coding\REI-Project\InstantlyAnalyze-Components\node_modules\jest-circus\build\run.js:316:40)
    at processTicksAndRejections (node:internal/process/task_queues:95:5)
    at _runTest (C:\Users\benpe\Coding\REI-Project\InstantlyAnalyze-Components\node_modules\jest-circus\build\run.js:252:3)
    at _runTestsForDescribeBlock (C:\Users\benpe\Coding\REI-Project\InstantlyAnalyze-Components\node_modules\jest-circus\build\run.js:126:9)
    at _runTestsForDescribeBlock (C:\Users\benpe\Coding\REI-Project\InstantlyAnalyze-Components\node_modules\jest-circus\build\run.js:121:9)
    at _runTestsForDescribeBlock (C:\Users\benpe\Coding\REI-Project\InstantlyAnalyze-Components\node_modules\jest-circus\build\run.js:121:9)
    at run (C:\Users\benpe\Coding\REI-Project\InstantlyAnalyze-Components\node_modules\jest-circus\build\run.js:71:3)
    at runAndTransformResultsToJestFormat (C:\Users\benpe\Coding\REI-Project\InstantlyAnalyze-Components\node_modules\jest-circus\build\legacy-code-todo-rewrite\jestAdapterInit.js:122:21)
    at jestAdapter (C:\Users\benpe\Coding\REI-Project\InstantlyAnalyze-Components\node_modules\jest-circus\build\legacy-code-todo-rewrite\jestAdapter.js:79:19)
    at runTestInternal (C:\Users\benpe\Coding\REI-Project\InstantlyAnalyze-Components\node_modules\jest-runner\build\runTest.js:367:16)
    at runTest (C:\Users\benpe\Coding\REI-Project\InstantlyAnalyze-Components\node_modules\jest-runner\build\runTest.js:444:34)
    at Object.worker (C:\Users\benpe\Coding\REI-Project\InstantlyAnalyze-Components\node_modules\jest-runner\build\testWorker.js:106:12)</failure>
    </testcase>
    <testcase classname="Cards rendering should render all card items" name="Cards rendering should render all card items" time="0.034">
    </testcase>
    <testcase classname="Cards card content should render the first card with correct content" name="Cards card content should render the first card with correct content" time="0.026">
    </testcase>
    <testcase classname="Cards card content should render the second card with correct content" name="Cards card content should render the second card with correct content" time="0.022">
    </testcase>
    <testcase classname="Cards card content should render the third card with correct content" name="Cards card content should render the third card with correct content" time="0.019">
    </testcase>
    <testcase classname="Cards card content should render the fourth card with correct content" name="Cards card content should render the fourth card with correct content" time="0.017">
    </testcase>
    <testcase classname="Cards card content should render the fifth card with correct content" name="Cards card content should render the fifth card with correct content" time="0.027">
    </testcase>
    <testcase classname="Cards structure should have proper HTML structure" name="Cards structure should have proper HTML structure" time="0.231">
      <failure>TestingLibraryElementError: Unable to find an element by: [data-testid=&quot;cards&quot;]

Ignored nodes: comments, script, style
&lt;body&gt;
  &lt;div&gt;
    &lt;div
      class=&quot;cards&quot;
    &gt;
      &lt;h1&gt;
        Check out these EPIC Destinations!
      &lt;/h1&gt;
      &lt;div
        class=&quot;cards__container&quot;
      &gt;
        &lt;div
          class=&quot;cards__wrapper&quot;
        &gt;
          &lt;ul
            class=&quot;cards__items&quot;
          &gt;
            &lt;li
              data-label=&quot;Adventure&quot;
              data-path=&quot;/services&quot;
              data-src=&quot;public/home/img-9.jpg&quot;
              data-testid=&quot;card-item&quot;
              data-text=&quot;Explore the hidden waterfall deep inside the Amazon Jungle&quot;
            &gt;
              Explore the hidden waterfall deep inside the Amazon Jungle
            &lt;/li&gt;
            &lt;li
              data-label=&quot;Luxury&quot;
              data-path=&quot;/services&quot;
              data-src=&quot;public/home/img-2.jpg&quot;
              data-testid=&quot;card-item&quot;
              data-text=&quot;Travel through the Islands of Bali in a Private Cruise&quot;
            &gt;
              Travel through the Islands of Bali in a Private Cruise
            &lt;/li&gt;
          &lt;/ul&gt;
          &lt;ul
            class=&quot;cards__items&quot;
          &gt;
            &lt;li
              data-label=&quot;Mystery&quot;
              data-path=&quot;/services&quot;
              data-src=&quot;public/home/img-3.jpg&quot;
              data-testid=&quot;card-item&quot;
              data-text=&quot;Set Sail in the Atlantic Ocean visiting Uncharted Waters&quot;
            &gt;
              Set Sail in the Atlantic Ocean visiting Uncharted Waters
            &lt;/li&gt;
            &lt;li
              data-label=&quot;Adventure&quot;
              data-path=&quot;/products&quot;
              data-src=&quot;public/home/img-4.jpg&quot;
              data-testid=&quot;card-item&quot;
              data-text=&quot;Experience Football on Top of the Himilayan Mountains&quot;
            &gt;
              Experience Football on Top of the Himilayan Mountains
            &lt;/li&gt;
            &lt;li
              data-label=&quot;Adrenaline&quot;
              data-path=&quot;/sign-up&quot;
              data-src=&quot;public/home/img-8.jpg&quot;
              data-testid=&quot;card-item&quot;
              data-text=&quot;Ride through the Sahara Desert on a guided camel tour&quot;
            &gt;
              Ride through the Sahara Desert on a guided camel tour
            &lt;/li&gt;
          &lt;/ul&gt;
        &lt;/div&gt;
      &lt;/div&gt;
    &lt;/div&gt;
  &lt;/div&gt;
&lt;/body&gt;
    at Object.getElementError (C:\Users\benpe\Coding\REI-Project\InstantlyAnalyze-Components\node_modules\@testing-library\react\node_modules\@testing-library\dom\dist\config.js:37:19)
    at C:\Users\benpe\Coding\REI-Project\InstantlyAnalyze-Components\node_modules\@testing-library\react\node_modules\@testing-library\dom\dist\query-helpers.js:76:38
    at C:\Users\benpe\Coding\REI-Project\InstantlyAnalyze-Components\node_modules\@testing-library\react\node_modules\@testing-library\dom\dist\query-helpers.js:52:17
    at C:\Users\benpe\Coding\REI-Project\InstantlyAnalyze-Components\node_modules\@testing-library\react\node_modules\@testing-library\dom\dist\query-helpers.js:95:19
    at Object.&lt;anonymous&gt; (C:\Users\benpe\Coding\REI-Project\InstantlyAnalyze-Components\tst\components\Cards\Cards.test.tsx:112:31)
    at Promise.then.completed (C:\Users\benpe\Coding\REI-Project\InstantlyAnalyze-Components\node_modules\jest-circus\build\utils.js:298:28)
    at new Promise (&lt;anonymous&gt;)
    at callAsyncCircusFn (C:\Users\benpe\Coding\REI-Project\InstantlyAnalyze-Components\node_modules\jest-circus\build\utils.js:231:10)
    at _callCircusTest (C:\Users\benpe\Coding\REI-Project\InstantlyAnalyze-Components\node_modules\jest-circus\build\run.js:316:40)
    at processTicksAndRejections (node:internal/process/task_queues:95:5)
    at _runTest (C:\Users\benpe\Coding\REI-Project\InstantlyAnalyze-Components\node_modules\jest-circus\build\run.js:252:3)
    at _runTestsForDescribeBlock (C:\Users\benpe\Coding\REI-Project\InstantlyAnalyze-Components\node_modules\jest-circus\build\run.js:126:9)
    at _runTestsForDescribeBlock (C:\Users\benpe\Coding\REI-Project\InstantlyAnalyze-Components\node_modules\jest-circus\build\run.js:121:9)
    at _runTestsForDescribeBlock (C:\Users\benpe\Coding\REI-Project\InstantlyAnalyze-Components\node_modules\jest-circus\build\run.js:121:9)
    at run (C:\Users\benpe\Coding\REI-Project\InstantlyAnalyze-Components\node_modules\jest-circus\build\run.js:71:3)
    at runAndTransformResultsToJestFormat (C:\Users\benpe\Coding\REI-Project\InstantlyAnalyze-Components\node_modules\jest-circus\build\legacy-code-todo-rewrite\jestAdapterInit.js:122:21)
    at jestAdapter (C:\Users\benpe\Coding\REI-Project\InstantlyAnalyze-Components\node_modules\jest-circus\build\legacy-code-todo-rewrite\jestAdapter.js:79:19)
    at runTestInternal (C:\Users\benpe\Coding\REI-Project\InstantlyAnalyze-Components\node_modules\jest-runner\build\runTest.js:367:16)
    at runTest (C:\Users\benpe\Coding\REI-Project\InstantlyAnalyze-Components\node_modules\jest-runner\build\runTest.js:444:34)
    at Object.worker (C:\Users\benpe\Coding\REI-Project\InstantlyAnalyze-Components\node_modules\jest-runner\build\testWorker.js:106:12)</failure>
    </testcase>
    <testcase classname="Cards structure should have two card item lists" name="Cards structure should have two card item lists" time="0.039">
      <failure>TestingLibraryElementError: Unable to find an element by: [data-testid=&quot;cards-items&quot;]

Ignored nodes: comments, script, style
&lt;body&gt;
  &lt;div&gt;
    &lt;div
      class=&quot;cards&quot;
    &gt;
      &lt;h1&gt;
        Check out these EPIC Destinations!
      &lt;/h1&gt;
      &lt;div
        class=&quot;cards__container&quot;
      &gt;
        &lt;div
          class=&quot;cards__wrapper&quot;
        &gt;
          &lt;ul
            class=&quot;cards__items&quot;
          &gt;
            &lt;li
              data-label=&quot;Adventure&quot;
              data-path=&quot;/services&quot;
              data-src=&quot;public/home/img-9.jpg&quot;
              data-testid=&quot;card-item&quot;
              data-text=&quot;Explore the hidden waterfall deep inside the Amazon Jungle&quot;
            &gt;
              Explore the hidden waterfall deep inside the Amazon Jungle
            &lt;/li&gt;
            &lt;li
              data-label=&quot;Luxury&quot;
              data-path=&quot;/services&quot;
              data-src=&quot;public/home/img-2.jpg&quot;
              data-testid=&quot;card-item&quot;
              data-text=&quot;Travel through the Islands of Bali in a Private Cruise&quot;
            &gt;
              Travel through the Islands of Bali in a Private Cruise
            &lt;/li&gt;
          &lt;/ul&gt;
          &lt;ul
            class=&quot;cards__items&quot;
          &gt;
            &lt;li
              data-label=&quot;Mystery&quot;
              data-path=&quot;/services&quot;
              data-src=&quot;public/home/img-3.jpg&quot;
              data-testid=&quot;card-item&quot;
              data-text=&quot;Set Sail in the Atlantic Ocean visiting Uncharted Waters&quot;
            &gt;
              Set Sail in the Atlantic Ocean visiting Uncharted Waters
            &lt;/li&gt;
            &lt;li
              data-label=&quot;Adventure&quot;
              data-path=&quot;/products&quot;
              data-src=&quot;public/home/img-4.jpg&quot;
              data-testid=&quot;card-item&quot;
              data-text=&quot;Experience Football on Top of the Himilayan Mountains&quot;
            &gt;
              Experience Football on Top of the Himilayan Mountains
            &lt;/li&gt;
            &lt;li
              data-label=&quot;Adrenaline&quot;
              data-path=&quot;/sign-up&quot;
              data-src=&quot;public/home/img-8.jpg&quot;
              data-testid=&quot;card-item&quot;
              data-text=&quot;Ride through the Sahara Desert on a guided camel tour&quot;
            &gt;
              Ride through the Sahara Desert on a guided camel tour
            &lt;/li&gt;
          &lt;/ul&gt;
        &lt;/div&gt;
      &lt;/div&gt;
    &lt;/div&gt;
  &lt;/div&gt;
&lt;/body&gt;
    at Object.getElementError (C:\Users\benpe\Coding\REI-Project\InstantlyAnalyze-Components\node_modules\@testing-library\react\node_modules\@testing-library\dom\dist\config.js:37:19)
    at C:\Users\benpe\Coding\REI-Project\InstantlyAnalyze-Components\node_modules\@testing-library\react\node_modules\@testing-library\dom\dist\query-helpers.js:76:38
    at C:\Users\benpe\Coding\REI-Project\InstantlyAnalyze-Components\node_modules\@testing-library\react\node_modules\@testing-library\dom\dist\query-helpers.js:109:15
    at Object.&lt;anonymous&gt; (C:\Users\benpe\Coding\REI-Project\InstantlyAnalyze-Components\tst\components\Cards\Cards.test.tsx:125:36)
    at Promise.then.completed (C:\Users\benpe\Coding\REI-Project\InstantlyAnalyze-Components\node_modules\jest-circus\build\utils.js:298:28)
    at new Promise (&lt;anonymous&gt;)
    at callAsyncCircusFn (C:\Users\benpe\Coding\REI-Project\InstantlyAnalyze-Components\node_modules\jest-circus\build\utils.js:231:10)
    at _callCircusTest (C:\Users\benpe\Coding\REI-Project\InstantlyAnalyze-Components\node_modules\jest-circus\build\run.js:316:40)
    at processTicksAndRejections (node:internal/process/task_queues:95:5)
    at _runTest (C:\Users\benpe\Coding\REI-Project\InstantlyAnalyze-Components\node_modules\jest-circus\build\run.js:252:3)
    at _runTestsForDescribeBlock (C:\Users\benpe\Coding\REI-Project\InstantlyAnalyze-Components\node_modules\jest-circus\build\run.js:126:9)
    at _runTestsForDescribeBlock (C:\Users\benpe\Coding\REI-Project\InstantlyAnalyze-Components\node_modules\jest-circus\build\run.js:121:9)
    at _runTestsForDescribeBlock (C:\Users\benpe\Coding\REI-Project\InstantlyAnalyze-Components\node_modules\jest-circus\build\run.js:121:9)
    at run (C:\Users\benpe\Coding\REI-Project\InstantlyAnalyze-Components\node_modules\jest-circus\build\run.js:71:3)
    at runAndTransformResultsToJestFormat (C:\Users\benpe\Coding\REI-Project\InstantlyAnalyze-Components\node_modules\jest-circus\build\legacy-code-todo-rewrite\jestAdapterInit.js:122:21)
    at jestAdapter (C:\Users\benpe\Coding\REI-Project\InstantlyAnalyze-Components\node_modules\jest-circus\build\legacy-code-todo-rewrite\jestAdapter.js:79:19)
    at runTestInternal (C:\Users\benpe\Coding\REI-Project\InstantlyAnalyze-Components\node_modules\jest-runner\build\runTest.js:367:16)
    at runTest (C:\Users\benpe\Coding\REI-Project\InstantlyAnalyze-Components\node_modules\jest-runner\build\runTest.js:444:34)
    at Object.worker (C:\Users\benpe\Coding\REI-Project\InstantlyAnalyze-Components\node_modules\jest-runner\build\testWorker.js:106:12)</failure>
    </testcase>
    <testcase classname="Cards structure should have correct number of cards in each list" name="Cards structure should have correct number of cards in each list" time="0.015">
      <failure>TestingLibraryElementError: Unable to find an element by: [data-testid=&quot;cards-items&quot;]

Ignored nodes: comments, script, style
&lt;body&gt;
  &lt;div&gt;
    &lt;div
      class=&quot;cards&quot;
    &gt;
      &lt;h1&gt;
        Check out these EPIC Destinations!
      &lt;/h1&gt;
      &lt;div
        class=&quot;cards__container&quot;
      &gt;
        &lt;div
          class=&quot;cards__wrapper&quot;
        &gt;
          &lt;ul
            class=&quot;cards__items&quot;
          &gt;
            &lt;li
              data-label=&quot;Adventure&quot;
              data-path=&quot;/services&quot;
              data-src=&quot;public/home/img-9.jpg&quot;
              data-testid=&quot;card-item&quot;
              data-text=&quot;Explore the hidden waterfall deep inside the Amazon Jungle&quot;
            &gt;
              Explore the hidden waterfall deep inside the Amazon Jungle
            &lt;/li&gt;
            &lt;li
              data-label=&quot;Luxury&quot;
              data-path=&quot;/services&quot;
              data-src=&quot;public/home/img-2.jpg&quot;
              data-testid=&quot;card-item&quot;
              data-text=&quot;Travel through the Islands of Bali in a Private Cruise&quot;
            &gt;
              Travel through the Islands of Bali in a Private Cruise
            &lt;/li&gt;
          &lt;/ul&gt;
          &lt;ul
            class=&quot;cards__items&quot;
          &gt;
            &lt;li
              data-label=&quot;Mystery&quot;
              data-path=&quot;/services&quot;
              data-src=&quot;public/home/img-3.jpg&quot;
              data-testid=&quot;card-item&quot;
              data-text=&quot;Set Sail in the Atlantic Ocean visiting Uncharted Waters&quot;
            &gt;
              Set Sail in the Atlantic Ocean visiting Uncharted Waters
            &lt;/li&gt;
            &lt;li
              data-label=&quot;Adventure&quot;
              data-path=&quot;/products&quot;
              data-src=&quot;public/home/img-4.jpg&quot;
              data-testid=&quot;card-item&quot;
              data-text=&quot;Experience Football on Top of the Himilayan Mountains&quot;
            &gt;
              Experience Football on Top of the Himilayan Mountains
            &lt;/li&gt;
            &lt;li
              data-label=&quot;Adrenaline&quot;
              data-path=&quot;/sign-up&quot;
              data-src=&quot;public/home/img-8.jpg&quot;
              data-testid=&quot;card-item&quot;
              data-text=&quot;Ride through the Sahara Desert on a guided camel tour&quot;
            &gt;
              Ride through the Sahara Desert on a guided camel tour
            &lt;/li&gt;
          &lt;/ul&gt;
        &lt;/div&gt;
      &lt;/div&gt;
    &lt;/div&gt;
  &lt;/div&gt;
&lt;/body&gt;
    at Object.getElementError (C:\Users\benpe\Coding\REI-Project\InstantlyAnalyze-Components\node_modules\@testing-library\react\node_modules\@testing-library\dom\dist\config.js:37:19)
    at C:\Users\benpe\Coding\REI-Project\InstantlyAnalyze-Components\node_modules\@testing-library\react\node_modules\@testing-library\dom\dist\query-helpers.js:76:38
    at C:\Users\benpe\Coding\REI-Project\InstantlyAnalyze-Components\node_modules\@testing-library\react\node_modules\@testing-library\dom\dist\query-helpers.js:109:15
    at Object.&lt;anonymous&gt; (C:\Users\benpe\Coding\REI-Project\InstantlyAnalyze-Components\tst\components\Cards\Cards.test.tsx:132:36)
    at Promise.then.completed (C:\Users\benpe\Coding\REI-Project\InstantlyAnalyze-Components\node_modules\jest-circus\build\utils.js:298:28)
    at new Promise (&lt;anonymous&gt;)
    at callAsyncCircusFn (C:\Users\benpe\Coding\REI-Project\InstantlyAnalyze-Components\node_modules\jest-circus\build\utils.js:231:10)
    at _callCircusTest (C:\Users\benpe\Coding\REI-Project\InstantlyAnalyze-Components\node_modules\jest-circus\build\run.js:316:40)
    at processTicksAndRejections (node:internal/process/task_queues:95:5)
    at _runTest (C:\Users\benpe\Coding\REI-Project\InstantlyAnalyze-Components\node_modules\jest-circus\build\run.js:252:3)
    at _runTestsForDescribeBlock (C:\Users\benpe\Coding\REI-Project\InstantlyAnalyze-Components\node_modules\jest-circus\build\run.js:126:9)
    at _runTestsForDescribeBlock (C:\Users\benpe\Coding\REI-Project\InstantlyAnalyze-Components\node_modules\jest-circus\build\run.js:121:9)
    at _runTestsForDescribeBlock (C:\Users\benpe\Coding\REI-Project\InstantlyAnalyze-Components\node_modules\jest-circus\build\run.js:121:9)
    at run (C:\Users\benpe\Coding\REI-Project\InstantlyAnalyze-Components\node_modules\jest-circus\build\run.js:71:3)
    at runAndTransformResultsToJestFormat (C:\Users\benpe\Coding\REI-Project\InstantlyAnalyze-Components\node_modules\jest-circus\build\legacy-code-todo-rewrite\jestAdapterInit.js:122:21)
    at jestAdapter (C:\Users\benpe\Coding\REI-Project\InstantlyAnalyze-Components\node_modules\jest-circus\build\legacy-code-todo-rewrite\jestAdapter.js:79:19)
    at runTestInternal (C:\Users\benpe\Coding\REI-Project\InstantlyAnalyze-Components\node_modules\jest-runner\build\runTest.js:367:16)
    at runTest (C:\Users\benpe\Coding\REI-Project\InstantlyAnalyze-Components\node_modules\jest-runner\build\runTest.js:444:34)
    at Object.worker (C:\Users\benpe\Coding\REI-Project\InstantlyAnalyze-Components\node_modules\jest-runner\build\testWorker.js:106:12)</failure>
    </testcase>
    <testcase classname="Cards accessibility should have proper heading structure" name="Cards accessibility should have proper heading structure" time="0.173">
    </testcase>
    <testcase classname="Cards accessibility should have proper list structure" name="Cards accessibility should have proper list structure" time="0.016">
      <failure>TestingLibraryElementError: Unable to find an element by: [data-testid=&quot;cards-items&quot;]

Ignored nodes: comments, script, style
&lt;body&gt;
  &lt;div&gt;
    &lt;div
      class=&quot;cards&quot;
    &gt;
      &lt;h1&gt;
        Check out these EPIC Destinations!
      &lt;/h1&gt;
      &lt;div
        class=&quot;cards__container&quot;
      &gt;
        &lt;div
          class=&quot;cards__wrapper&quot;
        &gt;
          &lt;ul
            class=&quot;cards__items&quot;
          &gt;
            &lt;li
              data-label=&quot;Adventure&quot;
              data-path=&quot;/services&quot;
              data-src=&quot;public/home/img-9.jpg&quot;
              data-testid=&quot;card-item&quot;
              data-text=&quot;Explore the hidden waterfall deep inside the Amazon Jungle&quot;
            &gt;
              Explore the hidden waterfall deep inside the Amazon Jungle
            &lt;/li&gt;
            &lt;li
              data-label=&quot;Luxury&quot;
              data-path=&quot;/services&quot;
              data-src=&quot;public/home/img-2.jpg&quot;
              data-testid=&quot;card-item&quot;
              data-text=&quot;Travel through the Islands of Bali in a Private Cruise&quot;
            &gt;
              Travel through the Islands of Bali in a Private Cruise
            &lt;/li&gt;
          &lt;/ul&gt;
          &lt;ul
            class=&quot;cards__items&quot;
          &gt;
            &lt;li
              data-label=&quot;Mystery&quot;
              data-path=&quot;/services&quot;
              data-src=&quot;public/home/img-3.jpg&quot;
              data-testid=&quot;card-item&quot;
              data-text=&quot;Set Sail in the Atlantic Ocean visiting Uncharted Waters&quot;
            &gt;
              Set Sail in the Atlantic Ocean visiting Uncharted Waters
            &lt;/li&gt;
            &lt;li
              data-label=&quot;Adventure&quot;
              data-path=&quot;/products&quot;
              data-src=&quot;public/home/img-4.jpg&quot;
              data-testid=&quot;card-item&quot;
              data-text=&quot;Experience Football on Top of the Himilayan Mountains&quot;
            &gt;
              Experience Football on Top of the Himilayan Mountains
            &lt;/li&gt;
            &lt;li
              data-label=&quot;Adrenaline&quot;
              data-path=&quot;/sign-up&quot;
              data-src=&quot;public/home/img-8.jpg&quot;
              data-testid=&quot;card-item&quot;
              data-text=&quot;Ride through the Sahara Desert on a guided camel tour&quot;
            &gt;
              Ride through the Sahara Desert on a guided camel tour
            &lt;/li&gt;
          &lt;/ul&gt;
        &lt;/div&gt;
      &lt;/div&gt;
    &lt;/div&gt;
  &lt;/div&gt;
&lt;/body&gt;
    at Object.getElementError (C:\Users\benpe\Coding\REI-Project\InstantlyAnalyze-Components\node_modules\@testing-library\react\node_modules\@testing-library\dom\dist\config.js:37:19)
    at C:\Users\benpe\Coding\REI-Project\InstantlyAnalyze-Components\node_modules\@testing-library\react\node_modules\@testing-library\dom\dist\query-helpers.js:76:38
    at C:\Users\benpe\Coding\REI-Project\InstantlyAnalyze-Components\node_modules\@testing-library\react\node_modules\@testing-library\dom\dist\query-helpers.js:109:15
    at Object.&lt;anonymous&gt; (C:\Users\benpe\Coding\REI-Project\InstantlyAnalyze-Components\tst\components\Cards\Cards.test.tsx:156:28)
    at Promise.then.completed (C:\Users\benpe\Coding\REI-Project\InstantlyAnalyze-Components\node_modules\jest-circus\build\utils.js:298:28)
    at new Promise (&lt;anonymous&gt;)
    at callAsyncCircusFn (C:\Users\benpe\Coding\REI-Project\InstantlyAnalyze-Components\node_modules\jest-circus\build\utils.js:231:10)
    at _callCircusTest (C:\Users\benpe\Coding\REI-Project\InstantlyAnalyze-Components\node_modules\jest-circus\build\run.js:316:40)
    at processTicksAndRejections (node:internal/process/task_queues:95:5)
    at _runTest (C:\Users\benpe\Coding\REI-Project\InstantlyAnalyze-Components\node_modules\jest-circus\build\run.js:252:3)
    at _runTestsForDescribeBlock (C:\Users\benpe\Coding\REI-Project\InstantlyAnalyze-Components\node_modules\jest-circus\build\run.js:126:9)
    at _runTestsForDescribeBlock (C:\Users\benpe\Coding\REI-Project\InstantlyAnalyze-Components\node_modules\jest-circus\build\run.js:121:9)
    at _runTestsForDescribeBlock (C:\Users\benpe\Coding\REI-Project\InstantlyAnalyze-Components\node_modules\jest-circus\build\run.js:121:9)
    at run (C:\Users\benpe\Coding\REI-Project\InstantlyAnalyze-Components\node_modules\jest-circus\build\run.js:71:3)
    at runAndTransformResultsToJestFormat (C:\Users\benpe\Coding\REI-Project\InstantlyAnalyze-Components\node_modules\jest-circus\build\legacy-code-todo-rewrite\jestAdapterInit.js:122:21)
    at jestAdapter (C:\Users\benpe\Coding\REI-Project\InstantlyAnalyze-Components\node_modules\jest-circus\build\legacy-code-todo-rewrite\jestAdapter.js:79:19)
    at runTestInternal (C:\Users\benpe\Coding\REI-Project\InstantlyAnalyze-Components\node_modules\jest-runner\build\runTest.js:367:16)
    at runTest (C:\Users\benpe\Coding\REI-Project\InstantlyAnalyze-Components\node_modules\jest-runner\build\runTest.js:444:34)
    at Object.worker (C:\Users\benpe\Coding\REI-Project\InstantlyAnalyze-Components\node_modules\jest-runner\build\testWorker.js:106:12)</failure>
    </testcase>
    <testcase classname="Cards accessibility should have proper list item structure" name="Cards accessibility should have proper list item structure" time="0.013">
    </testcase>
  </testsuite>
  <testsuite name="Separator" errors="0" failures="12" skipped="0" timestamp="2025-07-31T04:52:58" time="58.029" tests="12">
    <testcase classname="Separator rendering should render separator container" name="Separator rendering should render separator container" time="0.226">
      <failure>TestingLibraryElementError: Unable to find an element by: [data-testid=&quot;separator-container&quot;]

Ignored nodes: comments, script, style
&lt;body&gt;
  &lt;div&gt;
    &lt;div
      class=&quot;separator-container&quot;
    &gt;
      &lt;div
        class=&quot;separator&quot;
        style=&quot;width: 60%;&quot;
      /&gt;
    &lt;/div&gt;
  &lt;/div&gt;
&lt;/body&gt;
    at Object.getElementError (C:\Users\benpe\Coding\REI-Project\InstantlyAnalyze-Components\node_modules\@testing-library\react\node_modules\@testing-library\dom\dist\config.js:37:19)
    at C:\Users\benpe\Coding\REI-Project\InstantlyAnalyze-Components\node_modules\@testing-library\react\node_modules\@testing-library\dom\dist\query-helpers.js:76:38
    at C:\Users\benpe\Coding\REI-Project\InstantlyAnalyze-Components\node_modules\@testing-library\react\node_modules\@testing-library\dom\dist\query-helpers.js:52:17
    at C:\Users\benpe\Coding\REI-Project\InstantlyAnalyze-Components\node_modules\@testing-library\react\node_modules\@testing-library\dom\dist\query-helpers.js:95:19
    at Object.&lt;anonymous&gt; (C:\Users\benpe\Coding\REI-Project\InstantlyAnalyze-Components\tst\components\Separator\Separator.test.tsx:14:32)
    at Promise.then.completed (C:\Users\benpe\Coding\REI-Project\InstantlyAnalyze-Components\node_modules\jest-circus\build\utils.js:298:28)
    at new Promise (&lt;anonymous&gt;)
    at callAsyncCircusFn (C:\Users\benpe\Coding\REI-Project\InstantlyAnalyze-Components\node_modules\jest-circus\build\utils.js:231:10)
    at _callCircusTest (C:\Users\benpe\Coding\REI-Project\InstantlyAnalyze-Components\node_modules\jest-circus\build\run.js:316:40)
    at processTicksAndRejections (node:internal/process/task_queues:95:5)
    at _runTest (C:\Users\benpe\Coding\REI-Project\InstantlyAnalyze-Components\node_modules\jest-circus\build\run.js:252:3)
    at _runTestsForDescribeBlock (C:\Users\benpe\Coding\REI-Project\InstantlyAnalyze-Components\node_modules\jest-circus\build\run.js:126:9)
    at _runTestsForDescribeBlock (C:\Users\benpe\Coding\REI-Project\InstantlyAnalyze-Components\node_modules\jest-circus\build\run.js:121:9)
    at _runTestsForDescribeBlock (C:\Users\benpe\Coding\REI-Project\InstantlyAnalyze-Components\node_modules\jest-circus\build\run.js:121:9)
    at run (C:\Users\benpe\Coding\REI-Project\InstantlyAnalyze-Components\node_modules\jest-circus\build\run.js:71:3)
    at runAndTransformResultsToJestFormat (C:\Users\benpe\Coding\REI-Project\InstantlyAnalyze-Components\node_modules\jest-circus\build\legacy-code-todo-rewrite\jestAdapterInit.js:122:21)
    at jestAdapter (C:\Users\benpe\Coding\REI-Project\InstantlyAnalyze-Components\node_modules\jest-circus\build\legacy-code-todo-rewrite\jestAdapter.js:79:19)
    at runTestInternal (C:\Users\benpe\Coding\REI-Project\InstantlyAnalyze-Components\node_modules\jest-runner\build\runTest.js:367:16)
    at runTest (C:\Users\benpe\Coding\REI-Project\InstantlyAnalyze-Components\node_modules\jest-runner\build\runTest.js:444:34)
    at Object.worker (C:\Users\benpe\Coding\REI-Project\InstantlyAnalyze-Components\node_modules\jest-runner\build\testWorker.js:106:12)</failure>
    </testcase>
    <testcase classname="Separator rendering should render separator line" name="Separator rendering should render separator line" time="0.02">
      <failure>TestingLibraryElementError: Unable to find an element by: [data-testid=&quot;separator-line&quot;]

Ignored nodes: comments, script, style
&lt;body&gt;
  &lt;div&gt;
    &lt;div
      class=&quot;separator-container&quot;
    &gt;
      &lt;div
        class=&quot;separator&quot;
        style=&quot;width: 60%;&quot;
      /&gt;
    &lt;/div&gt;
  &lt;/div&gt;
&lt;/body&gt;
    at Object.getElementError (C:\Users\benpe\Coding\REI-Project\InstantlyAnalyze-Components\node_modules\@testing-library\react\node_modules\@testing-library\dom\dist\config.js:37:19)
    at C:\Users\benpe\Coding\REI-Project\InstantlyAnalyze-Components\node_modules\@testing-library\react\node_modules\@testing-library\dom\dist\query-helpers.js:76:38
    at C:\Users\benpe\Coding\REI-Project\InstantlyAnalyze-Components\node_modules\@testing-library\react\node_modules\@testing-library\dom\dist\query-helpers.js:52:17
    at C:\Users\benpe\Coding\REI-Project\InstantlyAnalyze-Components\node_modules\@testing-library\react\node_modules\@testing-library\dom\dist\query-helpers.js:95:19
    at Object.&lt;anonymous&gt; (C:\Users\benpe\Coding\REI-Project\InstantlyAnalyze-Components\tst\components\Separator\Separator.test.tsx:21:36)
    at Promise.then.completed (C:\Users\benpe\Coding\REI-Project\InstantlyAnalyze-Components\node_modules\jest-circus\build\utils.js:298:28)
    at new Promise (&lt;anonymous&gt;)
    at callAsyncCircusFn (C:\Users\benpe\Coding\REI-Project\InstantlyAnalyze-Components\node_modules\jest-circus\build\utils.js:231:10)
    at _callCircusTest (C:\Users\benpe\Coding\REI-Project\InstantlyAnalyze-Components\node_modules\jest-circus\build\run.js:316:40)
    at processTicksAndRejections (node:internal/process/task_queues:95:5)
    at _runTest (C:\Users\benpe\Coding\REI-Project\InstantlyAnalyze-Components\node_modules\jest-circus\build\run.js:252:3)
    at _runTestsForDescribeBlock (C:\Users\benpe\Coding\REI-Project\InstantlyAnalyze-Components\node_modules\jest-circus\build\run.js:126:9)
    at _runTestsForDescribeBlock (C:\Users\benpe\Coding\REI-Project\InstantlyAnalyze-Components\node_modules\jest-circus\build\run.js:121:9)
    at _runTestsForDescribeBlock (C:\Users\benpe\Coding\REI-Project\InstantlyAnalyze-Components\node_modules\jest-circus\build\run.js:121:9)
    at run (C:\Users\benpe\Coding\REI-Project\InstantlyAnalyze-Components\node_modules\jest-circus\build\run.js:71:3)
    at runAndTransformResultsToJestFormat (C:\Users\benpe\Coding\REI-Project\InstantlyAnalyze-Components\node_modules\jest-circus\build\legacy-code-todo-rewrite\jestAdapterInit.js:122:21)
    at jestAdapter (C:\Users\benpe\Coding\REI-Project\InstantlyAnalyze-Components\node_modules\jest-circus\build\legacy-code-todo-rewrite\jestAdapter.js:79:19)
    at runTestInternal (C:\Users\benpe\Coding\REI-Project\InstantlyAnalyze-Components\node_modules\jest-runner\build\runTest.js:367:16)
    at runTest (C:\Users\benpe\Coding\REI-Project\InstantlyAnalyze-Components\node_modules\jest-runner\build\runTest.js:444:34)
    at Object.worker (C:\Users\benpe\Coding\REI-Project\InstantlyAnalyze-Components\node_modules\jest-runner\build\testWorker.js:106:12)</failure>
    </testcase>
    <testcase classname="Separator rendering should render with default width" name="Separator rendering should render with default width" time="0.011">
      <failure>TestingLibraryElementError: Unable to find an element by: [data-testid=&quot;separator-line&quot;]

Ignored nodes: comments, script, style
&lt;body&gt;
  &lt;div&gt;
    &lt;div
      class=&quot;separator-container&quot;
    &gt;
      &lt;div
        class=&quot;separator&quot;
        style=&quot;width: 60%;&quot;
      /&gt;
    &lt;/div&gt;
  &lt;/div&gt;
&lt;/body&gt;
    at Object.getElementError (C:\Users\benpe\Coding\REI-Project\InstantlyAnalyze-Components\node_modules\@testing-library\react\node_modules\@testing-library\dom\dist\config.js:37:19)
    at C:\Users\benpe\Coding\REI-Project\InstantlyAnalyze-Components\node_modules\@testing-library\react\node_modules\@testing-library\dom\dist\query-helpers.js:76:38
    at C:\Users\benpe\Coding\REI-Project\InstantlyAnalyze-Components\node_modules\@testing-library\react\node_modules\@testing-library\dom\dist\query-helpers.js:52:17
    at C:\Users\benpe\Coding\REI-Project\InstantlyAnalyze-Components\node_modules\@testing-library\react\node_modules\@testing-library\dom\dist\query-helpers.js:95:19
    at Object.&lt;anonymous&gt; (C:\Users\benpe\Coding\REI-Project\InstantlyAnalyze-Components\tst\components\Separator\Separator.test.tsx:28:36)
    at Promise.then.completed (C:\Users\benpe\Coding\REI-Project\InstantlyAnalyze-Components\node_modules\jest-circus\build\utils.js:298:28)
    at new Promise (&lt;anonymous&gt;)
    at callAsyncCircusFn (C:\Users\benpe\Coding\REI-Project\InstantlyAnalyze-Components\node_modules\jest-circus\build\utils.js:231:10)
    at _callCircusTest (C:\Users\benpe\Coding\REI-Project\InstantlyAnalyze-Components\node_modules\jest-circus\build\run.js:316:40)
    at processTicksAndRejections (node:internal/process/task_queues:95:5)
    at _runTest (C:\Users\benpe\Coding\REI-Project\InstantlyAnalyze-Components\node_modules\jest-circus\build\run.js:252:3)
    at _runTestsForDescribeBlock (C:\Users\benpe\Coding\REI-Project\InstantlyAnalyze-Components\node_modules\jest-circus\build\run.js:126:9)
    at _runTestsForDescribeBlock (C:\Users\benpe\Coding\REI-Project\InstantlyAnalyze-Components\node_modules\jest-circus\build\run.js:121:9)
    at _runTestsForDescribeBlock (C:\Users\benpe\Coding\REI-Project\InstantlyAnalyze-Components\node_modules\jest-circus\build\run.js:121:9)
    at run (C:\Users\benpe\Coding\REI-Project\InstantlyAnalyze-Components\node_modules\jest-circus\build\run.js:71:3)
    at runAndTransformResultsToJestFormat (C:\Users\benpe\Coding\REI-Project\InstantlyAnalyze-Components\node_modules\jest-circus\build\legacy-code-todo-rewrite\jestAdapterInit.js:122:21)
    at jestAdapter (C:\Users\benpe\Coding\REI-Project\InstantlyAnalyze-Components\node_modules\jest-circus\build\legacy-code-todo-rewrite\jestAdapter.js:79:19)
    at runTestInternal (C:\Users\benpe\Coding\REI-Project\InstantlyAnalyze-Components\node_modules\jest-runner\build\runTest.js:367:16)
    at runTest (C:\Users\benpe\Coding\REI-Project\InstantlyAnalyze-Components\node_modules\jest-runner\build\runTest.js:444:34)
    at Object.worker (C:\Users\benpe\Coding\REI-Project\InstantlyAnalyze-Components\node_modules\jest-runner\build\testWorker.js:106:12)</failure>
    </testcase>
    <testcase classname="Separator rendering should render with custom width" name="Separator rendering should render with custom width" time="0.011">
      <failure>TestingLibraryElementError: Unable to find an element by: [data-testid=&quot;separator-line&quot;]

Ignored nodes: comments, script, style
&lt;body&gt;
  &lt;div&gt;
    &lt;div
      class=&quot;separator-container&quot;
    &gt;
      &lt;div
        class=&quot;separator&quot;
        style=&quot;width: 80%;&quot;
      /&gt;
    &lt;/div&gt;
  &lt;/div&gt;
&lt;/body&gt;
    at Object.getElementError (C:\Users\benpe\Coding\REI-Project\InstantlyAnalyze-Components\node_modules\@testing-library\react\node_modules\@testing-library\dom\dist\config.js:37:19)
    at C:\Users\benpe\Coding\REI-Project\InstantlyAnalyze-Components\node_modules\@testing-library\react\node_modules\@testing-library\dom\dist\query-helpers.js:76:38
    at C:\Users\benpe\Coding\REI-Project\InstantlyAnalyze-Components\node_modules\@testing-library\react\node_modules\@testing-library\dom\dist\query-helpers.js:52:17
    at C:\Users\benpe\Coding\REI-Project\InstantlyAnalyze-Components\node_modules\@testing-library\react\node_modules\@testing-library\dom\dist\query-helpers.js:95:19
    at Object.&lt;anonymous&gt; (C:\Users\benpe\Coding\REI-Project\InstantlyAnalyze-Components\tst\components\Separator\Separator.test.tsx:35:36)
    at Promise.then.completed (C:\Users\benpe\Coding\REI-Project\InstantlyAnalyze-Components\node_modules\jest-circus\build\utils.js:298:28)
    at new Promise (&lt;anonymous&gt;)
    at callAsyncCircusFn (C:\Users\benpe\Coding\REI-Project\InstantlyAnalyze-Components\node_modules\jest-circus\build\utils.js:231:10)
    at _callCircusTest (C:\Users\benpe\Coding\REI-Project\InstantlyAnalyze-Components\node_modules\jest-circus\build\run.js:316:40)
    at processTicksAndRejections (node:internal/process/task_queues:95:5)
    at _runTest (C:\Users\benpe\Coding\REI-Project\InstantlyAnalyze-Components\node_modules\jest-circus\build\run.js:252:3)
    at _runTestsForDescribeBlock (C:\Users\benpe\Coding\REI-Project\InstantlyAnalyze-Components\node_modules\jest-circus\build\run.js:126:9)
    at _runTestsForDescribeBlock (C:\Users\benpe\Coding\REI-Project\InstantlyAnalyze-Components\node_modules\jest-circus\build\run.js:121:9)
    at _runTestsForDescribeBlock (C:\Users\benpe\Coding\REI-Project\InstantlyAnalyze-Components\node_modules\jest-circus\build\run.js:121:9)
    at run (C:\Users\benpe\Coding\REI-Project\InstantlyAnalyze-Components\node_modules\jest-circus\build\run.js:71:3)
    at runAndTransformResultsToJestFormat (C:\Users\benpe\Coding\REI-Project\InstantlyAnalyze-Components\node_modules\jest-circus\build\legacy-code-todo-rewrite\jestAdapterInit.js:122:21)
    at jestAdapter (C:\Users\benpe\Coding\REI-Project\InstantlyAnalyze-Components\node_modules\jest-circus\build\legacy-code-todo-rewrite\jestAdapter.js:79:19)
    at runTestInternal (C:\Users\benpe\Coding\REI-Project\InstantlyAnalyze-Components\node_modules\jest-runner\build\runTest.js:367:16)
    at runTest (C:\Users\benpe\Coding\REI-Project\InstantlyAnalyze-Components\node_modules\jest-runner\build\runTest.js:444:34)
    at Object.worker (C:\Users\benpe\Coding\REI-Project\InstantlyAnalyze-Components\node_modules\jest-runner\build\testWorker.js:106:12)</failure>
    </testcase>
    <testcase classname="Separator styling should have correct CSS classes" name="Separator styling should have correct CSS classes" time="0.014">
      <failure>TestingLibraryElementError: Unable to find an element by: [data-testid=&quot;separator-container&quot;]

Ignored nodes: comments, script, style
&lt;body&gt;
  &lt;div&gt;
    &lt;div
      class=&quot;separator-container&quot;
    &gt;
      &lt;div
        class=&quot;separator&quot;
        style=&quot;width: 60%;&quot;
      /&gt;
    &lt;/div&gt;
  &lt;/div&gt;
&lt;/body&gt;
    at Object.getElementError (C:\Users\benpe\Coding\REI-Project\InstantlyAnalyze-Components\node_modules\@testing-library\react\node_modules\@testing-library\dom\dist\config.js:37:19)
    at C:\Users\benpe\Coding\REI-Project\InstantlyAnalyze-Components\node_modules\@testing-library\react\node_modules\@testing-library\dom\dist\query-helpers.js:76:38
    at C:\Users\benpe\Coding\REI-Project\InstantlyAnalyze-Components\node_modules\@testing-library\react\node_modules\@testing-library\dom\dist\query-helpers.js:52:17
    at C:\Users\benpe\Coding\REI-Project\InstantlyAnalyze-Components\node_modules\@testing-library\react\node_modules\@testing-library\dom\dist\query-helpers.js:95:19
    at Object.&lt;anonymous&gt; (C:\Users\benpe\Coding\REI-Project\InstantlyAnalyze-Components\tst\components\Separator\Separator.test.tsx:44:32)
    at Promise.then.completed (C:\Users\benpe\Coding\REI-Project\InstantlyAnalyze-Components\node_modules\jest-circus\build\utils.js:298:28)
    at new Promise (&lt;anonymous&gt;)
    at callAsyncCircusFn (C:\Users\benpe\Coding\REI-Project\InstantlyAnalyze-Components\node_modules\jest-circus\build\utils.js:231:10)
    at _callCircusTest (C:\Users\benpe\Coding\REI-Project\InstantlyAnalyze-Components\node_modules\jest-circus\build\run.js:316:40)
    at processTicksAndRejections (node:internal/process/task_queues:95:5)
    at _runTest (C:\Users\benpe\Coding\REI-Project\InstantlyAnalyze-Components\node_modules\jest-circus\build\run.js:252:3)
    at _runTestsForDescribeBlock (C:\Users\benpe\Coding\REI-Project\InstantlyAnalyze-Components\node_modules\jest-circus\build\run.js:126:9)
    at _runTestsForDescribeBlock (C:\Users\benpe\Coding\REI-Project\InstantlyAnalyze-Components\node_modules\jest-circus\build\run.js:121:9)
    at _runTestsForDescribeBlock (C:\Users\benpe\Coding\REI-Project\InstantlyAnalyze-Components\node_modules\jest-circus\build\run.js:121:9)
    at run (C:\Users\benpe\Coding\REI-Project\InstantlyAnalyze-Components\node_modules\jest-circus\build\run.js:71:3)
    at runAndTransformResultsToJestFormat (C:\Users\benpe\Coding\REI-Project\InstantlyAnalyze-Components\node_modules\jest-circus\build\legacy-code-todo-rewrite\jestAdapterInit.js:122:21)
    at jestAdapter (C:\Users\benpe\Coding\REI-Project\InstantlyAnalyze-Components\node_modules\jest-circus\build\legacy-code-todo-rewrite\jestAdapter.js:79:19)
    at runTestInternal (C:\Users\benpe\Coding\REI-Project\InstantlyAnalyze-Components\node_modules\jest-runner\build\runTest.js:367:16)
    at runTest (C:\Users\benpe\Coding\REI-Project\InstantlyAnalyze-Components\node_modules\jest-runner\build\runTest.js:444:34)
    at Object.worker (C:\Users\benpe\Coding\REI-Project\InstantlyAnalyze-Components\node_modules\jest-runner\build\testWorker.js:106:12)</failure>
    </testcase>
    <testcase classname="Separator styling should apply custom width percentage" name="Separator styling should apply custom width percentage" time="0.013">
      <failure>TestingLibraryElementError: Unable to find an element by: [data-testid=&quot;separator-line&quot;]

Ignored nodes: comments, script, style
&lt;body&gt;
  &lt;div&gt;
    &lt;div
      class=&quot;separator-container&quot;
    &gt;
      &lt;div
        class=&quot;separator&quot;
        style=&quot;width: 100%;&quot;
      /&gt;
    &lt;/div&gt;
  &lt;/div&gt;
&lt;/body&gt;
    at Object.getElementError (C:\Users\benpe\Coding\REI-Project\InstantlyAnalyze-Components\node_modules\@testing-library\react\node_modules\@testing-library\dom\dist\config.js:37:19)
    at C:\Users\benpe\Coding\REI-Project\InstantlyAnalyze-Components\node_modules\@testing-library\react\node_modules\@testing-library\dom\dist\query-helpers.js:76:38
    at C:\Users\benpe\Coding\REI-Project\InstantlyAnalyze-Components\node_modules\@testing-library\react\node_modules\@testing-library\dom\dist\query-helpers.js:52:17
    at C:\Users\benpe\Coding\REI-Project\InstantlyAnalyze-Components\node_modules\@testing-library\react\node_modules\@testing-library\dom\dist\query-helpers.js:95:19
    at Object.&lt;anonymous&gt; (C:\Users\benpe\Coding\REI-Project\InstantlyAnalyze-Components\tst\components\Separator\Separator.test.tsx:54:36)
    at Promise.then.completed (C:\Users\benpe\Coding\REI-Project\InstantlyAnalyze-Components\node_modules\jest-circus\build\utils.js:298:28)
    at new Promise (&lt;anonymous&gt;)
    at callAsyncCircusFn (C:\Users\benpe\Coding\REI-Project\InstantlyAnalyze-Components\node_modules\jest-circus\build\utils.js:231:10)
    at _callCircusTest (C:\Users\benpe\Coding\REI-Project\InstantlyAnalyze-Components\node_modules\jest-circus\build\run.js:316:40)
    at processTicksAndRejections (node:internal/process/task_queues:95:5)
    at _runTest (C:\Users\benpe\Coding\REI-Project\InstantlyAnalyze-Components\node_modules\jest-circus\build\run.js:252:3)
    at _runTestsForDescribeBlock (C:\Users\benpe\Coding\REI-Project\InstantlyAnalyze-Components\node_modules\jest-circus\build\run.js:126:9)
    at _runTestsForDescribeBlock (C:\Users\benpe\Coding\REI-Project\InstantlyAnalyze-Components\node_modules\jest-circus\build\run.js:121:9)
    at _runTestsForDescribeBlock (C:\Users\benpe\Coding\REI-Project\InstantlyAnalyze-Components\node_modules\jest-circus\build\run.js:121:9)
    at run (C:\Users\benpe\Coding\REI-Project\InstantlyAnalyze-Components\node_modules\jest-circus\build\run.js:71:3)
    at runAndTransformResultsToJestFormat (C:\Users\benpe\Coding\REI-Project\InstantlyAnalyze-Components\node_modules\jest-circus\build\legacy-code-todo-rewrite\jestAdapterInit.js:122:21)
    at jestAdapter (C:\Users\benpe\Coding\REI-Project\InstantlyAnalyze-Components\node_modules\jest-circus\build\legacy-code-todo-rewrite\jestAdapter.js:79:19)
    at runTestInternal (C:\Users\benpe\Coding\REI-Project\InstantlyAnalyze-Components\node_modules\jest-runner\build\runTest.js:367:16)
    at runTest (C:\Users\benpe\Coding\REI-Project\InstantlyAnalyze-Components\node_modules\jest-runner\build\runTest.js:444:34)
    at Object.worker (C:\Users\benpe\Coding\REI-Project\InstantlyAnalyze-Components\node_modules\jest-runner\build\testWorker.js:106:12)</failure>
    </testcase>
    <testcase classname="Separator styling should handle zero width" name="Separator styling should handle zero width" time="0.012">
      <failure>TestingLibraryElementError: Unable to find an element by: [data-testid=&quot;separator-line&quot;]

Ignored nodes: comments, script, style
&lt;body&gt;
  &lt;div&gt;
    &lt;div
      class=&quot;separator-container&quot;
    &gt;
      &lt;div
        class=&quot;separator&quot;
        style=&quot;width: 0%;&quot;
      /&gt;
    &lt;/div&gt;
  &lt;/div&gt;
&lt;/body&gt;
    at Object.getElementError (C:\Users\benpe\Coding\REI-Project\InstantlyAnalyze-Components\node_modules\@testing-library\react\node_modules\@testing-library\dom\dist\config.js:37:19)
    at C:\Users\benpe\Coding\REI-Project\InstantlyAnalyze-Components\node_modules\@testing-library\react\node_modules\@testing-library\dom\dist\query-helpers.js:76:38
    at C:\Users\benpe\Coding\REI-Project\InstantlyAnalyze-Components\node_modules\@testing-library\react\node_modules\@testing-library\dom\dist\query-helpers.js:52:17
    at C:\Users\benpe\Coding\REI-Project\InstantlyAnalyze-Components\node_modules\@testing-library\react\node_modules\@testing-library\dom\dist\query-helpers.js:95:19
    at Object.&lt;anonymous&gt; (C:\Users\benpe\Coding\REI-Project\InstantlyAnalyze-Components\tst\components\Separator\Separator.test.tsx:61:36)
    at Promise.then.completed (C:\Users\benpe\Coding\REI-Project\InstantlyAnalyze-Components\node_modules\jest-circus\build\utils.js:298:28)
    at new Promise (&lt;anonymous&gt;)
    at callAsyncCircusFn (C:\Users\benpe\Coding\REI-Project\InstantlyAnalyze-Components\node_modules\jest-circus\build\utils.js:231:10)
    at _callCircusTest (C:\Users\benpe\Coding\REI-Project\InstantlyAnalyze-Components\node_modules\jest-circus\build\run.js:316:40)
    at processTicksAndRejections (node:internal/process/task_queues:95:5)
    at _runTest (C:\Users\benpe\Coding\REI-Project\InstantlyAnalyze-Components\node_modules\jest-circus\build\run.js:252:3)
    at _runTestsForDescribeBlock (C:\Users\benpe\Coding\REI-Project\InstantlyAnalyze-Components\node_modules\jest-circus\build\run.js:126:9)
    at _runTestsForDescribeBlock (C:\Users\benpe\Coding\REI-Project\InstantlyAnalyze-Components\node_modules\jest-circus\build\run.js:121:9)
    at _runTestsForDescribeBlock (C:\Users\benpe\Coding\REI-Project\InstantlyAnalyze-Components\node_modules\jest-circus\build\run.js:121:9)
    at run (C:\Users\benpe\Coding\REI-Project\InstantlyAnalyze-Components\node_modules\jest-circus\build\run.js:71:3)
    at runAndTransformResultsToJestFormat (C:\Users\benpe\Coding\REI-Project\InstantlyAnalyze-Components\node_modules\jest-circus\build\legacy-code-todo-rewrite\jestAdapterInit.js:122:21)
    at jestAdapter (C:\Users\benpe\Coding\REI-Project\InstantlyAnalyze-Components\node_modules\jest-circus\build\legacy-code-todo-rewrite\jestAdapter.js:79:19)
    at runTestInternal (C:\Users\benpe\Coding\REI-Project\InstantlyAnalyze-Components\node_modules\jest-runner\build\runTest.js:367:16)
    at runTest (C:\Users\benpe\Coding\REI-Project\InstantlyAnalyze-Components\node_modules\jest-runner\build\runTest.js:444:34)
    at Object.worker (C:\Users\benpe\Coding\REI-Project\InstantlyAnalyze-Components\node_modules\jest-runner\build\testWorker.js:106:12)</failure>
    </testcase>
    <testcase classname="Separator edge cases should handle negative width gracefully" name="Separator edge cases should handle negative width gracefully" time="0.008">
      <failure>TestingLibraryElementError: Unable to find an element by: [data-testid=&quot;separator-line&quot;]

Ignored nodes: comments, script, style
&lt;body&gt;
  &lt;div&gt;
    &lt;div
      class=&quot;separator-container&quot;
    &gt;
      &lt;div
        class=&quot;separator&quot;
        style=&quot;width: -10%;&quot;
      /&gt;
    &lt;/div&gt;
  &lt;/div&gt;
&lt;/body&gt;
    at Object.getElementError (C:\Users\benpe\Coding\REI-Project\InstantlyAnalyze-Components\node_modules\@testing-library\react\node_modules\@testing-library\dom\dist\config.js:37:19)
    at C:\Users\benpe\Coding\REI-Project\InstantlyAnalyze-Components\node_modules\@testing-library\react\node_modules\@testing-library\dom\dist\query-helpers.js:76:38
    at C:\Users\benpe\Coding\REI-Project\InstantlyAnalyze-Components\node_modules\@testing-library\react\node_modules\@testing-library\dom\dist\query-helpers.js:52:17
    at C:\Users\benpe\Coding\REI-Project\InstantlyAnalyze-Components\node_modules\@testing-library\react\node_modules\@testing-library\dom\dist\query-helpers.js:95:19
    at Object.&lt;anonymous&gt; (C:\Users\benpe\Coding\REI-Project\InstantlyAnalyze-Components\tst\components\Separator\Separator.test.tsx:70:36)
    at Promise.then.completed (C:\Users\benpe\Coding\REI-Project\InstantlyAnalyze-Components\node_modules\jest-circus\build\utils.js:298:28)
    at new Promise (&lt;anonymous&gt;)
    at callAsyncCircusFn (C:\Users\benpe\Coding\REI-Project\InstantlyAnalyze-Components\node_modules\jest-circus\build\utils.js:231:10)
    at _callCircusTest (C:\Users\benpe\Coding\REI-Project\InstantlyAnalyze-Components\node_modules\jest-circus\build\run.js:316:40)
    at processTicksAndRejections (node:internal/process/task_queues:95:5)
    at _runTest (C:\Users\benpe\Coding\REI-Project\InstantlyAnalyze-Components\node_modules\jest-circus\build\run.js:252:3)
    at _runTestsForDescribeBlock (C:\Users\benpe\Coding\REI-Project\InstantlyAnalyze-Components\node_modules\jest-circus\build\run.js:126:9)
    at _runTestsForDescribeBlock (C:\Users\benpe\Coding\REI-Project\InstantlyAnalyze-Components\node_modules\jest-circus\build\run.js:121:9)
    at _runTestsForDescribeBlock (C:\Users\benpe\Coding\REI-Project\InstantlyAnalyze-Components\node_modules\jest-circus\build\run.js:121:9)
    at run (C:\Users\benpe\Coding\REI-Project\InstantlyAnalyze-Components\node_modules\jest-circus\build\run.js:71:3)
    at runAndTransformResultsToJestFormat (C:\Users\benpe\Coding\REI-Project\InstantlyAnalyze-Components\node_modules\jest-circus\build\legacy-code-todo-rewrite\jestAdapterInit.js:122:21)
    at jestAdapter (C:\Users\benpe\Coding\REI-Project\InstantlyAnalyze-Components\node_modules\jest-circus\build\legacy-code-todo-rewrite\jestAdapter.js:79:19)
    at runTestInternal (C:\Users\benpe\Coding\REI-Project\InstantlyAnalyze-Components\node_modules\jest-runner\build\runTest.js:367:16)
    at runTest (C:\Users\benpe\Coding\REI-Project\InstantlyAnalyze-Components\node_modules\jest-runner\build\runTest.js:444:34)
    at Object.worker (C:\Users\benpe\Coding\REI-Project\InstantlyAnalyze-Components\node_modules\jest-runner\build\testWorker.js:106:12)</failure>
    </testcase>
    <testcase classname="Separator edge cases should handle width over 100" name="Separator edge cases should handle width over 100" time="0.042">
      <failure>TestingLibraryElementError: Unable to find an element by: [data-testid=&quot;separator-line&quot;]

Ignored nodes: comments, script, style
&lt;body&gt;
  &lt;div&gt;
    &lt;div
      class=&quot;separator-container&quot;
    &gt;
      &lt;div
        class=&quot;separator&quot;
        style=&quot;width: 150%;&quot;
      /&gt;
    &lt;/div&gt;
  &lt;/div&gt;
&lt;/body&gt;
    at Object.getElementError (C:\Users\benpe\Coding\REI-Project\InstantlyAnalyze-Components\node_modules\@testing-library\react\node_modules\@testing-library\dom\dist\config.js:37:19)
    at C:\Users\benpe\Coding\REI-Project\InstantlyAnalyze-Components\node_modules\@testing-library\react\node_modules\@testing-library\dom\dist\query-helpers.js:76:38
    at C:\Users\benpe\Coding\REI-Project\InstantlyAnalyze-Components\node_modules\@testing-library\react\node_modules\@testing-library\dom\dist\query-helpers.js:52:17
    at C:\Users\benpe\Coding\REI-Project\InstantlyAnalyze-Components\node_modules\@testing-library\react\node_modules\@testing-library\dom\dist\query-helpers.js:95:19
    at Object.&lt;anonymous&gt; (C:\Users\benpe\Coding\REI-Project\InstantlyAnalyze-Components\tst\components\Separator\Separator.test.tsx:77:36)
    at Promise.then.completed (C:\Users\benpe\Coding\REI-Project\InstantlyAnalyze-Components\node_modules\jest-circus\build\utils.js:298:28)
    at new Promise (&lt;anonymous&gt;)
    at callAsyncCircusFn (C:\Users\benpe\Coding\REI-Project\InstantlyAnalyze-Components\node_modules\jest-circus\build\utils.js:231:10)
    at _callCircusTest (C:\Users\benpe\Coding\REI-Project\InstantlyAnalyze-Components\node_modules\jest-circus\build\run.js:316:40)
    at processTicksAndRejections (node:internal/process/task_queues:95:5)
    at _runTest (C:\Users\benpe\Coding\REI-Project\InstantlyAnalyze-Components\node_modules\jest-circus\build\run.js:252:3)
    at _runTestsForDescribeBlock (C:\Users\benpe\Coding\REI-Project\InstantlyAnalyze-Components\node_modules\jest-circus\build\run.js:126:9)
    at _runTestsForDescribeBlock (C:\Users\benpe\Coding\REI-Project\InstantlyAnalyze-Components\node_modules\jest-circus\build\run.js:121:9)
    at _runTestsForDescribeBlock (C:\Users\benpe\Coding\REI-Project\InstantlyAnalyze-Components\node_modules\jest-circus\build\run.js:121:9)
    at run (C:\Users\benpe\Coding\REI-Project\InstantlyAnalyze-Components\node_modules\jest-circus\build\run.js:71:3)
    at runAndTransformResultsToJestFormat (C:\Users\benpe\Coding\REI-Project\InstantlyAnalyze-Components\node_modules\jest-circus\build\legacy-code-todo-rewrite\jestAdapterInit.js:122:21)
    at jestAdapter (C:\Users\benpe\Coding\REI-Project\InstantlyAnalyze-Components\node_modules\jest-circus\build\legacy-code-todo-rewrite\jestAdapter.js:79:19)
    at runTestInternal (C:\Users\benpe\Coding\REI-Project\InstantlyAnalyze-Components\node_modules\jest-runner\build\runTest.js:367:16)
    at runTest (C:\Users\benpe\Coding\REI-Project\InstantlyAnalyze-Components\node_modules\jest-runner\build\runTest.js:444:34)
    at Object.worker (C:\Users\benpe\Coding\REI-Project\InstantlyAnalyze-Components\node_modules\jest-runner\build\testWorker.js:106:12)</failure>
    </testcase>
    <testcase classname="Separator edge cases should handle undefined width" name="Separator edge cases should handle undefined width" time="0.011">
      <failure>TestingLibraryElementError: Unable to find an element by: [data-testid=&quot;separator-line&quot;]

Ignored nodes: comments, script, style
&lt;body&gt;
  &lt;div&gt;
    &lt;div
      class=&quot;separator-container&quot;
    &gt;
      &lt;div
        class=&quot;separator&quot;
        style=&quot;width: 60%;&quot;
      /&gt;
    &lt;/div&gt;
  &lt;/div&gt;
&lt;/body&gt;
    at Object.getElementError (C:\Users\benpe\Coding\REI-Project\InstantlyAnalyze-Components\node_modules\@testing-library\react\node_modules\@testing-library\dom\dist\config.js:37:19)
    at C:\Users\benpe\Coding\REI-Project\InstantlyAnalyze-Components\node_modules\@testing-library\react\node_modules\@testing-library\dom\dist\query-helpers.js:76:38
    at C:\Users\benpe\Coding\REI-Project\InstantlyAnalyze-Components\node_modules\@testing-library\react\node_modules\@testing-library\dom\dist\query-helpers.js:52:17
    at C:\Users\benpe\Coding\REI-Project\InstantlyAnalyze-Components\node_modules\@testing-library\react\node_modules\@testing-library\dom\dist\query-helpers.js:95:19
    at Object.&lt;anonymous&gt; (C:\Users\benpe\Coding\REI-Project\InstantlyAnalyze-Components\tst\components\Separator\Separator.test.tsx:84:36)
    at Promise.then.completed (C:\Users\benpe\Coding\REI-Project\InstantlyAnalyze-Components\node_modules\jest-circus\build\utils.js:298:28)
    at new Promise (&lt;anonymous&gt;)
    at callAsyncCircusFn (C:\Users\benpe\Coding\REI-Project\InstantlyAnalyze-Components\node_modules\jest-circus\build\utils.js:231:10)
    at _callCircusTest (C:\Users\benpe\Coding\REI-Project\InstantlyAnalyze-Components\node_modules\jest-circus\build\run.js:316:40)
    at processTicksAndRejections (node:internal/process/task_queues:95:5)
    at _runTest (C:\Users\benpe\Coding\REI-Project\InstantlyAnalyze-Components\node_modules\jest-circus\build\run.js:252:3)
    at _runTestsForDescribeBlock (C:\Users\benpe\Coding\REI-Project\InstantlyAnalyze-Components\node_modules\jest-circus\build\run.js:126:9)
    at _runTestsForDescribeBlock (C:\Users\benpe\Coding\REI-Project\InstantlyAnalyze-Components\node_modules\jest-circus\build\run.js:121:9)
    at _runTestsForDescribeBlock (C:\Users\benpe\Coding\REI-Project\InstantlyAnalyze-Components\node_modules\jest-circus\build\run.js:121:9)
    at run (C:\Users\benpe\Coding\REI-Project\InstantlyAnalyze-Components\node_modules\jest-circus\build\run.js:71:3)
    at runAndTransformResultsToJestFormat (C:\Users\benpe\Coding\REI-Project\InstantlyAnalyze-Components\node_modules\jest-circus\build\legacy-code-todo-rewrite\jestAdapterInit.js:122:21)
    at jestAdapter (C:\Users\benpe\Coding\REI-Project\InstantlyAnalyze-Components\node_modules\jest-circus\build\legacy-code-todo-rewrite\jestAdapter.js:79:19)
    at runTestInternal (C:\Users\benpe\Coding\REI-Project\InstantlyAnalyze-Components\node_modules\jest-runner\build\runTest.js:367:16)
    at runTest (C:\Users\benpe\Coding\REI-Project\InstantlyAnalyze-Components\node_modules\jest-runner\build\runTest.js:444:34)
    at Object.worker (C:\Users\benpe\Coding\REI-Project\InstantlyAnalyze-Components\node_modules\jest-runner\build\testWorker.js:106:12)</failure>
    </testcase>
    <testcase classname="Separator structure should have proper DOM structure" name="Separator structure should have proper DOM structure" time="0.009">
      <failure>TestingLibraryElementError: Unable to find an element by: [data-testid=&quot;separator-container&quot;]

Ignored nodes: comments, script, style
&lt;body&gt;
  &lt;div&gt;
    &lt;div
      class=&quot;separator-container&quot;
    &gt;
      &lt;div
        class=&quot;separator&quot;
        style=&quot;width: 60%;&quot;
      /&gt;
    &lt;/div&gt;
  &lt;/div&gt;
&lt;/body&gt;
    at Object.getElementError (C:\Users\benpe\Coding\REI-Project\InstantlyAnalyze-Components\node_modules\@testing-library\react\node_modules\@testing-library\dom\dist\config.js:37:19)
    at C:\Users\benpe\Coding\REI-Project\InstantlyAnalyze-Components\node_modules\@testing-library\react\node_modules\@testing-library\dom\dist\query-helpers.js:76:38
    at C:\Users\benpe\Coding\REI-Project\InstantlyAnalyze-Components\node_modules\@testing-library\react\node_modules\@testing-library\dom\dist\query-helpers.js:52:17
    at C:\Users\benpe\Coding\REI-Project\InstantlyAnalyze-Components\node_modules\@testing-library\react\node_modules\@testing-library\dom\dist\query-helpers.js:95:19
    at Object.&lt;anonymous&gt; (C:\Users\benpe\Coding\REI-Project\InstantlyAnalyze-Components\tst\components\Separator\Separator.test.tsx:93:32)
    at Promise.then.completed (C:\Users\benpe\Coding\REI-Project\InstantlyAnalyze-Components\node_modules\jest-circus\build\utils.js:298:28)
    at new Promise (&lt;anonymous&gt;)
    at callAsyncCircusFn (C:\Users\benpe\Coding\REI-Project\InstantlyAnalyze-Components\node_modules\jest-circus\build\utils.js:231:10)
    at _callCircusTest (C:\Users\benpe\Coding\REI-Project\InstantlyAnalyze-Components\node_modules\jest-circus\build\run.js:316:40)
    at processTicksAndRejections (node:internal/process/task_queues:95:5)
    at _runTest (C:\Users\benpe\Coding\REI-Project\InstantlyAnalyze-Components\node_modules\jest-circus\build\run.js:252:3)
    at _runTestsForDescribeBlock (C:\Users\benpe\Coding\REI-Project\InstantlyAnalyze-Components\node_modules\jest-circus\build\run.js:126:9)
    at _runTestsForDescribeBlock (C:\Users\benpe\Coding\REI-Project\InstantlyAnalyze-Components\node_modules\jest-circus\build\run.js:121:9)
    at _runTestsForDescribeBlock (C:\Users\benpe\Coding\REI-Project\InstantlyAnalyze-Components\node_modules\jest-circus\build\run.js:121:9)
    at run (C:\Users\benpe\Coding\REI-Project\InstantlyAnalyze-Components\node_modules\jest-circus\build\run.js:71:3)
    at runAndTransformResultsToJestFormat (C:\Users\benpe\Coding\REI-Project\InstantlyAnalyze-Components\node_modules\jest-circus\build\legacy-code-todo-rewrite\jestAdapterInit.js:122:21)
    at jestAdapter (C:\Users\benpe\Coding\REI-Project\InstantlyAnalyze-Components\node_modules\jest-circus\build\legacy-code-todo-rewrite\jestAdapter.js:79:19)
    at runTestInternal (C:\Users\benpe\Coding\REI-Project\InstantlyAnalyze-Components\node_modules\jest-runner\build\runTest.js:367:16)
    at runTest (C:\Users\benpe\Coding\REI-Project\InstantlyAnalyze-Components\node_modules\jest-runner\build\runTest.js:444:34)
    at Object.worker (C:\Users\benpe\Coding\REI-Project\InstantlyAnalyze-Components\node_modules\jest-runner\build\testWorker.js:106:12)</failure>
    </testcase>
    <testcase classname="Separator structure should render multiple separators independently" name="Separator structure should render multiple separators independently" time="0.06">
      <failure>TestingLibraryElementError: Unable to find an element by: [data-testid=&quot;separator-line&quot;]

Ignored nodes: comments, script, style
&lt;body&gt;
  &lt;div&gt;
    &lt;div
      class=&quot;separator-container&quot;
    &gt;
      &lt;div
        class=&quot;separator&quot;
        style=&quot;width: 50%;&quot;
      /&gt;
    &lt;/div&gt;
  &lt;/div&gt;
&lt;/body&gt;
    at Object.getElementError (C:\Users\benpe\Coding\REI-Project\InstantlyAnalyze-Components\node_modules\@testing-library\react\node_modules\@testing-library\dom\dist\config.js:37:19)
    at C:\Users\benpe\Coding\REI-Project\InstantlyAnalyze-Components\node_modules\@testing-library\react\node_modules\@testing-library\dom\dist\query-helpers.js:76:38
    at C:\Users\benpe\Coding\REI-Project\InstantlyAnalyze-Components\node_modules\@testing-library\react\node_modules\@testing-library\dom\dist\query-helpers.js:52:17
    at C:\Users\benpe\Coding\REI-Project\InstantlyAnalyze-Components\node_modules\@testing-library\react\node_modules\@testing-library\dom\dist\query-helpers.js:95:19
    at Object.&lt;anonymous&gt; (C:\Users\benpe\Coding\REI-Project\InstantlyAnalyze-Components\tst\components\Separator\Separator.test.tsx:102:34)
    at Promise.then.completed (C:\Users\benpe\Coding\REI-Project\InstantlyAnalyze-Components\node_modules\jest-circus\build\utils.js:298:28)
    at new Promise (&lt;anonymous&gt;)
    at callAsyncCircusFn (C:\Users\benpe\Coding\REI-Project\InstantlyAnalyze-Components\node_modules\jest-circus\build\utils.js:231:10)
    at _callCircusTest (C:\Users\benpe\Coding\REI-Project\InstantlyAnalyze-Components\node_modules\jest-circus\build\run.js:316:40)
    at processTicksAndRejections (node:internal/process/task_queues:95:5)
    at _runTest (C:\Users\benpe\Coding\REI-Project\InstantlyAnalyze-Components\node_modules\jest-circus\build\run.js:252:3)
    at _runTestsForDescribeBlock (C:\Users\benpe\Coding\REI-Project\InstantlyAnalyze-Components\node_modules\jest-circus\build\run.js:126:9)
    at _runTestsForDescribeBlock (C:\Users\benpe\Coding\REI-Project\InstantlyAnalyze-Components\node_modules\jest-circus\build\run.js:121:9)
    at _runTestsForDescribeBlock (C:\Users\benpe\Coding\REI-Project\InstantlyAnalyze-Components\node_modules\jest-circus\build\run.js:121:9)
    at run (C:\Users\benpe\Coding\REI-Project\InstantlyAnalyze-Components\node_modules\jest-circus\build\run.js:71:3)
    at runAndTransformResultsToJestFormat (C:\Users\benpe\Coding\REI-Project\InstantlyAnalyze-Components\node_modules\jest-circus\build\legacy-code-todo-rewrite\jestAdapterInit.js:122:21)
    at jestAdapter (C:\Users\benpe\Coding\REI-Project\InstantlyAnalyze-Components\node_modules\jest-circus\build\legacy-code-todo-rewrite\jestAdapter.js:79:19)
    at runTestInternal (C:\Users\benpe\Coding\REI-Project\InstantlyAnalyze-Components\node_modules\jest-runner\build\runTest.js:367:16)
    at runTest (C:\Users\benpe\Coding\REI-Project\InstantlyAnalyze-Components\node_modules\jest-runner\build\runTest.js:444:34)
    at Object.worker (C:\Users\benpe\Coding\REI-Project\InstantlyAnalyze-Components\node_modules\jest-runner\build\testWorker.js:106:12)</failure>
    </testcase>
  </testsuite>
  <testsuite name="HeroSection" errors="0" failures="13" skipped="0" timestamp="2025-07-31T04:52:58" time="58.755" tests="25">
    <testcase classname="HeroSection rendering should render the hero section component" name="HeroSection rendering should render the hero section component" time="0.314">
      <failure>TestingLibraryElementError: Unable to find an element by: [data-testid=&quot;hero-container&quot;]

Ignored nodes: comments, script, style
&lt;body&gt;
  &lt;div&gt;
    &lt;div
      class=&quot;hero-container&quot;
    &gt;
      &lt;video
        autoplay=&quot;&quot;
        loop=&quot;&quot;
        src=&quot;https://www.instantlyanalyze.com/public/home/homeVideo.mp4&quot;
      /&gt;
      &lt;h1&gt;
        ADVENTURE AWAITS
      &lt;/h1&gt;
      &lt;p&gt;
        What are you waiting for?
      &lt;/p&gt;
      &lt;div
        class=&quot;hero-btns&quot;
      &gt;
        &lt;button
          data-testid=&quot;button-GET STARTED&quot;
        &gt;
          GET STARTED
        &lt;/button&gt;
        &lt;button
          data-testid=&quot;button-WATCH TRAILER&quot;
        &gt;
          WATCH TRAILER
          &lt;i
            class=&quot;far fa-play-circle&quot;
          /&gt;
        &lt;/button&gt;
      &lt;/div&gt;
    &lt;/div&gt;
  &lt;/div&gt;
&lt;/body&gt;
    at Object.getElementError (C:\Users\benpe\Coding\REI-Project\InstantlyAnalyze-Components\node_modules\@testing-library\react\node_modules\@testing-library\dom\dist\config.js:37:19)
    at C:\Users\benpe\Coding\REI-Project\InstantlyAnalyze-Components\node_modules\@testing-library\react\node_modules\@testing-library\dom\dist\query-helpers.js:76:38
    at C:\Users\benpe\Coding\REI-Project\InstantlyAnalyze-Components\node_modules\@testing-library\react\node_modules\@testing-library\dom\dist\query-helpers.js:52:17
    at C:\Users\benpe\Coding\REI-Project\InstantlyAnalyze-Components\node_modules\@testing-library\react\node_modules\@testing-library\dom\dist\query-helpers.js:95:19
    at Object.&lt;anonymous&gt; (C:\Users\benpe\Coding\REI-Project\InstantlyAnalyze-Components\tst\components\HeroSection\HeroSection.test.tsx:24:36)
    at Promise.then.completed (C:\Users\benpe\Coding\REI-Project\InstantlyAnalyze-Components\node_modules\jest-circus\build\utils.js:298:28)
    at new Promise (&lt;anonymous&gt;)
    at callAsyncCircusFn (C:\Users\benpe\Coding\REI-Project\InstantlyAnalyze-Components\node_modules\jest-circus\build\utils.js:231:10)
    at _callCircusTest (C:\Users\benpe\Coding\REI-Project\InstantlyAnalyze-Components\node_modules\jest-circus\build\run.js:316:40)
    at processTicksAndRejections (node:internal/process/task_queues:95:5)
    at _runTest (C:\Users\benpe\Coding\REI-Project\InstantlyAnalyze-Components\node_modules\jest-circus\build\run.js:252:3)
    at _runTestsForDescribeBlock (C:\Users\benpe\Coding\REI-Project\InstantlyAnalyze-Components\node_modules\jest-circus\build\run.js:126:9)
    at _runTestsForDescribeBlock (C:\Users\benpe\Coding\REI-Project\InstantlyAnalyze-Components\node_modules\jest-circus\build\run.js:121:9)
    at _runTestsForDescribeBlock (C:\Users\benpe\Coding\REI-Project\InstantlyAnalyze-Components\node_modules\jest-circus\build\run.js:121:9)
    at run (C:\Users\benpe\Coding\REI-Project\InstantlyAnalyze-Components\node_modules\jest-circus\build\run.js:71:3)
    at runAndTransformResultsToJestFormat (C:\Users\benpe\Coding\REI-Project\InstantlyAnalyze-Components\node_modules\jest-circus\build\legacy-code-todo-rewrite\jestAdapterInit.js:122:21)
    at jestAdapter (C:\Users\benpe\Coding\REI-Project\InstantlyAnalyze-Components\node_modules\jest-circus\build\legacy-code-todo-rewrite\jestAdapter.js:79:19)
    at runTestInternal (C:\Users\benpe\Coding\REI-Project\InstantlyAnalyze-Components\node_modules\jest-runner\build\runTest.js:367:16)
    at runTest (C:\Users\benpe\Coding\REI-Project\InstantlyAnalyze-Components\node_modules\jest-runner\build\runTest.js:444:34)
    at Object.worker (C:\Users\benpe\Coding\REI-Project\InstantlyAnalyze-Components\node_modules\jest-runner\build\testWorker.js:106:12)</failure>
    </testcase>
    <testcase classname="HeroSection rendering should render the main heading" name="HeroSection rendering should render the main heading" time="0.276">
    </testcase>
    <testcase classname="HeroSection rendering should render the subtitle" name="HeroSection rendering should render the subtitle" time="0.097">
    </testcase>
    <testcase classname="HeroSection rendering should render the video element" name="HeroSection rendering should render the video element" time="0.016">
      <failure>TestingLibraryElementError: Unable to find an element by: [data-testid=&quot;hero-container&quot;]

Ignored nodes: comments, script, style
&lt;body&gt;
  &lt;div&gt;
    &lt;div
      class=&quot;hero-container&quot;
    &gt;
      &lt;video
        autoplay=&quot;&quot;
        loop=&quot;&quot;
        src=&quot;https://www.instantlyanalyze.com/public/home/homeVideo.mp4&quot;
      /&gt;
      &lt;h1&gt;
        ADVENTURE AWAITS
      &lt;/h1&gt;
      &lt;p&gt;
        What are you waiting for?
      &lt;/p&gt;
      &lt;div
        class=&quot;hero-btns&quot;
      &gt;
        &lt;button
          data-testid=&quot;button-GET STARTED&quot;
        &gt;
          GET STARTED
        &lt;/button&gt;
        &lt;button
          data-testid=&quot;button-WATCH TRAILER&quot;
        &gt;
          WATCH TRAILER
          &lt;i
            class=&quot;far fa-play-circle&quot;
          /&gt;
        &lt;/button&gt;
      &lt;/div&gt;
    &lt;/div&gt;
  &lt;/div&gt;
&lt;/body&gt;
    at Object.getElementError (C:\Users\benpe\Coding\REI-Project\InstantlyAnalyze-Components\node_modules\@testing-library\react\node_modules\@testing-library\dom\dist\config.js:37:19)
    at C:\Users\benpe\Coding\REI-Project\InstantlyAnalyze-Components\node_modules\@testing-library\react\node_modules\@testing-library\dom\dist\query-helpers.js:76:38
    at C:\Users\benpe\Coding\REI-Project\InstantlyAnalyze-Components\node_modules\@testing-library\react\node_modules\@testing-library\dom\dist\query-helpers.js:52:17
    at C:\Users\benpe\Coding\REI-Project\InstantlyAnalyze-Components\node_modules\@testing-library\react\node_modules\@testing-library\dom\dist\query-helpers.js:95:19
    at Object.&lt;anonymous&gt; (C:\Users\benpe\Coding\REI-Project\InstantlyAnalyze-Components\tst\components\HeroSection\HeroSection.test.tsx:46:28)
    at Promise.then.completed (C:\Users\benpe\Coding\REI-Project\InstantlyAnalyze-Components\node_modules\jest-circus\build\utils.js:298:28)
    at new Promise (&lt;anonymous&gt;)
    at callAsyncCircusFn (C:\Users\benpe\Coding\REI-Project\InstantlyAnalyze-Components\node_modules\jest-circus\build\utils.js:231:10)
    at _callCircusTest (C:\Users\benpe\Coding\REI-Project\InstantlyAnalyze-Components\node_modules\jest-circus\build\run.js:316:40)
    at processTicksAndRejections (node:internal/process/task_queues:95:5)
    at _runTest (C:\Users\benpe\Coding\REI-Project\InstantlyAnalyze-Components\node_modules\jest-circus\build\run.js:252:3)
    at _runTestsForDescribeBlock (C:\Users\benpe\Coding\REI-Project\InstantlyAnalyze-Components\node_modules\jest-circus\build\run.js:126:9)
    at _runTestsForDescribeBlock (C:\Users\benpe\Coding\REI-Project\InstantlyAnalyze-Components\node_modules\jest-circus\build\run.js:121:9)
    at _runTestsForDescribeBlock (C:\Users\benpe\Coding\REI-Project\InstantlyAnalyze-Components\node_modules\jest-circus\build\run.js:121:9)
    at run (C:\Users\benpe\Coding\REI-Project\InstantlyAnalyze-Components\node_modules\jest-circus\build\run.js:71:3)
    at runAndTransformResultsToJestFormat (C:\Users\benpe\Coding\REI-Project\InstantlyAnalyze-Components\node_modules\jest-circus\build\legacy-code-todo-rewrite\jestAdapterInit.js:122:21)
    at jestAdapter (C:\Users\benpe\Coding\REI-Project\InstantlyAnalyze-Components\node_modules\jest-circus\build\legacy-code-todo-rewrite\jestAdapter.js:79:19)
    at runTestInternal (C:\Users\benpe\Coding\REI-Project\InstantlyAnalyze-Components\node_modules\jest-runner\build\runTest.js:367:16)
    at runTest (C:\Users\benpe\Coding\REI-Project\InstantlyAnalyze-Components\node_modules\jest-runner\build\runTest.js:444:34)
    at Object.worker (C:\Users\benpe\Coding\REI-Project\InstantlyAnalyze-Components\node_modules\jest-runner\build\testWorker.js:106:12)</failure>
    </testcase>
    <testcase classname="HeroSection rendering should render both buttons" name="HeroSection rendering should render both buttons" time="0.028">
    </testcase>
    <testcase classname="HeroSection video element should have correct video source" name="HeroSection video element should have correct video source" time="0.024">
      <failure>TestingLibraryElementError: Unable to find an element by: [data-testid=&quot;hero-container&quot;]

Ignored nodes: comments, script, style
&lt;body&gt;
  &lt;div&gt;
    &lt;div
      class=&quot;hero-container&quot;
    &gt;
      &lt;video
        autoplay=&quot;&quot;
        loop=&quot;&quot;
        src=&quot;https://www.instantlyanalyze.com/public/home/homeVideo.mp4&quot;
      /&gt;
      &lt;h1&gt;
        ADVENTURE AWAITS
      &lt;/h1&gt;
      &lt;p&gt;
        What are you waiting for?
      &lt;/p&gt;
      &lt;div
        class=&quot;hero-btns&quot;
      &gt;
        &lt;button
          data-testid=&quot;button-GET STARTED&quot;
        &gt;
          GET STARTED
        &lt;/button&gt;
        &lt;button
          data-testid=&quot;button-WATCH TRAILER&quot;
        &gt;
          WATCH TRAILER
          &lt;i
            class=&quot;far fa-play-circle&quot;
          /&gt;
        &lt;/button&gt;
      &lt;/div&gt;
    &lt;/div&gt;
  &lt;/div&gt;
&lt;/body&gt;
    at Object.getElementError (C:\Users\benpe\Coding\REI-Project\InstantlyAnalyze-Components\node_modules\@testing-library\react\node_modules\@testing-library\dom\dist\config.js:37:19)
    at C:\Users\benpe\Coding\REI-Project\InstantlyAnalyze-Components\node_modules\@testing-library\react\node_modules\@testing-library\dom\dist\query-helpers.js:76:38
    at C:\Users\benpe\Coding\REI-Project\InstantlyAnalyze-Components\node_modules\@testing-library\react\node_modules\@testing-library\dom\dist\query-helpers.js:52:17
    at C:\Users\benpe\Coding\REI-Project\InstantlyAnalyze-Components\node_modules\@testing-library\react\node_modules\@testing-library\dom\dist\query-helpers.js:95:19
    at Object.&lt;anonymous&gt; (C:\Users\benpe\Coding\REI-Project\InstantlyAnalyze-Components\tst\components\HeroSection\HeroSection.test.tsx:65:28)
    at Promise.then.completed (C:\Users\benpe\Coding\REI-Project\InstantlyAnalyze-Components\node_modules\jest-circus\build\utils.js:298:28)
    at new Promise (&lt;anonymous&gt;)
    at callAsyncCircusFn (C:\Users\benpe\Coding\REI-Project\InstantlyAnalyze-Components\node_modules\jest-circus\build\utils.js:231:10)
    at _callCircusTest (C:\Users\benpe\Coding\REI-Project\InstantlyAnalyze-Components\node_modules\jest-circus\build\run.js:316:40)
    at processTicksAndRejections (node:internal/process/task_queues:95:5)
    at _runTest (C:\Users\benpe\Coding\REI-Project\InstantlyAnalyze-Components\node_modules\jest-circus\build\run.js:252:3)
    at _runTestsForDescribeBlock (C:\Users\benpe\Coding\REI-Project\InstantlyAnalyze-Components\node_modules\jest-circus\build\run.js:126:9)
    at _runTestsForDescribeBlock (C:\Users\benpe\Coding\REI-Project\InstantlyAnalyze-Components\node_modules\jest-circus\build\run.js:121:9)
    at _runTestsForDescribeBlock (C:\Users\benpe\Coding\REI-Project\InstantlyAnalyze-Components\node_modules\jest-circus\build\run.js:121:9)
    at run (C:\Users\benpe\Coding\REI-Project\InstantlyAnalyze-Components\node_modules\jest-circus\build\run.js:71:3)
    at runAndTransformResultsToJestFormat (C:\Users\benpe\Coding\REI-Project\InstantlyAnalyze-Components\node_modules\jest-circus\build\legacy-code-todo-rewrite\jestAdapterInit.js:122:21)
    at jestAdapter (C:\Users\benpe\Coding\REI-Project\InstantlyAnalyze-Components\node_modules\jest-circus\build\legacy-code-todo-rewrite\jestAdapter.js:79:19)
    at runTestInternal (C:\Users\benpe\Coding\REI-Project\InstantlyAnalyze-Components\node_modules\jest-runner\build\runTest.js:367:16)
    at runTest (C:\Users\benpe\Coding\REI-Project\InstantlyAnalyze-Components\node_modules\jest-runner\build\runTest.js:444:34)
    at Object.worker (C:\Users\benpe\Coding\REI-Project\InstantlyAnalyze-Components\node_modules\jest-runner\build\testWorker.js:106:12)</failure>
    </testcase>
    <testcase classname="HeroSection video element should have autoplay attribute" name="HeroSection video element should have autoplay attribute" time="0.015">
      <failure>TestingLibraryElementError: Unable to find an element by: [data-testid=&quot;hero-container&quot;]

Ignored nodes: comments, script, style
&lt;body&gt;
  &lt;div&gt;
    &lt;div
      class=&quot;hero-container&quot;
    &gt;
      &lt;video
        autoplay=&quot;&quot;
        loop=&quot;&quot;
        src=&quot;https://www.instantlyanalyze.com/public/home/homeVideo.mp4&quot;
      /&gt;
      &lt;h1&gt;
        ADVENTURE AWAITS
      &lt;/h1&gt;
      &lt;p&gt;
        What are you waiting for?
      &lt;/p&gt;
      &lt;div
        class=&quot;hero-btns&quot;
      &gt;
        &lt;button
          data-testid=&quot;button-GET STARTED&quot;
        &gt;
          GET STARTED
        &lt;/button&gt;
        &lt;button
          data-testid=&quot;button-WATCH TRAILER&quot;
        &gt;
          WATCH TRAILER
          &lt;i
            class=&quot;far fa-play-circle&quot;
          /&gt;
        &lt;/button&gt;
      &lt;/div&gt;
    &lt;/div&gt;
  &lt;/div&gt;
&lt;/body&gt;
    at Object.getElementError (C:\Users\benpe\Coding\REI-Project\InstantlyAnalyze-Components\node_modules\@testing-library\react\node_modules\@testing-library\dom\dist\config.js:37:19)
    at C:\Users\benpe\Coding\REI-Project\InstantlyAnalyze-Components\node_modules\@testing-library\react\node_modules\@testing-library\dom\dist\query-helpers.js:76:38
    at C:\Users\benpe\Coding\REI-Project\InstantlyAnalyze-Components\node_modules\@testing-library\react\node_modules\@testing-library\dom\dist\query-helpers.js:52:17
    at C:\Users\benpe\Coding\REI-Project\InstantlyAnalyze-Components\node_modules\@testing-library\react\node_modules\@testing-library\dom\dist\query-helpers.js:95:19
    at Object.&lt;anonymous&gt; (C:\Users\benpe\Coding\REI-Project\InstantlyAnalyze-Components\tst\components\HeroSection\HeroSection.test.tsx:72:28)
    at Promise.then.completed (C:\Users\benpe\Coding\REI-Project\InstantlyAnalyze-Components\node_modules\jest-circus\build\utils.js:298:28)
    at new Promise (&lt;anonymous&gt;)
    at callAsyncCircusFn (C:\Users\benpe\Coding\REI-Project\InstantlyAnalyze-Components\node_modules\jest-circus\build\utils.js:231:10)
    at _callCircusTest (C:\Users\benpe\Coding\REI-Project\InstantlyAnalyze-Components\node_modules\jest-circus\build\run.js:316:40)
    at processTicksAndRejections (node:internal/process/task_queues:95:5)
    at _runTest (C:\Users\benpe\Coding\REI-Project\InstantlyAnalyze-Components\node_modules\jest-circus\build\run.js:252:3)
    at _runTestsForDescribeBlock (C:\Users\benpe\Coding\REI-Project\InstantlyAnalyze-Components\node_modules\jest-circus\build\run.js:126:9)
    at _runTestsForDescribeBlock (C:\Users\benpe\Coding\REI-Project\InstantlyAnalyze-Components\node_modules\jest-circus\build\run.js:121:9)
    at _runTestsForDescribeBlock (C:\Users\benpe\Coding\REI-Project\InstantlyAnalyze-Components\node_modules\jest-circus\build\run.js:121:9)
    at run (C:\Users\benpe\Coding\REI-Project\InstantlyAnalyze-Components\node_modules\jest-circus\build\run.js:71:3)
    at runAndTransformResultsToJestFormat (C:\Users\benpe\Coding\REI-Project\InstantlyAnalyze-Components\node_modules\jest-circus\build\legacy-code-todo-rewrite\jestAdapterInit.js:122:21)
    at jestAdapter (C:\Users\benpe\Coding\REI-Project\InstantlyAnalyze-Components\node_modules\jest-circus\build\legacy-code-todo-rewrite\jestAdapter.js:79:19)
    at runTestInternal (C:\Users\benpe\Coding\REI-Project\InstantlyAnalyze-Components\node_modules\jest-runner\build\runTest.js:367:16)
    at runTest (C:\Users\benpe\Coding\REI-Project\InstantlyAnalyze-Components\node_modules\jest-runner\build\runTest.js:444:34)
    at Object.worker (C:\Users\benpe\Coding\REI-Project\InstantlyAnalyze-Components\node_modules\jest-runner\build\testWorker.js:106:12)</failure>
    </testcase>
    <testcase classname="HeroSection video element should have loop attribute" name="HeroSection video element should have loop attribute" time="0.014">
      <failure>TestingLibraryElementError: Unable to find an element by: [data-testid=&quot;hero-container&quot;]

Ignored nodes: comments, script, style
&lt;body&gt;
  &lt;div&gt;
    &lt;div
      class=&quot;hero-container&quot;
    &gt;
      &lt;video
        autoplay=&quot;&quot;
        loop=&quot;&quot;
        src=&quot;https://www.instantlyanalyze.com/public/home/homeVideo.mp4&quot;
      /&gt;
      &lt;h1&gt;
        ADVENTURE AWAITS
      &lt;/h1&gt;
      &lt;p&gt;
        What are you waiting for?
      &lt;/p&gt;
      &lt;div
        class=&quot;hero-btns&quot;
      &gt;
        &lt;button
          data-testid=&quot;button-GET STARTED&quot;
        &gt;
          GET STARTED
        &lt;/button&gt;
        &lt;button
          data-testid=&quot;button-WATCH TRAILER&quot;
        &gt;
          WATCH TRAILER
          &lt;i
            class=&quot;far fa-play-circle&quot;
          /&gt;
        &lt;/button&gt;
      &lt;/div&gt;
    &lt;/div&gt;
  &lt;/div&gt;
&lt;/body&gt;
    at Object.getElementError (C:\Users\benpe\Coding\REI-Project\InstantlyAnalyze-Components\node_modules\@testing-library\react\node_modules\@testing-library\dom\dist\config.js:37:19)
    at C:\Users\benpe\Coding\REI-Project\InstantlyAnalyze-Components\node_modules\@testing-library\react\node_modules\@testing-library\dom\dist\query-helpers.js:76:38
    at C:\Users\benpe\Coding\REI-Project\InstantlyAnalyze-Components\node_modules\@testing-library\react\node_modules\@testing-library\dom\dist\query-helpers.js:52:17
    at C:\Users\benpe\Coding\REI-Project\InstantlyAnalyze-Components\node_modules\@testing-library\react\node_modules\@testing-library\dom\dist\query-helpers.js:95:19
    at Object.&lt;anonymous&gt; (C:\Users\benpe\Coding\REI-Project\InstantlyAnalyze-Components\tst\components\HeroSection\HeroSection.test.tsx:79:28)
    at Promise.then.completed (C:\Users\benpe\Coding\REI-Project\InstantlyAnalyze-Components\node_modules\jest-circus\build\utils.js:298:28)
    at new Promise (&lt;anonymous&gt;)
    at callAsyncCircusFn (C:\Users\benpe\Coding\REI-Project\InstantlyAnalyze-Components\node_modules\jest-circus\build\utils.js:231:10)
    at _callCircusTest (C:\Users\benpe\Coding\REI-Project\InstantlyAnalyze-Components\node_modules\jest-circus\build\run.js:316:40)
    at processTicksAndRejections (node:internal/process/task_queues:95:5)
    at _runTest (C:\Users\benpe\Coding\REI-Project\InstantlyAnalyze-Components\node_modules\jest-circus\build\run.js:252:3)
    at _runTestsForDescribeBlock (C:\Users\benpe\Coding\REI-Project\InstantlyAnalyze-Components\node_modules\jest-circus\build\run.js:126:9)
    at _runTestsForDescribeBlock (C:\Users\benpe\Coding\REI-Project\InstantlyAnalyze-Components\node_modules\jest-circus\build\run.js:121:9)
    at _runTestsForDescribeBlock (C:\Users\benpe\Coding\REI-Project\InstantlyAnalyze-Components\node_modules\jest-circus\build\run.js:121:9)
    at run (C:\Users\benpe\Coding\REI-Project\InstantlyAnalyze-Components\node_modules\jest-circus\build\run.js:71:3)
    at runAndTransformResultsToJestFormat (C:\Users\benpe\Coding\REI-Project\InstantlyAnalyze-Components\node_modules\jest-circus\build\legacy-code-todo-rewrite\jestAdapterInit.js:122:21)
    at jestAdapter (C:\Users\benpe\Coding\REI-Project\InstantlyAnalyze-Components\node_modules\jest-circus\build\legacy-code-todo-rewrite\jestAdapter.js:79:19)
    at runTestInternal (C:\Users\benpe\Coding\REI-Project\InstantlyAnalyze-Components\node_modules\jest-runner\build\runTest.js:367:16)
    at runTest (C:\Users\benpe\Coding\REI-Project\InstantlyAnalyze-Components\node_modules\jest-runner\build\runTest.js:444:34)
    at Object.worker (C:\Users\benpe\Coding\REI-Project\InstantlyAnalyze-Components\node_modules\jest-runner\build\testWorker.js:106:12)</failure>
    </testcase>
    <testcase classname="HeroSection video element should have muted attribute" name="HeroSection video element should have muted attribute" time="0.018">
      <failure>TestingLibraryElementError: Unable to find an element by: [data-testid=&quot;hero-container&quot;]

Ignored nodes: comments, script, style
&lt;body&gt;
  &lt;div&gt;
    &lt;div
      class=&quot;hero-container&quot;
    &gt;
      &lt;video
        autoplay=&quot;&quot;
        loop=&quot;&quot;
        src=&quot;https://www.instantlyanalyze.com/public/home/homeVideo.mp4&quot;
      /&gt;
      &lt;h1&gt;
        ADVENTURE AWAITS
      &lt;/h1&gt;
      &lt;p&gt;
        What are you waiting for?
      &lt;/p&gt;
      &lt;div
        class=&quot;hero-btns&quot;
      &gt;
        &lt;button
          data-testid=&quot;button-GET STARTED&quot;
        &gt;
          GET STARTED
        &lt;/button&gt;
        &lt;button
          data-testid=&quot;button-WATCH TRAILER&quot;
        &gt;
          WATCH TRAILER
          &lt;i
            class=&quot;far fa-play-circle&quot;
          /&gt;
        &lt;/button&gt;
      &lt;/div&gt;
    &lt;/div&gt;
  &lt;/div&gt;
&lt;/body&gt;
    at Object.getElementError (C:\Users\benpe\Coding\REI-Project\InstantlyAnalyze-Components\node_modules\@testing-library\react\node_modules\@testing-library\dom\dist\config.js:37:19)
    at C:\Users\benpe\Coding\REI-Project\InstantlyAnalyze-Components\node_modules\@testing-library\react\node_modules\@testing-library\dom\dist\query-helpers.js:76:38
    at C:\Users\benpe\Coding\REI-Project\InstantlyAnalyze-Components\node_modules\@testing-library\react\node_modules\@testing-library\dom\dist\query-helpers.js:52:17
    at C:\Users\benpe\Coding\REI-Project\InstantlyAnalyze-Components\node_modules\@testing-library\react\node_modules\@testing-library\dom\dist\query-helpers.js:95:19
    at Object.&lt;anonymous&gt; (C:\Users\benpe\Coding\REI-Project\InstantlyAnalyze-Components\tst\components\HeroSection\HeroSection.test.tsx:86:28)
    at Promise.then.completed (C:\Users\benpe\Coding\REI-Project\InstantlyAnalyze-Components\node_modules\jest-circus\build\utils.js:298:28)
    at new Promise (&lt;anonymous&gt;)
    at callAsyncCircusFn (C:\Users\benpe\Coding\REI-Project\InstantlyAnalyze-Components\node_modules\jest-circus\build\utils.js:231:10)
    at _callCircusTest (C:\Users\benpe\Coding\REI-Project\InstantlyAnalyze-Components\node_modules\jest-circus\build\run.js:316:40)
    at processTicksAndRejections (node:internal/process/task_queues:95:5)
    at _runTest (C:\Users\benpe\Coding\REI-Project\InstantlyAnalyze-Components\node_modules\jest-circus\build\run.js:252:3)
    at _runTestsForDescribeBlock (C:\Users\benpe\Coding\REI-Project\InstantlyAnalyze-Components\node_modules\jest-circus\build\run.js:126:9)
    at _runTestsForDescribeBlock (C:\Users\benpe\Coding\REI-Project\InstantlyAnalyze-Components\node_modules\jest-circus\build\run.js:121:9)
    at _runTestsForDescribeBlock (C:\Users\benpe\Coding\REI-Project\InstantlyAnalyze-Components\node_modules\jest-circus\build\run.js:121:9)
    at run (C:\Users\benpe\Coding\REI-Project\InstantlyAnalyze-Components\node_modules\jest-circus\build\run.js:71:3)
    at runAndTransformResultsToJestFormat (C:\Users\benpe\Coding\REI-Project\InstantlyAnalyze-Components\node_modules\jest-circus\build\legacy-code-todo-rewrite\jestAdapterInit.js:122:21)
    at jestAdapter (C:\Users\benpe\Coding\REI-Project\InstantlyAnalyze-Components\node_modules\jest-circus\build\legacy-code-todo-rewrite\jestAdapter.js:79:19)
    at runTestInternal (C:\Users\benpe\Coding\REI-Project\InstantlyAnalyze-Components\node_modules\jest-runner\build\runTest.js:367:16)
    at runTest (C:\Users\benpe\Coding\REI-Project\InstantlyAnalyze-Components\node_modules\jest-runner\build\runTest.js:444:34)
    at Object.worker (C:\Users\benpe\Coding\REI-Project\InstantlyAnalyze-Components\node_modules\jest-runner\build\testWorker.js:106:12)</failure>
    </testcase>
    <testcase classname="HeroSection button content should render &quot;GET STARTED&quot; button with correct text" name="HeroSection button content should render &quot;GET STARTED&quot; button with correct text" time="0.057">
    </testcase>
    <testcase classname="HeroSection button content should render &quot;WATCH TRAILER&quot; button with correct text" name="HeroSection button content should render &quot;WATCH TRAILER&quot; button with correct text" time="0.012">
    </testcase>
    <testcase classname="HeroSection button content should render play icon in watch trailer button" name="HeroSection button content should render play icon in watch trailer button" time="0.018">
    </testcase>
    <testcase classname="HeroSection structure and layout should have proper container class" name="HeroSection structure and layout should have proper container class" time="0.063">
      <failure>TestingLibraryElementError: Unable to find an element by: [data-testid=&quot;hero-container&quot;]

Ignored nodes: comments, script, style
&lt;body&gt;
  &lt;div&gt;
    &lt;div
      class=&quot;hero-container&quot;
    &gt;
      &lt;video
        autoplay=&quot;&quot;
        loop=&quot;&quot;
        src=&quot;https://www.instantlyanalyze.com/public/home/homeVideo.mp4&quot;
      /&gt;
      &lt;h1&gt;
        ADVENTURE AWAITS
      &lt;/h1&gt;
      &lt;p&gt;
        What are you waiting for?
      &lt;/p&gt;
      &lt;div
        class=&quot;hero-btns&quot;
      &gt;
        &lt;button
          data-testid=&quot;button-GET STARTED&quot;
        &gt;
          GET STARTED
        &lt;/button&gt;
        &lt;button
          data-testid=&quot;button-WATCH TRAILER&quot;
        &gt;
          WATCH TRAILER
          &lt;i
            class=&quot;far fa-play-circle&quot;
          /&gt;
        &lt;/button&gt;
      &lt;/div&gt;
    &lt;/div&gt;
  &lt;/div&gt;
&lt;/body&gt;
    at Object.getElementError (C:\Users\benpe\Coding\REI-Project\InstantlyAnalyze-Components\node_modules\@testing-library\react\node_modules\@testing-library\dom\dist\config.js:37:19)
    at C:\Users\benpe\Coding\REI-Project\InstantlyAnalyze-Components\node_modules\@testing-library\react\node_modules\@testing-library\dom\dist\query-helpers.js:76:38
    at C:\Users\benpe\Coding\REI-Project\InstantlyAnalyze-Components\node_modules\@testing-library\react\node_modules\@testing-library\dom\dist\query-helpers.js:52:17
    at C:\Users\benpe\Coding\REI-Project\InstantlyAnalyze-Components\node_modules\@testing-library\react\node_modules\@testing-library\dom\dist\query-helpers.js:95:19
    at Object.&lt;anonymous&gt; (C:\Users\benpe\Coding\REI-Project\InstantlyAnalyze-Components\tst\components\HeroSection\HeroSection.test.tsx:120:36)
    at Promise.then.completed (C:\Users\benpe\Coding\REI-Project\InstantlyAnalyze-Components\node_modules\jest-circus\build\utils.js:298:28)
    at new Promise (&lt;anonymous&gt;)
    at callAsyncCircusFn (C:\Users\benpe\Coding\REI-Project\InstantlyAnalyze-Components\node_modules\jest-circus\build\utils.js:231:10)
    at _callCircusTest (C:\Users\benpe\Coding\REI-Project\InstantlyAnalyze-Components\node_modules\jest-circus\build\run.js:316:40)
    at processTicksAndRejections (node:internal/process/task_queues:95:5)
    at _runTest (C:\Users\benpe\Coding\REI-Project\InstantlyAnalyze-Components\node_modules\jest-circus\build\run.js:252:3)
    at _runTestsForDescribeBlock (C:\Users\benpe\Coding\REI-Project\InstantlyAnalyze-Components\node_modules\jest-circus\build\run.js:126:9)
    at _runTestsForDescribeBlock (C:\Users\benpe\Coding\REI-Project\InstantlyAnalyze-Components\node_modules\jest-circus\build\run.js:121:9)
    at _runTestsForDescribeBlock (C:\Users\benpe\Coding\REI-Project\InstantlyAnalyze-Components\node_modules\jest-circus\build\run.js:121:9)
    at run (C:\Users\benpe\Coding\REI-Project\InstantlyAnalyze-Components\node_modules\jest-circus\build\run.js:71:3)
    at runAndTransformResultsToJestFormat (C:\Users\benpe\Coding\REI-Project\InstantlyAnalyze-Components\node_modules\jest-circus\build\legacy-code-todo-rewrite\jestAdapterInit.js:122:21)
    at jestAdapter (C:\Users\benpe\Coding\REI-Project\InstantlyAnalyze-Components\node_modules\jest-circus\build\legacy-code-todo-rewrite\jestAdapter.js:79:19)
    at runTestInternal (C:\Users\benpe\Coding\REI-Project\InstantlyAnalyze-Components\node_modules\jest-runner\build\runTest.js:367:16)
    at runTest (C:\Users\benpe\Coding\REI-Project\InstantlyAnalyze-Components\node_modules\jest-runner\build\runTest.js:444:34)
    at Object.worker (C:\Users\benpe\Coding\REI-Project\InstantlyAnalyze-Components\node_modules\jest-runner\build\testWorker.js:106:12)</failure>
    </testcase>
    <testcase classname="HeroSection structure and layout should have hero buttons container" name="HeroSection structure and layout should have hero buttons container" time="0.011">
      <failure>TestingLibraryElementError: Unable to find an element by: [data-testid=&quot;hero-container&quot;]

Ignored nodes: comments, script, style
&lt;body&gt;
  &lt;div&gt;
    &lt;div
      class=&quot;hero-container&quot;
    &gt;
      &lt;video
        autoplay=&quot;&quot;
        loop=&quot;&quot;
        src=&quot;https://www.instantlyanalyze.com/public/home/homeVideo.mp4&quot;
      /&gt;
      &lt;h1&gt;
        ADVENTURE AWAITS
      &lt;/h1&gt;
      &lt;p&gt;
        What are you waiting for?
      &lt;/p&gt;
      &lt;div
        class=&quot;hero-btns&quot;
      &gt;
        &lt;button
          data-testid=&quot;button-GET STARTED&quot;
        &gt;
          GET STARTED
        &lt;/button&gt;
        &lt;button
          data-testid=&quot;button-WATCH TRAILER&quot;
        &gt;
          WATCH TRAILER
          &lt;i
            class=&quot;far fa-play-circle&quot;
          /&gt;
        &lt;/button&gt;
      &lt;/div&gt;
    &lt;/div&gt;
  &lt;/div&gt;
&lt;/body&gt;
    at Object.getElementError (C:\Users\benpe\Coding\REI-Project\InstantlyAnalyze-Components\node_modules\@testing-library\react\node_modules\@testing-library\dom\dist\config.js:37:19)
    at C:\Users\benpe\Coding\REI-Project\InstantlyAnalyze-Components\node_modules\@testing-library\react\node_modules\@testing-library\dom\dist\query-helpers.js:76:38
    at C:\Users\benpe\Coding\REI-Project\InstantlyAnalyze-Components\node_modules\@testing-library\react\node_modules\@testing-library\dom\dist\query-helpers.js:52:17
    at C:\Users\benpe\Coding\REI-Project\InstantlyAnalyze-Components\node_modules\@testing-library\react\node_modules\@testing-library\dom\dist\query-helpers.js:95:19
    at Object.&lt;anonymous&gt; (C:\Users\benpe\Coding\REI-Project\InstantlyAnalyze-Components\tst\components\HeroSection\HeroSection.test.tsx:127:36)
    at Promise.then.completed (C:\Users\benpe\Coding\REI-Project\InstantlyAnalyze-Components\node_modules\jest-circus\build\utils.js:298:28)
    at new Promise (&lt;anonymous&gt;)
    at callAsyncCircusFn (C:\Users\benpe\Coding\REI-Project\InstantlyAnalyze-Components\node_modules\jest-circus\build\utils.js:231:10)
    at _callCircusTest (C:\Users\benpe\Coding\REI-Project\InstantlyAnalyze-Components\node_modules\jest-circus\build\run.js:316:40)
    at processTicksAndRejections (node:internal/process/task_queues:95:5)
    at _runTest (C:\Users\benpe\Coding\REI-Project\InstantlyAnalyze-Components\node_modules\jest-circus\build\run.js:252:3)
    at _runTestsForDescribeBlock (C:\Users\benpe\Coding\REI-Project\InstantlyAnalyze-Components\node_modules\jest-circus\build\run.js:126:9)
    at _runTestsForDescribeBlock (C:\Users\benpe\Coding\REI-Project\InstantlyAnalyze-Components\node_modules\jest-circus\build\run.js:121:9)
    at _runTestsForDescribeBlock (C:\Users\benpe\Coding\REI-Project\InstantlyAnalyze-Components\node_modules\jest-circus\build\run.js:121:9)
    at run (C:\Users\benpe\Coding\REI-Project\InstantlyAnalyze-Components\node_modules\jest-circus\build\run.js:71:3)
    at runAndTransformResultsToJestFormat (C:\Users\benpe\Coding\REI-Project\InstantlyAnalyze-Components\node_modules\jest-circus\build\legacy-code-todo-rewrite\jestAdapterInit.js:122:21)
    at jestAdapter (C:\Users\benpe\Coding\REI-Project\InstantlyAnalyze-Components\node_modules\jest-circus\build\legacy-code-todo-rewrite\jestAdapter.js:79:19)
    at runTestInternal (C:\Users\benpe\Coding\REI-Project\InstantlyAnalyze-Components\node_modules\jest-runner\build\runTest.js:367:16)
    at runTest (C:\Users\benpe\Coding\REI-Project\InstantlyAnalyze-Components\node_modules\jest-runner\build\runTest.js:444:34)
    at Object.worker (C:\Users\benpe\Coding\REI-Project\InstantlyAnalyze-Components\node_modules\jest-runner\build\testWorker.js:106:12)</failure>
    </testcase>
    <testcase classname="HeroSection structure and layout should contain all main elements" name="HeroSection structure and layout should contain all main elements" time="0.007">
      <failure>TestingLibraryElementError: Unable to find an element by: [data-testid=&quot;hero-container&quot;]

Ignored nodes: comments, script, style
&lt;body&gt;
  &lt;div&gt;
    &lt;div
      class=&quot;hero-container&quot;
    &gt;
      &lt;video
        autoplay=&quot;&quot;
        loop=&quot;&quot;
        src=&quot;https://www.instantlyanalyze.com/public/home/homeVideo.mp4&quot;
      /&gt;
      &lt;h1&gt;
        ADVENTURE AWAITS
      &lt;/h1&gt;
      &lt;p&gt;
        What are you waiting for?
      &lt;/p&gt;
      &lt;div
        class=&quot;hero-btns&quot;
      &gt;
        &lt;button
          data-testid=&quot;button-GET STARTED&quot;
        &gt;
          GET STARTED
        &lt;/button&gt;
        &lt;button
          data-testid=&quot;button-WATCH TRAILER&quot;
        &gt;
          WATCH TRAILER
          &lt;i
            class=&quot;far fa-play-circle&quot;
          /&gt;
        &lt;/button&gt;
      &lt;/div&gt;
    &lt;/div&gt;
  &lt;/div&gt;
&lt;/body&gt;
    at Object.getElementError (C:\Users\benpe\Coding\REI-Project\InstantlyAnalyze-Components\node_modules\@testing-library\react\node_modules\@testing-library\dom\dist\config.js:37:19)
    at C:\Users\benpe\Coding\REI-Project\InstantlyAnalyze-Components\node_modules\@testing-library\react\node_modules\@testing-library\dom\dist\query-helpers.js:76:38
    at C:\Users\benpe\Coding\REI-Project\InstantlyAnalyze-Components\node_modules\@testing-library\react\node_modules\@testing-library\dom\dist\query-helpers.js:52:17
    at C:\Users\benpe\Coding\REI-Project\InstantlyAnalyze-Components\node_modules\@testing-library\react\node_modules\@testing-library\dom\dist\query-helpers.js:95:19
    at Object.&lt;anonymous&gt; (C:\Users\benpe\Coding\REI-Project\InstantlyAnalyze-Components\tst\components\HeroSection\HeroSection.test.tsx:135:36)
    at Promise.then.completed (C:\Users\benpe\Coding\REI-Project\InstantlyAnalyze-Components\node_modules\jest-circus\build\utils.js:298:28)
    at new Promise (&lt;anonymous&gt;)
    at callAsyncCircusFn (C:\Users\benpe\Coding\REI-Project\InstantlyAnalyze-Components\node_modules\jest-circus\build\utils.js:231:10)
    at _callCircusTest (C:\Users\benpe\Coding\REI-Project\InstantlyAnalyze-Components\node_modules\jest-circus\build\run.js:316:40)
    at processTicksAndRejections (node:internal/process/task_queues:95:5)
    at _runTest (C:\Users\benpe\Coding\REI-Project\InstantlyAnalyze-Components\node_modules\jest-circus\build\run.js:252:3)
    at _runTestsForDescribeBlock (C:\Users\benpe\Coding\REI-Project\InstantlyAnalyze-Components\node_modules\jest-circus\build\run.js:126:9)
    at _runTestsForDescribeBlock (C:\Users\benpe\Coding\REI-Project\InstantlyAnalyze-Components\node_modules\jest-circus\build\run.js:121:9)
    at _runTestsForDescribeBlock (C:\Users\benpe\Coding\REI-Project\InstantlyAnalyze-Components\node_modules\jest-circus\build\run.js:121:9)
    at run (C:\Users\benpe\Coding\REI-Project\InstantlyAnalyze-Components\node_modules\jest-circus\build\run.js:71:3)
    at runAndTransformResultsToJestFormat (C:\Users\benpe\Coding\REI-Project\InstantlyAnalyze-Components\node_modules\jest-circus\build\legacy-code-todo-rewrite\jestAdapterInit.js:122:21)
    at jestAdapter (C:\Users\benpe\Coding\REI-Project\InstantlyAnalyze-Components\node_modules\jest-circus\build\legacy-code-todo-rewrite\jestAdapter.js:79:19)
    at runTestInternal (C:\Users\benpe\Coding\REI-Project\InstantlyAnalyze-Components\node_modules\jest-runner\build\runTest.js:367:16)
    at runTest (C:\Users\benpe\Coding\REI-Project\InstantlyAnalyze-Components\node_modules\jest-runner\build\runTest.js:444:34)
    at Object.worker (C:\Users\benpe\Coding\REI-Project\InstantlyAnalyze-Components\node_modules\jest-runner\build\testWorker.js:106:12)</failure>
    </testcase>
    <testcase classname="HeroSection accessibility should have proper heading structure" name="HeroSection accessibility should have proper heading structure" time="0.08">
    </testcase>
    <testcase classname="HeroSection accessibility should have accessible video element" name="HeroSection accessibility should have accessible video element" time="0.016">
      <failure>TestingLibraryElementError: Unable to find an element by: [data-testid=&quot;hero-container&quot;]

Ignored nodes: comments, script, style
&lt;body&gt;
  &lt;div&gt;
    &lt;div
      class=&quot;hero-container&quot;
    &gt;
      &lt;video
        autoplay=&quot;&quot;
        loop=&quot;&quot;
        src=&quot;https://www.instantlyanalyze.com/public/home/homeVideo.mp4&quot;
      /&gt;
      &lt;h1&gt;
        ADVENTURE AWAITS
      &lt;/h1&gt;
      &lt;p&gt;
        What are you waiting for?
      &lt;/p&gt;
      &lt;div
        class=&quot;hero-btns&quot;
      &gt;
        &lt;button
          data-testid=&quot;button-GET STARTED&quot;
        &gt;
          GET STARTED
        &lt;/button&gt;
        &lt;button
          data-testid=&quot;button-WATCH TRAILER&quot;
        &gt;
          WATCH TRAILER
          &lt;i
            class=&quot;far fa-play-circle&quot;
          /&gt;
        &lt;/button&gt;
      &lt;/div&gt;
    &lt;/div&gt;
  &lt;/div&gt;
&lt;/body&gt;
    at Object.getElementError (C:\Users\benpe\Coding\REI-Project\InstantlyAnalyze-Components\node_modules\@testing-library\react\node_modules\@testing-library\dom\dist\config.js:37:19)
    at C:\Users\benpe\Coding\REI-Project\InstantlyAnalyze-Components\node_modules\@testing-library\react\node_modules\@testing-library\dom\dist\query-helpers.js:76:38
    at C:\Users\benpe\Coding\REI-Project\InstantlyAnalyze-Components\node_modules\@testing-library\react\node_modules\@testing-library\dom\dist\query-helpers.js:52:17
    at C:\Users\benpe\Coding\REI-Project\InstantlyAnalyze-Components\node_modules\@testing-library\react\node_modules\@testing-library\dom\dist\query-helpers.js:95:19
    at Object.&lt;anonymous&gt; (C:\Users\benpe\Coding\REI-Project\InstantlyAnalyze-Components\tst\components\HeroSection\HeroSection.test.tsx:160:28)
    at Promise.then.completed (C:\Users\benpe\Coding\REI-Project\InstantlyAnalyze-Components\node_modules\jest-circus\build\utils.js:298:28)
    at new Promise (&lt;anonymous&gt;)
    at callAsyncCircusFn (C:\Users\benpe\Coding\REI-Project\InstantlyAnalyze-Components\node_modules\jest-circus\build\utils.js:231:10)
    at _callCircusTest (C:\Users\benpe\Coding\REI-Project\InstantlyAnalyze-Components\node_modules\jest-circus\build\run.js:316:40)
    at processTicksAndRejections (node:internal/process/task_queues:95:5)
    at _runTest (C:\Users\benpe\Coding\REI-Project\InstantlyAnalyze-Components\node_modules\jest-circus\build\run.js:252:3)
    at _runTestsForDescribeBlock (C:\Users\benpe\Coding\REI-Project\InstantlyAnalyze-Components\node_modules\jest-circus\build\run.js:126:9)
    at _runTestsForDescribeBlock (C:\Users\benpe\Coding\REI-Project\InstantlyAnalyze-Components\node_modules\jest-circus\build\run.js:121:9)
    at _runTestsForDescribeBlock (C:\Users\benpe\Coding\REI-Project\InstantlyAnalyze-Components\node_modules\jest-circus\build\run.js:121:9)
    at run (C:\Users\benpe\Coding\REI-Project\InstantlyAnalyze-Components\node_modules\jest-circus\build\run.js:71:3)
    at runAndTransformResultsToJestFormat (C:\Users\benpe\Coding\REI-Project\InstantlyAnalyze-Components\node_modules\jest-circus\build\legacy-code-todo-rewrite\jestAdapterInit.js:122:21)
    at jestAdapter (C:\Users\benpe\Coding\REI-Project\InstantlyAnalyze-Components\node_modules\jest-circus\build\legacy-code-todo-rewrite\jestAdapter.js:79:19)
    at runTestInternal (C:\Users\benpe\Coding\REI-Project\InstantlyAnalyze-Components\node_modules\jest-runner\build\runTest.js:367:16)
    at runTest (C:\Users\benpe\Coding\REI-Project\InstantlyAnalyze-Components\node_modules\jest-runner\build\runTest.js:444:34)
    at Object.worker (C:\Users\benpe\Coding\REI-Project\InstantlyAnalyze-Components\node_modules\jest-runner\build\testWorker.js:106:12)</failure>
    </testcase>
    <testcase classname="HeroSection accessibility should have accessible buttons" name="HeroSection accessibility should have accessible buttons" time="0.009">
    </testcase>
    <testcase classname="HeroSection accessibility should have proper semantic structure" name="HeroSection accessibility should have proper semantic structure" time="0.012">
      <failure>TestingLibraryElementError: Unable to find an element by: [data-testid=&quot;hero-container&quot;]

Ignored nodes: comments, script, style
&lt;body&gt;
  &lt;div&gt;
    &lt;div
      class=&quot;hero-container&quot;
    &gt;
      &lt;video
        autoplay=&quot;&quot;
        loop=&quot;&quot;
        src=&quot;https://www.instantlyanalyze.com/public/home/homeVideo.mp4&quot;
      /&gt;
      &lt;h1&gt;
        ADVENTURE AWAITS
      &lt;/h1&gt;
      &lt;p&gt;
        What are you waiting for?
      &lt;/p&gt;
      &lt;div
        class=&quot;hero-btns&quot;
      &gt;
        &lt;button
          data-testid=&quot;button-GET STARTED&quot;
        &gt;
          GET STARTED
        &lt;/button&gt;
        &lt;button
          data-testid=&quot;button-WATCH TRAILER&quot;
        &gt;
          WATCH TRAILER
          &lt;i
            class=&quot;far fa-play-circle&quot;
          /&gt;
        &lt;/button&gt;
      &lt;/div&gt;
    &lt;/div&gt;
  &lt;/div&gt;
&lt;/body&gt;
    at Object.getElementError (C:\Users\benpe\Coding\REI-Project\InstantlyAnalyze-Components\node_modules\@testing-library\react\node_modules\@testing-library\dom\dist\config.js:37:19)
    at C:\Users\benpe\Coding\REI-Project\InstantlyAnalyze-Components\node_modules\@testing-library\react\node_modules\@testing-library\dom\dist\query-helpers.js:76:38
    at C:\Users\benpe\Coding\REI-Project\InstantlyAnalyze-Components\node_modules\@testing-library\react\node_modules\@testing-library\dom\dist\query-helpers.js:52:17
    at C:\Users\benpe\Coding\REI-Project\InstantlyAnalyze-Components\node_modules\@testing-library\react\node_modules\@testing-library\dom\dist\query-helpers.js:95:19
    at Object.&lt;anonymous&gt; (C:\Users\benpe\Coding\REI-Project\InstantlyAnalyze-Components\tst\components\HeroSection\HeroSection.test.tsx:177:36)
    at Promise.then.completed (C:\Users\benpe\Coding\REI-Project\InstantlyAnalyze-Components\node_modules\jest-circus\build\utils.js:298:28)
    at new Promise (&lt;anonymous&gt;)
    at callAsyncCircusFn (C:\Users\benpe\Coding\REI-Project\InstantlyAnalyze-Components\node_modules\jest-circus\build\utils.js:231:10)
    at _callCircusTest (C:\Users\benpe\Coding\REI-Project\InstantlyAnalyze-Components\node_modules\jest-circus\build\run.js:316:40)
    at processTicksAndRejections (node:internal/process/task_queues:95:5)
    at _runTest (C:\Users\benpe\Coding\REI-Project\InstantlyAnalyze-Components\node_modules\jest-circus\build\run.js:252:3)
    at _runTestsForDescribeBlock (C:\Users\benpe\Coding\REI-Project\InstantlyAnalyze-Components\node_modules\jest-circus\build\run.js:126:9)
    at _runTestsForDescribeBlock (C:\Users\benpe\Coding\REI-Project\InstantlyAnalyze-Components\node_modules\jest-circus\build\run.js:121:9)
    at _runTestsForDescribeBlock (C:\Users\benpe\Coding\REI-Project\InstantlyAnalyze-Components\node_modules\jest-circus\build\run.js:121:9)
    at run (C:\Users\benpe\Coding\REI-Project\InstantlyAnalyze-Components\node_modules\jest-circus\build\run.js:71:3)
    at runAndTransformResultsToJestFormat (C:\Users\benpe\Coding\REI-Project\InstantlyAnalyze-Components\node_modules\jest-circus\build\legacy-code-todo-rewrite\jestAdapterInit.js:122:21)
    at jestAdapter (C:\Users\benpe\Coding\REI-Project\InstantlyAnalyze-Components\node_modules\jest-circus\build\legacy-code-todo-rewrite\jestAdapter.js:79:19)
    at runTestInternal (C:\Users\benpe\Coding\REI-Project\InstantlyAnalyze-Components\node_modules\jest-runner\build\runTest.js:367:16)
    at runTest (C:\Users\benpe\Coding\REI-Project\InstantlyAnalyze-Components\node_modules\jest-runner\build\runTest.js:444:34)
    at Object.worker (C:\Users\benpe\Coding\REI-Project\InstantlyAnalyze-Components\node_modules\jest-runner\build\testWorker.js:106:12)</failure>
    </testcase>
    <testcase classname="HeroSection content validation should display the correct main heading text" name="HeroSection content validation should display the correct main heading text" time="0.014">
    </testcase>
    <testcase classname="HeroSection content validation should display the correct subtitle text" name="HeroSection content validation should display the correct subtitle text" time="0.023">
    </testcase>
    <testcase classname="HeroSection content validation should have the correct number of buttons" name="HeroSection content validation should have the correct number of buttons" time="0.014">
    </testcase>
    <testcase classname="HeroSection content validation should have the correct button labels" name="HeroSection content validation should have the correct button labels" time="0.016">
    </testcase>
    <testcase classname="HeroSection CSS classes should apply hero-container class" name="HeroSection CSS classes should apply hero-container class" time="0.013">
      <failure>TestingLibraryElementError: Unable to find an element by: [data-testid=&quot;hero-container&quot;]

Ignored nodes: comments, script, style
&lt;body&gt;
  &lt;div&gt;
    &lt;div
      class=&quot;hero-container&quot;
    &gt;
      &lt;video
        autoplay=&quot;&quot;
        loop=&quot;&quot;
        src=&quot;https://www.instantlyanalyze.com/public/home/homeVideo.mp4&quot;
      /&gt;
      &lt;h1&gt;
        ADVENTURE AWAITS
      &lt;/h1&gt;
      &lt;p&gt;
        What are you waiting for?
      &lt;/p&gt;
      &lt;div
        class=&quot;hero-btns&quot;
      &gt;
        &lt;button
          data-testid=&quot;button-GET STARTED&quot;
        &gt;
          GET STARTED
        &lt;/button&gt;
        &lt;button
          data-testid=&quot;button-WATCH TRAILER&quot;
        &gt;
          WATCH TRAILER
          &lt;i
            class=&quot;far fa-play-circle&quot;
          /&gt;
        &lt;/button&gt;
      &lt;/div&gt;
    &lt;/div&gt;
  &lt;/div&gt;
&lt;/body&gt;
    at Object.getElementError (C:\Users\benpe\Coding\REI-Project\InstantlyAnalyze-Components\node_modules\@testing-library\react\node_modules\@testing-library\dom\dist\config.js:37:19)
    at C:\Users\benpe\Coding\REI-Project\InstantlyAnalyze-Components\node_modules\@testing-library\react\node_modules\@testing-library\dom\dist\query-helpers.js:76:38
    at C:\Users\benpe\Coding\REI-Project\InstantlyAnalyze-Components\node_modules\@testing-library\react\node_modules\@testing-library\dom\dist\query-helpers.js:52:17
    at C:\Users\benpe\Coding\REI-Project\InstantlyAnalyze-Components\node_modules\@testing-library\react\node_modules\@testing-library\dom\dist\query-helpers.js:95:19
    at Object.&lt;anonymous&gt; (C:\Users\benpe\Coding\REI-Project\InstantlyAnalyze-Components\tst\components\HeroSection\HeroSection.test.tsx:214:36)
    at Promise.then.completed (C:\Users\benpe\Coding\REI-Project\InstantlyAnalyze-Components\node_modules\jest-circus\build\utils.js:298:28)
    at new Promise (&lt;anonymous&gt;)
    at callAsyncCircusFn (C:\Users\benpe\Coding\REI-Project\InstantlyAnalyze-Components\node_modules\jest-circus\build\utils.js:231:10)
    at _callCircusTest (C:\Users\benpe\Coding\REI-Project\InstantlyAnalyze-Components\node_modules\jest-circus\build\run.js:316:40)
    at processTicksAndRejections (node:internal/process/task_queues:95:5)
    at _runTest (C:\Users\benpe\Coding\REI-Project\InstantlyAnalyze-Components\node_modules\jest-circus\build\run.js:252:3)
    at _runTestsForDescribeBlock (C:\Users\benpe\Coding\REI-Project\InstantlyAnalyze-Components\node_modules\jest-circus\build\run.js:126:9)
    at _runTestsForDescribeBlock (C:\Users\benpe\Coding\REI-Project\InstantlyAnalyze-Components\node_modules\jest-circus\build\run.js:121:9)
    at _runTestsForDescribeBlock (C:\Users\benpe\Coding\REI-Project\InstantlyAnalyze-Components\node_modules\jest-circus\build\run.js:121:9)
    at run (C:\Users\benpe\Coding\REI-Project\InstantlyAnalyze-Components\node_modules\jest-circus\build\run.js:71:3)
    at runAndTransformResultsToJestFormat (C:\Users\benpe\Coding\REI-Project\InstantlyAnalyze-Components\node_modules\jest-circus\build\legacy-code-todo-rewrite\jestAdapterInit.js:122:21)
    at jestAdapter (C:\Users\benpe\Coding\REI-Project\InstantlyAnalyze-Components\node_modules\jest-circus\build\legacy-code-todo-rewrite\jestAdapter.js:79:19)
    at runTestInternal (C:\Users\benpe\Coding\REI-Project\InstantlyAnalyze-Components\node_modules\jest-runner\build\runTest.js:367:16)
    at runTest (C:\Users\benpe\Coding\REI-Project\InstantlyAnalyze-Components\node_modules\jest-runner\build\runTest.js:444:34)
    at Object.worker (C:\Users\benpe\Coding\REI-Project\InstantlyAnalyze-Components\node_modules\jest-runner\build\testWorker.js:106:12)</failure>
    </testcase>
    <testcase classname="HeroSection CSS classes should apply hero-btns class to buttons container" name="HeroSection CSS classes should apply hero-btns class to buttons container" time="0.017">
      <failure>TestingLibraryElementError: Unable to find an element by: [data-testid=&quot;hero-container&quot;]

Ignored nodes: comments, script, style
&lt;body&gt;
  &lt;div&gt;
    &lt;div
      class=&quot;hero-container&quot;
    &gt;
      &lt;video
        autoplay=&quot;&quot;
        loop=&quot;&quot;
        src=&quot;https://www.instantlyanalyze.com/public/home/homeVideo.mp4&quot;
      /&gt;
      &lt;h1&gt;
        ADVENTURE AWAITS
      &lt;/h1&gt;
      &lt;p&gt;
        What are you waiting for?
      &lt;/p&gt;
      &lt;div
        class=&quot;hero-btns&quot;
      &gt;
        &lt;button
          data-testid=&quot;button-GET STARTED&quot;
        &gt;
          GET STARTED
        &lt;/button&gt;
        &lt;button
          data-testid=&quot;button-WATCH TRAILER&quot;
        &gt;
          WATCH TRAILER
          &lt;i
            class=&quot;far fa-play-circle&quot;
          /&gt;
        &lt;/button&gt;
      &lt;/div&gt;
    &lt;/div&gt;
  &lt;/div&gt;
&lt;/body&gt;
    at Object.getElementError (C:\Users\benpe\Coding\REI-Project\InstantlyAnalyze-Components\node_modules\@testing-library\react\node_modules\@testing-library\dom\dist\config.js:37:19)
    at C:\Users\benpe\Coding\REI-Project\InstantlyAnalyze-Components\node_modules\@testing-library\react\node_modules\@testing-library\dom\dist\query-helpers.js:76:38
    at C:\Users\benpe\Coding\REI-Project\InstantlyAnalyze-Components\node_modules\@testing-library\react\node_modules\@testing-library\dom\dist\query-helpers.js:52:17
    at C:\Users\benpe\Coding\REI-Project\InstantlyAnalyze-Components\node_modules\@testing-library\react\node_modules\@testing-library\dom\dist\query-helpers.js:95:19
    at Object.&lt;anonymous&gt; (C:\Users\benpe\Coding\REI-Project\InstantlyAnalyze-Components\tst\components\HeroSection\HeroSection.test.tsx:221:36)
    at Promise.then.completed (C:\Users\benpe\Coding\REI-Project\InstantlyAnalyze-Components\node_modules\jest-circus\build\utils.js:298:28)
    at new Promise (&lt;anonymous&gt;)
    at callAsyncCircusFn (C:\Users\benpe\Coding\REI-Project\InstantlyAnalyze-Components\node_modules\jest-circus\build\utils.js:231:10)
    at _callCircusTest (C:\Users\benpe\Coding\REI-Project\InstantlyAnalyze-Components\node_modules\jest-circus\build\run.js:316:40)
    at processTicksAndRejections (node:internal/process/task_queues:95:5)
    at _runTest (C:\Users\benpe\Coding\REI-Project\InstantlyAnalyze-Components\node_modules\jest-circus\build\run.js:252:3)
    at _runTestsForDescribeBlock (C:\Users\benpe\Coding\REI-Project\InstantlyAnalyze-Components\node_modules\jest-circus\build\run.js:126:9)
    at _runTestsForDescribeBlock (C:\Users\benpe\Coding\REI-Project\InstantlyAnalyze-Components\node_modules\jest-circus\build\run.js:121:9)
    at _runTestsForDescribeBlock (C:\Users\benpe\Coding\REI-Project\InstantlyAnalyze-Components\node_modules\jest-circus\build\run.js:121:9)
    at run (C:\Users\benpe\Coding\REI-Project\InstantlyAnalyze-Components\node_modules\jest-circus\build\run.js:71:3)
    at runAndTransformResultsToJestFormat (C:\Users\benpe\Coding\REI-Project\InstantlyAnalyze-Components\node_modules\jest-circus\build\legacy-code-todo-rewrite\jestAdapterInit.js:122:21)
    at jestAdapter (C:\Users\benpe\Coding\REI-Project\InstantlyAnalyze-Components\node_modules\jest-circus\build\legacy-code-todo-rewrite\jestAdapter.js:79:19)
    at runTestInternal (C:\Users\benpe\Coding\REI-Project\InstantlyAnalyze-Components\node_modules\jest-runner\build\runTest.js:367:16)
    at runTest (C:\Users\benpe\Coding\REI-Project\InstantlyAnalyze-Components\node_modules\jest-runner\build\runTest.js:444:34)
    at Object.worker (C:\Users\benpe\Coding\REI-Project\InstantlyAnalyze-Components\node_modules\jest-runner\build\testWorker.js:106:12)</failure>
    </testcase>
  </testsuite>
  <testsuite name="LoadingBar" errors="0" failures="19" skipped="0" timestamp="2025-07-31T04:52:58" time="59.108" tests="19">
    <testcase classname="LoadingBar rendering should render with default props" name="LoadingBar rendering should render with default props" time="0.361">
      <failure>Error: Element type is invalid: expected a string (for built-in components) or a class/function (for composite components) but got: object.

Check the render method of `LoadingBar`.
    at createFiberFromTypeAndProps (C:\Users\benpe\Coding\REI-Project\InstantlyAnalyze-Components\node_modules\react-dom\cjs\react-dom.development.js:28478:17)
    at createFiberFromElement (C:\Users\benpe\Coding\REI-Project\InstantlyAnalyze-Components\node_modules\react-dom\cjs\react-dom.development.js:28504:15)
    at createChild (C:\Users\benpe\Coding\REI-Project\InstantlyAnalyze-Components\node_modules\react-dom\cjs\react-dom.development.js:13345:28)
    at reconcileChildrenArray (C:\Users\benpe\Coding\REI-Project\InstantlyAnalyze-Components\node_modules\react-dom\cjs\react-dom.development.js:13640:25)
    at reconcileChildFibers (C:\Users\benpe\Coding\REI-Project\InstantlyAnalyze-Components\node_modules\react-dom\cjs\react-dom.development.js:14057:16)
    at reconcileChildren (C:\Users\benpe\Coding\REI-Project\InstantlyAnalyze-Components\node_modules\react-dom\cjs\react-dom.development.js:19186:28)
    at updateHostComponent (C:\Users\benpe\Coding\REI-Project\InstantlyAnalyze-Components\node_modules\react-dom\cjs\react-dom.development.js:19953:3)
    at beginWork (C:\Users\benpe\Coding\REI-Project\InstantlyAnalyze-Components\node_modules\react-dom\cjs\react-dom.development.js:21657:14)
    at beginWork$1 (C:\Users\benpe\Coding\REI-Project\InstantlyAnalyze-Components\node_modules\react-dom\cjs\react-dom.development.js:27465:14)
    at performUnitOfWork (C:\Users\benpe\Coding\REI-Project\InstantlyAnalyze-Components\node_modules\react-dom\cjs\react-dom.development.js:26599:12)
    at workLoopSync (C:\Users\benpe\Coding\REI-Project\InstantlyAnalyze-Components\node_modules\react-dom\cjs\react-dom.development.js:26505:5)
    at renderRootSync (C:\Users\benpe\Coding\REI-Project\InstantlyAnalyze-Components\node_modules\react-dom\cjs\react-dom.development.js:26473:7)
    at recoverFromConcurrentError (C:\Users\benpe\Coding\REI-Project\InstantlyAnalyze-Components\node_modules\react-dom\cjs\react-dom.development.js:25889:20)
    at performConcurrentWorkOnRoot (C:\Users\benpe\Coding\REI-Project\InstantlyAnalyze-Components\node_modules\react-dom\cjs\react-dom.development.js:25789:22)
    at flushActQueue (C:\Users\benpe\Coding\REI-Project\InstantlyAnalyze-Components\node_modules\react\cjs\react.development.js:2667:24)
    at act (C:\Users\benpe\Coding\REI-Project\InstantlyAnalyze-Components\node_modules\react\cjs\react.development.js:2582:11)
    at actWithWarning (C:\Users\benpe\Coding\REI-Project\InstantlyAnalyze-Components\node_modules\react-dom\cjs\react-dom-test-utils.development.js:1740:10)
    at C:\Users\benpe\Coding\REI-Project\InstantlyAnalyze-Components\node_modules\@testing-library\react\dist\act-compat.js:63:25
    at renderRoot (C:\Users\benpe\Coding\REI-Project\InstantlyAnalyze-Components\node_modules\@testing-library\react\dist\pure.js:159:26)
    at render (C:\Users\benpe\Coding\REI-Project\InstantlyAnalyze-Components\node_modules\@testing-library\react\dist\pure.js:246:10)
    at renderLoadingBar (C:\Users\benpe\Coding\REI-Project\InstantlyAnalyze-Components\tst\components\LoadingBar\LoadingBar.test.tsx:51:18)
    at Object.&lt;anonymous&gt; (C:\Users\benpe\Coding\REI-Project\InstantlyAnalyze-Components\tst\components\LoadingBar\LoadingBar.test.tsx:56:7)
    at Promise.then.completed (C:\Users\benpe\Coding\REI-Project\InstantlyAnalyze-Components\node_modules\jest-circus\build\utils.js:298:28)
    at new Promise (&lt;anonymous&gt;)
    at callAsyncCircusFn (C:\Users\benpe\Coding\REI-Project\InstantlyAnalyze-Components\node_modules\jest-circus\build\utils.js:231:10)
    at _callCircusTest (C:\Users\benpe\Coding\REI-Project\InstantlyAnalyze-Components\node_modules\jest-circus\build\run.js:316:40)
    at processTicksAndRejections (node:internal/process/task_queues:95:5)
    at _runTest (C:\Users\benpe\Coding\REI-Project\InstantlyAnalyze-Components\node_modules\jest-circus\build\run.js:252:3)
    at _runTestsForDescribeBlock (C:\Users\benpe\Coding\REI-Project\InstantlyAnalyze-Components\node_modules\jest-circus\build\run.js:126:9)
    at _runTestsForDescribeBlock (C:\Users\benpe\Coding\REI-Project\InstantlyAnalyze-Components\node_modules\jest-circus\build\run.js:121:9)
    at _runTestsForDescribeBlock (C:\Users\benpe\Coding\REI-Project\InstantlyAnalyze-Components\node_modules\jest-circus\build\run.js:121:9)
    at run (C:\Users\benpe\Coding\REI-Project\InstantlyAnalyze-Components\node_modules\jest-circus\build\run.js:71:3)
    at runAndTransformResultsToJestFormat (C:\Users\benpe\Coding\REI-Project\InstantlyAnalyze-Components\node_modules\jest-circus\build\legacy-code-todo-rewrite\jestAdapterInit.js:122:21)
    at jestAdapter (C:\Users\benpe\Coding\REI-Project\InstantlyAnalyze-Components\node_modules\jest-circus\build\legacy-code-todo-rewrite\jestAdapter.js:79:19)
    at runTestInternal (C:\Users\benpe\Coding\REI-Project\InstantlyAnalyze-Components\node_modules\jest-runner\build\runTest.js:367:16)
    at runTest (C:\Users\benpe\Coding\REI-Project\InstantlyAnalyze-Components\node_modules\jest-runner\build\runTest.js:444:34)
    at Object.worker (C:\Users\benpe\Coding\REI-Project\InstantlyAnalyze-Components\node_modules\jest-runner\build\testWorker.js:106:12)</failure>
    </testcase>
    <testcase classname="LoadingBar rendering should render with custom text" name="LoadingBar rendering should render with custom text" time="0.053">
      <failure>Error: Element type is invalid: expected a string (for built-in components) or a class/function (for composite components) but got: object.

Check the render method of `LoadingBar`.
    at createFiberFromTypeAndProps (C:\Users\benpe\Coding\REI-Project\InstantlyAnalyze-Components\node_modules\react-dom\cjs\react-dom.development.js:28478:17)
    at createFiberFromElement (C:\Users\benpe\Coding\REI-Project\InstantlyAnalyze-Components\node_modules\react-dom\cjs\react-dom.development.js:28504:15)
    at createChild (C:\Users\benpe\Coding\REI-Project\InstantlyAnalyze-Components\node_modules\react-dom\cjs\react-dom.development.js:13345:28)
    at reconcileChildrenArray (C:\Users\benpe\Coding\REI-Project\InstantlyAnalyze-Components\node_modules\react-dom\cjs\react-dom.development.js:13640:25)
    at reconcileChildFibers (C:\Users\benpe\Coding\REI-Project\InstantlyAnalyze-Components\node_modules\react-dom\cjs\react-dom.development.js:14057:16)
    at reconcileChildren (C:\Users\benpe\Coding\REI-Project\InstantlyAnalyze-Components\node_modules\react-dom\cjs\react-dom.development.js:19186:28)
    at updateHostComponent (C:\Users\benpe\Coding\REI-Project\InstantlyAnalyze-Components\node_modules\react-dom\cjs\react-dom.development.js:19953:3)
    at beginWork (C:\Users\benpe\Coding\REI-Project\InstantlyAnalyze-Components\node_modules\react-dom\cjs\react-dom.development.js:21657:14)
    at beginWork$1 (C:\Users\benpe\Coding\REI-Project\InstantlyAnalyze-Components\node_modules\react-dom\cjs\react-dom.development.js:27465:14)
    at performUnitOfWork (C:\Users\benpe\Coding\REI-Project\InstantlyAnalyze-Components\node_modules\react-dom\cjs\react-dom.development.js:26599:12)
    at workLoopSync (C:\Users\benpe\Coding\REI-Project\InstantlyAnalyze-Components\node_modules\react-dom\cjs\react-dom.development.js:26505:5)
    at renderRootSync (C:\Users\benpe\Coding\REI-Project\InstantlyAnalyze-Components\node_modules\react-dom\cjs\react-dom.development.js:26473:7)
    at recoverFromConcurrentError (C:\Users\benpe\Coding\REI-Project\InstantlyAnalyze-Components\node_modules\react-dom\cjs\react-dom.development.js:25889:20)
    at performConcurrentWorkOnRoot (C:\Users\benpe\Coding\REI-Project\InstantlyAnalyze-Components\node_modules\react-dom\cjs\react-dom.development.js:25789:22)
    at flushActQueue (C:\Users\benpe\Coding\REI-Project\InstantlyAnalyze-Components\node_modules\react\cjs\react.development.js:2667:24)
    at act (C:\Users\benpe\Coding\REI-Project\InstantlyAnalyze-Components\node_modules\react\cjs\react.development.js:2582:11)
    at actWithWarning (C:\Users\benpe\Coding\REI-Project\InstantlyAnalyze-Components\node_modules\react-dom\cjs\react-dom-test-utils.development.js:1740:10)
    at C:\Users\benpe\Coding\REI-Project\InstantlyAnalyze-Components\node_modules\@testing-library\react\dist\act-compat.js:63:25
    at renderRoot (C:\Users\benpe\Coding\REI-Project\InstantlyAnalyze-Components\node_modules\@testing-library\react\dist\pure.js:159:26)
    at render (C:\Users\benpe\Coding\REI-Project\InstantlyAnalyze-Components\node_modules\@testing-library\react\dist\pure.js:246:10)
    at renderLoadingBar (C:\Users\benpe\Coding\REI-Project\InstantlyAnalyze-Components\tst\components\LoadingBar\LoadingBar.test.tsx:51:18)
    at Object.&lt;anonymous&gt; (C:\Users\benpe\Coding\REI-Project\InstantlyAnalyze-Components\tst\components\LoadingBar\LoadingBar.test.tsx:66:7)
    at Promise.then.completed (C:\Users\benpe\Coding\REI-Project\InstantlyAnalyze-Components\node_modules\jest-circus\build\utils.js:298:28)
    at new Promise (&lt;anonymous&gt;)
    at callAsyncCircusFn (C:\Users\benpe\Coding\REI-Project\InstantlyAnalyze-Components\node_modules\jest-circus\build\utils.js:231:10)
    at _callCircusTest (C:\Users\benpe\Coding\REI-Project\InstantlyAnalyze-Components\node_modules\jest-circus\build\run.js:316:40)
    at processTicksAndRejections (node:internal/process/task_queues:95:5)
    at _runTest (C:\Users\benpe\Coding\REI-Project\InstantlyAnalyze-Components\node_modules\jest-circus\build\run.js:252:3)
    at _runTestsForDescribeBlock (C:\Users\benpe\Coding\REI-Project\InstantlyAnalyze-Components\node_modules\jest-circus\build\run.js:126:9)
    at _runTestsForDescribeBlock (C:\Users\benpe\Coding\REI-Project\InstantlyAnalyze-Components\node_modules\jest-circus\build\run.js:121:9)
    at _runTestsForDescribeBlock (C:\Users\benpe\Coding\REI-Project\InstantlyAnalyze-Components\node_modules\jest-circus\build\run.js:121:9)
    at run (C:\Users\benpe\Coding\REI-Project\InstantlyAnalyze-Components\node_modules\jest-circus\build\run.js:71:3)
    at runAndTransformResultsToJestFormat (C:\Users\benpe\Coding\REI-Project\InstantlyAnalyze-Components\node_modules\jest-circus\build\legacy-code-todo-rewrite\jestAdapterInit.js:122:21)
    at jestAdapter (C:\Users\benpe\Coding\REI-Project\InstantlyAnalyze-Components\node_modules\jest-circus\build\legacy-code-todo-rewrite\jestAdapter.js:79:19)
    at runTestInternal (C:\Users\benpe\Coding\REI-Project\InstantlyAnalyze-Components\node_modules\jest-runner\build\runTest.js:367:16)
    at runTest (C:\Users\benpe\Coding\REI-Project\InstantlyAnalyze-Components\node_modules\jest-runner\build\runTest.js:444:34)
    at Object.worker (C:\Users\benpe\Coding\REI-Project\InstantlyAnalyze-Components\node_modules\jest-runner\build\testWorker.js:106:12)</failure>
    </testcase>
    <testcase classname="LoadingBar rendering should render with custom variant" name="LoadingBar rendering should render with custom variant" time="0.099">
      <failure>Error: Element type is invalid: expected a string (for built-in components) or a class/function (for composite components) but got: object.

Check the render method of `LoadingBar`.
    at createFiberFromTypeAndProps (C:\Users\benpe\Coding\REI-Project\InstantlyAnalyze-Components\node_modules\react-dom\cjs\react-dom.development.js:28478:17)
    at createFiberFromElement (C:\Users\benpe\Coding\REI-Project\InstantlyAnalyze-Components\node_modules\react-dom\cjs\react-dom.development.js:28504:15)
    at createChild (C:\Users\benpe\Coding\REI-Project\InstantlyAnalyze-Components\node_modules\react-dom\cjs\react-dom.development.js:13345:28)
    at reconcileChildrenArray (C:\Users\benpe\Coding\REI-Project\InstantlyAnalyze-Components\node_modules\react-dom\cjs\react-dom.development.js:13640:25)
    at reconcileChildFibers (C:\Users\benpe\Coding\REI-Project\InstantlyAnalyze-Components\node_modules\react-dom\cjs\react-dom.development.js:14057:16)
    at reconcileChildren (C:\Users\benpe\Coding\REI-Project\InstantlyAnalyze-Components\node_modules\react-dom\cjs\react-dom.development.js:19186:28)
    at updateHostComponent (C:\Users\benpe\Coding\REI-Project\InstantlyAnalyze-Components\node_modules\react-dom\cjs\react-dom.development.js:19953:3)
    at beginWork (C:\Users\benpe\Coding\REI-Project\InstantlyAnalyze-Components\node_modules\react-dom\cjs\react-dom.development.js:21657:14)
    at beginWork$1 (C:\Users\benpe\Coding\REI-Project\InstantlyAnalyze-Components\node_modules\react-dom\cjs\react-dom.development.js:27465:14)
    at performUnitOfWork (C:\Users\benpe\Coding\REI-Project\InstantlyAnalyze-Components\node_modules\react-dom\cjs\react-dom.development.js:26599:12)
    at workLoopSync (C:\Users\benpe\Coding\REI-Project\InstantlyAnalyze-Components\node_modules\react-dom\cjs\react-dom.development.js:26505:5)
    at renderRootSync (C:\Users\benpe\Coding\REI-Project\InstantlyAnalyze-Components\node_modules\react-dom\cjs\react-dom.development.js:26473:7)
    at recoverFromConcurrentError (C:\Users\benpe\Coding\REI-Project\InstantlyAnalyze-Components\node_modules\react-dom\cjs\react-dom.development.js:25889:20)
    at performConcurrentWorkOnRoot (C:\Users\benpe\Coding\REI-Project\InstantlyAnalyze-Components\node_modules\react-dom\cjs\react-dom.development.js:25789:22)
    at flushActQueue (C:\Users\benpe\Coding\REI-Project\InstantlyAnalyze-Components\node_modules\react\cjs\react.development.js:2667:24)
    at act (C:\Users\benpe\Coding\REI-Project\InstantlyAnalyze-Components\node_modules\react\cjs\react.development.js:2582:11)
    at actWithWarning (C:\Users\benpe\Coding\REI-Project\InstantlyAnalyze-Components\node_modules\react-dom\cjs\react-dom-test-utils.development.js:1740:10)
    at C:\Users\benpe\Coding\REI-Project\InstantlyAnalyze-Components\node_modules\@testing-library\react\dist\act-compat.js:63:25
    at renderRoot (C:\Users\benpe\Coding\REI-Project\InstantlyAnalyze-Components\node_modules\@testing-library\react\dist\pure.js:159:26)
    at render (C:\Users\benpe\Coding\REI-Project\InstantlyAnalyze-Components\node_modules\@testing-library\react\dist\pure.js:246:10)
    at renderLoadingBar (C:\Users\benpe\Coding\REI-Project\InstantlyAnalyze-Components\tst\components\LoadingBar\LoadingBar.test.tsx:51:18)
    at Object.&lt;anonymous&gt; (C:\Users\benpe\Coding\REI-Project\InstantlyAnalyze-Components\tst\components\LoadingBar\LoadingBar.test.tsx:73:7)
    at Promise.then.completed (C:\Users\benpe\Coding\REI-Project\InstantlyAnalyze-Components\node_modules\jest-circus\build\utils.js:298:28)
    at new Promise (&lt;anonymous&gt;)
    at callAsyncCircusFn (C:\Users\benpe\Coding\REI-Project\InstantlyAnalyze-Components\node_modules\jest-circus\build\utils.js:231:10)
    at _callCircusTest (C:\Users\benpe\Coding\REI-Project\InstantlyAnalyze-Components\node_modules\jest-circus\build\run.js:316:40)
    at processTicksAndRejections (node:internal/process/task_queues:95:5)
    at _runTest (C:\Users\benpe\Coding\REI-Project\InstantlyAnalyze-Components\node_modules\jest-circus\build\run.js:252:3)
    at _runTestsForDescribeBlock (C:\Users\benpe\Coding\REI-Project\InstantlyAnalyze-Components\node_modules\jest-circus\build\run.js:126:9)
    at _runTestsForDescribeBlock (C:\Users\benpe\Coding\REI-Project\InstantlyAnalyze-Components\node_modules\jest-circus\build\run.js:121:9)
    at _runTestsForDescribeBlock (C:\Users\benpe\Coding\REI-Project\InstantlyAnalyze-Components\node_modules\jest-circus\build\run.js:121:9)
    at run (C:\Users\benpe\Coding\REI-Project\InstantlyAnalyze-Components\node_modules\jest-circus\build\run.js:71:3)
    at runAndTransformResultsToJestFormat (C:\Users\benpe\Coding\REI-Project\InstantlyAnalyze-Components\node_modules\jest-circus\build\legacy-code-todo-rewrite\jestAdapterInit.js:122:21)
    at jestAdapter (C:\Users\benpe\Coding\REI-Project\InstantlyAnalyze-Components\node_modules\jest-circus\build\legacy-code-todo-rewrite\jestAdapter.js:79:19)
    at runTestInternal (C:\Users\benpe\Coding\REI-Project\InstantlyAnalyze-Components\node_modules\jest-runner\build\runTest.js:367:16)
    at runTest (C:\Users\benpe\Coding\REI-Project\InstantlyAnalyze-Components\node_modules\jest-runner\build\runTest.js:444:34)
    at Object.worker (C:\Users\benpe\Coding\REI-Project\InstantlyAnalyze-Components\node_modules\jest-runner\build\testWorker.js:106:12)</failure>
    </testcase>
    <testcase classname="LoadingBar rendering should render with undefined text" name="LoadingBar rendering should render with undefined text" time="0.079">
      <failure>Error: Element type is invalid: expected a string (for built-in components) or a class/function (for composite components) but got: object.

Check the render method of `LoadingBar`.
    at createFiberFromTypeAndProps (C:\Users\benpe\Coding\REI-Project\InstantlyAnalyze-Components\node_modules\react-dom\cjs\react-dom.development.js:28478:17)
    at createFiberFromElement (C:\Users\benpe\Coding\REI-Project\InstantlyAnalyze-Components\node_modules\react-dom\cjs\react-dom.development.js:28504:15)
    at createChild (C:\Users\benpe\Coding\REI-Project\InstantlyAnalyze-Components\node_modules\react-dom\cjs\react-dom.development.js:13345:28)
    at reconcileChildrenArray (C:\Users\benpe\Coding\REI-Project\InstantlyAnalyze-Components\node_modules\react-dom\cjs\react-dom.development.js:13640:25)
    at reconcileChildFibers (C:\Users\benpe\Coding\REI-Project\InstantlyAnalyze-Components\node_modules\react-dom\cjs\react-dom.development.js:14057:16)
    at reconcileChildren (C:\Users\benpe\Coding\REI-Project\InstantlyAnalyze-Components\node_modules\react-dom\cjs\react-dom.development.js:19186:28)
    at updateHostComponent (C:\Users\benpe\Coding\REI-Project\InstantlyAnalyze-Components\node_modules\react-dom\cjs\react-dom.development.js:19953:3)
    at beginWork (C:\Users\benpe\Coding\REI-Project\InstantlyAnalyze-Components\node_modules\react-dom\cjs\react-dom.development.js:21657:14)
    at beginWork$1 (C:\Users\benpe\Coding\REI-Project\InstantlyAnalyze-Components\node_modules\react-dom\cjs\react-dom.development.js:27465:14)
    at performUnitOfWork (C:\Users\benpe\Coding\REI-Project\InstantlyAnalyze-Components\node_modules\react-dom\cjs\react-dom.development.js:26599:12)
    at workLoopSync (C:\Users\benpe\Coding\REI-Project\InstantlyAnalyze-Components\node_modules\react-dom\cjs\react-dom.development.js:26505:5)
    at renderRootSync (C:\Users\benpe\Coding\REI-Project\InstantlyAnalyze-Components\node_modules\react-dom\cjs\react-dom.development.js:26473:7)
    at recoverFromConcurrentError (C:\Users\benpe\Coding\REI-Project\InstantlyAnalyze-Components\node_modules\react-dom\cjs\react-dom.development.js:25889:20)
    at performConcurrentWorkOnRoot (C:\Users\benpe\Coding\REI-Project\InstantlyAnalyze-Components\node_modules\react-dom\cjs\react-dom.development.js:25789:22)
    at flushActQueue (C:\Users\benpe\Coding\REI-Project\InstantlyAnalyze-Components\node_modules\react\cjs\react.development.js:2667:24)
    at act (C:\Users\benpe\Coding\REI-Project\InstantlyAnalyze-Components\node_modules\react\cjs\react.development.js:2582:11)
    at actWithWarning (C:\Users\benpe\Coding\REI-Project\InstantlyAnalyze-Components\node_modules\react-dom\cjs\react-dom-test-utils.development.js:1740:10)
    at C:\Users\benpe\Coding\REI-Project\InstantlyAnalyze-Components\node_modules\@testing-library\react\dist\act-compat.js:63:25
    at renderRoot (C:\Users\benpe\Coding\REI-Project\InstantlyAnalyze-Components\node_modules\@testing-library\react\dist\pure.js:159:26)
    at render (C:\Users\benpe\Coding\REI-Project\InstantlyAnalyze-Components\node_modules\@testing-library\react\dist\pure.js:246:10)
    at renderLoadingBar (C:\Users\benpe\Coding\REI-Project\InstantlyAnalyze-Components\tst\components\LoadingBar\LoadingBar.test.tsx:51:18)
    at Object.&lt;anonymous&gt; (C:\Users\benpe\Coding\REI-Project\InstantlyAnalyze-Components\tst\components\LoadingBar\LoadingBar.test.tsx:80:7)
    at Promise.then.completed (C:\Users\benpe\Coding\REI-Project\InstantlyAnalyze-Components\node_modules\jest-circus\build\utils.js:298:28)
    at new Promise (&lt;anonymous&gt;)
    at callAsyncCircusFn (C:\Users\benpe\Coding\REI-Project\InstantlyAnalyze-Components\node_modules\jest-circus\build\utils.js:231:10)
    at _callCircusTest (C:\Users\benpe\Coding\REI-Project\InstantlyAnalyze-Components\node_modules\jest-circus\build\run.js:316:40)
    at processTicksAndRejections (node:internal/process/task_queues:95:5)
    at _runTest (C:\Users\benpe\Coding\REI-Project\InstantlyAnalyze-Components\node_modules\jest-circus\build\run.js:252:3)
    at _runTestsForDescribeBlock (C:\Users\benpe\Coding\REI-Project\InstantlyAnalyze-Components\node_modules\jest-circus\build\run.js:126:9)
    at _runTestsForDescribeBlock (C:\Users\benpe\Coding\REI-Project\InstantlyAnalyze-Components\node_modules\jest-circus\build\run.js:121:9)
    at _runTestsForDescribeBlock (C:\Users\benpe\Coding\REI-Project\InstantlyAnalyze-Components\node_modules\jest-circus\build\run.js:121:9)
    at run (C:\Users\benpe\Coding\REI-Project\InstantlyAnalyze-Components\node_modules\jest-circus\build\run.js:71:3)
    at runAndTransformResultsToJestFormat (C:\Users\benpe\Coding\REI-Project\InstantlyAnalyze-Components\node_modules\jest-circus\build\legacy-code-todo-rewrite\jestAdapterInit.js:122:21)
    at jestAdapter (C:\Users\benpe\Coding\REI-Project\InstantlyAnalyze-Components\node_modules\jest-circus\build\legacy-code-todo-rewrite\jestAdapter.js:79:19)
    at runTestInternal (C:\Users\benpe\Coding\REI-Project\InstantlyAnalyze-Components\node_modules\jest-runner\build\runTest.js:367:16)
    at runTest (C:\Users\benpe\Coding\REI-Project\InstantlyAnalyze-Components\node_modules\jest-runner\build\runTest.js:444:34)
    at Object.worker (C:\Users\benpe\Coding\REI-Project\InstantlyAnalyze-Components\node_modules\jest-runner\build\testWorker.js:106:12)</failure>
    </testcase>
    <testcase classname="LoadingBar rendering should render with empty text" name="LoadingBar rendering should render with empty text" time="0.058">
      <failure>Error: Element type is invalid: expected a string (for built-in components) or a class/function (for composite components) but got: object.

Check the render method of `LoadingBar`.
    at createFiberFromTypeAndProps (C:\Users\benpe\Coding\REI-Project\InstantlyAnalyze-Components\node_modules\react-dom\cjs\react-dom.development.js:28478:17)
    at createFiberFromElement (C:\Users\benpe\Coding\REI-Project\InstantlyAnalyze-Components\node_modules\react-dom\cjs\react-dom.development.js:28504:15)
    at createChild (C:\Users\benpe\Coding\REI-Project\InstantlyAnalyze-Components\node_modules\react-dom\cjs\react-dom.development.js:13345:28)
    at reconcileChildrenArray (C:\Users\benpe\Coding\REI-Project\InstantlyAnalyze-Components\node_modules\react-dom\cjs\react-dom.development.js:13640:25)
    at reconcileChildFibers (C:\Users\benpe\Coding\REI-Project\InstantlyAnalyze-Components\node_modules\react-dom\cjs\react-dom.development.js:14057:16)
    at reconcileChildren (C:\Users\benpe\Coding\REI-Project\InstantlyAnalyze-Components\node_modules\react-dom\cjs\react-dom.development.js:19186:28)
    at updateHostComponent (C:\Users\benpe\Coding\REI-Project\InstantlyAnalyze-Components\node_modules\react-dom\cjs\react-dom.development.js:19953:3)
    at beginWork (C:\Users\benpe\Coding\REI-Project\InstantlyAnalyze-Components\node_modules\react-dom\cjs\react-dom.development.js:21657:14)
    at beginWork$1 (C:\Users\benpe\Coding\REI-Project\InstantlyAnalyze-Components\node_modules\react-dom\cjs\react-dom.development.js:27465:14)
    at performUnitOfWork (C:\Users\benpe\Coding\REI-Project\InstantlyAnalyze-Components\node_modules\react-dom\cjs\react-dom.development.js:26599:12)
    at workLoopSync (C:\Users\benpe\Coding\REI-Project\InstantlyAnalyze-Components\node_modules\react-dom\cjs\react-dom.development.js:26505:5)
    at renderRootSync (C:\Users\benpe\Coding\REI-Project\InstantlyAnalyze-Components\node_modules\react-dom\cjs\react-dom.development.js:26473:7)
    at recoverFromConcurrentError (C:\Users\benpe\Coding\REI-Project\InstantlyAnalyze-Components\node_modules\react-dom\cjs\react-dom.development.js:25889:20)
    at performConcurrentWorkOnRoot (C:\Users\benpe\Coding\REI-Project\InstantlyAnalyze-Components\node_modules\react-dom\cjs\react-dom.development.js:25789:22)
    at flushActQueue (C:\Users\benpe\Coding\REI-Project\InstantlyAnalyze-Components\node_modules\react\cjs\react.development.js:2667:24)
    at act (C:\Users\benpe\Coding\REI-Project\InstantlyAnalyze-Components\node_modules\react\cjs\react.development.js:2582:11)
    at actWithWarning (C:\Users\benpe\Coding\REI-Project\InstantlyAnalyze-Components\node_modules\react-dom\cjs\react-dom-test-utils.development.js:1740:10)
    at C:\Users\benpe\Coding\REI-Project\InstantlyAnalyze-Components\node_modules\@testing-library\react\dist\act-compat.js:63:25
    at renderRoot (C:\Users\benpe\Coding\REI-Project\InstantlyAnalyze-Components\node_modules\@testing-library\react\dist\pure.js:159:26)
    at render (C:\Users\benpe\Coding\REI-Project\InstantlyAnalyze-Components\node_modules\@testing-library\react\dist\pure.js:246:10)
    at renderLoadingBar (C:\Users\benpe\Coding\REI-Project\InstantlyAnalyze-Components\tst\components\LoadingBar\LoadingBar.test.tsx:51:18)
    at Object.&lt;anonymous&gt; (C:\Users\benpe\Coding\REI-Project\InstantlyAnalyze-Components\tst\components\LoadingBar\LoadingBar.test.tsx:87:7)
    at Promise.then.completed (C:\Users\benpe\Coding\REI-Project\InstantlyAnalyze-Components\node_modules\jest-circus\build\utils.js:298:28)
    at new Promise (&lt;anonymous&gt;)
    at callAsyncCircusFn (C:\Users\benpe\Coding\REI-Project\InstantlyAnalyze-Components\node_modules\jest-circus\build\utils.js:231:10)
    at _callCircusTest (C:\Users\benpe\Coding\REI-Project\InstantlyAnalyze-Components\node_modules\jest-circus\build\run.js:316:40)
    at processTicksAndRejections (node:internal/process/task_queues:95:5)
    at _runTest (C:\Users\benpe\Coding\REI-Project\InstantlyAnalyze-Components\node_modules\jest-circus\build\run.js:252:3)
    at _runTestsForDescribeBlock (C:\Users\benpe\Coding\REI-Project\InstantlyAnalyze-Components\node_modules\jest-circus\build\run.js:126:9)
    at _runTestsForDescribeBlock (C:\Users\benpe\Coding\REI-Project\InstantlyAnalyze-Components\node_modules\jest-circus\build\run.js:121:9)
    at _runTestsForDescribeBlock (C:\Users\benpe\Coding\REI-Project\InstantlyAnalyze-Components\node_modules\jest-circus\build\run.js:121:9)
    at run (C:\Users\benpe\Coding\REI-Project\InstantlyAnalyze-Components\node_modules\jest-circus\build\run.js:71:3)
    at runAndTransformResultsToJestFormat (C:\Users\benpe\Coding\REI-Project\InstantlyAnalyze-Components\node_modules\jest-circus\build\legacy-code-todo-rewrite\jestAdapterInit.js:122:21)
    at jestAdapter (C:\Users\benpe\Coding\REI-Project\InstantlyAnalyze-Components\node_modules\jest-circus\build\legacy-code-todo-rewrite\jestAdapter.js:79:19)
    at runTestInternal (C:\Users\benpe\Coding\REI-Project\InstantlyAnalyze-Components\node_modules\jest-runner\build\runTest.js:367:16)
    at runTest (C:\Users\benpe\Coding\REI-Project\InstantlyAnalyze-Components\node_modules\jest-runner\build\runTest.js:444:34)
    at Object.worker (C:\Users\benpe\Coding\REI-Project\InstantlyAnalyze-Components\node_modules\jest-runner\build\testWorker.js:106:12)</failure>
    </testcase>
    <testcase classname="LoadingBar props validation should use default variant when not provided" name="LoadingBar props validation should use default variant when not provided" time="0.049">
      <failure>Error: Element type is invalid: expected a string (for built-in components) or a class/function (for composite components) but got: object.

Check the render method of `LoadingBar`.
    at createFiberFromTypeAndProps (C:\Users\benpe\Coding\REI-Project\InstantlyAnalyze-Components\node_modules\react-dom\cjs\react-dom.development.js:28478:17)
    at createFiberFromElement (C:\Users\benpe\Coding\REI-Project\InstantlyAnalyze-Components\node_modules\react-dom\cjs\react-dom.development.js:28504:15)
    at createChild (C:\Users\benpe\Coding\REI-Project\InstantlyAnalyze-Components\node_modules\react-dom\cjs\react-dom.development.js:13345:28)
    at reconcileChildrenArray (C:\Users\benpe\Coding\REI-Project\InstantlyAnalyze-Components\node_modules\react-dom\cjs\react-dom.development.js:13640:25)
    at reconcileChildFibers (C:\Users\benpe\Coding\REI-Project\InstantlyAnalyze-Components\node_modules\react-dom\cjs\react-dom.development.js:14057:16)
    at reconcileChildren (C:\Users\benpe\Coding\REI-Project\InstantlyAnalyze-Components\node_modules\react-dom\cjs\react-dom.development.js:19186:28)
    at updateHostComponent (C:\Users\benpe\Coding\REI-Project\InstantlyAnalyze-Components\node_modules\react-dom\cjs\react-dom.development.js:19953:3)
    at beginWork (C:\Users\benpe\Coding\REI-Project\InstantlyAnalyze-Components\node_modules\react-dom\cjs\react-dom.development.js:21657:14)
    at beginWork$1 (C:\Users\benpe\Coding\REI-Project\InstantlyAnalyze-Components\node_modules\react-dom\cjs\react-dom.development.js:27465:14)
    at performUnitOfWork (C:\Users\benpe\Coding\REI-Project\InstantlyAnalyze-Components\node_modules\react-dom\cjs\react-dom.development.js:26599:12)
    at workLoopSync (C:\Users\benpe\Coding\REI-Project\InstantlyAnalyze-Components\node_modules\react-dom\cjs\react-dom.development.js:26505:5)
    at renderRootSync (C:\Users\benpe\Coding\REI-Project\InstantlyAnalyze-Components\node_modules\react-dom\cjs\react-dom.development.js:26473:7)
    at recoverFromConcurrentError (C:\Users\benpe\Coding\REI-Project\InstantlyAnalyze-Components\node_modules\react-dom\cjs\react-dom.development.js:25889:20)
    at performConcurrentWorkOnRoot (C:\Users\benpe\Coding\REI-Project\InstantlyAnalyze-Components\node_modules\react-dom\cjs\react-dom.development.js:25789:22)
    at flushActQueue (C:\Users\benpe\Coding\REI-Project\InstantlyAnalyze-Components\node_modules\react\cjs\react.development.js:2667:24)
    at act (C:\Users\benpe\Coding\REI-Project\InstantlyAnalyze-Components\node_modules\react\cjs\react.development.js:2582:11)
    at actWithWarning (C:\Users\benpe\Coding\REI-Project\InstantlyAnalyze-Components\node_modules\react-dom\cjs\react-dom-test-utils.development.js:1740:10)
    at C:\Users\benpe\Coding\REI-Project\InstantlyAnalyze-Components\node_modules\@testing-library\react\dist\act-compat.js:63:25
    at renderRoot (C:\Users\benpe\Coding\REI-Project\InstantlyAnalyze-Components\node_modules\@testing-library\react\dist\pure.js:159:26)
    at render (C:\Users\benpe\Coding\REI-Project\InstantlyAnalyze-Components\node_modules\@testing-library\react\dist\pure.js:246:10)
    at renderLoadingBar (C:\Users\benpe\Coding\REI-Project\InstantlyAnalyze-Components\tst\components\LoadingBar\LoadingBar.test.tsx:51:18)
    at Object.&lt;anonymous&gt; (C:\Users\benpe\Coding\REI-Project\InstantlyAnalyze-Components\tst\components\LoadingBar\LoadingBar.test.tsx:96:7)
    at Promise.then.completed (C:\Users\benpe\Coding\REI-Project\InstantlyAnalyze-Components\node_modules\jest-circus\build\utils.js:298:28)
    at new Promise (&lt;anonymous&gt;)
    at callAsyncCircusFn (C:\Users\benpe\Coding\REI-Project\InstantlyAnalyze-Components\node_modules\jest-circus\build\utils.js:231:10)
    at _callCircusTest (C:\Users\benpe\Coding\REI-Project\InstantlyAnalyze-Components\node_modules\jest-circus\build\run.js:316:40)
    at processTicksAndRejections (node:internal/process/task_queues:95:5)
    at _runTest (C:\Users\benpe\Coding\REI-Project\InstantlyAnalyze-Components\node_modules\jest-circus\build\run.js:252:3)
    at _runTestsForDescribeBlock (C:\Users\benpe\Coding\REI-Project\InstantlyAnalyze-Components\node_modules\jest-circus\build\run.js:126:9)
    at _runTestsForDescribeBlock (C:\Users\benpe\Coding\REI-Project\InstantlyAnalyze-Components\node_modules\jest-circus\build\run.js:121:9)
    at _runTestsForDescribeBlock (C:\Users\benpe\Coding\REI-Project\InstantlyAnalyze-Components\node_modules\jest-circus\build\run.js:121:9)
    at run (C:\Users\benpe\Coding\REI-Project\InstantlyAnalyze-Components\node_modules\jest-circus\build\run.js:71:3)
    at runAndTransformResultsToJestFormat (C:\Users\benpe\Coding\REI-Project\InstantlyAnalyze-Components\node_modules\jest-circus\build\legacy-code-todo-rewrite\jestAdapterInit.js:122:21)
    at jestAdapter (C:\Users\benpe\Coding\REI-Project\InstantlyAnalyze-Components\node_modules\jest-circus\build\legacy-code-todo-rewrite\jestAdapter.js:79:19)
    at runTestInternal (C:\Users\benpe\Coding\REI-Project\InstantlyAnalyze-Components\node_modules\jest-runner\build\runTest.js:367:16)
    at runTest (C:\Users\benpe\Coding\REI-Project\InstantlyAnalyze-Components\node_modules\jest-runner\build\runTest.js:444:34)
    at Object.worker (C:\Users\benpe\Coding\REI-Project\InstantlyAnalyze-Components\node_modules\jest-runner\build\testWorker.js:106:12)</failure>
    </testcase>
    <testcase classname="LoadingBar props validation should handle different variant types" name="LoadingBar props validation should handle different variant types" time="0.186">
      <failure>Error: Element type is invalid: expected a string (for built-in components) or a class/function (for composite components) but got: object.

Check the render method of `LoadingBar`.
    at createFiberFromTypeAndProps (C:\Users\benpe\Coding\REI-Project\InstantlyAnalyze-Components\node_modules\react-dom\cjs\react-dom.development.js:28478:17)
    at createFiberFromElement (C:\Users\benpe\Coding\REI-Project\InstantlyAnalyze-Components\node_modules\react-dom\cjs\react-dom.development.js:28504:15)
    at createChild (C:\Users\benpe\Coding\REI-Project\InstantlyAnalyze-Components\node_modules\react-dom\cjs\react-dom.development.js:13345:28)
    at reconcileChildrenArray (C:\Users\benpe\Coding\REI-Project\InstantlyAnalyze-Components\node_modules\react-dom\cjs\react-dom.development.js:13640:25)
    at reconcileChildFibers (C:\Users\benpe\Coding\REI-Project\InstantlyAnalyze-Components\node_modules\react-dom\cjs\react-dom.development.js:14057:16)
    at reconcileChildren (C:\Users\benpe\Coding\REI-Project\InstantlyAnalyze-Components\node_modules\react-dom\cjs\react-dom.development.js:19186:28)
    at updateHostComponent (C:\Users\benpe\Coding\REI-Project\InstantlyAnalyze-Components\node_modules\react-dom\cjs\react-dom.development.js:19953:3)
    at beginWork (C:\Users\benpe\Coding\REI-Project\InstantlyAnalyze-Components\node_modules\react-dom\cjs\react-dom.development.js:21657:14)
    at beginWork$1 (C:\Users\benpe\Coding\REI-Project\InstantlyAnalyze-Components\node_modules\react-dom\cjs\react-dom.development.js:27465:14)
    at performUnitOfWork (C:\Users\benpe\Coding\REI-Project\InstantlyAnalyze-Components\node_modules\react-dom\cjs\react-dom.development.js:26599:12)
    at workLoopSync (C:\Users\benpe\Coding\REI-Project\InstantlyAnalyze-Components\node_modules\react-dom\cjs\react-dom.development.js:26505:5)
    at renderRootSync (C:\Users\benpe\Coding\REI-Project\InstantlyAnalyze-Components\node_modules\react-dom\cjs\react-dom.development.js:26473:7)
    at recoverFromConcurrentError (C:\Users\benpe\Coding\REI-Project\InstantlyAnalyze-Components\node_modules\react-dom\cjs\react-dom.development.js:25889:20)
    at performConcurrentWorkOnRoot (C:\Users\benpe\Coding\REI-Project\InstantlyAnalyze-Components\node_modules\react-dom\cjs\react-dom.development.js:25789:22)
    at flushActQueue (C:\Users\benpe\Coding\REI-Project\InstantlyAnalyze-Components\node_modules\react\cjs\react.development.js:2667:24)
    at act (C:\Users\benpe\Coding\REI-Project\InstantlyAnalyze-Components\node_modules\react\cjs\react.development.js:2582:11)
    at actWithWarning (C:\Users\benpe\Coding\REI-Project\InstantlyAnalyze-Components\node_modules\react-dom\cjs\react-dom-test-utils.development.js:1740:10)
    at C:\Users\benpe\Coding\REI-Project\InstantlyAnalyze-Components\node_modules\@testing-library\react\dist\act-compat.js:63:25
    at renderRoot (C:\Users\benpe\Coding\REI-Project\InstantlyAnalyze-Components\node_modules\@testing-library\react\dist\pure.js:159:26)
    at render (C:\Users\benpe\Coding\REI-Project\InstantlyAnalyze-Components\node_modules\@testing-library\react\dist\pure.js:246:10)
    at renderLoadingBar (C:\Users\benpe\Coding\REI-Project\InstantlyAnalyze-Components\tst\components\LoadingBar\LoadingBar.test.tsx:51:18)
    at C:\Users\benpe\Coding\REI-Project\InstantlyAnalyze-Components\tst\components\LoadingBar\LoadingBar.test.tsx:106:29
    at Array.forEach (&lt;anonymous&gt;)
    at Object.&lt;anonymous&gt; (C:\Users\benpe\Coding\REI-Project\InstantlyAnalyze-Components\tst\components\LoadingBar\LoadingBar.test.tsx:105:16)
    at Promise.then.completed (C:\Users\benpe\Coding\REI-Project\InstantlyAnalyze-Components\node_modules\jest-circus\build\utils.js:298:28)
    at new Promise (&lt;anonymous&gt;)
    at callAsyncCircusFn (C:\Users\benpe\Coding\REI-Project\InstantlyAnalyze-Components\node_modules\jest-circus\build\utils.js:231:10)
    at _callCircusTest (C:\Users\benpe\Coding\REI-Project\InstantlyAnalyze-Components\node_modules\jest-circus\build\run.js:316:40)
    at processTicksAndRejections (node:internal/process/task_queues:95:5)
    at _runTest (C:\Users\benpe\Coding\REI-Project\InstantlyAnalyze-Components\node_modules\jest-circus\build\run.js:252:3)
    at _runTestsForDescribeBlock (C:\Users\benpe\Coding\REI-Project\InstantlyAnalyze-Components\node_modules\jest-circus\build\run.js:126:9)
    at _runTestsForDescribeBlock (C:\Users\benpe\Coding\REI-Project\InstantlyAnalyze-Components\node_modules\jest-circus\build\run.js:121:9)
    at _runTestsForDescribeBlock (C:\Users\benpe\Coding\REI-Project\InstantlyAnalyze-Components\node_modules\jest-circus\build\run.js:121:9)
    at run (C:\Users\benpe\Coding\REI-Project\InstantlyAnalyze-Components\node_modules\jest-circus\build\run.js:71:3)
    at runAndTransformResultsToJestFormat (C:\Users\benpe\Coding\REI-Project\InstantlyAnalyze-Components\node_modules\jest-circus\build\legacy-code-todo-rewrite\jestAdapterInit.js:122:21)
    at jestAdapter (C:\Users\benpe\Coding\REI-Project\InstantlyAnalyze-Components\node_modules\jest-circus\build\legacy-code-todo-rewrite\jestAdapter.js:79:19)
    at runTestInternal (C:\Users\benpe\Coding\REI-Project\InstantlyAnalyze-Components\node_modules\jest-runner\build\runTest.js:367:16)
    at runTest (C:\Users\benpe\Coding\REI-Project\InstantlyAnalyze-Components\node_modules\jest-runner\build\runTest.js:444:34)
    at Object.worker (C:\Users\benpe\Coding\REI-Project\InstantlyAnalyze-Components\node_modules\jest-runner\build\testWorker.js:106:12)</failure>
    </testcase>
    <testcase classname="LoadingBar props validation should handle long text content" name="LoadingBar props validation should handle long text content" time="0.075">
      <failure>Error: Element type is invalid: expected a string (for built-in components) or a class/function (for composite components) but got: object.

Check the render method of `LoadingBar`.
    at createFiberFromTypeAndProps (C:\Users\benpe\Coding\REI-Project\InstantlyAnalyze-Components\node_modules\react-dom\cjs\react-dom.development.js:28478:17)
    at createFiberFromElement (C:\Users\benpe\Coding\REI-Project\InstantlyAnalyze-Components\node_modules\react-dom\cjs\react-dom.development.js:28504:15)
    at createChild (C:\Users\benpe\Coding\REI-Project\InstantlyAnalyze-Components\node_modules\react-dom\cjs\react-dom.development.js:13345:28)
    at reconcileChildrenArray (C:\Users\benpe\Coding\REI-Project\InstantlyAnalyze-Components\node_modules\react-dom\cjs\react-dom.development.js:13640:25)
    at reconcileChildFibers (C:\Users\benpe\Coding\REI-Project\InstantlyAnalyze-Components\node_modules\react-dom\cjs\react-dom.development.js:14057:16)
    at reconcileChildren (C:\Users\benpe\Coding\REI-Project\InstantlyAnalyze-Components\node_modules\react-dom\cjs\react-dom.development.js:19186:28)
    at updateHostComponent (C:\Users\benpe\Coding\REI-Project\InstantlyAnalyze-Components\node_modules\react-dom\cjs\react-dom.development.js:19953:3)
    at beginWork (C:\Users\benpe\Coding\REI-Project\InstantlyAnalyze-Components\node_modules\react-dom\cjs\react-dom.development.js:21657:14)
    at beginWork$1 (C:\Users\benpe\Coding\REI-Project\InstantlyAnalyze-Components\node_modules\react-dom\cjs\react-dom.development.js:27465:14)
    at performUnitOfWork (C:\Users\benpe\Coding\REI-Project\InstantlyAnalyze-Components\node_modules\react-dom\cjs\react-dom.development.js:26599:12)
    at workLoopSync (C:\Users\benpe\Coding\REI-Project\InstantlyAnalyze-Components\node_modules\react-dom\cjs\react-dom.development.js:26505:5)
    at renderRootSync (C:\Users\benpe\Coding\REI-Project\InstantlyAnalyze-Components\node_modules\react-dom\cjs\react-dom.development.js:26473:7)
    at recoverFromConcurrentError (C:\Users\benpe\Coding\REI-Project\InstantlyAnalyze-Components\node_modules\react-dom\cjs\react-dom.development.js:25889:20)
    at performConcurrentWorkOnRoot (C:\Users\benpe\Coding\REI-Project\InstantlyAnalyze-Components\node_modules\react-dom\cjs\react-dom.development.js:25789:22)
    at flushActQueue (C:\Users\benpe\Coding\REI-Project\InstantlyAnalyze-Components\node_modules\react\cjs\react.development.js:2667:24)
    at act (C:\Users\benpe\Coding\REI-Project\InstantlyAnalyze-Components\node_modules\react\cjs\react.development.js:2582:11)
    at actWithWarning (C:\Users\benpe\Coding\REI-Project\InstantlyAnalyze-Components\node_modules\react-dom\cjs\react-dom-test-utils.development.js:1740:10)
    at C:\Users\benpe\Coding\REI-Project\InstantlyAnalyze-Components\node_modules\@testing-library\react\dist\act-compat.js:63:25
    at renderRoot (C:\Users\benpe\Coding\REI-Project\InstantlyAnalyze-Components\node_modules\@testing-library\react\dist\pure.js:159:26)
    at render (C:\Users\benpe\Coding\REI-Project\InstantlyAnalyze-Components\node_modules\@testing-library\react\dist\pure.js:246:10)
    at renderLoadingBar (C:\Users\benpe\Coding\REI-Project\InstantlyAnalyze-Components\tst\components\LoadingBar\LoadingBar.test.tsx:51:18)
    at Object.&lt;anonymous&gt; (C:\Users\benpe\Coding\REI-Project\InstantlyAnalyze-Components\tst\components\LoadingBar\LoadingBar.test.tsx:117:7)
    at Promise.then.completed (C:\Users\benpe\Coding\REI-Project\InstantlyAnalyze-Components\node_modules\jest-circus\build\utils.js:298:28)
    at new Promise (&lt;anonymous&gt;)
    at callAsyncCircusFn (C:\Users\benpe\Coding\REI-Project\InstantlyAnalyze-Components\node_modules\jest-circus\build\utils.js:231:10)
    at _callCircusTest (C:\Users\benpe\Coding\REI-Project\InstantlyAnalyze-Components\node_modules\jest-circus\build\run.js:316:40)
    at processTicksAndRejections (node:internal/process/task_queues:95:5)
    at _runTest (C:\Users\benpe\Coding\REI-Project\InstantlyAnalyze-Components\node_modules\jest-circus\build\run.js:252:3)
    at _runTestsForDescribeBlock (C:\Users\benpe\Coding\REI-Project\InstantlyAnalyze-Components\node_modules\jest-circus\build\run.js:126:9)
    at _runTestsForDescribeBlock (C:\Users\benpe\Coding\REI-Project\InstantlyAnalyze-Components\node_modules\jest-circus\build\run.js:121:9)
    at _runTestsForDescribeBlock (C:\Users\benpe\Coding\REI-Project\InstantlyAnalyze-Components\node_modules\jest-circus\build\run.js:121:9)
    at run (C:\Users\benpe\Coding\REI-Project\InstantlyAnalyze-Components\node_modules\jest-circus\build\run.js:71:3)
    at runAndTransformResultsToJestFormat (C:\Users\benpe\Coding\REI-Project\InstantlyAnalyze-Components\node_modules\jest-circus\build\legacy-code-todo-rewrite\jestAdapterInit.js:122:21)
    at jestAdapter (C:\Users\benpe\Coding\REI-Project\InstantlyAnalyze-Components\node_modules\jest-circus\build\legacy-code-todo-rewrite\jestAdapter.js:79:19)
    at runTestInternal (C:\Users\benpe\Coding\REI-Project\InstantlyAnalyze-Components\node_modules\jest-runner\build\runTest.js:367:16)
    at runTest (C:\Users\benpe\Coding\REI-Project\InstantlyAnalyze-Components\node_modules\jest-runner\build\runTest.js:444:34)
    at Object.worker (C:\Users\benpe\Coding\REI-Project\InstantlyAnalyze-Components\node_modules\jest-runner\build\testWorker.js:106:12)</failure>
    </testcase>
    <testcase classname="LoadingBar props validation should handle special characters in text" name="LoadingBar props validation should handle special characters in text" time="0.027">
      <failure>Error: Element type is invalid: expected a string (for built-in components) or a class/function (for composite components) but got: object.

Check the render method of `LoadingBar`.
    at createFiberFromTypeAndProps (C:\Users\benpe\Coding\REI-Project\InstantlyAnalyze-Components\node_modules\react-dom\cjs\react-dom.development.js:28478:17)
    at createFiberFromElement (C:\Users\benpe\Coding\REI-Project\InstantlyAnalyze-Components\node_modules\react-dom\cjs\react-dom.development.js:28504:15)
    at createChild (C:\Users\benpe\Coding\REI-Project\InstantlyAnalyze-Components\node_modules\react-dom\cjs\react-dom.development.js:13345:28)
    at reconcileChildrenArray (C:\Users\benpe\Coding\REI-Project\InstantlyAnalyze-Components\node_modules\react-dom\cjs\react-dom.development.js:13640:25)
    at reconcileChildFibers (C:\Users\benpe\Coding\REI-Project\InstantlyAnalyze-Components\node_modules\react-dom\cjs\react-dom.development.js:14057:16)
    at reconcileChildren (C:\Users\benpe\Coding\REI-Project\InstantlyAnalyze-Components\node_modules\react-dom\cjs\react-dom.development.js:19186:28)
    at updateHostComponent (C:\Users\benpe\Coding\REI-Project\InstantlyAnalyze-Components\node_modules\react-dom\cjs\react-dom.development.js:19953:3)
    at beginWork (C:\Users\benpe\Coding\REI-Project\InstantlyAnalyze-Components\node_modules\react-dom\cjs\react-dom.development.js:21657:14)
    at beginWork$1 (C:\Users\benpe\Coding\REI-Project\InstantlyAnalyze-Components\node_modules\react-dom\cjs\react-dom.development.js:27465:14)
    at performUnitOfWork (C:\Users\benpe\Coding\REI-Project\InstantlyAnalyze-Components\node_modules\react-dom\cjs\react-dom.development.js:26599:12)
    at workLoopSync (C:\Users\benpe\Coding\REI-Project\InstantlyAnalyze-Components\node_modules\react-dom\cjs\react-dom.development.js:26505:5)
    at renderRootSync (C:\Users\benpe\Coding\REI-Project\InstantlyAnalyze-Components\node_modules\react-dom\cjs\react-dom.development.js:26473:7)
    at recoverFromConcurrentError (C:\Users\benpe\Coding\REI-Project\InstantlyAnalyze-Components\node_modules\react-dom\cjs\react-dom.development.js:25889:20)
    at performConcurrentWorkOnRoot (C:\Users\benpe\Coding\REI-Project\InstantlyAnalyze-Components\node_modules\react-dom\cjs\react-dom.development.js:25789:22)
    at flushActQueue (C:\Users\benpe\Coding\REI-Project\InstantlyAnalyze-Components\node_modules\react\cjs\react.development.js:2667:24)
    at act (C:\Users\benpe\Coding\REI-Project\InstantlyAnalyze-Components\node_modules\react\cjs\react.development.js:2582:11)
    at actWithWarning (C:\Users\benpe\Coding\REI-Project\InstantlyAnalyze-Components\node_modules\react-dom\cjs\react-dom-test-utils.development.js:1740:10)
    at C:\Users\benpe\Coding\REI-Project\InstantlyAnalyze-Components\node_modules\@testing-library\react\dist\act-compat.js:63:25
    at renderRoot (C:\Users\benpe\Coding\REI-Project\InstantlyAnalyze-Components\node_modules\@testing-library\react\dist\pure.js:159:26)
    at render (C:\Users\benpe\Coding\REI-Project\InstantlyAnalyze-Components\node_modules\@testing-library\react\dist\pure.js:246:10)
    at renderLoadingBar (C:\Users\benpe\Coding\REI-Project\InstantlyAnalyze-Components\tst\components\LoadingBar\LoadingBar.test.tsx:51:18)
    at Object.&lt;anonymous&gt; (C:\Users\benpe\Coding\REI-Project\InstantlyAnalyze-Components\tst\components\LoadingBar\LoadingBar.test.tsx:125:7)
    at Promise.then.completed (C:\Users\benpe\Coding\REI-Project\InstantlyAnalyze-Components\node_modules\jest-circus\build\utils.js:298:28)
    at new Promise (&lt;anonymous&gt;)
    at callAsyncCircusFn (C:\Users\benpe\Coding\REI-Project\InstantlyAnalyze-Components\node_modules\jest-circus\build\utils.js:231:10)
    at _callCircusTest (C:\Users\benpe\Coding\REI-Project\InstantlyAnalyze-Components\node_modules\jest-circus\build\run.js:316:40)
    at processTicksAndRejections (node:internal/process/task_queues:95:5)
    at _runTest (C:\Users\benpe\Coding\REI-Project\InstantlyAnalyze-Components\node_modules\jest-circus\build\run.js:252:3)
    at _runTestsForDescribeBlock (C:\Users\benpe\Coding\REI-Project\InstantlyAnalyze-Components\node_modules\jest-circus\build\run.js:126:9)
    at _runTestsForDescribeBlock (C:\Users\benpe\Coding\REI-Project\InstantlyAnalyze-Components\node_modules\jest-circus\build\run.js:121:9)
    at _runTestsForDescribeBlock (C:\Users\benpe\Coding\REI-Project\InstantlyAnalyze-Components\node_modules\jest-circus\build\run.js:121:9)
    at run (C:\Users\benpe\Coding\REI-Project\InstantlyAnalyze-Components\node_modules\jest-circus\build\run.js:71:3)
    at runAndTransformResultsToJestFormat (C:\Users\benpe\Coding\REI-Project\InstantlyAnalyze-Components\node_modules\jest-circus\build\legacy-code-todo-rewrite\jestAdapterInit.js:122:21)
    at jestAdapter (C:\Users\benpe\Coding\REI-Project\InstantlyAnalyze-Components\node_modules\jest-circus\build\legacy-code-todo-rewrite\jestAdapter.js:79:19)
    at runTestInternal (C:\Users\benpe\Coding\REI-Project\InstantlyAnalyze-Components\node_modules\jest-runner\build\runTest.js:367:16)
    at runTest (C:\Users\benpe\Coding\REI-Project\InstantlyAnalyze-Components\node_modules\jest-runner\build\runTest.js:444:34)
    at Object.worker (C:\Users\benpe\Coding\REI-Project\InstantlyAnalyze-Components\node_modules\jest-runner\build\testWorker.js:106:12)</failure>
    </testcase>
    <testcase classname="LoadingBar accessibility should have aria-live attribute" name="LoadingBar accessibility should have aria-live attribute" time="0.082">
      <failure>Error: Element type is invalid: expected a string (for built-in components) or a class/function (for composite components) but got: object.

Check the render method of `LoadingBar`.
    at createFiberFromTypeAndProps (C:\Users\benpe\Coding\REI-Project\InstantlyAnalyze-Components\node_modules\react-dom\cjs\react-dom.development.js:28478:17)
    at createFiberFromElement (C:\Users\benpe\Coding\REI-Project\InstantlyAnalyze-Components\node_modules\react-dom\cjs\react-dom.development.js:28504:15)
    at createChild (C:\Users\benpe\Coding\REI-Project\InstantlyAnalyze-Components\node_modules\react-dom\cjs\react-dom.development.js:13345:28)
    at reconcileChildrenArray (C:\Users\benpe\Coding\REI-Project\InstantlyAnalyze-Components\node_modules\react-dom\cjs\react-dom.development.js:13640:25)
    at reconcileChildFibers (C:\Users\benpe\Coding\REI-Project\InstantlyAnalyze-Components\node_modules\react-dom\cjs\react-dom.development.js:14057:16)
    at reconcileChildren (C:\Users\benpe\Coding\REI-Project\InstantlyAnalyze-Components\node_modules\react-dom\cjs\react-dom.development.js:19186:28)
    at updateHostComponent (C:\Users\benpe\Coding\REI-Project\InstantlyAnalyze-Components\node_modules\react-dom\cjs\react-dom.development.js:19953:3)
    at beginWork (C:\Users\benpe\Coding\REI-Project\InstantlyAnalyze-Components\node_modules\react-dom\cjs\react-dom.development.js:21657:14)
    at beginWork$1 (C:\Users\benpe\Coding\REI-Project\InstantlyAnalyze-Components\node_modules\react-dom\cjs\react-dom.development.js:27465:14)
    at performUnitOfWork (C:\Users\benpe\Coding\REI-Project\InstantlyAnalyze-Components\node_modules\react-dom\cjs\react-dom.development.js:26599:12)
    at workLoopSync (C:\Users\benpe\Coding\REI-Project\InstantlyAnalyze-Components\node_modules\react-dom\cjs\react-dom.development.js:26505:5)
    at renderRootSync (C:\Users\benpe\Coding\REI-Project\InstantlyAnalyze-Components\node_modules\react-dom\cjs\react-dom.development.js:26473:7)
    at recoverFromConcurrentError (C:\Users\benpe\Coding\REI-Project\InstantlyAnalyze-Components\node_modules\react-dom\cjs\react-dom.development.js:25889:20)
    at performConcurrentWorkOnRoot (C:\Users\benpe\Coding\REI-Project\InstantlyAnalyze-Components\node_modules\react-dom\cjs\react-dom.development.js:25789:22)
    at flushActQueue (C:\Users\benpe\Coding\REI-Project\InstantlyAnalyze-Components\node_modules\react\cjs\react.development.js:2667:24)
    at act (C:\Users\benpe\Coding\REI-Project\InstantlyAnalyze-Components\node_modules\react\cjs\react.development.js:2582:11)
    at actWithWarning (C:\Users\benpe\Coding\REI-Project\InstantlyAnalyze-Components\node_modules\react-dom\cjs\react-dom-test-utils.development.js:1740:10)
    at C:\Users\benpe\Coding\REI-Project\InstantlyAnalyze-Components\node_modules\@testing-library\react\dist\act-compat.js:63:25
    at renderRoot (C:\Users\benpe\Coding\REI-Project\InstantlyAnalyze-Components\node_modules\@testing-library\react\dist\pure.js:159:26)
    at render (C:\Users\benpe\Coding\REI-Project\InstantlyAnalyze-Components\node_modules\@testing-library\react\dist\pure.js:246:10)
    at renderLoadingBar (C:\Users\benpe\Coding\REI-Project\InstantlyAnalyze-Components\tst\components\LoadingBar\LoadingBar.test.tsx:51:18)
    at Object.&lt;anonymous&gt; (C:\Users\benpe\Coding\REI-Project\InstantlyAnalyze-Components\tst\components\LoadingBar\LoadingBar.test.tsx:134:7)
    at Promise.then.completed (C:\Users\benpe\Coding\REI-Project\InstantlyAnalyze-Components\node_modules\jest-circus\build\utils.js:298:28)
    at new Promise (&lt;anonymous&gt;)
    at callAsyncCircusFn (C:\Users\benpe\Coding\REI-Project\InstantlyAnalyze-Components\node_modules\jest-circus\build\utils.js:231:10)
    at _callCircusTest (C:\Users\benpe\Coding\REI-Project\InstantlyAnalyze-Components\node_modules\jest-circus\build\run.js:316:40)
    at processTicksAndRejections (node:internal/process/task_queues:95:5)
    at _runTest (C:\Users\benpe\Coding\REI-Project\InstantlyAnalyze-Components\node_modules\jest-circus\build\run.js:252:3)
    at _runTestsForDescribeBlock (C:\Users\benpe\Coding\REI-Project\InstantlyAnalyze-Components\node_modules\jest-circus\build\run.js:126:9)
    at _runTestsForDescribeBlock (C:\Users\benpe\Coding\REI-Project\InstantlyAnalyze-Components\node_modules\jest-circus\build\run.js:121:9)
    at _runTestsForDescribeBlock (C:\Users\benpe\Coding\REI-Project\InstantlyAnalyze-Components\node_modules\jest-circus\build\run.js:121:9)
    at run (C:\Users\benpe\Coding\REI-Project\InstantlyAnalyze-Components\node_modules\jest-circus\build\run.js:71:3)
    at runAndTransformResultsToJestFormat (C:\Users\benpe\Coding\REI-Project\InstantlyAnalyze-Components\node_modules\jest-circus\build\legacy-code-todo-rewrite\jestAdapterInit.js:122:21)
    at jestAdapter (C:\Users\benpe\Coding\REI-Project\InstantlyAnalyze-Components\node_modules\jest-circus\build\legacy-code-todo-rewrite\jestAdapter.js:79:19)
    at runTestInternal (C:\Users\benpe\Coding\REI-Project\InstantlyAnalyze-Components\node_modules\jest-runner\build\runTest.js:367:16)
    at runTest (C:\Users\benpe\Coding\REI-Project\InstantlyAnalyze-Components\node_modules\jest-runner\build\runTest.js:444:34)
    at Object.worker (C:\Users\benpe\Coding\REI-Project\InstantlyAnalyze-Components\node_modules\jest-runner\build\testWorker.js:106:12)</failure>
    </testcase>
    <testcase classname="LoadingBar accessibility should be accessible to screen readers" name="LoadingBar accessibility should be accessible to screen readers" time="0.027">
      <failure>Error: Element type is invalid: expected a string (for built-in components) or a class/function (for composite components) but got: object.

Check the render method of `LoadingBar`.
    at createFiberFromTypeAndProps (C:\Users\benpe\Coding\REI-Project\InstantlyAnalyze-Components\node_modules\react-dom\cjs\react-dom.development.js:28478:17)
    at createFiberFromElement (C:\Users\benpe\Coding\REI-Project\InstantlyAnalyze-Components\node_modules\react-dom\cjs\react-dom.development.js:28504:15)
    at createChild (C:\Users\benpe\Coding\REI-Project\InstantlyAnalyze-Components\node_modules\react-dom\cjs\react-dom.development.js:13345:28)
    at reconcileChildrenArray (C:\Users\benpe\Coding\REI-Project\InstantlyAnalyze-Components\node_modules\react-dom\cjs\react-dom.development.js:13640:25)
    at reconcileChildFibers (C:\Users\benpe\Coding\REI-Project\InstantlyAnalyze-Components\node_modules\react-dom\cjs\react-dom.development.js:14057:16)
    at reconcileChildren (C:\Users\benpe\Coding\REI-Project\InstantlyAnalyze-Components\node_modules\react-dom\cjs\react-dom.development.js:19186:28)
    at updateHostComponent (C:\Users\benpe\Coding\REI-Project\InstantlyAnalyze-Components\node_modules\react-dom\cjs\react-dom.development.js:19953:3)
    at beginWork (C:\Users\benpe\Coding\REI-Project\InstantlyAnalyze-Components\node_modules\react-dom\cjs\react-dom.development.js:21657:14)
    at beginWork$1 (C:\Users\benpe\Coding\REI-Project\InstantlyAnalyze-Components\node_modules\react-dom\cjs\react-dom.development.js:27465:14)
    at performUnitOfWork (C:\Users\benpe\Coding\REI-Project\InstantlyAnalyze-Components\node_modules\react-dom\cjs\react-dom.development.js:26599:12)
    at workLoopSync (C:\Users\benpe\Coding\REI-Project\InstantlyAnalyze-Components\node_modules\react-dom\cjs\react-dom.development.js:26505:5)
    at renderRootSync (C:\Users\benpe\Coding\REI-Project\InstantlyAnalyze-Components\node_modules\react-dom\cjs\react-dom.development.js:26473:7)
    at recoverFromConcurrentError (C:\Users\benpe\Coding\REI-Project\InstantlyAnalyze-Components\node_modules\react-dom\cjs\react-dom.development.js:25889:20)
    at performConcurrentWorkOnRoot (C:\Users\benpe\Coding\REI-Project\InstantlyAnalyze-Components\node_modules\react-dom\cjs\react-dom.development.js:25789:22)
    at flushActQueue (C:\Users\benpe\Coding\REI-Project\InstantlyAnalyze-Components\node_modules\react\cjs\react.development.js:2667:24)
    at act (C:\Users\benpe\Coding\REI-Project\InstantlyAnalyze-Components\node_modules\react\cjs\react.development.js:2582:11)
    at actWithWarning (C:\Users\benpe\Coding\REI-Project\InstantlyAnalyze-Components\node_modules\react-dom\cjs\react-dom-test-utils.development.js:1740:10)
    at C:\Users\benpe\Coding\REI-Project\InstantlyAnalyze-Components\node_modules\@testing-library\react\dist\act-compat.js:63:25
    at renderRoot (C:\Users\benpe\Coding\REI-Project\InstantlyAnalyze-Components\node_modules\@testing-library\react\dist\pure.js:159:26)
    at render (C:\Users\benpe\Coding\REI-Project\InstantlyAnalyze-Components\node_modules\@testing-library\react\dist\pure.js:246:10)
    at renderLoadingBar (C:\Users\benpe\Coding\REI-Project\InstantlyAnalyze-Components\tst\components\LoadingBar\LoadingBar.test.tsx:51:18)
    at Object.&lt;anonymous&gt; (C:\Users\benpe\Coding\REI-Project\InstantlyAnalyze-Components\tst\components\LoadingBar\LoadingBar.test.tsx:141:7)
    at Promise.then.completed (C:\Users\benpe\Coding\REI-Project\InstantlyAnalyze-Components\node_modules\jest-circus\build\utils.js:298:28)
    at new Promise (&lt;anonymous&gt;)
    at callAsyncCircusFn (C:\Users\benpe\Coding\REI-Project\InstantlyAnalyze-Components\node_modules\jest-circus\build\utils.js:231:10)
    at _callCircusTest (C:\Users\benpe\Coding\REI-Project\InstantlyAnalyze-Components\node_modules\jest-circus\build\run.js:316:40)
    at processTicksAndRejections (node:internal/process/task_queues:95:5)
    at _runTest (C:\Users\benpe\Coding\REI-Project\InstantlyAnalyze-Components\node_modules\jest-circus\build\run.js:252:3)
    at _runTestsForDescribeBlock (C:\Users\benpe\Coding\REI-Project\InstantlyAnalyze-Components\node_modules\jest-circus\build\run.js:126:9)
    at _runTestsForDescribeBlock (C:\Users\benpe\Coding\REI-Project\InstantlyAnalyze-Components\node_modules\jest-circus\build\run.js:121:9)
    at _runTestsForDescribeBlock (C:\Users\benpe\Coding\REI-Project\InstantlyAnalyze-Components\node_modules\jest-circus\build\run.js:121:9)
    at run (C:\Users\benpe\Coding\REI-Project\InstantlyAnalyze-Components\node_modules\jest-circus\build\run.js:71:3)
    at runAndTransformResultsToJestFormat (C:\Users\benpe\Coding\REI-Project\InstantlyAnalyze-Components\node_modules\jest-circus\build\legacy-code-todo-rewrite\jestAdapterInit.js:122:21)
    at jestAdapter (C:\Users\benpe\Coding\REI-Project\InstantlyAnalyze-Components\node_modules\jest-circus\build\legacy-code-todo-rewrite\jestAdapter.js:79:19)
    at runTestInternal (C:\Users\benpe\Coding\REI-Project\InstantlyAnalyze-Components\node_modules\jest-runner\build\runTest.js:367:16)
    at runTest (C:\Users\benpe\Coding\REI-Project\InstantlyAnalyze-Components\node_modules\jest-runner\build\runTest.js:444:34)
    at Object.worker (C:\Users\benpe\Coding\REI-Project\InstantlyAnalyze-Components\node_modules\jest-runner\build\testWorker.js:106:12)</failure>
    </testcase>
    <testcase classname="LoadingBar accessibility should maintain accessibility with empty text" name="LoadingBar accessibility should maintain accessibility with empty text" time="0.029">
      <failure>Error: Element type is invalid: expected a string (for built-in components) or a class/function (for composite components) but got: object.

Check the render method of `LoadingBar`.
    at createFiberFromTypeAndProps (C:\Users\benpe\Coding\REI-Project\InstantlyAnalyze-Components\node_modules\react-dom\cjs\react-dom.development.js:28478:17)
    at createFiberFromElement (C:\Users\benpe\Coding\REI-Project\InstantlyAnalyze-Components\node_modules\react-dom\cjs\react-dom.development.js:28504:15)
    at createChild (C:\Users\benpe\Coding\REI-Project\InstantlyAnalyze-Components\node_modules\react-dom\cjs\react-dom.development.js:13345:28)
    at reconcileChildrenArray (C:\Users\benpe\Coding\REI-Project\InstantlyAnalyze-Components\node_modules\react-dom\cjs\react-dom.development.js:13640:25)
    at reconcileChildFibers (C:\Users\benpe\Coding\REI-Project\InstantlyAnalyze-Components\node_modules\react-dom\cjs\react-dom.development.js:14057:16)
    at reconcileChildren (C:\Users\benpe\Coding\REI-Project\InstantlyAnalyze-Components\node_modules\react-dom\cjs\react-dom.development.js:19186:28)
    at updateHostComponent (C:\Users\benpe\Coding\REI-Project\InstantlyAnalyze-Components\node_modules\react-dom\cjs\react-dom.development.js:19953:3)
    at beginWork (C:\Users\benpe\Coding\REI-Project\InstantlyAnalyze-Components\node_modules\react-dom\cjs\react-dom.development.js:21657:14)
    at beginWork$1 (C:\Users\benpe\Coding\REI-Project\InstantlyAnalyze-Components\node_modules\react-dom\cjs\react-dom.development.js:27465:14)
    at performUnitOfWork (C:\Users\benpe\Coding\REI-Project\InstantlyAnalyze-Components\node_modules\react-dom\cjs\react-dom.development.js:26599:12)
    at workLoopSync (C:\Users\benpe\Coding\REI-Project\InstantlyAnalyze-Components\node_modules\react-dom\cjs\react-dom.development.js:26505:5)
    at renderRootSync (C:\Users\benpe\Coding\REI-Project\InstantlyAnalyze-Components\node_modules\react-dom\cjs\react-dom.development.js:26473:7)
    at recoverFromConcurrentError (C:\Users\benpe\Coding\REI-Project\InstantlyAnalyze-Components\node_modules\react-dom\cjs\react-dom.development.js:25889:20)
    at performConcurrentWorkOnRoot (C:\Users\benpe\Coding\REI-Project\InstantlyAnalyze-Components\node_modules\react-dom\cjs\react-dom.development.js:25789:22)
    at flushActQueue (C:\Users\benpe\Coding\REI-Project\InstantlyAnalyze-Components\node_modules\react\cjs\react.development.js:2667:24)
    at act (C:\Users\benpe\Coding\REI-Project\InstantlyAnalyze-Components\node_modules\react\cjs\react.development.js:2582:11)
    at actWithWarning (C:\Users\benpe\Coding\REI-Project\InstantlyAnalyze-Components\node_modules\react-dom\cjs\react-dom-test-utils.development.js:1740:10)
    at C:\Users\benpe\Coding\REI-Project\InstantlyAnalyze-Components\node_modules\@testing-library\react\dist\act-compat.js:63:25
    at renderRoot (C:\Users\benpe\Coding\REI-Project\InstantlyAnalyze-Components\node_modules\@testing-library\react\dist\pure.js:159:26)
    at render (C:\Users\benpe\Coding\REI-Project\InstantlyAnalyze-Components\node_modules\@testing-library\react\dist\pure.js:246:10)
    at renderLoadingBar (C:\Users\benpe\Coding\REI-Project\InstantlyAnalyze-Components\tst\components\LoadingBar\LoadingBar.test.tsx:51:18)
    at Object.&lt;anonymous&gt; (C:\Users\benpe\Coding\REI-Project\InstantlyAnalyze-Components\tst\components\LoadingBar\LoadingBar.test.tsx:148:7)
    at Promise.then.completed (C:\Users\benpe\Coding\REI-Project\InstantlyAnalyze-Components\node_modules\jest-circus\build\utils.js:298:28)
    at new Promise (&lt;anonymous&gt;)
    at callAsyncCircusFn (C:\Users\benpe\Coding\REI-Project\InstantlyAnalyze-Components\node_modules\jest-circus\build\utils.js:231:10)
    at _callCircusTest (C:\Users\benpe\Coding\REI-Project\InstantlyAnalyze-Components\node_modules\jest-circus\build\run.js:316:40)
    at processTicksAndRejections (node:internal/process/task_queues:95:5)
    at _runTest (C:\Users\benpe\Coding\REI-Project\InstantlyAnalyze-Components\node_modules\jest-circus\build\run.js:252:3)
    at _runTestsForDescribeBlock (C:\Users\benpe\Coding\REI-Project\InstantlyAnalyze-Components\node_modules\jest-circus\build\run.js:126:9)
    at _runTestsForDescribeBlock (C:\Users\benpe\Coding\REI-Project\InstantlyAnalyze-Components\node_modules\jest-circus\build\run.js:121:9)
    at _runTestsForDescribeBlock (C:\Users\benpe\Coding\REI-Project\InstantlyAnalyze-Components\node_modules\jest-circus\build\run.js:121:9)
    at run (C:\Users\benpe\Coding\REI-Project\InstantlyAnalyze-Components\node_modules\jest-circus\build\run.js:71:3)
    at runAndTransformResultsToJestFormat (C:\Users\benpe\Coding\REI-Project\InstantlyAnalyze-Components\node_modules\jest-circus\build\legacy-code-todo-rewrite\jestAdapterInit.js:122:21)
    at jestAdapter (C:\Users\benpe\Coding\REI-Project\InstantlyAnalyze-Components\node_modules\jest-circus\build\legacy-code-todo-rewrite\jestAdapter.js:79:19)
    at runTestInternal (C:\Users\benpe\Coding\REI-Project\InstantlyAnalyze-Components\node_modules\jest-runner\build\runTest.js:367:16)
    at runTest (C:\Users\benpe\Coding\REI-Project\InstantlyAnalyze-Components\node_modules\jest-runner\build\runTest.js:444:34)
    at Object.worker (C:\Users\benpe\Coding\REI-Project\InstantlyAnalyze-Components\node_modules\jest-runner\build\testWorker.js:106:12)</failure>
    </testcase>
    <testcase classname="LoadingBar styling and layout should have correct box styling" name="LoadingBar styling and layout should have correct box styling" time="0.045">
      <failure>Error: Element type is invalid: expected a string (for built-in components) or a class/function (for composite components) but got: object.

Check the render method of `LoadingBar`.
    at createFiberFromTypeAndProps (C:\Users\benpe\Coding\REI-Project\InstantlyAnalyze-Components\node_modules\react-dom\cjs\react-dom.development.js:28478:17)
    at createFiberFromElement (C:\Users\benpe\Coding\REI-Project\InstantlyAnalyze-Components\node_modules\react-dom\cjs\react-dom.development.js:28504:15)
    at createChild (C:\Users\benpe\Coding\REI-Project\InstantlyAnalyze-Components\node_modules\react-dom\cjs\react-dom.development.js:13345:28)
    at reconcileChildrenArray (C:\Users\benpe\Coding\REI-Project\InstantlyAnalyze-Components\node_modules\react-dom\cjs\react-dom.development.js:13640:25)
    at reconcileChildFibers (C:\Users\benpe\Coding\REI-Project\InstantlyAnalyze-Components\node_modules\react-dom\cjs\react-dom.development.js:14057:16)
    at reconcileChildren (C:\Users\benpe\Coding\REI-Project\InstantlyAnalyze-Components\node_modules\react-dom\cjs\react-dom.development.js:19186:28)
    at updateHostComponent (C:\Users\benpe\Coding\REI-Project\InstantlyAnalyze-Components\node_modules\react-dom\cjs\react-dom.development.js:19953:3)
    at beginWork (C:\Users\benpe\Coding\REI-Project\InstantlyAnalyze-Components\node_modules\react-dom\cjs\react-dom.development.js:21657:14)
    at beginWork$1 (C:\Users\benpe\Coding\REI-Project\InstantlyAnalyze-Components\node_modules\react-dom\cjs\react-dom.development.js:27465:14)
    at performUnitOfWork (C:\Users\benpe\Coding\REI-Project\InstantlyAnalyze-Components\node_modules\react-dom\cjs\react-dom.development.js:26599:12)
    at workLoopSync (C:\Users\benpe\Coding\REI-Project\InstantlyAnalyze-Components\node_modules\react-dom\cjs\react-dom.development.js:26505:5)
    at renderRootSync (C:\Users\benpe\Coding\REI-Project\InstantlyAnalyze-Components\node_modules\react-dom\cjs\react-dom.development.js:26473:7)
    at recoverFromConcurrentError (C:\Users\benpe\Coding\REI-Project\InstantlyAnalyze-Components\node_modules\react-dom\cjs\react-dom.development.js:25889:20)
    at performConcurrentWorkOnRoot (C:\Users\benpe\Coding\REI-Project\InstantlyAnalyze-Components\node_modules\react-dom\cjs\react-dom.development.js:25789:22)
    at flushActQueue (C:\Users\benpe\Coding\REI-Project\InstantlyAnalyze-Components\node_modules\react\cjs\react.development.js:2667:24)
    at act (C:\Users\benpe\Coding\REI-Project\InstantlyAnalyze-Components\node_modules\react\cjs\react.development.js:2582:11)
    at actWithWarning (C:\Users\benpe\Coding\REI-Project\InstantlyAnalyze-Components\node_modules\react-dom\cjs\react-dom-test-utils.development.js:1740:10)
    at C:\Users\benpe\Coding\REI-Project\InstantlyAnalyze-Components\node_modules\@testing-library\react\dist\act-compat.js:63:25
    at renderRoot (C:\Users\benpe\Coding\REI-Project\InstantlyAnalyze-Components\node_modules\@testing-library\react\dist\pure.js:159:26)
    at render (C:\Users\benpe\Coding\REI-Project\InstantlyAnalyze-Components\node_modules\@testing-library\react\dist\pure.js:246:10)
    at renderLoadingBar (C:\Users\benpe\Coding\REI-Project\InstantlyAnalyze-Components\tst\components\LoadingBar\LoadingBar.test.tsx:51:18)
    at Object.&lt;anonymous&gt; (C:\Users\benpe\Coding\REI-Project\InstantlyAnalyze-Components\tst\components\LoadingBar\LoadingBar.test.tsx:157:7)
    at Promise.then.completed (C:\Users\benpe\Coding\REI-Project\InstantlyAnalyze-Components\node_modules\jest-circus\build\utils.js:298:28)
    at new Promise (&lt;anonymous&gt;)
    at callAsyncCircusFn (C:\Users\benpe\Coding\REI-Project\InstantlyAnalyze-Components\node_modules\jest-circus\build\utils.js:231:10)
    at _callCircusTest (C:\Users\benpe\Coding\REI-Project\InstantlyAnalyze-Components\node_modules\jest-circus\build\run.js:316:40)
    at processTicksAndRejections (node:internal/process/task_queues:95:5)
    at _runTest (C:\Users\benpe\Coding\REI-Project\InstantlyAnalyze-Components\node_modules\jest-circus\build\run.js:252:3)
    at _runTestsForDescribeBlock (C:\Users\benpe\Coding\REI-Project\InstantlyAnalyze-Components\node_modules\jest-circus\build\run.js:126:9)
    at _runTestsForDescribeBlock (C:\Users\benpe\Coding\REI-Project\InstantlyAnalyze-Components\node_modules\jest-circus\build\run.js:121:9)
    at _runTestsForDescribeBlock (C:\Users\benpe\Coding\REI-Project\InstantlyAnalyze-Components\node_modules\jest-circus\build\run.js:121:9)
    at run (C:\Users\benpe\Coding\REI-Project\InstantlyAnalyze-Components\node_modules\jest-circus\build\run.js:71:3)
    at runAndTransformResultsToJestFormat (C:\Users\benpe\Coding\REI-Project\InstantlyAnalyze-Components\node_modules\jest-circus\build\legacy-code-todo-rewrite\jestAdapterInit.js:122:21)
    at jestAdapter (C:\Users\benpe\Coding\REI-Project\InstantlyAnalyze-Components\node_modules\jest-circus\build\legacy-code-todo-rewrite\jestAdapter.js:79:19)
    at runTestInternal (C:\Users\benpe\Coding\REI-Project\InstantlyAnalyze-Components\node_modules\jest-runner\build\runTest.js:367:16)
    at runTest (C:\Users\benpe\Coding\REI-Project\InstantlyAnalyze-Components\node_modules\jest-runner\build\runTest.js:444:34)
    at Object.worker (C:\Users\benpe\Coding\REI-Project\InstantlyAnalyze-Components\node_modules\jest-runner\build\testWorker.js:106:12)</failure>
    </testcase>
    <testcase classname="LoadingBar styling and layout should maintain consistent styling with different props" name="LoadingBar styling and layout should maintain consistent styling with different props" time="0.091">
      <failure>Error: Element type is invalid: expected a string (for built-in components) or a class/function (for composite components) but got: object.

Check the render method of `LoadingBar`.
    at createFiberFromTypeAndProps (C:\Users\benpe\Coding\REI-Project\InstantlyAnalyze-Components\node_modules\react-dom\cjs\react-dom.development.js:28478:17)
    at createFiberFromElement (C:\Users\benpe\Coding\REI-Project\InstantlyAnalyze-Components\node_modules\react-dom\cjs\react-dom.development.js:28504:15)
    at createChild (C:\Users\benpe\Coding\REI-Project\InstantlyAnalyze-Components\node_modules\react-dom\cjs\react-dom.development.js:13345:28)
    at reconcileChildrenArray (C:\Users\benpe\Coding\REI-Project\InstantlyAnalyze-Components\node_modules\react-dom\cjs\react-dom.development.js:13640:25)
    at reconcileChildFibers (C:\Users\benpe\Coding\REI-Project\InstantlyAnalyze-Components\node_modules\react-dom\cjs\react-dom.development.js:14057:16)
    at reconcileChildren (C:\Users\benpe\Coding\REI-Project\InstantlyAnalyze-Components\node_modules\react-dom\cjs\react-dom.development.js:19186:28)
    at updateHostComponent (C:\Users\benpe\Coding\REI-Project\InstantlyAnalyze-Components\node_modules\react-dom\cjs\react-dom.development.js:19953:3)
    at beginWork (C:\Users\benpe\Coding\REI-Project\InstantlyAnalyze-Components\node_modules\react-dom\cjs\react-dom.development.js:21657:14)
    at beginWork$1 (C:\Users\benpe\Coding\REI-Project\InstantlyAnalyze-Components\node_modules\react-dom\cjs\react-dom.development.js:27465:14)
    at performUnitOfWork (C:\Users\benpe\Coding\REI-Project\InstantlyAnalyze-Components\node_modules\react-dom\cjs\react-dom.development.js:26599:12)
    at workLoopSync (C:\Users\benpe\Coding\REI-Project\InstantlyAnalyze-Components\node_modules\react-dom\cjs\react-dom.development.js:26505:5)
    at renderRootSync (C:\Users\benpe\Coding\REI-Project\InstantlyAnalyze-Components\node_modules\react-dom\cjs\react-dom.development.js:26473:7)
    at recoverFromConcurrentError (C:\Users\benpe\Coding\REI-Project\InstantlyAnalyze-Components\node_modules\react-dom\cjs\react-dom.development.js:25889:20)
    at performConcurrentWorkOnRoot (C:\Users\benpe\Coding\REI-Project\InstantlyAnalyze-Components\node_modules\react-dom\cjs\react-dom.development.js:25789:22)
    at flushActQueue (C:\Users\benpe\Coding\REI-Project\InstantlyAnalyze-Components\node_modules\react\cjs\react.development.js:2667:24)
    at act (C:\Users\benpe\Coding\REI-Project\InstantlyAnalyze-Components\node_modules\react\cjs\react.development.js:2582:11)
    at actWithWarning (C:\Users\benpe\Coding\REI-Project\InstantlyAnalyze-Components\node_modules\react-dom\cjs\react-dom-test-utils.development.js:1740:10)
    at C:\Users\benpe\Coding\REI-Project\InstantlyAnalyze-Components\node_modules\@testing-library\react\dist\act-compat.js:63:25
    at renderRoot (C:\Users\benpe\Coding\REI-Project\InstantlyAnalyze-Components\node_modules\@testing-library\react\dist\pure.js:159:26)
    at render (C:\Users\benpe\Coding\REI-Project\InstantlyAnalyze-Components\node_modules\@testing-library\react\dist\pure.js:246:10)
    at renderLoadingBar (C:\Users\benpe\Coding\REI-Project\InstantlyAnalyze-Components\tst\components\LoadingBar\LoadingBar.test.tsx:51:18)
    at Object.&lt;anonymous&gt; (C:\Users\benpe\Coding\REI-Project\InstantlyAnalyze-Components\tst\components\LoadingBar\LoadingBar.test.tsx:166:7)
    at Promise.then.completed (C:\Users\benpe\Coding\REI-Project\InstantlyAnalyze-Components\node_modules\jest-circus\build\utils.js:298:28)
    at new Promise (&lt;anonymous&gt;)
    at callAsyncCircusFn (C:\Users\benpe\Coding\REI-Project\InstantlyAnalyze-Components\node_modules\jest-circus\build\utils.js:231:10)
    at _callCircusTest (C:\Users\benpe\Coding\REI-Project\InstantlyAnalyze-Components\node_modules\jest-circus\build\run.js:316:40)
    at processTicksAndRejections (node:internal/process/task_queues:95:5)
    at _runTest (C:\Users\benpe\Coding\REI-Project\InstantlyAnalyze-Components\node_modules\jest-circus\build\run.js:252:3)
    at _runTestsForDescribeBlock (C:\Users\benpe\Coding\REI-Project\InstantlyAnalyze-Components\node_modules\jest-circus\build\run.js:126:9)
    at _runTestsForDescribeBlock (C:\Users\benpe\Coding\REI-Project\InstantlyAnalyze-Components\node_modules\jest-circus\build\run.js:121:9)
    at _runTestsForDescribeBlock (C:\Users\benpe\Coding\REI-Project\InstantlyAnalyze-Components\node_modules\jest-circus\build\run.js:121:9)
    at run (C:\Users\benpe\Coding\REI-Project\InstantlyAnalyze-Components\node_modules\jest-circus\build\run.js:71:3)
    at runAndTransformResultsToJestFormat (C:\Users\benpe\Coding\REI-Project\InstantlyAnalyze-Components\node_modules\jest-circus\build\legacy-code-todo-rewrite\jestAdapterInit.js:122:21)
    at jestAdapter (C:\Users\benpe\Coding\REI-Project\InstantlyAnalyze-Components\node_modules\jest-circus\build\legacy-code-todo-rewrite\jestAdapter.js:79:19)
    at runTestInternal (C:\Users\benpe\Coding\REI-Project\InstantlyAnalyze-Components\node_modules\jest-runner\build\runTest.js:367:16)
    at runTest (C:\Users\benpe\Coding\REI-Project\InstantlyAnalyze-Components\node_modules\jest-runner\build\runTest.js:444:34)
    at Object.worker (C:\Users\benpe\Coding\REI-Project\InstantlyAnalyze-Components\node_modules\jest-runner\build\testWorker.js:106:12)</failure>
    </testcase>
    <testcase classname="LoadingBar component structure should have proper DOM structure" name="LoadingBar component structure should have proper DOM structure" time="0.029">
      <failure>Error: Element type is invalid: expected a string (for built-in components) or a class/function (for composite components) but got: object.

Check the render method of `LoadingBar`.
    at createFiberFromTypeAndProps (C:\Users\benpe\Coding\REI-Project\InstantlyAnalyze-Components\node_modules\react-dom\cjs\react-dom.development.js:28478:17)
    at createFiberFromElement (C:\Users\benpe\Coding\REI-Project\InstantlyAnalyze-Components\node_modules\react-dom\cjs\react-dom.development.js:28504:15)
    at createChild (C:\Users\benpe\Coding\REI-Project\InstantlyAnalyze-Components\node_modules\react-dom\cjs\react-dom.development.js:13345:28)
    at reconcileChildrenArray (C:\Users\benpe\Coding\REI-Project\InstantlyAnalyze-Components\node_modules\react-dom\cjs\react-dom.development.js:13640:25)
    at reconcileChildFibers (C:\Users\benpe\Coding\REI-Project\InstantlyAnalyze-Components\node_modules\react-dom\cjs\react-dom.development.js:14057:16)
    at reconcileChildren (C:\Users\benpe\Coding\REI-Project\InstantlyAnalyze-Components\node_modules\react-dom\cjs\react-dom.development.js:19186:28)
    at updateHostComponent (C:\Users\benpe\Coding\REI-Project\InstantlyAnalyze-Components\node_modules\react-dom\cjs\react-dom.development.js:19953:3)
    at beginWork (C:\Users\benpe\Coding\REI-Project\InstantlyAnalyze-Components\node_modules\react-dom\cjs\react-dom.development.js:21657:14)
    at beginWork$1 (C:\Users\benpe\Coding\REI-Project\InstantlyAnalyze-Components\node_modules\react-dom\cjs\react-dom.development.js:27465:14)
    at performUnitOfWork (C:\Users\benpe\Coding\REI-Project\InstantlyAnalyze-Components\node_modules\react-dom\cjs\react-dom.development.js:26599:12)
    at workLoopSync (C:\Users\benpe\Coding\REI-Project\InstantlyAnalyze-Components\node_modules\react-dom\cjs\react-dom.development.js:26505:5)
    at renderRootSync (C:\Users\benpe\Coding\REI-Project\InstantlyAnalyze-Components\node_modules\react-dom\cjs\react-dom.development.js:26473:7)
    at recoverFromConcurrentError (C:\Users\benpe\Coding\REI-Project\InstantlyAnalyze-Components\node_modules\react-dom\cjs\react-dom.development.js:25889:20)
    at performConcurrentWorkOnRoot (C:\Users\benpe\Coding\REI-Project\InstantlyAnalyze-Components\node_modules\react-dom\cjs\react-dom.development.js:25789:22)
    at flushActQueue (C:\Users\benpe\Coding\REI-Project\InstantlyAnalyze-Components\node_modules\react\cjs\react.development.js:2667:24)
    at act (C:\Users\benpe\Coding\REI-Project\InstantlyAnalyze-Components\node_modules\react\cjs\react.development.js:2582:11)
    at actWithWarning (C:\Users\benpe\Coding\REI-Project\InstantlyAnalyze-Components\node_modules\react-dom\cjs\react-dom-test-utils.development.js:1740:10)
    at C:\Users\benpe\Coding\REI-Project\InstantlyAnalyze-Components\node_modules\@testing-library\react\dist\act-compat.js:63:25
    at renderRoot (C:\Users\benpe\Coding\REI-Project\InstantlyAnalyze-Components\node_modules\@testing-library\react\dist\pure.js:159:26)
    at render (C:\Users\benpe\Coding\REI-Project\InstantlyAnalyze-Components\node_modules\@testing-library\react\dist\pure.js:246:10)
    at renderLoadingBar (C:\Users\benpe\Coding\REI-Project\InstantlyAnalyze-Components\tst\components\LoadingBar\LoadingBar.test.tsx:51:18)
    at Object.&lt;anonymous&gt; (C:\Users\benpe\Coding\REI-Project\InstantlyAnalyze-Components\tst\components\LoadingBar\LoadingBar.test.tsx:177:7)
    at Promise.then.completed (C:\Users\benpe\Coding\REI-Project\InstantlyAnalyze-Components\node_modules\jest-circus\build\utils.js:298:28)
    at new Promise (&lt;anonymous&gt;)
    at callAsyncCircusFn (C:\Users\benpe\Coding\REI-Project\InstantlyAnalyze-Components\node_modules\jest-circus\build\utils.js:231:10)
    at _callCircusTest (C:\Users\benpe\Coding\REI-Project\InstantlyAnalyze-Components\node_modules\jest-circus\build\run.js:316:40)
    at processTicksAndRejections (node:internal/process/task_queues:95:5)
    at _runTest (C:\Users\benpe\Coding\REI-Project\InstantlyAnalyze-Components\node_modules\jest-circus\build\run.js:252:3)
    at _runTestsForDescribeBlock (C:\Users\benpe\Coding\REI-Project\InstantlyAnalyze-Components\node_modules\jest-circus\build\run.js:126:9)
    at _runTestsForDescribeBlock (C:\Users\benpe\Coding\REI-Project\InstantlyAnalyze-Components\node_modules\jest-circus\build\run.js:121:9)
    at _runTestsForDescribeBlock (C:\Users\benpe\Coding\REI-Project\InstantlyAnalyze-Components\node_modules\jest-circus\build\run.js:121:9)
    at run (C:\Users\benpe\Coding\REI-Project\InstantlyAnalyze-Components\node_modules\jest-circus\build\run.js:71:3)
    at runAndTransformResultsToJestFormat (C:\Users\benpe\Coding\REI-Project\InstantlyAnalyze-Components\node_modules\jest-circus\build\legacy-code-todo-rewrite\jestAdapterInit.js:122:21)
    at jestAdapter (C:\Users\benpe\Coding\REI-Project\InstantlyAnalyze-Components\node_modules\jest-circus\build\legacy-code-todo-rewrite\jestAdapter.js:79:19)
    at runTestInternal (C:\Users\benpe\Coding\REI-Project\InstantlyAnalyze-Components\node_modules\jest-runner\build\runTest.js:367:16)
    at runTest (C:\Users\benpe\Coding\REI-Project\InstantlyAnalyze-Components\node_modules\jest-runner\build\runTest.js:444:34)
    at Object.worker (C:\Users\benpe\Coding\REI-Project\InstantlyAnalyze-Components\node_modules\jest-runner\build\testWorker.js:106:12)</failure>
    </testcase>
    <testcase classname="LoadingBar component structure should render loading bar component" name="LoadingBar component structure should render loading bar component" time="0.033">
      <failure>Error: Element type is invalid: expected a string (for built-in components) or a class/function (for composite components) but got: object.

Check the render method of `LoadingBar`.
    at createFiberFromTypeAndProps (C:\Users\benpe\Coding\REI-Project\InstantlyAnalyze-Components\node_modules\react-dom\cjs\react-dom.development.js:28478:17)
    at createFiberFromElement (C:\Users\benpe\Coding\REI-Project\InstantlyAnalyze-Components\node_modules\react-dom\cjs\react-dom.development.js:28504:15)
    at createChild (C:\Users\benpe\Coding\REI-Project\InstantlyAnalyze-Components\node_modules\react-dom\cjs\react-dom.development.js:13345:28)
    at reconcileChildrenArray (C:\Users\benpe\Coding\REI-Project\InstantlyAnalyze-Components\node_modules\react-dom\cjs\react-dom.development.js:13640:25)
    at reconcileChildFibers (C:\Users\benpe\Coding\REI-Project\InstantlyAnalyze-Components\node_modules\react-dom\cjs\react-dom.development.js:14057:16)
    at reconcileChildren (C:\Users\benpe\Coding\REI-Project\InstantlyAnalyze-Components\node_modules\react-dom\cjs\react-dom.development.js:19186:28)
    at updateHostComponent (C:\Users\benpe\Coding\REI-Project\InstantlyAnalyze-Components\node_modules\react-dom\cjs\react-dom.development.js:19953:3)
    at beginWork (C:\Users\benpe\Coding\REI-Project\InstantlyAnalyze-Components\node_modules\react-dom\cjs\react-dom.development.js:21657:14)
    at beginWork$1 (C:\Users\benpe\Coding\REI-Project\InstantlyAnalyze-Components\node_modules\react-dom\cjs\react-dom.development.js:27465:14)
    at performUnitOfWork (C:\Users\benpe\Coding\REI-Project\InstantlyAnalyze-Components\node_modules\react-dom\cjs\react-dom.development.js:26599:12)
    at workLoopSync (C:\Users\benpe\Coding\REI-Project\InstantlyAnalyze-Components\node_modules\react-dom\cjs\react-dom.development.js:26505:5)
    at renderRootSync (C:\Users\benpe\Coding\REI-Project\InstantlyAnalyze-Components\node_modules\react-dom\cjs\react-dom.development.js:26473:7)
    at recoverFromConcurrentError (C:\Users\benpe\Coding\REI-Project\InstantlyAnalyze-Components\node_modules\react-dom\cjs\react-dom.development.js:25889:20)
    at performConcurrentWorkOnRoot (C:\Users\benpe\Coding\REI-Project\InstantlyAnalyze-Components\node_modules\react-dom\cjs\react-dom.development.js:25789:22)
    at flushActQueue (C:\Users\benpe\Coding\REI-Project\InstantlyAnalyze-Components\node_modules\react\cjs\react.development.js:2667:24)
    at act (C:\Users\benpe\Coding\REI-Project\InstantlyAnalyze-Components\node_modules\react\cjs\react.development.js:2582:11)
    at actWithWarning (C:\Users\benpe\Coding\REI-Project\InstantlyAnalyze-Components\node_modules\react-dom\cjs\react-dom-test-utils.development.js:1740:10)
    at C:\Users\benpe\Coding\REI-Project\InstantlyAnalyze-Components\node_modules\@testing-library\react\dist\act-compat.js:63:25
    at renderRoot (C:\Users\benpe\Coding\REI-Project\InstantlyAnalyze-Components\node_modules\@testing-library\react\dist\pure.js:159:26)
    at render (C:\Users\benpe\Coding\REI-Project\InstantlyAnalyze-Components\node_modules\@testing-library\react\dist\pure.js:246:10)
    at renderLoadingBar (C:\Users\benpe\Coding\REI-Project\InstantlyAnalyze-Components\tst\components\LoadingBar\LoadingBar.test.tsx:51:18)
    at Object.&lt;anonymous&gt; (C:\Users\benpe\Coding\REI-Project\InstantlyAnalyze-Components\tst\components\LoadingBar\LoadingBar.test.tsx:188:7)
    at Promise.then.completed (C:\Users\benpe\Coding\REI-Project\InstantlyAnalyze-Components\node_modules\jest-circus\build\utils.js:298:28)
    at new Promise (&lt;anonymous&gt;)
    at callAsyncCircusFn (C:\Users\benpe\Coding\REI-Project\InstantlyAnalyze-Components\node_modules\jest-circus\build\utils.js:231:10)
    at _callCircusTest (C:\Users\benpe\Coding\REI-Project\InstantlyAnalyze-Components\node_modules\jest-circus\build\run.js:316:40)
    at processTicksAndRejections (node:internal/process/task_queues:95:5)
    at _runTest (C:\Users\benpe\Coding\REI-Project\InstantlyAnalyze-Components\node_modules\jest-circus\build\run.js:252:3)
    at _runTestsForDescribeBlock (C:\Users\benpe\Coding\REI-Project\InstantlyAnalyze-Components\node_modules\jest-circus\build\run.js:126:9)
    at _runTestsForDescribeBlock (C:\Users\benpe\Coding\REI-Project\InstantlyAnalyze-Components\node_modules\jest-circus\build\run.js:121:9)
    at _runTestsForDescribeBlock (C:\Users\benpe\Coding\REI-Project\InstantlyAnalyze-Components\node_modules\jest-circus\build\run.js:121:9)
    at run (C:\Users\benpe\Coding\REI-Project\InstantlyAnalyze-Components\node_modules\jest-circus\build\run.js:71:3)
    at runAndTransformResultsToJestFormat (C:\Users\benpe\Coding\REI-Project\InstantlyAnalyze-Components\node_modules\jest-circus\build\legacy-code-todo-rewrite\jestAdapterInit.js:122:21)
    at jestAdapter (C:\Users\benpe\Coding\REI-Project\InstantlyAnalyze-Components\node_modules\jest-circus\build\legacy-code-todo-rewrite\jestAdapter.js:79:19)
    at runTestInternal (C:\Users\benpe\Coding\REI-Project\InstantlyAnalyze-Components\node_modules\jest-runner\build\runTest.js:367:16)
    at runTest (C:\Users\benpe\Coding\REI-Project\InstantlyAnalyze-Components\node_modules\jest-runner\build\runTest.js:444:34)
    at Object.worker (C:\Users\benpe\Coding\REI-Project\InstantlyAnalyze-Components\node_modules\jest-runner\build\testWorker.js:106:12)</failure>
    </testcase>
    <testcase classname="LoadingBar edge cases should handle null text prop" name="LoadingBar edge cases should handle null text prop" time="0.067">
      <failure>Error: Element type is invalid: expected a string (for built-in components) or a class/function (for composite components) but got: object.

Check the render method of `LoadingBar`.
    at createFiberFromTypeAndProps (C:\Users\benpe\Coding\REI-Project\InstantlyAnalyze-Components\node_modules\react-dom\cjs\react-dom.development.js:28478:17)
    at createFiberFromElement (C:\Users\benpe\Coding\REI-Project\InstantlyAnalyze-Components\node_modules\react-dom\cjs\react-dom.development.js:28504:15)
    at createChild (C:\Users\benpe\Coding\REI-Project\InstantlyAnalyze-Components\node_modules\react-dom\cjs\react-dom.development.js:13345:28)
    at reconcileChildrenArray (C:\Users\benpe\Coding\REI-Project\InstantlyAnalyze-Components\node_modules\react-dom\cjs\react-dom.development.js:13640:25)
    at reconcileChildFibers (C:\Users\benpe\Coding\REI-Project\InstantlyAnalyze-Components\node_modules\react-dom\cjs\react-dom.development.js:14057:16)
    at reconcileChildren (C:\Users\benpe\Coding\REI-Project\InstantlyAnalyze-Components\node_modules\react-dom\cjs\react-dom.development.js:19186:28)
    at updateHostComponent (C:\Users\benpe\Coding\REI-Project\InstantlyAnalyze-Components\node_modules\react-dom\cjs\react-dom.development.js:19953:3)
    at beginWork (C:\Users\benpe\Coding\REI-Project\InstantlyAnalyze-Components\node_modules\react-dom\cjs\react-dom.development.js:21657:14)
    at beginWork$1 (C:\Users\benpe\Coding\REI-Project\InstantlyAnalyze-Components\node_modules\react-dom\cjs\react-dom.development.js:27465:14)
    at performUnitOfWork (C:\Users\benpe\Coding\REI-Project\InstantlyAnalyze-Components\node_modules\react-dom\cjs\react-dom.development.js:26599:12)
    at workLoopSync (C:\Users\benpe\Coding\REI-Project\InstantlyAnalyze-Components\node_modules\react-dom\cjs\react-dom.development.js:26505:5)
    at renderRootSync (C:\Users\benpe\Coding\REI-Project\InstantlyAnalyze-Components\node_modules\react-dom\cjs\react-dom.development.js:26473:7)
    at recoverFromConcurrentError (C:\Users\benpe\Coding\REI-Project\InstantlyAnalyze-Components\node_modules\react-dom\cjs\react-dom.development.js:25889:20)
    at performConcurrentWorkOnRoot (C:\Users\benpe\Coding\REI-Project\InstantlyAnalyze-Components\node_modules\react-dom\cjs\react-dom.development.js:25789:22)
    at flushActQueue (C:\Users\benpe\Coding\REI-Project\InstantlyAnalyze-Components\node_modules\react\cjs\react.development.js:2667:24)
    at act (C:\Users\benpe\Coding\REI-Project\InstantlyAnalyze-Components\node_modules\react\cjs\react.development.js:2582:11)
    at actWithWarning (C:\Users\benpe\Coding\REI-Project\InstantlyAnalyze-Components\node_modules\react-dom\cjs\react-dom-test-utils.development.js:1740:10)
    at C:\Users\benpe\Coding\REI-Project\InstantlyAnalyze-Components\node_modules\@testing-library\react\dist\act-compat.js:63:25
    at renderRoot (C:\Users\benpe\Coding\REI-Project\InstantlyAnalyze-Components\node_modules\@testing-library\react\dist\pure.js:159:26)
    at render (C:\Users\benpe\Coding\REI-Project\InstantlyAnalyze-Components\node_modules\@testing-library\react\dist\pure.js:246:10)
    at renderLoadingBar (C:\Users\benpe\Coding\REI-Project\InstantlyAnalyze-Components\tst\components\LoadingBar\LoadingBar.test.tsx:51:18)
    at Object.&lt;anonymous&gt; (C:\Users\benpe\Coding\REI-Project\InstantlyAnalyze-Components\tst\components\LoadingBar\LoadingBar.test.tsx:197:7)
    at Promise.then.completed (C:\Users\benpe\Coding\REI-Project\InstantlyAnalyze-Components\node_modules\jest-circus\build\utils.js:298:28)
    at new Promise (&lt;anonymous&gt;)
    at callAsyncCircusFn (C:\Users\benpe\Coding\REI-Project\InstantlyAnalyze-Components\node_modules\jest-circus\build\utils.js:231:10)
    at _callCircusTest (C:\Users\benpe\Coding\REI-Project\InstantlyAnalyze-Components\node_modules\jest-circus\build\run.js:316:40)
    at processTicksAndRejections (node:internal/process/task_queues:95:5)
    at _runTest (C:\Users\benpe\Coding\REI-Project\InstantlyAnalyze-Components\node_modules\jest-circus\build\run.js:252:3)
    at _runTestsForDescribeBlock (C:\Users\benpe\Coding\REI-Project\InstantlyAnalyze-Components\node_modules\jest-circus\build\run.js:126:9)
    at _runTestsForDescribeBlock (C:\Users\benpe\Coding\REI-Project\InstantlyAnalyze-Components\node_modules\jest-circus\build\run.js:121:9)
    at _runTestsForDescribeBlock (C:\Users\benpe\Coding\REI-Project\InstantlyAnalyze-Components\node_modules\jest-circus\build\run.js:121:9)
    at run (C:\Users\benpe\Coding\REI-Project\InstantlyAnalyze-Components\node_modules\jest-circus\build\run.js:71:3)
    at runAndTransformResultsToJestFormat (C:\Users\benpe\Coding\REI-Project\InstantlyAnalyze-Components\node_modules\jest-circus\build\legacy-code-todo-rewrite\jestAdapterInit.js:122:21)
    at jestAdapter (C:\Users\benpe\Coding\REI-Project\InstantlyAnalyze-Components\node_modules\jest-circus\build\legacy-code-todo-rewrite\jestAdapter.js:79:19)
    at runTestInternal (C:\Users\benpe\Coding\REI-Project\InstantlyAnalyze-Components\node_modules\jest-runner\build\runTest.js:367:16)
    at runTest (C:\Users\benpe\Coding\REI-Project\InstantlyAnalyze-Components\node_modules\jest-runner\build\runTest.js:444:34)
    at Object.worker (C:\Users\benpe\Coding\REI-Project\InstantlyAnalyze-Components\node_modules\jest-runner\build\testWorker.js:106:12)</failure>
    </testcase>
    <testcase classname="LoadingBar edge cases should handle numeric text prop" name="LoadingBar edge cases should handle numeric text prop" time="0.03">
      <failure>Error: Element type is invalid: expected a string (for built-in components) or a class/function (for composite components) but got: object.

Check the render method of `LoadingBar`.
    at createFiberFromTypeAndProps (C:\Users\benpe\Coding\REI-Project\InstantlyAnalyze-Components\node_modules\react-dom\cjs\react-dom.development.js:28478:17)
    at createFiberFromElement (C:\Users\benpe\Coding\REI-Project\InstantlyAnalyze-Components\node_modules\react-dom\cjs\react-dom.development.js:28504:15)
    at createChild (C:\Users\benpe\Coding\REI-Project\InstantlyAnalyze-Components\node_modules\react-dom\cjs\react-dom.development.js:13345:28)
    at reconcileChildrenArray (C:\Users\benpe\Coding\REI-Project\InstantlyAnalyze-Components\node_modules\react-dom\cjs\react-dom.development.js:13640:25)
    at reconcileChildFibers (C:\Users\benpe\Coding\REI-Project\InstantlyAnalyze-Components\node_modules\react-dom\cjs\react-dom.development.js:14057:16)
    at reconcileChildren (C:\Users\benpe\Coding\REI-Project\InstantlyAnalyze-Components\node_modules\react-dom\cjs\react-dom.development.js:19186:28)
    at updateHostComponent (C:\Users\benpe\Coding\REI-Project\InstantlyAnalyze-Components\node_modules\react-dom\cjs\react-dom.development.js:19953:3)
    at beginWork (C:\Users\benpe\Coding\REI-Project\InstantlyAnalyze-Components\node_modules\react-dom\cjs\react-dom.development.js:21657:14)
    at beginWork$1 (C:\Users\benpe\Coding\REI-Project\InstantlyAnalyze-Components\node_modules\react-dom\cjs\react-dom.development.js:27465:14)
    at performUnitOfWork (C:\Users\benpe\Coding\REI-Project\InstantlyAnalyze-Components\node_modules\react-dom\cjs\react-dom.development.js:26599:12)
    at workLoopSync (C:\Users\benpe\Coding\REI-Project\InstantlyAnalyze-Components\node_modules\react-dom\cjs\react-dom.development.js:26505:5)
    at renderRootSync (C:\Users\benpe\Coding\REI-Project\InstantlyAnalyze-Components\node_modules\react-dom\cjs\react-dom.development.js:26473:7)
    at recoverFromConcurrentError (C:\Users\benpe\Coding\REI-Project\InstantlyAnalyze-Components\node_modules\react-dom\cjs\react-dom.development.js:25889:20)
    at performConcurrentWorkOnRoot (C:\Users\benpe\Coding\REI-Project\InstantlyAnalyze-Components\node_modules\react-dom\cjs\react-dom.development.js:25789:22)
    at flushActQueue (C:\Users\benpe\Coding\REI-Project\InstantlyAnalyze-Components\node_modules\react\cjs\react.development.js:2667:24)
    at act (C:\Users\benpe\Coding\REI-Project\InstantlyAnalyze-Components\node_modules\react\cjs\react.development.js:2582:11)
    at actWithWarning (C:\Users\benpe\Coding\REI-Project\InstantlyAnalyze-Components\node_modules\react-dom\cjs\react-dom-test-utils.development.js:1740:10)
    at C:\Users\benpe\Coding\REI-Project\InstantlyAnalyze-Components\node_modules\@testing-library\react\dist\act-compat.js:63:25
    at renderRoot (C:\Users\benpe\Coding\REI-Project\InstantlyAnalyze-Components\node_modules\@testing-library\react\dist\pure.js:159:26)
    at render (C:\Users\benpe\Coding\REI-Project\InstantlyAnalyze-Components\node_modules\@testing-library\react\dist\pure.js:246:10)
    at renderLoadingBar (C:\Users\benpe\Coding\REI-Project\InstantlyAnalyze-Components\tst\components\LoadingBar\LoadingBar.test.tsx:51:18)
    at Object.&lt;anonymous&gt; (C:\Users\benpe\Coding\REI-Project\InstantlyAnalyze-Components\tst\components\LoadingBar\LoadingBar.test.tsx:204:7)
    at Promise.then.completed (C:\Users\benpe\Coding\REI-Project\InstantlyAnalyze-Components\node_modules\jest-circus\build\utils.js:298:28)
    at new Promise (&lt;anonymous&gt;)
    at callAsyncCircusFn (C:\Users\benpe\Coding\REI-Project\InstantlyAnalyze-Components\node_modules\jest-circus\build\utils.js:231:10)
    at _callCircusTest (C:\Users\benpe\Coding\REI-Project\InstantlyAnalyze-Components\node_modules\jest-circus\build\run.js:316:40)
    at processTicksAndRejections (node:internal/process/task_queues:95:5)
    at _runTest (C:\Users\benpe\Coding\REI-Project\InstantlyAnalyze-Components\node_modules\jest-circus\build\run.js:252:3)
    at _runTestsForDescribeBlock (C:\Users\benpe\Coding\REI-Project\InstantlyAnalyze-Components\node_modules\jest-circus\build\run.js:126:9)
    at _runTestsForDescribeBlock (C:\Users\benpe\Coding\REI-Project\InstantlyAnalyze-Components\node_modules\jest-circus\build\run.js:121:9)
    at _runTestsForDescribeBlock (C:\Users\benpe\Coding\REI-Project\InstantlyAnalyze-Components\node_modules\jest-circus\build\run.js:121:9)
    at run (C:\Users\benpe\Coding\REI-Project\InstantlyAnalyze-Components\node_modules\jest-circus\build\run.js:71:3)
    at runAndTransformResultsToJestFormat (C:\Users\benpe\Coding\REI-Project\InstantlyAnalyze-Components\node_modules\jest-circus\build\legacy-code-todo-rewrite\jestAdapterInit.js:122:21)
    at jestAdapter (C:\Users\benpe\Coding\REI-Project\InstantlyAnalyze-Components\node_modules\jest-circus\build\legacy-code-todo-rewrite\jestAdapter.js:79:19)
    at runTestInternal (C:\Users\benpe\Coding\REI-Project\InstantlyAnalyze-Components\node_modules\jest-runner\build\runTest.js:367:16)
    at runTest (C:\Users\benpe\Coding\REI-Project\InstantlyAnalyze-Components\node_modules\jest-runner\build\runTest.js:444:34)
    at Object.worker (C:\Users\benpe\Coding\REI-Project\InstantlyAnalyze-Components\node_modules\jest-runner\build\testWorker.js:106:12)</failure>
    </testcase>
    <testcase classname="LoadingBar edge cases should handle boolean text prop" name="LoadingBar edge cases should handle boolean text prop" time="0.036">
      <failure>Error: Element type is invalid: expected a string (for built-in components) or a class/function (for composite components) but got: object.

Check the render method of `LoadingBar`.
    at createFiberFromTypeAndProps (C:\Users\benpe\Coding\REI-Project\InstantlyAnalyze-Components\node_modules\react-dom\cjs\react-dom.development.js:28478:17)
    at createFiberFromElement (C:\Users\benpe\Coding\REI-Project\InstantlyAnalyze-Components\node_modules\react-dom\cjs\react-dom.development.js:28504:15)
    at createChild (C:\Users\benpe\Coding\REI-Project\InstantlyAnalyze-Components\node_modules\react-dom\cjs\react-dom.development.js:13345:28)
    at reconcileChildrenArray (C:\Users\benpe\Coding\REI-Project\InstantlyAnalyze-Components\node_modules\react-dom\cjs\react-dom.development.js:13640:25)
    at reconcileChildFibers (C:\Users\benpe\Coding\REI-Project\InstantlyAnalyze-Components\node_modules\react-dom\cjs\react-dom.development.js:14057:16)
    at reconcileChildren (C:\Users\benpe\Coding\REI-Project\InstantlyAnalyze-Components\node_modules\react-dom\cjs\react-dom.development.js:19186:28)
    at updateHostComponent (C:\Users\benpe\Coding\REI-Project\InstantlyAnalyze-Components\node_modules\react-dom\cjs\react-dom.development.js:19953:3)
    at beginWork (C:\Users\benpe\Coding\REI-Project\InstantlyAnalyze-Components\node_modules\react-dom\cjs\react-dom.development.js:21657:14)
    at beginWork$1 (C:\Users\benpe\Coding\REI-Project\InstantlyAnalyze-Components\node_modules\react-dom\cjs\react-dom.development.js:27465:14)
    at performUnitOfWork (C:\Users\benpe\Coding\REI-Project\InstantlyAnalyze-Components\node_modules\react-dom\cjs\react-dom.development.js:26599:12)
    at workLoopSync (C:\Users\benpe\Coding\REI-Project\InstantlyAnalyze-Components\node_modules\react-dom\cjs\react-dom.development.js:26505:5)
    at renderRootSync (C:\Users\benpe\Coding\REI-Project\InstantlyAnalyze-Components\node_modules\react-dom\cjs\react-dom.development.js:26473:7)
    at recoverFromConcurrentError (C:\Users\benpe\Coding\REI-Project\InstantlyAnalyze-Components\node_modules\react-dom\cjs\react-dom.development.js:25889:20)
    at performConcurrentWorkOnRoot (C:\Users\benpe\Coding\REI-Project\InstantlyAnalyze-Components\node_modules\react-dom\cjs\react-dom.development.js:25789:22)
    at flushActQueue (C:\Users\benpe\Coding\REI-Project\InstantlyAnalyze-Components\node_modules\react\cjs\react.development.js:2667:24)
    at act (C:\Users\benpe\Coding\REI-Project\InstantlyAnalyze-Components\node_modules\react\cjs\react.development.js:2582:11)
    at actWithWarning (C:\Users\benpe\Coding\REI-Project\InstantlyAnalyze-Components\node_modules\react-dom\cjs\react-dom-test-utils.development.js:1740:10)
    at C:\Users\benpe\Coding\REI-Project\InstantlyAnalyze-Components\node_modules\@testing-library\react\dist\act-compat.js:63:25
    at renderRoot (C:\Users\benpe\Coding\REI-Project\InstantlyAnalyze-Components\node_modules\@testing-library\react\dist\pure.js:159:26)
    at render (C:\Users\benpe\Coding\REI-Project\InstantlyAnalyze-Components\node_modules\@testing-library\react\dist\pure.js:246:10)
    at renderLoadingBar (C:\Users\benpe\Coding\REI-Project\InstantlyAnalyze-Components\tst\components\LoadingBar\LoadingBar.test.tsx:51:18)
    at Object.&lt;anonymous&gt; (C:\Users\benpe\Coding\REI-Project\InstantlyAnalyze-Components\tst\components\LoadingBar\LoadingBar.test.tsx:211:7)
    at Promise.then.completed (C:\Users\benpe\Coding\REI-Project\InstantlyAnalyze-Components\node_modules\jest-circus\build\utils.js:298:28)
    at new Promise (&lt;anonymous&gt;)
    at callAsyncCircusFn (C:\Users\benpe\Coding\REI-Project\InstantlyAnalyze-Components\node_modules\jest-circus\build\utils.js:231:10)
    at _callCircusTest (C:\Users\benpe\Coding\REI-Project\InstantlyAnalyze-Components\node_modules\jest-circus\build\run.js:316:40)
    at processTicksAndRejections (node:internal/process/task_queues:95:5)
    at _runTest (C:\Users\benpe\Coding\REI-Project\InstantlyAnalyze-Components\node_modules\jest-circus\build\run.js:252:3)
    at _runTestsForDescribeBlock (C:\Users\benpe\Coding\REI-Project\InstantlyAnalyze-Components\node_modules\jest-circus\build\run.js:126:9)
    at _runTestsForDescribeBlock (C:\Users\benpe\Coding\REI-Project\InstantlyAnalyze-Components\node_modules\jest-circus\build\run.js:121:9)
    at _runTestsForDescribeBlock (C:\Users\benpe\Coding\REI-Project\InstantlyAnalyze-Components\node_modules\jest-circus\build\run.js:121:9)
    at run (C:\Users\benpe\Coding\REI-Project\InstantlyAnalyze-Components\node_modules\jest-circus\build\run.js:71:3)
    at runAndTransformResultsToJestFormat (C:\Users\benpe\Coding\REI-Project\InstantlyAnalyze-Components\node_modules\jest-circus\build\legacy-code-todo-rewrite\jestAdapterInit.js:122:21)
    at jestAdapter (C:\Users\benpe\Coding\REI-Project\InstantlyAnalyze-Components\node_modules\jest-circus\build\legacy-code-todo-rewrite\jestAdapter.js:79:19)
    at runTestInternal (C:\Users\benpe\Coding\REI-Project\InstantlyAnalyze-Components\node_modules\jest-runner\build\runTest.js:367:16)
    at runTest (C:\Users\benpe\Coding\REI-Project\InstantlyAnalyze-Components\node_modules\jest-runner\build\runTest.js:444:34)
    at Object.worker (C:\Users\benpe\Coding\REI-Project\InstantlyAnalyze-Components\node_modules\jest-runner\build\testWorker.js:106:12)</failure>
    </testcase>
  </testsuite>
  <testsuite name="DeleteWithConfirmation" errors="0" failures="13" skipped="0" timestamp="2025-07-31T04:52:58" time="61.32" tests="14">
    <testcase classname="DeleteWithConfirmation rendering should not render modal initially" name="DeleteWithConfirmation rendering should not render modal initially" time="0.336">
    </testcase>
    <testcase classname="DeleteWithConfirmation rendering should render modal when opened" name="DeleteWithConfirmation rendering should render modal when opened" time="0.033">
      <failure>TestingLibraryElementError: Unable to find an element by: [data-testid=&quot;modal&quot;]

Ignored nodes: comments, script, style
&lt;body&gt;
  &lt;div /&gt;
&lt;/body&gt;
    at Object.getElementError (C:\Users\benpe\Coding\REI-Project\InstantlyAnalyze-Components\node_modules\@testing-library\react\node_modules\@testing-library\dom\dist\config.js:37:19)
    at C:\Users\benpe\Coding\REI-Project\InstantlyAnalyze-Components\node_modules\@testing-library\react\node_modules\@testing-library\dom\dist\query-helpers.js:76:38
    at C:\Users\benpe\Coding\REI-Project\InstantlyAnalyze-Components\node_modules\@testing-library\react\node_modules\@testing-library\dom\dist\query-helpers.js:52:17
    at C:\Users\benpe\Coding\REI-Project\InstantlyAnalyze-Components\node_modules\@testing-library\react\node_modules\@testing-library\dom\dist\query-helpers.js:95:19
    at Object.&lt;anonymous&gt; (C:\Users\benpe\Coding\REI-Project\InstantlyAnalyze-Components\tst\components\DeleteWithConfirmation\DeleteWithConfirmation.test.tsx:67:21)
    at Promise.then.completed (C:\Users\benpe\Coding\REI-Project\InstantlyAnalyze-Components\node_modules\jest-circus\build\utils.js:298:28)
    at new Promise (&lt;anonymous&gt;)
    at callAsyncCircusFn (C:\Users\benpe\Coding\REI-Project\InstantlyAnalyze-Components\node_modules\jest-circus\build\utils.js:231:10)
    at _callCircusTest (C:\Users\benpe\Coding\REI-Project\InstantlyAnalyze-Components\node_modules\jest-circus\build\run.js:316:40)
    at processTicksAndRejections (node:internal/process/task_queues:95:5)
    at _runTest (C:\Users\benpe\Coding\REI-Project\InstantlyAnalyze-Components\node_modules\jest-circus\build\run.js:252:3)
    at _runTestsForDescribeBlock (C:\Users\benpe\Coding\REI-Project\InstantlyAnalyze-Components\node_modules\jest-circus\build\run.js:126:9)
    at _runTestsForDescribeBlock (C:\Users\benpe\Coding\REI-Project\InstantlyAnalyze-Components\node_modules\jest-circus\build\run.js:121:9)
    at _runTestsForDescribeBlock (C:\Users\benpe\Coding\REI-Project\InstantlyAnalyze-Components\node_modules\jest-circus\build\run.js:121:9)
    at run (C:\Users\benpe\Coding\REI-Project\InstantlyAnalyze-Components\node_modules\jest-circus\build\run.js:71:3)
    at runAndTransformResultsToJestFormat (C:\Users\benpe\Coding\REI-Project\InstantlyAnalyze-Components\node_modules\jest-circus\build\legacy-code-todo-rewrite\jestAdapterInit.js:122:21)
    at jestAdapter (C:\Users\benpe\Coding\REI-Project\InstantlyAnalyze-Components\node_modules\jest-circus\build\legacy-code-todo-rewrite\jestAdapter.js:79:19)
    at runTestInternal (C:\Users\benpe\Coding\REI-Project\InstantlyAnalyze-Components\node_modules\jest-runner\build\runTest.js:367:16)
    at runTest (C:\Users\benpe\Coding\REI-Project\InstantlyAnalyze-Components\node_modules\jest-runner\build\runTest.js:444:34)
    at Object.worker (C:\Users\benpe\Coding\REI-Project\InstantlyAnalyze-Components\node_modules\jest-runner\build\testWorker.js:106:12)</failure>
    </testcase>
    <testcase classname="DeleteWithConfirmation rendering should show correct header for multiple items" name="DeleteWithConfirmation rendering should show correct header for multiple items" time="0.013">
      <failure>TestingLibraryElementError: Unable to find an element by: [data-testid=&quot;modal-header&quot;]

Ignored nodes: comments, script, style
&lt;body&gt;
  &lt;div /&gt;
&lt;/body&gt;
    at Object.getElementError (C:\Users\benpe\Coding\REI-Project\InstantlyAnalyze-Components\node_modules\@testing-library\react\node_modules\@testing-library\dom\dist\config.js:37:19)
    at C:\Users\benpe\Coding\REI-Project\InstantlyAnalyze-Components\node_modules\@testing-library\react\node_modules\@testing-library\dom\dist\query-helpers.js:76:38
    at C:\Users\benpe\Coding\REI-Project\InstantlyAnalyze-Components\node_modules\@testing-library\react\node_modules\@testing-library\dom\dist\query-helpers.js:52:17
    at C:\Users\benpe\Coding\REI-Project\InstantlyAnalyze-Components\node_modules\@testing-library\react\node_modules\@testing-library\dom\dist\query-helpers.js:95:19
    at Object.&lt;anonymous&gt; (C:\Users\benpe\Coding\REI-Project\InstantlyAnalyze-Components\tst\components\DeleteWithConfirmation\DeleteWithConfirmation.test.tsx:73:21)
    at Promise.then.completed (C:\Users\benpe\Coding\REI-Project\InstantlyAnalyze-Components\node_modules\jest-circus\build\utils.js:298:28)
    at new Promise (&lt;anonymous&gt;)
    at callAsyncCircusFn (C:\Users\benpe\Coding\REI-Project\InstantlyAnalyze-Components\node_modules\jest-circus\build\utils.js:231:10)
    at _callCircusTest (C:\Users\benpe\Coding\REI-Project\InstantlyAnalyze-Components\node_modules\jest-circus\build\run.js:316:40)
    at processTicksAndRejections (node:internal/process/task_queues:95:5)
    at _runTest (C:\Users\benpe\Coding\REI-Project\InstantlyAnalyze-Components\node_modules\jest-circus\build\run.js:252:3)
    at _runTestsForDescribeBlock (C:\Users\benpe\Coding\REI-Project\InstantlyAnalyze-Components\node_modules\jest-circus\build\run.js:126:9)
    at _runTestsForDescribeBlock (C:\Users\benpe\Coding\REI-Project\InstantlyAnalyze-Components\node_modules\jest-circus\build\run.js:121:9)
    at _runTestsForDescribeBlock (C:\Users\benpe\Coding\REI-Project\InstantlyAnalyze-Components\node_modules\jest-circus\build\run.js:121:9)
    at run (C:\Users\benpe\Coding\REI-Project\InstantlyAnalyze-Components\node_modules\jest-circus\build\run.js:71:3)
    at runAndTransformResultsToJestFormat (C:\Users\benpe\Coding\REI-Project\InstantlyAnalyze-Components\node_modules\jest-circus\build\legacy-code-todo-rewrite\jestAdapterInit.js:122:21)
    at jestAdapter (C:\Users\benpe\Coding\REI-Project\InstantlyAnalyze-Components\node_modules\jest-circus\build\legacy-code-todo-rewrite\jestAdapter.js:79:19)
    at runTestInternal (C:\Users\benpe\Coding\REI-Project\InstantlyAnalyze-Components\node_modules\jest-runner\build\runTest.js:367:16)
    at runTest (C:\Users\benpe\Coding\REI-Project\InstantlyAnalyze-Components\node_modules\jest-runner\build\runTest.js:444:34)
    at Object.worker (C:\Users\benpe\Coding\REI-Project\InstantlyAnalyze-Components\node_modules\jest-runner\build\testWorker.js:106:12)</failure>
    </testcase>
    <testcase classname="DeleteWithConfirmation rendering should show correct header for single item" name="DeleteWithConfirmation rendering should show correct header for single item" time="0.015">
      <failure>TestingLibraryElementError: Unable to find an element by: [data-testid=&quot;modal-header&quot;]

Ignored nodes: comments, script, style
&lt;body&gt;
  &lt;div /&gt;
&lt;/body&gt;
    at Object.getElementError (C:\Users\benpe\Coding\REI-Project\InstantlyAnalyze-Components\node_modules\@testing-library\react\node_modules\@testing-library\dom\dist\config.js:37:19)
    at C:\Users\benpe\Coding\REI-Project\InstantlyAnalyze-Components\node_modules\@testing-library\react\node_modules\@testing-library\dom\dist\query-helpers.js:76:38
    at C:\Users\benpe\Coding\REI-Project\InstantlyAnalyze-Components\node_modules\@testing-library\react\node_modules\@testing-library\dom\dist\query-helpers.js:52:17
    at C:\Users\benpe\Coding\REI-Project\InstantlyAnalyze-Components\node_modules\@testing-library\react\node_modules\@testing-library\dom\dist\query-helpers.js:95:19
    at Object.&lt;anonymous&gt; (C:\Users\benpe\Coding\REI-Project\InstantlyAnalyze-Components\tst\components\DeleteWithConfirmation\DeleteWithConfirmation.test.tsx:81:21)
    at Promise.then.completed (C:\Users\benpe\Coding\REI-Project\InstantlyAnalyze-Components\node_modules\jest-circus\build\utils.js:298:28)
    at new Promise (&lt;anonymous&gt;)
    at callAsyncCircusFn (C:\Users\benpe\Coding\REI-Project\InstantlyAnalyze-Components\node_modules\jest-circus\build\utils.js:231:10)
    at _callCircusTest (C:\Users\benpe\Coding\REI-Project\InstantlyAnalyze-Components\node_modules\jest-circus\build\run.js:316:40)
    at processTicksAndRejections (node:internal/process/task_queues:95:5)
    at _runTest (C:\Users\benpe\Coding\REI-Project\InstantlyAnalyze-Components\node_modules\jest-circus\build\run.js:252:3)
    at _runTestsForDescribeBlock (C:\Users\benpe\Coding\REI-Project\InstantlyAnalyze-Components\node_modules\jest-circus\build\run.js:126:9)
    at _runTestsForDescribeBlock (C:\Users\benpe\Coding\REI-Project\InstantlyAnalyze-Components\node_modules\jest-circus\build\run.js:121:9)
    at _runTestsForDescribeBlock (C:\Users\benpe\Coding\REI-Project\InstantlyAnalyze-Components\node_modules\jest-circus\build\run.js:121:9)
    at run (C:\Users\benpe\Coding\REI-Project\InstantlyAnalyze-Components\node_modules\jest-circus\build\run.js:71:3)
    at runAndTransformResultsToJestFormat (C:\Users\benpe\Coding\REI-Project\InstantlyAnalyze-Components\node_modules\jest-circus\build\legacy-code-todo-rewrite\jestAdapterInit.js:122:21)
    at jestAdapter (C:\Users\benpe\Coding\REI-Project\InstantlyAnalyze-Components\node_modules\jest-circus\build\legacy-code-todo-rewrite\jestAdapter.js:79:19)
    at runTestInternal (C:\Users\benpe\Coding\REI-Project\InstantlyAnalyze-Components\node_modules\jest-runner\build\runTest.js:367:16)
    at runTest (C:\Users\benpe\Coding\REI-Project\InstantlyAnalyze-Components\node_modules\jest-runner\build\runTest.js:444:34)
    at Object.worker (C:\Users\benpe\Coding\REI-Project\InstantlyAnalyze-Components\node_modules\jest-runner\build\testWorker.js:106:12)</failure>
    </testcase>
    <testcase classname="DeleteWithConfirmation content should show correct message for multiple items" name="DeleteWithConfirmation content should show correct message for multiple items" time="0.02">
      <failure>TestingLibraryElementError: Unable to find an element with the text: /Are you sure you want to delete/. This could be because the text is broken up by multiple elements. In this case, you can provide a function for your text matcher to make your matcher more flexible.

Ignored nodes: comments, script, style
&lt;body&gt;
  &lt;div /&gt;
&lt;/body&gt;
    at Object.getElementError (C:\Users\benpe\Coding\REI-Project\InstantlyAnalyze-Components\node_modules\@testing-library\react\node_modules\@testing-library\dom\dist\config.js:37:19)
    at C:\Users\benpe\Coding\REI-Project\InstantlyAnalyze-Components\node_modules\@testing-library\react\node_modules\@testing-library\dom\dist\query-helpers.js:76:38
    at C:\Users\benpe\Coding\REI-Project\InstantlyAnalyze-Components\node_modules\@testing-library\react\node_modules\@testing-library\dom\dist\query-helpers.js:52:17
    at C:\Users\benpe\Coding\REI-Project\InstantlyAnalyze-Components\node_modules\@testing-library\react\node_modules\@testing-library\dom\dist\query-helpers.js:95:19
    at Object.&lt;anonymous&gt; (C:\Users\benpe\Coding\REI-Project\InstantlyAnalyze-Components\tst\components\DeleteWithConfirmation\DeleteWithConfirmation.test.tsx:89:21)
    at Promise.then.completed (C:\Users\benpe\Coding\REI-Project\InstantlyAnalyze-Components\node_modules\jest-circus\build\utils.js:298:28)
    at new Promise (&lt;anonymous&gt;)
    at callAsyncCircusFn (C:\Users\benpe\Coding\REI-Project\InstantlyAnalyze-Components\node_modules\jest-circus\build\utils.js:231:10)
    at _callCircusTest (C:\Users\benpe\Coding\REI-Project\InstantlyAnalyze-Components\node_modules\jest-circus\build\run.js:316:40)
    at processTicksAndRejections (node:internal/process/task_queues:95:5)
    at _runTest (C:\Users\benpe\Coding\REI-Project\InstantlyAnalyze-Components\node_modules\jest-circus\build\run.js:252:3)
    at _runTestsForDescribeBlock (C:\Users\benpe\Coding\REI-Project\InstantlyAnalyze-Components\node_modules\jest-circus\build\run.js:126:9)
    at _runTestsForDescribeBlock (C:\Users\benpe\Coding\REI-Project\InstantlyAnalyze-Components\node_modules\jest-circus\build\run.js:121:9)
    at _runTestsForDescribeBlock (C:\Users\benpe\Coding\REI-Project\InstantlyAnalyze-Components\node_modules\jest-circus\build\run.js:121:9)
    at run (C:\Users\benpe\Coding\REI-Project\InstantlyAnalyze-Components\node_modules\jest-circus\build\run.js:71:3)
    at runAndTransformResultsToJestFormat (C:\Users\benpe\Coding\REI-Project\InstantlyAnalyze-Components\node_modules\jest-circus\build\legacy-code-todo-rewrite\jestAdapterInit.js:122:21)
    at jestAdapter (C:\Users\benpe\Coding\REI-Project\InstantlyAnalyze-Components\node_modules\jest-circus\build\legacy-code-todo-rewrite\jestAdapter.js:79:19)
    at runTestInternal (C:\Users\benpe\Coding\REI-Project\InstantlyAnalyze-Components\node_modules\jest-runner\build\runTest.js:367:16)
    at runTest (C:\Users\benpe\Coding\REI-Project\InstantlyAnalyze-Components\node_modules\jest-runner\build\runTest.js:444:34)
    at Object.worker (C:\Users\benpe\Coding\REI-Project\InstantlyAnalyze-Components\node_modules\jest-runner\build\testWorker.js:106:12)</failure>
    </testcase>
    <testcase classname="DeleteWithConfirmation content should show correct message for single item" name="DeleteWithConfirmation content should show correct message for single item" time="0.02">
      <failure>TestingLibraryElementError: Unable to find an element with the text: /Are you sure you want to delete item/. This could be because the text is broken up by multiple elements. In this case, you can provide a function for your text matcher to make your matcher more flexible.

Ignored nodes: comments, script, style
&lt;body&gt;
  &lt;div /&gt;
&lt;/body&gt;
    at Object.getElementError (C:\Users\benpe\Coding\REI-Project\InstantlyAnalyze-Components\node_modules\@testing-library\react\node_modules\@testing-library\dom\dist\config.js:37:19)
    at C:\Users\benpe\Coding\REI-Project\InstantlyAnalyze-Components\node_modules\@testing-library\react\node_modules\@testing-library\dom\dist\query-helpers.js:76:38
    at C:\Users\benpe\Coding\REI-Project\InstantlyAnalyze-Components\node_modules\@testing-library\react\node_modules\@testing-library\dom\dist\query-helpers.js:52:17
    at C:\Users\benpe\Coding\REI-Project\InstantlyAnalyze-Components\node_modules\@testing-library\react\node_modules\@testing-library\dom\dist\query-helpers.js:95:19
    at Object.&lt;anonymous&gt; (C:\Users\benpe\Coding\REI-Project\InstantlyAnalyze-Components\tst\components\DeleteWithConfirmation\DeleteWithConfirmation.test.tsx:98:21)
    at Promise.then.completed (C:\Users\benpe\Coding\REI-Project\InstantlyAnalyze-Components\node_modules\jest-circus\build\utils.js:298:28)
    at new Promise (&lt;anonymous&gt;)
    at callAsyncCircusFn (C:\Users\benpe\Coding\REI-Project\InstantlyAnalyze-Components\node_modules\jest-circus\build\utils.js:231:10)
    at _callCircusTest (C:\Users\benpe\Coding\REI-Project\InstantlyAnalyze-Components\node_modules\jest-circus\build\run.js:316:40)
    at processTicksAndRejections (node:internal/process/task_queues:95:5)
    at _runTest (C:\Users\benpe\Coding\REI-Project\InstantlyAnalyze-Components\node_modules\jest-circus\build\run.js:252:3)
    at _runTestsForDescribeBlock (C:\Users\benpe\Coding\REI-Project\InstantlyAnalyze-Components\node_modules\jest-circus\build\run.js:126:9)
    at _runTestsForDescribeBlock (C:\Users\benpe\Coding\REI-Project\InstantlyAnalyze-Components\node_modules\jest-circus\build\run.js:121:9)
    at _runTestsForDescribeBlock (C:\Users\benpe\Coding\REI-Project\InstantlyAnalyze-Components\node_modules\jest-circus\build\run.js:121:9)
    at run (C:\Users\benpe\Coding\REI-Project\InstantlyAnalyze-Components\node_modules\jest-circus\build\run.js:71:3)
    at runAndTransformResultsToJestFormat (C:\Users\benpe\Coding\REI-Project\InstantlyAnalyze-Components\node_modules\jest-circus\build\legacy-code-todo-rewrite\jestAdapterInit.js:122:21)
    at jestAdapter (C:\Users\benpe\Coding\REI-Project\InstantlyAnalyze-Components\node_modules\jest-circus\build\legacy-code-todo-rewrite\jestAdapter.js:79:19)
    at runTestInternal (C:\Users\benpe\Coding\REI-Project\InstantlyAnalyze-Components\node_modules\jest-runner\build\runTest.js:367:16)
    at runTest (C:\Users\benpe\Coding\REI-Project\InstantlyAnalyze-Components\node_modules\jest-runner\build\runTest.js:444:34)
    at Object.worker (C:\Users\benpe\Coding\REI-Project\InstantlyAnalyze-Components\node_modules\jest-runner\build\testWorker.js:106:12)</failure>
    </testcase>
    <testcase classname="DeleteWithConfirmation content should show item name when itemFieldNameForName is provided" name="DeleteWithConfirmation content should show item name when itemFieldNameForName is provided" time="0.013">
      <failure>TestingLibraryElementError: Unable to find an element with the text: /Test Item/. This could be because the text is broken up by multiple elements. In this case, you can provide a function for your text matcher to make your matcher more flexible.

Ignored nodes: comments, script, style
&lt;body&gt;
  &lt;div /&gt;
&lt;/body&gt;
    at Object.getElementError (C:\Users\benpe\Coding\REI-Project\InstantlyAnalyze-Components\node_modules\@testing-library\react\node_modules\@testing-library\dom\dist\config.js:37:19)
    at C:\Users\benpe\Coding\REI-Project\InstantlyAnalyze-Components\node_modules\@testing-library\react\node_modules\@testing-library\dom\dist\query-helpers.js:76:38
    at C:\Users\benpe\Coding\REI-Project\InstantlyAnalyze-Components\node_modules\@testing-library\react\node_modules\@testing-library\dom\dist\query-helpers.js:52:17
    at C:\Users\benpe\Coding\REI-Project\InstantlyAnalyze-Components\node_modules\@testing-library\react\node_modules\@testing-library\dom\dist\query-helpers.js:95:19
    at Object.&lt;anonymous&gt; (C:\Users\benpe\Coding\REI-Project\InstantlyAnalyze-Components\tst\components\DeleteWithConfirmation\DeleteWithConfirmation.test.tsx:108:21)
    at Promise.then.completed (C:\Users\benpe\Coding\REI-Project\InstantlyAnalyze-Components\node_modules\jest-circus\build\utils.js:298:28)
    at new Promise (&lt;anonymous&gt;)
    at callAsyncCircusFn (C:\Users\benpe\Coding\REI-Project\InstantlyAnalyze-Components\node_modules\jest-circus\build\utils.js:231:10)
    at _callCircusTest (C:\Users\benpe\Coding\REI-Project\InstantlyAnalyze-Components\node_modules\jest-circus\build\run.js:316:40)
    at processTicksAndRejections (node:internal/process/task_queues:95:5)
    at _runTest (C:\Users\benpe\Coding\REI-Project\InstantlyAnalyze-Components\node_modules\jest-circus\build\run.js:252:3)
    at _runTestsForDescribeBlock (C:\Users\benpe\Coding\REI-Project\InstantlyAnalyze-Components\node_modules\jest-circus\build\run.js:126:9)
    at _runTestsForDescribeBlock (C:\Users\benpe\Coding\REI-Project\InstantlyAnalyze-Components\node_modules\jest-circus\build\run.js:121:9)
    at _runTestsForDescribeBlock (C:\Users\benpe\Coding\REI-Project\InstantlyAnalyze-Components\node_modules\jest-circus\build\run.js:121:9)
    at run (C:\Users\benpe\Coding\REI-Project\InstantlyAnalyze-Components\node_modules\jest-circus\build\run.js:71:3)
    at runAndTransformResultsToJestFormat (C:\Users\benpe\Coding\REI-Project\InstantlyAnalyze-Components\node_modules\jest-circus\build\legacy-code-todo-rewrite\jestAdapterInit.js:122:21)
    at jestAdapter (C:\Users\benpe\Coding\REI-Project\InstantlyAnalyze-Components\node_modules\jest-circus\build\legacy-code-todo-rewrite\jestAdapter.js:79:19)
    at runTestInternal (C:\Users\benpe\Coding\REI-Project\InstantlyAnalyze-Components\node_modules\jest-runner\build\runTest.js:367:16)
    at runTest (C:\Users\benpe\Coding\REI-Project\InstantlyAnalyze-Components\node_modules\jest-runner\build\runTest.js:444:34)
    at Object.worker (C:\Users\benpe\Coding\REI-Project\InstantlyAnalyze-Components\node_modules\jest-runner\build\testWorker.js:106:12)</failure>
    </testcase>
    <testcase classname="DeleteWithConfirmation content should show item id when itemFieldNameForName is not provided" name="DeleteWithConfirmation content should show item id when itemFieldNameForName is not provided" time="0.015">
      <failure>TestingLibraryElementError: Unable to find an element with the text: /1/. This could be because the text is broken up by multiple elements. In this case, you can provide a function for your text matcher to make your matcher more flexible.

Ignored nodes: comments, script, style
&lt;body&gt;
  &lt;div /&gt;
&lt;/body&gt;
    at Object.getElementError (C:\Users\benpe\Coding\REI-Project\InstantlyAnalyze-Components\node_modules\@testing-library\react\node_modules\@testing-library\dom\dist\config.js:37:19)
    at C:\Users\benpe\Coding\REI-Project\InstantlyAnalyze-Components\node_modules\@testing-library\react\node_modules\@testing-library\dom\dist\query-helpers.js:76:38
    at C:\Users\benpe\Coding\REI-Project\InstantlyAnalyze-Components\node_modules\@testing-library\react\node_modules\@testing-library\dom\dist\query-helpers.js:52:17
    at C:\Users\benpe\Coding\REI-Project\InstantlyAnalyze-Components\node_modules\@testing-library\react\node_modules\@testing-library\dom\dist\query-helpers.js:95:19
    at Object.&lt;anonymous&gt; (C:\Users\benpe\Coding\REI-Project\InstantlyAnalyze-Components\tst\components\DeleteWithConfirmation\DeleteWithConfirmation.test.tsx:116:21)
    at Promise.then.completed (C:\Users\benpe\Coding\REI-Project\InstantlyAnalyze-Components\node_modules\jest-circus\build\utils.js:298:28)
    at new Promise (&lt;anonymous&gt;)
    at callAsyncCircusFn (C:\Users\benpe\Coding\REI-Project\InstantlyAnalyze-Components\node_modules\jest-circus\build\utils.js:231:10)
    at _callCircusTest (C:\Users\benpe\Coding\REI-Project\InstantlyAnalyze-Components\node_modules\jest-circus\build\run.js:316:40)
    at processTicksAndRejections (node:internal/process/task_queues:95:5)
    at _runTest (C:\Users\benpe\Coding\REI-Project\InstantlyAnalyze-Components\node_modules\jest-circus\build\run.js:252:3)
    at _runTestsForDescribeBlock (C:\Users\benpe\Coding\REI-Project\InstantlyAnalyze-Components\node_modules\jest-circus\build\run.js:126:9)
    at _runTestsForDescribeBlock (C:\Users\benpe\Coding\REI-Project\InstantlyAnalyze-Components\node_modules\jest-circus\build\run.js:121:9)
    at _runTestsForDescribeBlock (C:\Users\benpe\Coding\REI-Project\InstantlyAnalyze-Components\node_modules\jest-circus\build\run.js:121:9)
    at run (C:\Users\benpe\Coding\REI-Project\InstantlyAnalyze-Components\node_modules\jest-circus\build\run.js:71:3)
    at runAndTransformResultsToJestFormat (C:\Users\benpe\Coding\REI-Project\InstantlyAnalyze-Components\node_modules\jest-circus\build\legacy-code-todo-rewrite\jestAdapterInit.js:122:21)
    at jestAdapter (C:\Users\benpe\Coding\REI-Project\InstantlyAnalyze-Components\node_modules\jest-circus\build\legacy-code-todo-rewrite\jestAdapter.js:79:19)
    at runTestInternal (C:\Users\benpe\Coding\REI-Project\InstantlyAnalyze-Components\node_modules\jest-runner\build\runTest.js:367:16)
    at runTest (C:\Users\benpe\Coding\REI-Project\InstantlyAnalyze-Components\node_modules\jest-runner\build\runTest.js:444:34)
    at Object.worker (C:\Users\benpe\Coding\REI-Project\InstantlyAnalyze-Components\node_modules\jest-runner\build\testWorker.js:106:12)</failure>
    </testcase>
    <testcase classname="DeleteWithConfirmation content should show alert with correct message" name="DeleteWithConfirmation content should show alert with correct message" time="0.011">
      <failure>TestingLibraryElementError: Unable to find an element by: [data-testid=&quot;alert&quot;]

Ignored nodes: comments, script, style
&lt;body&gt;
  &lt;div /&gt;
&lt;/body&gt;
    at Object.getElementError (C:\Users\benpe\Coding\REI-Project\InstantlyAnalyze-Components\node_modules\@testing-library\react\node_modules\@testing-library\dom\dist\config.js:37:19)
    at C:\Users\benpe\Coding\REI-Project\InstantlyAnalyze-Components\node_modules\@testing-library\react\node_modules\@testing-library\dom\dist\query-helpers.js:76:38
    at C:\Users\benpe\Coding\REI-Project\InstantlyAnalyze-Components\node_modules\@testing-library\react\node_modules\@testing-library\dom\dist\query-helpers.js:52:17
    at C:\Users\benpe\Coding\REI-Project\InstantlyAnalyze-Components\node_modules\@testing-library\react\node_modules\@testing-library\dom\dist\query-helpers.js:95:19
    at Object.&lt;anonymous&gt; (C:\Users\benpe\Coding\REI-Project\InstantlyAnalyze-Components\tst\components\DeleteWithConfirmation\DeleteWithConfirmation.test.tsx:122:28)
    at Promise.then.completed (C:\Users\benpe\Coding\REI-Project\InstantlyAnalyze-Components\node_modules\jest-circus\build\utils.js:298:28)
    at new Promise (&lt;anonymous&gt;)
    at callAsyncCircusFn (C:\Users\benpe\Coding\REI-Project\InstantlyAnalyze-Components\node_modules\jest-circus\build\utils.js:231:10)
    at _callCircusTest (C:\Users\benpe\Coding\REI-Project\InstantlyAnalyze-Components\node_modules\jest-circus\build\run.js:316:40)
    at processTicksAndRejections (node:internal/process/task_queues:95:5)
    at _runTest (C:\Users\benpe\Coding\REI-Project\InstantlyAnalyze-Components\node_modules\jest-circus\build\run.js:252:3)
    at _runTestsForDescribeBlock (C:\Users\benpe\Coding\REI-Project\InstantlyAnalyze-Components\node_modules\jest-circus\build\run.js:126:9)
    at _runTestsForDescribeBlock (C:\Users\benpe\Coding\REI-Project\InstantlyAnalyze-Components\node_modules\jest-circus\build\run.js:121:9)
    at _runTestsForDescribeBlock (C:\Users\benpe\Coding\REI-Project\InstantlyAnalyze-Components\node_modules\jest-circus\build\run.js:121:9)
    at run (C:\Users\benpe\Coding\REI-Project\InstantlyAnalyze-Components\node_modules\jest-circus\build\run.js:71:3)
    at runAndTransformResultsToJestFormat (C:\Users\benpe\Coding\REI-Project\InstantlyAnalyze-Components\node_modules\jest-circus\build\legacy-code-todo-rewrite\jestAdapterInit.js:122:21)
    at jestAdapter (C:\Users\benpe\Coding\REI-Project\InstantlyAnalyze-Components\node_modules\jest-circus\build\legacy-code-todo-rewrite\jestAdapter.js:79:19)
    at runTestInternal (C:\Users\benpe\Coding\REI-Project\InstantlyAnalyze-Components\node_modules\jest-runner\build\runTest.js:367:16)
    at runTest (C:\Users\benpe\Coding\REI-Project\InstantlyAnalyze-Components\node_modules\jest-runner\build\runTest.js:444:34)
    at Object.worker (C:\Users\benpe\Coding\REI-Project\InstantlyAnalyze-Components\node_modules\jest-runner\build\testWorker.js:106:12)</failure>
    </testcase>
    <testcase classname="DeleteWithConfirmation user interactions should close modal when cancel is clicked" name="DeleteWithConfirmation user interactions should close modal when cancel is clicked" time="0.015">
      <failure>TestingLibraryElementError: Unable to find an element by: [data-testid=&quot;modal&quot;]

Ignored nodes: comments, script, style
&lt;body&gt;
  &lt;div /&gt;
&lt;/body&gt;
    at Object.getElementError (C:\Users\benpe\Coding\REI-Project\InstantlyAnalyze-Components\node_modules\@testing-library\react\node_modules\@testing-library\dom\dist\config.js:37:19)
    at C:\Users\benpe\Coding\REI-Project\InstantlyAnalyze-Components\node_modules\@testing-library\react\node_modules\@testing-library\dom\dist\query-helpers.js:76:38
    at C:\Users\benpe\Coding\REI-Project\InstantlyAnalyze-Components\node_modules\@testing-library\react\node_modules\@testing-library\dom\dist\query-helpers.js:52:17
    at C:\Users\benpe\Coding\REI-Project\InstantlyAnalyze-Components\node_modules\@testing-library\react\node_modules\@testing-library\dom\dist\query-helpers.js:95:19
    at C:\Users\benpe\Coding\REI-Project\InstantlyAnalyze-Components\tst\components\DeleteWithConfirmation\DeleteWithConfirmation.test.tsx:133:21
    at step (C:\Users\benpe\Coding\REI-Project\InstantlyAnalyze-Components\tst\components\DeleteWithConfirmation\DeleteWithConfirmation.test.tsx:44:23)
    at Object.next (C:\Users\benpe\Coding\REI-Project\InstantlyAnalyze-Components\tst\components\DeleteWithConfirmation\DeleteWithConfirmation.test.tsx:25:53)
    at C:\Users\benpe\Coding\REI-Project\InstantlyAnalyze-Components\tst\components\DeleteWithConfirmation\DeleteWithConfirmation.test.tsx:19:71
    at new Promise (&lt;anonymous&gt;)
    at Object.&lt;anonymous&gt;.__awaiter (C:\Users\benpe\Coding\REI-Project\InstantlyAnalyze-Components\tst\components\DeleteWithConfirmation\DeleteWithConfirmation.test.tsx:15:12)
    at Object.&lt;anonymous&gt; (C:\Users\benpe\Coding\REI-Project\InstantlyAnalyze-Components\tst\components\DeleteWithConfirmation\DeleteWithConfirmation.test.tsx:129:53)
    at Promise.then.completed (C:\Users\benpe\Coding\REI-Project\InstantlyAnalyze-Components\node_modules\jest-circus\build\utils.js:298:28)
    at new Promise (&lt;anonymous&gt;)
    at callAsyncCircusFn (C:\Users\benpe\Coding\REI-Project\InstantlyAnalyze-Components\node_modules\jest-circus\build\utils.js:231:10)
    at _callCircusTest (C:\Users\benpe\Coding\REI-Project\InstantlyAnalyze-Components\node_modules\jest-circus\build\run.js:316:40)
    at processTicksAndRejections (node:internal/process/task_queues:95:5)
    at _runTest (C:\Users\benpe\Coding\REI-Project\InstantlyAnalyze-Components\node_modules\jest-circus\build\run.js:252:3)
    at _runTestsForDescribeBlock (C:\Users\benpe\Coding\REI-Project\InstantlyAnalyze-Components\node_modules\jest-circus\build\run.js:126:9)
    at _runTestsForDescribeBlock (C:\Users\benpe\Coding\REI-Project\InstantlyAnalyze-Components\node_modules\jest-circus\build\run.js:121:9)
    at _runTestsForDescribeBlock (C:\Users\benpe\Coding\REI-Project\InstantlyAnalyze-Components\node_modules\jest-circus\build\run.js:121:9)
    at run (C:\Users\benpe\Coding\REI-Project\InstantlyAnalyze-Components\node_modules\jest-circus\build\run.js:71:3)
    at runAndTransformResultsToJestFormat (C:\Users\benpe\Coding\REI-Project\InstantlyAnalyze-Components\node_modules\jest-circus\build\legacy-code-todo-rewrite\jestAdapterInit.js:122:21)
    at jestAdapter (C:\Users\benpe\Coding\REI-Project\InstantlyAnalyze-Components\node_modules\jest-circus\build\legacy-code-todo-rewrite\jestAdapter.js:79:19)
    at runTestInternal (C:\Users\benpe\Coding\REI-Project\InstantlyAnalyze-Components\node_modules\jest-runner\build\runTest.js:367:16)
    at runTest (C:\Users\benpe\Coding\REI-Project\InstantlyAnalyze-Components\node_modules\jest-runner\build\runTest.js:444:34)
    at Object.worker (C:\Users\benpe\Coding\REI-Project\InstantlyAnalyze-Components\node_modules\jest-runner\build\testWorker.js:106:12)</failure>
    </testcase>
    <testcase classname="DeleteWithConfirmation user interactions should call onDeleteConfirmed when delete is confirmed" name="DeleteWithConfirmation user interactions should call onDeleteConfirmed when delete is confirmed" time="0.012">
      <failure>TestingLibraryElementError: Unable to find an element by: [data-testid=&quot;button-primary&quot;]

Ignored nodes: comments, script, style
&lt;body&gt;
  &lt;div /&gt;
&lt;/body&gt;
    at Object.getElementError (C:\Users\benpe\Coding\REI-Project\InstantlyAnalyze-Components\node_modules\@testing-library\react\node_modules\@testing-library\dom\dist\config.js:37:19)
    at C:\Users\benpe\Coding\REI-Project\InstantlyAnalyze-Components\node_modules\@testing-library\react\node_modules\@testing-library\dom\dist\query-helpers.js:76:38
    at C:\Users\benpe\Coding\REI-Project\InstantlyAnalyze-Components\node_modules\@testing-library\react\node_modules\@testing-library\dom\dist\query-helpers.js:52:17
    at C:\Users\benpe\Coding\REI-Project\InstantlyAnalyze-Components\node_modules\@testing-library\react\node_modules\@testing-library\dom\dist\query-helpers.js:95:19
    at C:\Users\benpe\Coding\REI-Project\InstantlyAnalyze-Components\tst\components\DeleteWithConfirmation\DeleteWithConfirmation.test.tsx:146:35
    at step (C:\Users\benpe\Coding\REI-Project\InstantlyAnalyze-Components\tst\components\DeleteWithConfirmation\DeleteWithConfirmation.test.tsx:44:23)
    at Object.next (C:\Users\benpe\Coding\REI-Project\InstantlyAnalyze-Components\tst\components\DeleteWithConfirmation\DeleteWithConfirmation.test.tsx:25:53)
    at C:\Users\benpe\Coding\REI-Project\InstantlyAnalyze-Components\tst\components\DeleteWithConfirmation\DeleteWithConfirmation.test.tsx:19:71
    at new Promise (&lt;anonymous&gt;)
    at Object.&lt;anonymous&gt;.__awaiter (C:\Users\benpe\Coding\REI-Project\InstantlyAnalyze-Components\tst\components\DeleteWithConfirmation\DeleteWithConfirmation.test.tsx:15:12)
    at Object.&lt;anonymous&gt; (C:\Users\benpe\Coding\REI-Project\InstantlyAnalyze-Components\tst\components\DeleteWithConfirmation\DeleteWithConfirmation.test.tsx:141:66)
    at Promise.then.completed (C:\Users\benpe\Coding\REI-Project\InstantlyAnalyze-Components\node_modules\jest-circus\build\utils.js:298:28)
    at new Promise (&lt;anonymous&gt;)
    at callAsyncCircusFn (C:\Users\benpe\Coding\REI-Project\InstantlyAnalyze-Components\node_modules\jest-circus\build\utils.js:231:10)
    at _callCircusTest (C:\Users\benpe\Coding\REI-Project\InstantlyAnalyze-Components\node_modules\jest-circus\build\run.js:316:40)
    at processTicksAndRejections (node:internal/process/task_queues:95:5)
    at _runTest (C:\Users\benpe\Coding\REI-Project\InstantlyAnalyze-Components\node_modules\jest-circus\build\run.js:252:3)
    at _runTestsForDescribeBlock (C:\Users\benpe\Coding\REI-Project\InstantlyAnalyze-Components\node_modules\jest-circus\build\run.js:126:9)
    at _runTestsForDescribeBlock (C:\Users\benpe\Coding\REI-Project\InstantlyAnalyze-Components\node_modules\jest-circus\build\run.js:121:9)
    at _runTestsForDescribeBlock (C:\Users\benpe\Coding\REI-Project\InstantlyAnalyze-Components\node_modules\jest-circus\build\run.js:121:9)
    at run (C:\Users\benpe\Coding\REI-Project\InstantlyAnalyze-Components\node_modules\jest-circus\build\run.js:71:3)
    at runAndTransformResultsToJestFormat (C:\Users\benpe\Coding\REI-Project\InstantlyAnalyze-Components\node_modules\jest-circus\build\legacy-code-todo-rewrite\jestAdapterInit.js:122:21)
    at jestAdapter (C:\Users\benpe\Coding\REI-Project\InstantlyAnalyze-Components\node_modules\jest-circus\build\legacy-code-todo-rewrite\jestAdapter.js:79:19)
    at runTestInternal (C:\Users\benpe\Coding\REI-Project\InstantlyAnalyze-Components\node_modules\jest-runner\build\runTest.js:367:16)
    at runTest (C:\Users\benpe\Coding\REI-Project\InstantlyAnalyze-Components\node_modules\jest-runner\build\runTest.js:444:34)
    at Object.worker (C:\Users\benpe\Coding\REI-Project\InstantlyAnalyze-Components\node_modules\jest-runner\build\testWorker.js:106:12)</failure>
    </testcase>
    <testcase classname="DeleteWithConfirmation user interactions should close modal when dismiss is clicked" name="DeleteWithConfirmation user interactions should close modal when dismiss is clicked" time="0.013">
      <failure>TestingLibraryElementError: Unable to find an element by: [data-testid=&quot;modal&quot;]

Ignored nodes: comments, script, style
&lt;body&gt;
  &lt;div /&gt;
&lt;/body&gt;
    at Object.getElementError (C:\Users\benpe\Coding\REI-Project\InstantlyAnalyze-Components\node_modules\@testing-library\react\node_modules\@testing-library\dom\dist\config.js:37:19)
    at C:\Users\benpe\Coding\REI-Project\InstantlyAnalyze-Components\node_modules\@testing-library\react\node_modules\@testing-library\dom\dist\query-helpers.js:76:38
    at C:\Users\benpe\Coding\REI-Project\InstantlyAnalyze-Components\node_modules\@testing-library\react\node_modules\@testing-library\dom\dist\query-helpers.js:52:17
    at C:\Users\benpe\Coding\REI-Project\InstantlyAnalyze-Components\node_modules\@testing-library\react\node_modules\@testing-library\dom\dist\query-helpers.js:95:19
    at C:\Users\benpe\Coding\REI-Project\InstantlyAnalyze-Components\tst\components\DeleteWithConfirmation\DeleteWithConfirmation.test.tsx:157:21
    at step (C:\Users\benpe\Coding\REI-Project\InstantlyAnalyze-Components\tst\components\DeleteWithConfirmation\DeleteWithConfirmation.test.tsx:44:23)
    at Object.next (C:\Users\benpe\Coding\REI-Project\InstantlyAnalyze-Components\tst\components\DeleteWithConfirmation\DeleteWithConfirmation.test.tsx:25:53)
    at C:\Users\benpe\Coding\REI-Project\InstantlyAnalyze-Components\tst\components\DeleteWithConfirmation\DeleteWithConfirmation.test.tsx:19:71
    at new Promise (&lt;anonymous&gt;)
    at Object.&lt;anonymous&gt;.__awaiter (C:\Users\benpe\Coding\REI-Project\InstantlyAnalyze-Components\tst\components\DeleteWithConfirmation\DeleteWithConfirmation.test.tsx:15:12)
    at Object.&lt;anonymous&gt; (C:\Users\benpe\Coding\REI-Project\InstantlyAnalyze-Components\tst\components\DeleteWithConfirmation\DeleteWithConfirmation.test.tsx:153:54)
    at Promise.then.completed (C:\Users\benpe\Coding\REI-Project\InstantlyAnalyze-Components\node_modules\jest-circus\build\utils.js:298:28)
    at new Promise (&lt;anonymous&gt;)
    at callAsyncCircusFn (C:\Users\benpe\Coding\REI-Project\InstantlyAnalyze-Components\node_modules\jest-circus\build\utils.js:231:10)
    at _callCircusTest (C:\Users\benpe\Coding\REI-Project\InstantlyAnalyze-Components\node_modules\jest-circus\build\run.js:316:40)
    at processTicksAndRejections (node:internal/process/task_queues:95:5)
    at _runTest (C:\Users\benpe\Coding\REI-Project\InstantlyAnalyze-Components\node_modules\jest-circus\build\run.js:252:3)
    at _runTestsForDescribeBlock (C:\Users\benpe\Coding\REI-Project\InstantlyAnalyze-Components\node_modules\jest-circus\build\run.js:126:9)
    at _runTestsForDescribeBlock (C:\Users\benpe\Coding\REI-Project\InstantlyAnalyze-Components\node_modules\jest-circus\build\run.js:121:9)
    at _runTestsForDescribeBlock (C:\Users\benpe\Coding\REI-Project\InstantlyAnalyze-Components\node_modules\jest-circus\build\run.js:121:9)
    at run (C:\Users\benpe\Coding\REI-Project\InstantlyAnalyze-Components\node_modules\jest-circus\build\run.js:71:3)
    at runAndTransformResultsToJestFormat (C:\Users\benpe\Coding\REI-Project\InstantlyAnalyze-Components\node_modules\jest-circus\build\legacy-code-todo-rewrite\jestAdapterInit.js:122:21)
    at jestAdapter (C:\Users\benpe\Coding\REI-Project\InstantlyAnalyze-Components\node_modules\jest-circus\build\legacy-code-todo-rewrite\jestAdapter.js:79:19)
    at runTestInternal (C:\Users\benpe\Coding\REI-Project\InstantlyAnalyze-Components\node_modules\jest-runner\build\runTest.js:367:16)
    at runTest (C:\Users\benpe\Coding\REI-Project\InstantlyAnalyze-Components\node_modules\jest-runner\build\runTest.js:444:34)
    at Object.worker (C:\Users\benpe\Coding\REI-Project\InstantlyAnalyze-Components\node_modules\jest-runner\build\testWorker.js:106:12)</failure>
    </testcase>
    <testcase classname="DeleteWithConfirmation custom item types should use custom item type in message" name="DeleteWithConfirmation custom item types should use custom item type in message" time="0.007">
      <failure>TestingLibraryElementError: Unable to find an element with the text: /Are you sure you want to delete property/. This could be because the text is broken up by multiple elements. In this case, you can provide a function for your text matcher to make your matcher more flexible.

Ignored nodes: comments, script, style
&lt;body&gt;
  &lt;div /&gt;
&lt;/body&gt;
    at Object.getElementError (C:\Users\benpe\Coding\REI-Project\InstantlyAnalyze-Components\node_modules\@testing-library\react\node_modules\@testing-library\dom\dist\config.js:37:19)
    at C:\Users\benpe\Coding\REI-Project\InstantlyAnalyze-Components\node_modules\@testing-library\react\node_modules\@testing-library\dom\dist\query-helpers.js:76:38
    at C:\Users\benpe\Coding\REI-Project\InstantlyAnalyze-Components\node_modules\@testing-library\react\node_modules\@testing-library\dom\dist\query-helpers.js:52:17
    at C:\Users\benpe\Coding\REI-Project\InstantlyAnalyze-Components\node_modules\@testing-library\react\node_modules\@testing-library\dom\dist\query-helpers.js:95:19
    at Object.&lt;anonymous&gt; (C:\Users\benpe\Coding\REI-Project\InstantlyAnalyze-Components\tst\components\DeleteWithConfirmation\DeleteWithConfirmation.test.tsx:172:21)
    at Promise.then.completed (C:\Users\benpe\Coding\REI-Project\InstantlyAnalyze-Components\node_modules\jest-circus\build\utils.js:298:28)
    at new Promise (&lt;anonymous&gt;)
    at callAsyncCircusFn (C:\Users\benpe\Coding\REI-Project\InstantlyAnalyze-Components\node_modules\jest-circus\build\utils.js:231:10)
    at _callCircusTest (C:\Users\benpe\Coding\REI-Project\InstantlyAnalyze-Components\node_modules\jest-circus\build\run.js:316:40)
    at processTicksAndRejections (node:internal/process/task_queues:95:5)
    at _runTest (C:\Users\benpe\Coding\REI-Project\InstantlyAnalyze-Components\node_modules\jest-circus\build\run.js:252:3)
    at _runTestsForDescribeBlock (C:\Users\benpe\Coding\REI-Project\InstantlyAnalyze-Components\node_modules\jest-circus\build\run.js:126:9)
    at _runTestsForDescribeBlock (C:\Users\benpe\Coding\REI-Project\InstantlyAnalyze-Components\node_modules\jest-circus\build\run.js:121:9)
    at _runTestsForDescribeBlock (C:\Users\benpe\Coding\REI-Project\InstantlyAnalyze-Components\node_modules\jest-circus\build\run.js:121:9)
    at run (C:\Users\benpe\Coding\REI-Project\InstantlyAnalyze-Components\node_modules\jest-circus\build\run.js:71:3)
    at runAndTransformResultsToJestFormat (C:\Users\benpe\Coding\REI-Project\InstantlyAnalyze-Components\node_modules\jest-circus\build\legacy-code-todo-rewrite\jestAdapterInit.js:122:21)
    at jestAdapter (C:\Users\benpe\Coding\REI-Project\InstantlyAnalyze-Components\node_modules\jest-circus\build\legacy-code-todo-rewrite\jestAdapter.js:79:19)
    at runTestInternal (C:\Users\benpe\Coding\REI-Project\InstantlyAnalyze-Components\node_modules\jest-runner\build\runTest.js:367:16)
    at runTest (C:\Users\benpe\Coding\REI-Project\InstantlyAnalyze-Components\node_modules\jest-runner\build\runTest.js:444:34)
    at Object.worker (C:\Users\benpe\Coding\REI-Project\InstantlyAnalyze-Components\node_modules\jest-runner\build\testWorker.js:106:12)</failure>
    </testcase>
    <testcase classname="DeleteWithConfirmation custom item types should use custom item type for multiple items" name="DeleteWithConfirmation custom item types should use custom item type for multiple items" time="0.081">
      <failure>TestingLibraryElementError: Unable to find an element with the text: /2 properties/. This could be because the text is broken up by multiple elements. In this case, you can provide a function for your text matcher to make your matcher more flexible.

Ignored nodes: comments, script, style
&lt;body&gt;
  &lt;div /&gt;
&lt;/body&gt;
    at Object.getElementError (C:\Users\benpe\Coding\REI-Project\InstantlyAnalyze-Components\node_modules\@testing-library\react\node_modules\@testing-library\dom\dist\config.js:37:19)
    at C:\Users\benpe\Coding\REI-Project\InstantlyAnalyze-Components\node_modules\@testing-library\react\node_modules\@testing-library\dom\dist\query-helpers.js:76:38
    at C:\Users\benpe\Coding\REI-Project\InstantlyAnalyze-Components\node_modules\@testing-library\react\node_modules\@testing-library\dom\dist\query-helpers.js:52:17
    at C:\Users\benpe\Coding\REI-Project\InstantlyAnalyze-Components\node_modules\@testing-library\react\node_modules\@testing-library\dom\dist\query-helpers.js:95:19
    at Object.&lt;anonymous&gt; (C:\Users\benpe\Coding\REI-Project\InstantlyAnalyze-Components\tst\components\DeleteWithConfirmation\DeleteWithConfirmation.test.tsx:180:21)
    at Promise.then.completed (C:\Users\benpe\Coding\REI-Project\InstantlyAnalyze-Components\node_modules\jest-circus\build\utils.js:298:28)
    at new Promise (&lt;anonymous&gt;)
    at callAsyncCircusFn (C:\Users\benpe\Coding\REI-Project\InstantlyAnalyze-Components\node_modules\jest-circus\build\utils.js:231:10)
    at _callCircusTest (C:\Users\benpe\Coding\REI-Project\InstantlyAnalyze-Components\node_modules\jest-circus\build\run.js:316:40)
    at processTicksAndRejections (node:internal/process/task_queues:95:5)
    at _runTest (C:\Users\benpe\Coding\REI-Project\InstantlyAnalyze-Components\node_modules\jest-circus\build\run.js:252:3)
    at _runTestsForDescribeBlock (C:\Users\benpe\Coding\REI-Project\InstantlyAnalyze-Components\node_modules\jest-circus\build\run.js:126:9)
    at _runTestsForDescribeBlock (C:\Users\benpe\Coding\REI-Project\InstantlyAnalyze-Components\node_modules\jest-circus\build\run.js:121:9)
    at _runTestsForDescribeBlock (C:\Users\benpe\Coding\REI-Project\InstantlyAnalyze-Components\node_modules\jest-circus\build\run.js:121:9)
    at run (C:\Users\benpe\Coding\REI-Project\InstantlyAnalyze-Components\node_modules\jest-circus\build\run.js:71:3)
    at runAndTransformResultsToJestFormat (C:\Users\benpe\Coding\REI-Project\InstantlyAnalyze-Components\node_modules\jest-circus\build\legacy-code-todo-rewrite\jestAdapterInit.js:122:21)
    at jestAdapter (C:\Users\benpe\Coding\REI-Project\InstantlyAnalyze-Components\node_modules\jest-circus\build\legacy-code-todo-rewrite\jestAdapter.js:79:19)
    at runTestInternal (C:\Users\benpe\Coding\REI-Project\InstantlyAnalyze-Components\node_modules\jest-runner\build\runTest.js:367:16)
    at runTest (C:\Users\benpe\Coding\REI-Project\InstantlyAnalyze-Components\node_modules\jest-runner\build\runTest.js:444:34)
    at Object.worker (C:\Users\benpe\Coding\REI-Project\InstantlyAnalyze-Components\node_modules\jest-runner\build\testWorker.js:106:12)</failure>
    </testcase>
  </testsuite>
  <testsuite name="CalculatorBuyboxChecklist" errors="0" failures="9" skipped="0" timestamp="2025-07-31T04:52:58" time="61.876" tests="15">
    <testcase classname="CalculatorBuyboxChecklist rendering should render container with header" name="CalculatorBuyboxChecklist rendering should render container with header" time="0.34">
      <failure>TestingLibraryElementError: Unable to find an element by: [data-testid=&quot;container-header&quot;]

Ignored nodes: comments, script, style
&lt;body&gt;
  &lt;div&gt;
    &lt;div
      data-testid=&quot;container&quot;
    &gt;
      &lt;div
        data-testid=&quot;header&quot;
      &gt;
        Key Deal Metrics
      &lt;/div&gt;
      &lt;div
        style=&quot;display: flex; justify-content: center; align-items: center;&quot;
      &gt;
        &lt;div
          data-size=&quot;l&quot;
          data-testid=&quot;space-between-horizontal&quot;
        &gt;
          &lt;div
            data-testid=&quot;box&quot;
          &gt;
            &lt;div
              data-testid=&quot;box&quot;
            &gt;
              &lt;div
                data-testid=&quot;box&quot;
              &gt;
                &lt;a
                  data-external=&quot;true&quot;
                  data-testid=&quot;link&quot;
                  href=&quot;https://www.investopedia.com/terms/c/cashoncashreturn.asp&quot;
                &gt;
                  CoC ROI
                &lt;/a&gt;
              &lt;/div&gt;
              &lt;div
                data-testid=&quot;box&quot;
              &gt;
                10.50%
              &lt;/div&gt;
              &lt;div
                data-testid=&quot;box&quot;
              &gt;
                &lt;div
                  data-testid=&quot;status-success&quot;
                &gt;
                  Good Deal
                &lt;/div&gt;
              &lt;/div&gt;
              &lt;div
                data-testid=&quot;box&quot;
              &gt;
                Must be &amp;gt;= 8.00%
              &lt;/div&gt;
            &lt;/div&gt;
          &lt;/div&gt;
          &lt;div
            data-testid=&quot;box&quot;
          &gt;
            &lt;div
              data-testid=&quot;box&quot;
            &gt;
              &lt;div
                data-testid=&quot;box&quot;
              &gt;
                &lt;a
                  data-external=&quot;true&quot;
                  data-testid=&quot;link&quot;
                  href=&quot;https://www.investopedia.com/terms/c/capitalizationrate.asp&quot;
                &gt;
                  Going In Cap Rate
                &lt;/a&gt;
              &lt;/div&gt;
              &lt;div
                data-testid=&quot;box&quot;
              &gt;
                8.20%
              &lt;/div&gt;
              &lt;div
                data-testid=&quot;box&quot;
              &gt;
                &lt;div
                  data-testid=&quot;status-success&quot;
                &gt;
                  Good Deal
                &lt;/div&gt;
              &lt;/div&gt;
              &lt;div
                data-testid=&quot;box&quot;
              &gt;
                Must be &amp;gt;= 7.00%
              &lt;/div&gt;
            &lt;/div&gt;
          &lt;/div&gt;
          &lt;div
            data-testid=&quot;box&quot;
          &gt;
            &lt;div
              data-testid=&quot;box&quot;
            &gt;
              &lt;div
                data-testid=&quot;box&quot;
              &gt;
                &lt;a
                  data-external=&quot;true&quot;
                  data-testid=&quot;link&quot;
                  href=&quot;https://www.investopedia.com/terms/o/one-percent-rule.asp&quot;
                &gt;
                  1% Rule
                &lt;/a&gt;
              &lt;/div&gt;
              &lt;div
                data-testid=&quot;box&quot;
              &gt;
                1.00%
              &lt;/div&gt;
              &lt;div
                data-testid=&quot;box&quot;
              &gt;
                &lt;div
                  data-testid=&quot;status-success&quot;
                &gt;
                  Good Deal
                &lt;/div&gt;
              &lt;/div&gt;
              &lt;div
                data-testid=&quot;box&quot;
              &gt;
                Must be &amp;gt;= 1.00%
              &lt;/div&gt;
            &lt;/div&gt;
          &lt;/div&gt;
          &lt;div
            data-testid=&quot;box&quot;
          &gt;
            &lt;div
              data-testid=&quot;box&quot;
            &gt;
              &lt;div
                data-testid=&quot;box&quot;
              &gt;
                &lt;a
                  data-external=&quot;true&quot;
                  data-testid=&quot;link&quot;
                  href=&quot;https://smartasset.com/investing/50-rule-real-estate&quot;
                &gt;
                  50% Rule
                &lt;/a&gt;
              &lt;/div&gt;
              &lt;div
                data-testid=&quot;box&quot;
              &gt;
                $500
              &lt;/div&gt;
              &lt;div
                data-testid=&quot;box&quot;
              &gt;
                &lt;div
                  data-testid=&quot;status-success&quot;
                &gt;
                  Good Deal
                &lt;/div&gt;
              &lt;/div&gt;
              &lt;div
                data-testid=&quot;box&quot;
              &gt;
                Must be &amp;gt;= $0
              &lt;/div&gt;
            &lt;/div&gt;
          &lt;/div&gt;
        &lt;/div&gt;
      &lt;/div&gt;
      &lt;div
        data-testid=&quot;box&quot;
      &gt;
        &lt;button
          data-testid=&quot;button-undefined&quot;
        &gt;
          Edit Thresholds
        &lt;/button&gt;
      &lt;/div&gt;
    &lt;/div&gt;
  &lt;/div&gt;
&lt;/body&gt;
    at Object.getElementError (C:\Users\benpe\Coding\REI-Project\InstantlyAnalyze-Components\node_modules\@testing-library\react\node_modules\@testing-library\dom\dist\config.js:37:19)
    at C:\Users\benpe\Coding\REI-Project\InstantlyAnalyze-Components\node_modules\@testing-library\react\node_modules\@testing-library\dom\dist\query-helpers.js:76:38
    at C:\Users\benpe\Coding\REI-Project\InstantlyAnalyze-Components\node_modules\@testing-library\react\node_modules\@testing-library\dom\dist\query-helpers.js:52:17
    at C:\Users\benpe\Coding\REI-Project\InstantlyAnalyze-Components\node_modules\@testing-library\react\node_modules\@testing-library\dom\dist\query-helpers.js:95:19
    at Object.&lt;anonymous&gt; (C:\Users\benpe\Coding\REI-Project\InstantlyAnalyze-Components\tst\components\Calculator\CalculatorBuyboxChecklist.test.tsx:114:21)
    at Promise.then.completed (C:\Users\benpe\Coding\REI-Project\InstantlyAnalyze-Components\node_modules\jest-circus\build\utils.js:298:28)
    at new Promise (&lt;anonymous&gt;)
    at callAsyncCircusFn (C:\Users\benpe\Coding\REI-Project\InstantlyAnalyze-Components\node_modules\jest-circus\build\utils.js:231:10)
    at _callCircusTest (C:\Users\benpe\Coding\REI-Project\InstantlyAnalyze-Components\node_modules\jest-circus\build\run.js:316:40)
    at processTicksAndRejections (node:internal/process/task_queues:95:5)
    at _runTest (C:\Users\benpe\Coding\REI-Project\InstantlyAnalyze-Components\node_modules\jest-circus\build\run.js:252:3)
    at _runTestsForDescribeBlock (C:\Users\benpe\Coding\REI-Project\InstantlyAnalyze-Components\node_modules\jest-circus\build\run.js:126:9)
    at _runTestsForDescribeBlock (C:\Users\benpe\Coding\REI-Project\InstantlyAnalyze-Components\node_modules\jest-circus\build\run.js:121:9)
    at _runTestsForDescribeBlock (C:\Users\benpe\Coding\REI-Project\InstantlyAnalyze-Components\node_modules\jest-circus\build\run.js:121:9)
    at run (C:\Users\benpe\Coding\REI-Project\InstantlyAnalyze-Components\node_modules\jest-circus\build\run.js:71:3)
    at runAndTransformResultsToJestFormat (C:\Users\benpe\Coding\REI-Project\InstantlyAnalyze-Components\node_modules\jest-circus\build\legacy-code-todo-rewrite\jestAdapterInit.js:122:21)
    at jestAdapter (C:\Users\benpe\Coding\REI-Project\InstantlyAnalyze-Components\node_modules\jest-circus\build\legacy-code-todo-rewrite\jestAdapter.js:79:19)
    at runTestInternal (C:\Users\benpe\Coding\REI-Project\InstantlyAnalyze-Components\node_modules\jest-runner\build\runTest.js:367:16)
    at runTest (C:\Users\benpe\Coding\REI-Project\InstantlyAnalyze-Components\node_modules\jest-runner\build\runTest.js:444:34)
    at Object.worker (C:\Users\benpe\Coding\REI-Project\InstantlyAnalyze-Components\node_modules\jest-runner\build\testWorker.js:106:12)</failure>
    </testcase>
    <testcase classname="CalculatorBuyboxChecklist rendering should render all four rules" name="CalculatorBuyboxChecklist rendering should render all four rules" time="0.084">
    </testcase>
    <testcase classname="CalculatorBuyboxChecklist rendering should render rule links with correct hrefs" name="CalculatorBuyboxChecklist rendering should render rule links with correct hrefs" time="0.052">
    </testcase>
    <testcase classname="CalculatorBuyboxChecklist rendering should render edit button" name="CalculatorBuyboxChecklist rendering should render edit button" time="0.039">
      <failure>TestingLibraryElementError: Unable to find an element by: [data-testid=&quot;button-link&quot;]

Ignored nodes: comments, script, style
&lt;body&gt;
  &lt;div&gt;
    &lt;div
      data-testid=&quot;container&quot;
    &gt;
      &lt;div
        data-testid=&quot;header&quot;
      &gt;
        Key Deal Metrics
      &lt;/div&gt;
      &lt;div
        style=&quot;display: flex; justify-content: center; align-items: center;&quot;
      &gt;
        &lt;div
          data-size=&quot;l&quot;
          data-testid=&quot;space-between-horizontal&quot;
        &gt;
          &lt;div
            data-testid=&quot;box&quot;
          &gt;
            &lt;div
              data-testid=&quot;box&quot;
            &gt;
              &lt;div
                data-testid=&quot;box&quot;
              &gt;
                &lt;a
                  data-external=&quot;true&quot;
                  data-testid=&quot;link&quot;
                  href=&quot;https://www.investopedia.com/terms/c/cashoncashreturn.asp&quot;
                &gt;
                  CoC ROI
                &lt;/a&gt;
              &lt;/div&gt;
              &lt;div
                data-testid=&quot;box&quot;
              &gt;
                10.50%
              &lt;/div&gt;
              &lt;div
                data-testid=&quot;box&quot;
              &gt;
                &lt;div
                  data-testid=&quot;status-success&quot;
                &gt;
                  Good Deal
                &lt;/div&gt;
              &lt;/div&gt;
              &lt;div
                data-testid=&quot;box&quot;
              &gt;
                Must be &amp;gt;= 8.00%
              &lt;/div&gt;
            &lt;/div&gt;
          &lt;/div&gt;
          &lt;div
            data-testid=&quot;box&quot;
          &gt;
            &lt;div
              data-testid=&quot;box&quot;
            &gt;
              &lt;div
                data-testid=&quot;box&quot;
              &gt;
                &lt;a
                  data-external=&quot;true&quot;
                  data-testid=&quot;link&quot;
                  href=&quot;https://www.investopedia.com/terms/c/capitalizationrate.asp&quot;
                &gt;
                  Going In Cap Rate
                &lt;/a&gt;
              &lt;/div&gt;
              &lt;div
                data-testid=&quot;box&quot;
              &gt;
                8.20%
              &lt;/div&gt;
              &lt;div
                data-testid=&quot;box&quot;
              &gt;
                &lt;div
                  data-testid=&quot;status-success&quot;
                &gt;
                  Good Deal
                &lt;/div&gt;
              &lt;/div&gt;
              &lt;div
                data-testid=&quot;box&quot;
              &gt;
                Must be &amp;gt;= 7.00%
              &lt;/div&gt;
            &lt;/div&gt;
          &lt;/div&gt;
          &lt;div
            data-testid=&quot;box&quot;
          &gt;
            &lt;div
              data-testid=&quot;box&quot;
            &gt;
              &lt;div
                data-testid=&quot;box&quot;
              &gt;
                &lt;a
                  data-external=&quot;true&quot;
                  data-testid=&quot;link&quot;
                  href=&quot;https://www.investopedia.com/terms/o/one-percent-rule.asp&quot;
                &gt;
                  1% Rule
                &lt;/a&gt;
              &lt;/div&gt;
              &lt;div
                data-testid=&quot;box&quot;
              &gt;
                1.00%
              &lt;/div&gt;
              &lt;div
                data-testid=&quot;box&quot;
              &gt;
                &lt;div
                  data-testid=&quot;status-success&quot;
                &gt;
                  Good Deal
                &lt;/div&gt;
              &lt;/div&gt;
              &lt;div
                data-testid=&quot;box&quot;
              &gt;
                Must be &amp;gt;= 1.00%
              &lt;/div&gt;
            &lt;/div&gt;
          &lt;/div&gt;
          &lt;div
            data-testid=&quot;box&quot;
          &gt;
            &lt;div
              data-testid=&quot;box&quot;
            &gt;
              &lt;div
                data-testid=&quot;box&quot;
              &gt;
                &lt;a
                  data-external=&quot;true&quot;
                  data-testid=&quot;link&quot;
                  href=&quot;https://smartasset.com/investing/50-rule-real-estate&quot;
                &gt;
                  50% Rule
                &lt;/a&gt;
              &lt;/div&gt;
              &lt;div
                data-testid=&quot;box&quot;
              &gt;
                $500
              &lt;/div&gt;
              &lt;div
                data-testid=&quot;box&quot;
              &gt;
                &lt;div
                  data-testid=&quot;status-success&quot;
                &gt;
                  Good Deal
                &lt;/div&gt;
              &lt;/div&gt;
              &lt;div
                data-testid=&quot;box&quot;
              &gt;
                Must be &amp;gt;= $0
              &lt;/div&gt;
            &lt;/div&gt;
          &lt;/div&gt;
        &lt;/div&gt;
      &lt;/div&gt;
      &lt;div
        data-testid=&quot;box&quot;
      &gt;
        &lt;button
          data-testid=&quot;button-undefined&quot;
        &gt;
          Edit Thresholds
        &lt;/button&gt;
      &lt;/div&gt;
    &lt;/div&gt;
  &lt;/div&gt;
&lt;/body&gt;
    at Object.getElementError (C:\Users\benpe\Coding\REI-Project\InstantlyAnalyze-Components\node_modules\@testing-library\react\node_modules\@testing-library\dom\dist\config.js:37:19)
    at C:\Users\benpe\Coding\REI-Project\InstantlyAnalyze-Components\node_modules\@testing-library\react\node_modules\@testing-library\dom\dist\query-helpers.js:76:38
    at C:\Users\benpe\Coding\REI-Project\InstantlyAnalyze-Components\node_modules\@testing-library\react\node_modules\@testing-library\dom\dist\query-helpers.js:52:17
    at C:\Users\benpe\Coding\REI-Project\InstantlyAnalyze-Components\node_modules\@testing-library\react\node_modules\@testing-library\dom\dist\query-helpers.js:95:19
    at Object.&lt;anonymous&gt; (C:\Users\benpe\Coding\REI-Project\InstantlyAnalyze-Components\tst\components\Calculator\CalculatorBuyboxChecklist.test.tsx:142:21)
    at Promise.then.completed (C:\Users\benpe\Coding\REI-Project\InstantlyAnalyze-Components\node_modules\jest-circus\build\utils.js:298:28)
    at new Promise (&lt;anonymous&gt;)
    at callAsyncCircusFn (C:\Users\benpe\Coding\REI-Project\InstantlyAnalyze-Components\node_modules\jest-circus\build\utils.js:231:10)
    at _callCircusTest (C:\Users\benpe\Coding\REI-Project\InstantlyAnalyze-Components\node_modules\jest-circus\build\run.js:316:40)
    at processTicksAndRejections (node:internal/process/task_queues:95:5)
    at _runTest (C:\Users\benpe\Coding\REI-Project\InstantlyAnalyze-Components\node_modules\jest-circus\build\run.js:252:3)
    at _runTestsForDescribeBlock (C:\Users\benpe\Coding\REI-Project\InstantlyAnalyze-Components\node_modules\jest-circus\build\run.js:126:9)
    at _runTestsForDescribeBlock (C:\Users\benpe\Coding\REI-Project\InstantlyAnalyze-Components\node_modules\jest-circus\build\run.js:121:9)
    at _runTestsForDescribeBlock (C:\Users\benpe\Coding\REI-Project\InstantlyAnalyze-Components\node_modules\jest-circus\build\run.js:121:9)
    at run (C:\Users\benpe\Coding\REI-Project\InstantlyAnalyze-Components\node_modules\jest-circus\build\run.js:71:3)
    at runAndTransformResultsToJestFormat (C:\Users\benpe\Coding\REI-Project\InstantlyAnalyze-Components\node_modules\jest-circus\build\legacy-code-todo-rewrite\jestAdapterInit.js:122:21)
    at jestAdapter (C:\Users\benpe\Coding\REI-Project\InstantlyAnalyze-Components\node_modules\jest-circus\build\legacy-code-todo-rewrite\jestAdapter.js:79:19)
    at runTestInternal (C:\Users\benpe\Coding\REI-Project\InstantlyAnalyze-Components\node_modules\jest-runner\build\runTest.js:367:16)
    at runTest (C:\Users\benpe\Coding\REI-Project\InstantlyAnalyze-Components\node_modules\jest-runner\build\runTest.js:444:34)
    at Object.worker (C:\Users\benpe\Coding\REI-Project\InstantlyAnalyze-Components\node_modules\jest-runner\build\testWorker.js:106:12)</failure>
    </testcase>
    <testcase classname="CalculatorBuyboxChecklist rule calculations should calculate CoC ROI correctly" name="CalculatorBuyboxChecklist rule calculations should calculate CoC ROI correctly" time="0.103">
      <failure>Error: expect(received).toHaveBeenCalledWith(...expected)

Matcher error: received value must be a mock or spy function

Received has value: undefined
    at Object.&lt;anonymous&gt; (C:\Users\benpe\Coding\REI-Project\InstantlyAnalyze-Components\tst\components\Calculator\CalculatorBuyboxChecklist.test.tsx:153:49)
    at Promise.then.completed (C:\Users\benpe\Coding\REI-Project\InstantlyAnalyze-Components\node_modules\jest-circus\build\utils.js:298:28)
    at new Promise (&lt;anonymous&gt;)
    at callAsyncCircusFn (C:\Users\benpe\Coding\REI-Project\InstantlyAnalyze-Components\node_modules\jest-circus\build\utils.js:231:10)
    at _callCircusTest (C:\Users\benpe\Coding\REI-Project\InstantlyAnalyze-Components\node_modules\jest-circus\build\run.js:316:40)
    at processTicksAndRejections (node:internal/process/task_queues:95:5)
    at _runTest (C:\Users\benpe\Coding\REI-Project\InstantlyAnalyze-Components\node_modules\jest-circus\build\run.js:252:3)
    at _runTestsForDescribeBlock (C:\Users\benpe\Coding\REI-Project\InstantlyAnalyze-Components\node_modules\jest-circus\build\run.js:126:9)
    at _runTestsForDescribeBlock (C:\Users\benpe\Coding\REI-Project\InstantlyAnalyze-Components\node_modules\jest-circus\build\run.js:121:9)
    at _runTestsForDescribeBlock (C:\Users\benpe\Coding\REI-Project\InstantlyAnalyze-Components\node_modules\jest-circus\build\run.js:121:9)
    at run (C:\Users\benpe\Coding\REI-Project\InstantlyAnalyze-Components\node_modules\jest-circus\build\run.js:71:3)
    at runAndTransformResultsToJestFormat (C:\Users\benpe\Coding\REI-Project\InstantlyAnalyze-Components\node_modules\jest-circus\build\legacy-code-todo-rewrite\jestAdapterInit.js:122:21)
    at jestAdapter (C:\Users\benpe\Coding\REI-Project\InstantlyAnalyze-Components\node_modules\jest-circus\build\legacy-code-todo-rewrite\jestAdapter.js:79:19)
    at runTestInternal (C:\Users\benpe\Coding\REI-Project\InstantlyAnalyze-Components\node_modules\jest-runner\build\runTest.js:367:16)
    at runTest (C:\Users\benpe\Coding\REI-Project\InstantlyAnalyze-Components\node_modules\jest-runner\build\runTest.js:444:34)
    at Object.worker (C:\Users\benpe\Coding\REI-Project\InstantlyAnalyze-Components\node_modules\jest-runner\build\testWorker.js:106:12)</failure>
    </testcase>
    <testcase classname="CalculatorBuyboxChecklist rule calculations should calculate Cap Rate correctly" name="CalculatorBuyboxChecklist rule calculations should calculate Cap Rate correctly" time="0.026">
      <failure>Error: expect(received).toHaveBeenCalledWith(...expected)

Matcher error: received value must be a mock or spy function

Received has value: undefined
    at Object.&lt;anonymous&gt; (C:\Users\benpe\Coding\REI-Project\InstantlyAnalyze-Components\tst\components\Calculator\CalculatorBuyboxChecklist.test.tsx:160:57)
    at Promise.then.completed (C:\Users\benpe\Coding\REI-Project\InstantlyAnalyze-Components\node_modules\jest-circus\build\utils.js:298:28)
    at new Promise (&lt;anonymous&gt;)
    at callAsyncCircusFn (C:\Users\benpe\Coding\REI-Project\InstantlyAnalyze-Components\node_modules\jest-circus\build\utils.js:231:10)
    at _callCircusTest (C:\Users\benpe\Coding\REI-Project\InstantlyAnalyze-Components\node_modules\jest-circus\build\run.js:316:40)
    at processTicksAndRejections (node:internal/process/task_queues:95:5)
    at _runTest (C:\Users\benpe\Coding\REI-Project\InstantlyAnalyze-Components\node_modules\jest-circus\build\run.js:252:3)
    at _runTestsForDescribeBlock (C:\Users\benpe\Coding\REI-Project\InstantlyAnalyze-Components\node_modules\jest-circus\build\run.js:126:9)
    at _runTestsForDescribeBlock (C:\Users\benpe\Coding\REI-Project\InstantlyAnalyze-Components\node_modules\jest-circus\build\run.js:121:9)
    at _runTestsForDescribeBlock (C:\Users\benpe\Coding\REI-Project\InstantlyAnalyze-Components\node_modules\jest-circus\build\run.js:121:9)
    at run (C:\Users\benpe\Coding\REI-Project\InstantlyAnalyze-Components\node_modules\jest-circus\build\run.js:71:3)
    at runAndTransformResultsToJestFormat (C:\Users\benpe\Coding\REI-Project\InstantlyAnalyze-Components\node_modules\jest-circus\build\legacy-code-todo-rewrite\jestAdapterInit.js:122:21)
    at jestAdapter (C:\Users\benpe\Coding\REI-Project\InstantlyAnalyze-Components\node_modules\jest-circus\build\legacy-code-todo-rewrite\jestAdapter.js:79:19)
    at runTestInternal (C:\Users\benpe\Coding\REI-Project\InstantlyAnalyze-Components\node_modules\jest-runner\build\runTest.js:367:16)
    at runTest (C:\Users\benpe\Coding\REI-Project\InstantlyAnalyze-Components\node_modules\jest-runner\build\runTest.js:444:34)
    at Object.worker (C:\Users\benpe\Coding\REI-Project\InstantlyAnalyze-Components\node_modules\jest-runner\build\testWorker.js:106:12)</failure>
    </testcase>
    <testcase classname="CalculatorBuyboxChecklist rule calculations should calculate 1% Rule correctly" name="CalculatorBuyboxChecklist rule calculations should calculate 1% Rule correctly" time="0.051">
    </testcase>
    <testcase classname="CalculatorBuyboxChecklist rule calculations should calculate 50% Rule correctly" name="CalculatorBuyboxChecklist rule calculations should calculate 50% Rule correctly" time="0.169">
      <failure>Error: expect(received).toHaveBeenCalledWith(...expected)

Matcher error: received value must be a mock or spy function

Received has value: undefined
    at Object.&lt;anonymous&gt; (C:\Users\benpe\Coding\REI-Project\InstantlyAnalyze-Components\tst\components\Calculator\CalculatorBuyboxChecklist.test.tsx:175:64)
    at Promise.then.completed (C:\Users\benpe\Coding\REI-Project\InstantlyAnalyze-Components\node_modules\jest-circus\build\utils.js:298:28)
    at new Promise (&lt;anonymous&gt;)
    at callAsyncCircusFn (C:\Users\benpe\Coding\REI-Project\InstantlyAnalyze-Components\node_modules\jest-circus\build\utils.js:231:10)
    at _callCircusTest (C:\Users\benpe\Coding\REI-Project\InstantlyAnalyze-Components\node_modules\jest-circus\build\run.js:316:40)
    at processTicksAndRejections (node:internal/process/task_queues:95:5)
    at _runTest (C:\Users\benpe\Coding\REI-Project\InstantlyAnalyze-Components\node_modules\jest-circus\build\run.js:252:3)
    at _runTestsForDescribeBlock (C:\Users\benpe\Coding\REI-Project\InstantlyAnalyze-Components\node_modules\jest-circus\build\run.js:126:9)
    at _runTestsForDescribeBlock (C:\Users\benpe\Coding\REI-Project\InstantlyAnalyze-Components\node_modules\jest-circus\build\run.js:121:9)
    at _runTestsForDescribeBlock (C:\Users\benpe\Coding\REI-Project\InstantlyAnalyze-Components\node_modules\jest-circus\build\run.js:121:9)
    at run (C:\Users\benpe\Coding\REI-Project\InstantlyAnalyze-Components\node_modules\jest-circus\build\run.js:71:3)
    at runAndTransformResultsToJestFormat (C:\Users\benpe\Coding\REI-Project\InstantlyAnalyze-Components\node_modules\jest-circus\build\legacy-code-todo-rewrite\jestAdapterInit.js:122:21)
    at jestAdapter (C:\Users\benpe\Coding\REI-Project\InstantlyAnalyze-Components\node_modules\jest-circus\build\legacy-code-todo-rewrite\jestAdapter.js:79:19)
    at runTestInternal (C:\Users\benpe\Coding\REI-Project\InstantlyAnalyze-Components\node_modules\jest-runner\build\runTest.js:367:16)
    at runTest (C:\Users\benpe\Coding\REI-Project\InstantlyAnalyze-Components\node_modules\jest-runner\build\runTest.js:444:34)
    at Object.worker (C:\Users\benpe\Coding\REI-Project\InstantlyAnalyze-Components\node_modules\jest-runner\build\testWorker.js:106:12)</failure>
    </testcase>
    <testcase classname="CalculatorBuyboxChecklist status indicators should show success status for passing rules" name="CalculatorBuyboxChecklist status indicators should show success status for passing rules" time="0.043">
    </testcase>
    <testcase classname="CalculatorBuyboxChecklist status indicators should show error status for failing rules" name="CalculatorBuyboxChecklist status indicators should show error status for failing rules" time="0.024">
    </testcase>
    <testcase classname="CalculatorBuyboxChecklist threshold management should load initial thresholds from context" name="CalculatorBuyboxChecklist threshold management should load initial thresholds from context" time="0.014">
    </testcase>
    <testcase classname="CalculatorBuyboxChecklist threshold management should save thresholds when updated" name="CalculatorBuyboxChecklist threshold management should save thresholds when updated" time="0.034">
      <failure>TestingLibraryElementError: Unable to find an element by: [data-testid=&quot;button-link&quot;]

Ignored nodes: comments, script, style
&lt;body&gt;
  &lt;div&gt;
    &lt;div
      data-testid=&quot;container&quot;
    &gt;
      &lt;div
        data-testid=&quot;header&quot;
      &gt;
        Key Deal Metrics
      &lt;/div&gt;
      &lt;div
        style=&quot;display: flex; justify-content: center; align-items: center;&quot;
      &gt;
        &lt;div
          data-size=&quot;l&quot;
          data-testid=&quot;space-between-horizontal&quot;
        &gt;
          &lt;div
            data-testid=&quot;box&quot;
          &gt;
            &lt;div
              data-testid=&quot;box&quot;
            &gt;
              &lt;div
                data-testid=&quot;box&quot;
              &gt;
                &lt;a
                  data-external=&quot;true&quot;
                  data-testid=&quot;link&quot;
                  href=&quot;https://www.investopedia.com/terms/c/cashoncashreturn.asp&quot;
                &gt;
                  CoC ROI
                &lt;/a&gt;
              &lt;/div&gt;
              &lt;div
                data-testid=&quot;box&quot;
              &gt;
                5.00%
              &lt;/div&gt;
              &lt;div
                data-testid=&quot;box&quot;
              &gt;
                &lt;div
                  data-testid=&quot;status-error&quot;
                &gt;
                  Bad Deal
                &lt;/div&gt;
              &lt;/div&gt;
              &lt;div
                data-testid=&quot;box&quot;
              &gt;
                Must be &amp;gt;= 8.00%
              &lt;/div&gt;
            &lt;/div&gt;
          &lt;/div&gt;
          &lt;div
            data-testid=&quot;box&quot;
          &gt;
            &lt;div
              data-testid=&quot;box&quot;
            &gt;
              &lt;div
                data-testid=&quot;box&quot;
              &gt;
                &lt;a
                  data-external=&quot;true&quot;
                  data-testid=&quot;link&quot;
                  href=&quot;https://www.investopedia.com/terms/c/capitalizationrate.asp&quot;
                &gt;
                  Going In Cap Rate
                &lt;/a&gt;
              &lt;/div&gt;
              &lt;div
                data-testid=&quot;box&quot;
              &gt;
                6.00%
              &lt;/div&gt;
              &lt;div
                data-testid=&quot;box&quot;
              &gt;
                &lt;div
                  data-testid=&quot;status-error&quot;
                &gt;
                  Bad Deal
                &lt;/div&gt;
              &lt;/div&gt;
              &lt;div
                data-testid=&quot;box&quot;
              &gt;
                Must be &amp;gt;= 7.00%
              &lt;/div&gt;
            &lt;/div&gt;
          &lt;/div&gt;
          &lt;div
            data-testid=&quot;box&quot;
          &gt;
            &lt;div
              data-testid=&quot;box&quot;
            &gt;
              &lt;div
                data-testid=&quot;box&quot;
              &gt;
                &lt;a
                  data-external=&quot;true&quot;
                  data-testid=&quot;link&quot;
                  href=&quot;https://www.investopedia.com/terms/o/one-percent-rule.asp&quot;
                &gt;
                  1% Rule
                &lt;/a&gt;
              &lt;/div&gt;
              &lt;div
                data-testid=&quot;box&quot;
              &gt;
                1.00%
              &lt;/div&gt;
              &lt;div
                data-testid=&quot;box&quot;
              &gt;
                &lt;div
                  data-testid=&quot;status-success&quot;
                &gt;
                  Good Deal
                &lt;/div&gt;
              &lt;/div&gt;
              &lt;div
                data-testid=&quot;box&quot;
              &gt;
                Must be &amp;gt;= 1.00%
              &lt;/div&gt;
            &lt;/div&gt;
          &lt;/div&gt;
          &lt;div
            data-testid=&quot;box&quot;
          &gt;
            &lt;div
              data-testid=&quot;box&quot;
            &gt;
              &lt;div
                data-testid=&quot;box&quot;
              &gt;
                &lt;a
                  data-external=&quot;true&quot;
                  data-testid=&quot;link&quot;
                  href=&quot;https://smartasset.com/investing/50-rule-real-estate&quot;
                &gt;
                  50% Rule
                &lt;/a&gt;
              &lt;/div&gt;
              &lt;div
                data-testid=&quot;box&quot;
              &gt;
                $-100
              &lt;/div&gt;
              &lt;div
                data-testid=&quot;box&quot;
              &gt;
                &lt;div
                  data-testid=&quot;status-error&quot;
                &gt;
                  Bad Deal
                &lt;/div&gt;
              &lt;/div&gt;
              &lt;div
                data-testid=&quot;box&quot;
              &gt;
                Must be &amp;gt;= $0
              &lt;/div&gt;
            &lt;/div&gt;
          &lt;/div&gt;
        &lt;/div&gt;
      &lt;/div&gt;
      &lt;div
        data-testid=&quot;box&quot;
      &gt;
        &lt;button
          data-testid=&quot;button-undefined&quot;
        &gt;
          Edit Thresholds
        &lt;/button&gt;
      &lt;/div&gt;
    &lt;/div&gt;
  &lt;/div&gt;
&lt;/body&gt;
    at Object.getElementError (C:\Users\benpe\Coding\REI-Project\InstantlyAnalyze-Components\node_modules\@testing-library\react\node_modules\@testing-library\dom\dist\config.js:37:19)
    at C:\Users\benpe\Coding\REI-Project\InstantlyAnalyze-Components\node_modules\@testing-library\react\node_modules\@testing-library\dom\dist\query-helpers.js:76:38
    at C:\Users\benpe\Coding\REI-Project\InstantlyAnalyze-Components\node_modules\@testing-library\react\node_modules\@testing-library\dom\dist\query-helpers.js:52:17
    at C:\Users\benpe\Coding\REI-Project\InstantlyAnalyze-Components\node_modules\@testing-library\react\node_modules\@testing-library\dom\dist\query-helpers.js:95:19
    at C:\Users\benpe\Coding\REI-Project\InstantlyAnalyze-Components\tst\components\Calculator\CalculatorBuyboxChecklist.test.tsx:216:33
    at step (C:\Users\benpe\Coding\REI-Project\InstantlyAnalyze-Components\tst\components\Calculator\CalculatorBuyboxChecklist.test.tsx:44:23)
    at Object.next (C:\Users\benpe\Coding\REI-Project\InstantlyAnalyze-Components\tst\components\Calculator\CalculatorBuyboxChecklist.test.tsx:25:53)
    at C:\Users\benpe\Coding\REI-Project\InstantlyAnalyze-Components\tst\components\Calculator\CalculatorBuyboxChecklist.test.tsx:19:71
    at new Promise (&lt;anonymous&gt;)
    at Object.&lt;anonymous&gt;.__awaiter (C:\Users\benpe\Coding\REI-Project\InstantlyAnalyze-Components\tst\components\Calculator\CalculatorBuyboxChecklist.test.tsx:15:12)
    at Object.&lt;anonymous&gt; (C:\Users\benpe\Coding\REI-Project\InstantlyAnalyze-Components\tst\components\Calculator\CalculatorBuyboxChecklist.test.tsx:212:47)
    at Promise.then.completed (C:\Users\benpe\Coding\REI-Project\InstantlyAnalyze-Components\node_modules\jest-circus\build\utils.js:298:28)
    at new Promise (&lt;anonymous&gt;)
    at callAsyncCircusFn (C:\Users\benpe\Coding\REI-Project\InstantlyAnalyze-Components\node_modules\jest-circus\build\utils.js:231:10)
    at _callCircusTest (C:\Users\benpe\Coding\REI-Project\InstantlyAnalyze-Components\node_modules\jest-circus\build\run.js:316:40)
    at processTicksAndRejections (node:internal/process/task_queues:95:5)
    at _runTest (C:\Users\benpe\Coding\REI-Project\InstantlyAnalyze-Components\node_modules\jest-circus\build\run.js:252:3)
    at _runTestsForDescribeBlock (C:\Users\benpe\Coding\REI-Project\InstantlyAnalyze-Components\node_modules\jest-circus\build\run.js:126:9)
    at _runTestsForDescribeBlock (C:\Users\benpe\Coding\REI-Project\InstantlyAnalyze-Components\node_modules\jest-circus\build\run.js:121:9)
    at _runTestsForDescribeBlock (C:\Users\benpe\Coding\REI-Project\InstantlyAnalyze-Components\node_modules\jest-circus\build\run.js:121:9)
    at run (C:\Users\benpe\Coding\REI-Project\InstantlyAnalyze-Components\node_modules\jest-circus\build\run.js:71:3)
    at runAndTransformResultsToJestFormat (C:\Users\benpe\Coding\REI-Project\InstantlyAnalyze-Components\node_modules\jest-circus\build\legacy-code-todo-rewrite\jestAdapterInit.js:122:21)
    at jestAdapter (C:\Users\benpe\Coding\REI-Project\InstantlyAnalyze-Components\node_modules\jest-circus\build\legacy-code-todo-rewrite\jestAdapter.js:79:19)
    at runTestInternal (C:\Users\benpe\Coding\REI-Project\InstantlyAnalyze-Components\node_modules\jest-runner\build\runTest.js:367:16)
    at runTest (C:\Users\benpe\Coding\REI-Project\InstantlyAnalyze-Components\node_modules\jest-runner\build\runTest.js:444:34)
    at Object.worker (C:\Users\benpe\Coding\REI-Project\InstantlyAnalyze-Components\node_modules\jest-runner\build\testWorker.js:106:12)</failure>
    </testcase>
    <testcase classname="CalculatorBuyboxChecklist display formatting should format percentages correctly" name="CalculatorBuyboxChecklist display formatting should format percentages correctly" time="0.112">
      <failure>TestingLibraryElementError: Unable to find an element with the text: 10.50%. This could be because the text is broken up by multiple elements. In this case, you can provide a function for your text matcher to make your matcher more flexible.

Ignored nodes: comments, script, style
&lt;body&gt;
  &lt;div&gt;
    &lt;div
      data-testid=&quot;container&quot;
    &gt;
      &lt;div
        data-testid=&quot;header&quot;
      &gt;
        Key Deal Metrics
      &lt;/div&gt;
      &lt;div
        style=&quot;display: flex; justify-content: center; align-items: center;&quot;
      &gt;
        &lt;div
          data-size=&quot;l&quot;
          data-testid=&quot;space-between-horizontal&quot;
        &gt;
          &lt;div
            data-testid=&quot;box&quot;
          &gt;
            &lt;div
              data-testid=&quot;box&quot;
            &gt;
              &lt;div
                data-testid=&quot;box&quot;
              &gt;
                &lt;a
                  data-external=&quot;true&quot;
                  data-testid=&quot;link&quot;
                  href=&quot;https://www.investopedia.com/terms/c/cashoncashreturn.asp&quot;
                &gt;
                  CoC ROI
                &lt;/a&gt;
              &lt;/div&gt;
              &lt;div
                data-testid=&quot;box&quot;
              &gt;
                5.00%
              &lt;/div&gt;
              &lt;div
                data-testid=&quot;box&quot;
              &gt;
                &lt;div
                  data-testid=&quot;status-error&quot;
                &gt;
                  Bad Deal
                &lt;/div&gt;
              &lt;/div&gt;
              &lt;div
                data-testid=&quot;box&quot;
              &gt;
                Must be &amp;gt;= 8.00%
              &lt;/div&gt;
            &lt;/div&gt;
          &lt;/div&gt;
          &lt;div
            data-testid=&quot;box&quot;
          &gt;
            &lt;div
              data-testid=&quot;box&quot;
            &gt;
              &lt;div
                data-testid=&quot;box&quot;
              &gt;
                &lt;a
                  data-external=&quot;true&quot;
                  data-testid=&quot;link&quot;
                  href=&quot;https://www.investopedia.com/terms/c/capitalizationrate.asp&quot;
                &gt;
                  Going In Cap Rate
                &lt;/a&gt;
              &lt;/div&gt;
              &lt;div
                data-testid=&quot;box&quot;
              &gt;
                6.00%
              &lt;/div&gt;
              &lt;div
                data-testid=&quot;box&quot;
              &gt;
                &lt;div
                  data-testid=&quot;status-error&quot;
                &gt;
                  Bad Deal
                &lt;/div&gt;
              &lt;/div&gt;
              &lt;div
                data-testid=&quot;box&quot;
              &gt;
                Must be &amp;gt;= 7.00%
              &lt;/div&gt;
            &lt;/div&gt;
          &lt;/div&gt;
          &lt;div
            data-testid=&quot;box&quot;
          &gt;
            &lt;div
              data-testid=&quot;box&quot;
            &gt;
              &lt;div
                data-testid=&quot;box&quot;
              &gt;
                &lt;a
                  data-external=&quot;true&quot;
                  data-testid=&quot;link&quot;
                  href=&quot;https://www.investopedia.com/terms/o/one-percent-rule.asp&quot;
                &gt;
                  1% Rule
                &lt;/a&gt;
              &lt;/div&gt;
              &lt;div
                data-testid=&quot;box&quot;
              &gt;
                1.00%
              &lt;/div&gt;
              &lt;div
                data-testid=&quot;box&quot;
              &gt;
                &lt;div
                  data-testid=&quot;status-success&quot;
                &gt;
                  Good Deal
                &lt;/div&gt;
              &lt;/div&gt;
              &lt;div
                data-testid=&quot;box&quot;
              &gt;
                Must be &amp;gt;= 1.00%
              &lt;/div&gt;
            &lt;/div&gt;
          &lt;/div&gt;
          &lt;div
            data-testid=&quot;box&quot;
          &gt;
            &lt;div
              data-testid=&quot;box&quot;
            &gt;
              &lt;div
                data-testid=&quot;box&quot;
              &gt;
                &lt;a
                  data-external=&quot;true&quot;
                  data-testid=&quot;link&quot;
                  href=&quot;https://smartasset.com/investing/50-rule-real-estate&quot;
                &gt;
                  50% Rule
                &lt;/a&gt;
              &lt;/div&gt;
              &lt;div
                data-testid=&quot;box&quot;
              &gt;
                $-100
              &lt;/div&gt;
              &lt;div
                data-testid=&quot;box&quot;
              &gt;
                &lt;div
                  data-testid=&quot;status-error&quot;
                &gt;
                  Bad Deal
                &lt;/div&gt;
              &lt;/div&gt;
              &lt;div
                data-testid=&quot;box&quot;
              &gt;
                Must be &amp;gt;= $0
              &lt;/div&gt;
            &lt;/div&gt;
          &lt;/div&gt;
        &lt;/div&gt;
      &lt;/div&gt;
      &lt;div
        data-testid=&quot;box&quot;
      &gt;
        &lt;button
          data-testid=&quot;button-undefined&quot;
        &gt;
          Edit Thresholds
        &lt;/button&gt;
      &lt;/div&gt;
    &lt;/div&gt;
  &lt;/div&gt;
&lt;/body&gt;
    at Object.getElementError (C:\Users\benpe\Coding\REI-Project\InstantlyAnalyze-Components\node_modules\@testing-library\react\node_modules\@testing-library\dom\dist\config.js:37:19)
    at C:\Users\benpe\Coding\REI-Project\InstantlyAnalyze-Components\node_modules\@testing-library\react\node_modules\@testing-library\dom\dist\query-helpers.js:76:38
    at C:\Users\benpe\Coding\REI-Project\InstantlyAnalyze-Components\node_modules\@testing-library\react\node_modules\@testing-library\dom\dist\query-helpers.js:52:17
    at C:\Users\benpe\Coding\REI-Project\InstantlyAnalyze-Components\node_modules\@testing-library\react\node_modules\@testing-library\dom\dist\query-helpers.js:95:19
    at Object.&lt;anonymous&gt; (C:\Users\benpe\Coding\REI-Project\InstantlyAnalyze-Components\tst\components\Calculator\CalculatorBuyboxChecklist.test.tsx:229:21)
    at Promise.then.completed (C:\Users\benpe\Coding\REI-Project\InstantlyAnalyze-Components\node_modules\jest-circus\build\utils.js:298:28)
    at new Promise (&lt;anonymous&gt;)
    at callAsyncCircusFn (C:\Users\benpe\Coding\REI-Project\InstantlyAnalyze-Components\node_modules\jest-circus\build\utils.js:231:10)
    at _callCircusTest (C:\Users\benpe\Coding\REI-Project\InstantlyAnalyze-Components\node_modules\jest-circus\build\run.js:316:40)
    at processTicksAndRejections (node:internal/process/task_queues:95:5)
    at _runTest (C:\Users\benpe\Coding\REI-Project\InstantlyAnalyze-Components\node_modules\jest-circus\build\run.js:252:3)
    at _runTestsForDescribeBlock (C:\Users\benpe\Coding\REI-Project\InstantlyAnalyze-Components\node_modules\jest-circus\build\run.js:126:9)
    at _runTestsForDescribeBlock (C:\Users\benpe\Coding\REI-Project\InstantlyAnalyze-Components\node_modules\jest-circus\build\run.js:121:9)
    at _runTestsForDescribeBlock (C:\Users\benpe\Coding\REI-Project\InstantlyAnalyze-Components\node_modules\jest-circus\build\run.js:121:9)
    at run (C:\Users\benpe\Coding\REI-Project\InstantlyAnalyze-Components\node_modules\jest-circus\build\run.js:71:3)
    at runAndTransformResultsToJestFormat (C:\Users\benpe\Coding\REI-Project\InstantlyAnalyze-Components\node_modules\jest-circus\build\legacy-code-todo-rewrite\jestAdapterInit.js:122:21)
    at jestAdapter (C:\Users\benpe\Coding\REI-Project\InstantlyAnalyze-Components\node_modules\jest-circus\build\legacy-code-todo-rewrite\jestAdapter.js:79:19)
    at runTestInternal (C:\Users\benpe\Coding\REI-Project\InstantlyAnalyze-Components\node_modules\jest-runner\build\runTest.js:367:16)
    at runTest (C:\Users\benpe\Coding\REI-Project\InstantlyAnalyze-Components\node_modules\jest-runner\build\runTest.js:444:34)
    at Object.worker (C:\Users\benpe\Coding\REI-Project\InstantlyAnalyze-Components\node_modules\jest-runner\build\testWorker.js:106:12)</failure>
    </testcase>
    <testcase classname="CalculatorBuyboxChecklist display formatting should format currency correctly" name="CalculatorBuyboxChecklist display formatting should format currency correctly" time="0.031">
      <failure>TestingLibraryElementError: Unable to find an element with the text: $500. This could be because the text is broken up by multiple elements. In this case, you can provide a function for your text matcher to make your matcher more flexible.

Ignored nodes: comments, script, style
&lt;body&gt;
  &lt;div&gt;
    &lt;div
      data-testid=&quot;container&quot;
    &gt;
      &lt;div
        data-testid=&quot;header&quot;
      &gt;
        Key Deal Metrics
      &lt;/div&gt;
      &lt;div
        style=&quot;display: flex; justify-content: center; align-items: center;&quot;
      &gt;
        &lt;div
          data-size=&quot;l&quot;
          data-testid=&quot;space-between-horizontal&quot;
        &gt;
          &lt;div
            data-testid=&quot;box&quot;
          &gt;
            &lt;div
              data-testid=&quot;box&quot;
            &gt;
              &lt;div
                data-testid=&quot;box&quot;
              &gt;
                &lt;a
                  data-external=&quot;true&quot;
                  data-testid=&quot;link&quot;
                  href=&quot;https://www.investopedia.com/terms/c/cashoncashreturn.asp&quot;
                &gt;
                  CoC ROI
                &lt;/a&gt;
              &lt;/div&gt;
              &lt;div
                data-testid=&quot;box&quot;
              &gt;
                5.00%
              &lt;/div&gt;
              &lt;div
                data-testid=&quot;box&quot;
              &gt;
                &lt;div
                  data-testid=&quot;status-error&quot;
                &gt;
                  Bad Deal
                &lt;/div&gt;
              &lt;/div&gt;
              &lt;div
                data-testid=&quot;box&quot;
              &gt;
                Must be &amp;gt;= 8.00%
              &lt;/div&gt;
            &lt;/div&gt;
          &lt;/div&gt;
          &lt;div
            data-testid=&quot;box&quot;
          &gt;
            &lt;div
              data-testid=&quot;box&quot;
            &gt;
              &lt;div
                data-testid=&quot;box&quot;
              &gt;
                &lt;a
                  data-external=&quot;true&quot;
                  data-testid=&quot;link&quot;
                  href=&quot;https://www.investopedia.com/terms/c/capitalizationrate.asp&quot;
                &gt;
                  Going In Cap Rate
                &lt;/a&gt;
              &lt;/div&gt;
              &lt;div
                data-testid=&quot;box&quot;
              &gt;
                6.00%
              &lt;/div&gt;
              &lt;div
                data-testid=&quot;box&quot;
              &gt;
                &lt;div
                  data-testid=&quot;status-error&quot;
                &gt;
                  Bad Deal
                &lt;/div&gt;
              &lt;/div&gt;
              &lt;div
                data-testid=&quot;box&quot;
              &gt;
                Must be &amp;gt;= 7.00%
              &lt;/div&gt;
            &lt;/div&gt;
          &lt;/div&gt;
          &lt;div
            data-testid=&quot;box&quot;
          &gt;
            &lt;div
              data-testid=&quot;box&quot;
            &gt;
              &lt;div
                data-testid=&quot;box&quot;
              &gt;
                &lt;a
                  data-external=&quot;true&quot;
                  data-testid=&quot;link&quot;
                  href=&quot;https://www.investopedia.com/terms/o/one-percent-rule.asp&quot;
                &gt;
                  1% Rule
                &lt;/a&gt;
              &lt;/div&gt;
              &lt;div
                data-testid=&quot;box&quot;
              &gt;
                1.00%
              &lt;/div&gt;
              &lt;div
                data-testid=&quot;box&quot;
              &gt;
                &lt;div
                  data-testid=&quot;status-success&quot;
                &gt;
                  Good Deal
                &lt;/div&gt;
              &lt;/div&gt;
              &lt;div
                data-testid=&quot;box&quot;
              &gt;
                Must be &amp;gt;= 1.00%
              &lt;/div&gt;
            &lt;/div&gt;
          &lt;/div&gt;
          &lt;div
            data-testid=&quot;box&quot;
          &gt;
            &lt;div
              data-testid=&quot;box&quot;
            &gt;
              &lt;div
                data-testid=&quot;box&quot;
              &gt;
                &lt;a
                  data-external=&quot;true&quot;
                  data-testid=&quot;link&quot;
                  href=&quot;https://smartasset.com/investing/50-rule-real-estate&quot;
                &gt;
                  50% Rule
                &lt;/a&gt;
              &lt;/div&gt;
              &lt;div
                data-testid=&quot;box&quot;
              &gt;
                $-100
              &lt;/div&gt;
              &lt;div
                data-testid=&quot;box&quot;
              &gt;
                &lt;div
                  data-testid=&quot;status-error&quot;
                &gt;
                  Bad Deal
                &lt;/div&gt;
              &lt;/div&gt;
              &lt;div
                data-testid=&quot;box&quot;
              &gt;
                Must be &amp;gt;= $0
              &lt;/div&gt;
            &lt;/div&gt;
          &lt;/div&gt;
        &lt;/div&gt;
      &lt;/div&gt;
      &lt;div
        data-testid=&quot;box&quot;
      &gt;
        &lt;button
          data-testid=&quot;button-undefined&quot;
        &gt;
          Edit Thresholds
        &lt;/button&gt;
      &lt;/div&gt;
    &lt;/div&gt;
  &lt;/div&gt;
&lt;/body&gt;
    at Object.getElementError (C:\Users\benpe\Coding\REI-Project\InstantlyAnalyze-Components\node_modules\@testing-library\react\node_modules\@testing-library\dom\dist\config.js:37:19)
    at C:\Users\benpe\Coding\REI-Project\InstantlyAnalyze-Components\node_modules\@testing-library\react\node_modules\@testing-library\dom\dist\query-helpers.js:76:38
    at C:\Users\benpe\Coding\REI-Project\InstantlyAnalyze-Components\node_modules\@testing-library\react\node_modules\@testing-library\dom\dist\query-helpers.js:52:17
    at C:\Users\benpe\Coding\REI-Project\InstantlyAnalyze-Components\node_modules\@testing-library\react\node_modules\@testing-library\dom\dist\query-helpers.js:95:19
    at Object.&lt;anonymous&gt; (C:\Users\benpe\Coding\REI-Project\InstantlyAnalyze-Components\tst\components\Calculator\CalculatorBuyboxChecklist.test.tsx:238:21)
    at Promise.then.completed (C:\Users\benpe\Coding\REI-Project\InstantlyAnalyze-Components\node_modules\jest-circus\build\utils.js:298:28)
    at new Promise (&lt;anonymous&gt;)
    at callAsyncCircusFn (C:\Users\benpe\Coding\REI-Project\InstantlyAnalyze-Components\node_modules\jest-circus\build\utils.js:231:10)
    at _callCircusTest (C:\Users\benpe\Coding\REI-Project\InstantlyAnalyze-Components\node_modules\jest-circus\build\run.js:316:40)
    at processTicksAndRejections (node:internal/process/task_queues:95:5)
    at _runTest (C:\Users\benpe\Coding\REI-Project\InstantlyAnalyze-Components\node_modules\jest-circus\build\run.js:252:3)
    at _runTestsForDescribeBlock (C:\Users\benpe\Coding\REI-Project\InstantlyAnalyze-Components\node_modules\jest-circus\build\run.js:126:9)
    at _runTestsForDescribeBlock (C:\Users\benpe\Coding\REI-Project\InstantlyAnalyze-Components\node_modules\jest-circus\build\run.js:121:9)
    at _runTestsForDescribeBlock (C:\Users\benpe\Coding\REI-Project\InstantlyAnalyze-Components\node_modules\jest-circus\build\run.js:121:9)
    at run (C:\Users\benpe\Coding\REI-Project\InstantlyAnalyze-Components\node_modules\jest-circus\build\run.js:71:3)
    at runAndTransformResultsToJestFormat (C:\Users\benpe\Coding\REI-Project\InstantlyAnalyze-Components\node_modules\jest-circus\build\legacy-code-todo-rewrite\jestAdapterInit.js:122:21)
    at jestAdapter (C:\Users\benpe\Coding\REI-Project\InstantlyAnalyze-Components\node_modules\jest-circus\build\legacy-code-todo-rewrite\jestAdapter.js:79:19)
    at runTestInternal (C:\Users\benpe\Coding\REI-Project\InstantlyAnalyze-Components\node_modules\jest-runner\build\runTest.js:367:16)
    at runTest (C:\Users\benpe\Coding\REI-Project\InstantlyAnalyze-Components\node_modules\jest-runner\build\runTest.js:444:34)
    at Object.worker (C:\Users\benpe\Coding\REI-Project\InstantlyAnalyze-Components\node_modules\jest-runner\build\testWorker.js:106:12)</failure>
    </testcase>
    <testcase classname="CalculatorBuyboxChecklist user interactions should toggle edit mode when edit button is clicked" name="CalculatorBuyboxChecklist user interactions should toggle edit mode when edit button is clicked" time="0.288">
      <failure>TestingLibraryElementError: Unable to find an element by: [data-testid=&quot;button-link&quot;]

Ignored nodes: comments, script, style
&lt;body&gt;
  &lt;div&gt;
    &lt;div
      data-testid=&quot;container&quot;
    &gt;
      &lt;div
        data-testid=&quot;header&quot;
      &gt;
        Key Deal Metrics
      &lt;/div&gt;
      &lt;div
        style=&quot;display: flex; justify-content: center; align-items: center;&quot;
      &gt;
        &lt;div
          data-size=&quot;l&quot;
          data-testid=&quot;space-between-horizontal&quot;
        &gt;
          &lt;div
            data-testid=&quot;box&quot;
          &gt;
            &lt;div
              data-testid=&quot;box&quot;
            &gt;
              &lt;div
                data-testid=&quot;box&quot;
              &gt;
                &lt;a
                  data-external=&quot;true&quot;
                  data-testid=&quot;link&quot;
                  href=&quot;https://www.investopedia.com/terms/c/cashoncashreturn.asp&quot;
                &gt;
                  CoC ROI
                &lt;/a&gt;
              &lt;/div&gt;
              &lt;div
                data-testid=&quot;box&quot;
              &gt;
                5.00%
              &lt;/div&gt;
              &lt;div
                data-testid=&quot;box&quot;
              &gt;
                &lt;div
                  data-testid=&quot;status-error&quot;
                &gt;
                  Bad Deal
                &lt;/div&gt;
              &lt;/div&gt;
              &lt;div
                data-testid=&quot;box&quot;
              &gt;
                Must be &amp;gt;= 8.00%
              &lt;/div&gt;
            &lt;/div&gt;
          &lt;/div&gt;
          &lt;div
            data-testid=&quot;box&quot;
          &gt;
            &lt;div
              data-testid=&quot;box&quot;
            &gt;
              &lt;div
                data-testid=&quot;box&quot;
              &gt;
                &lt;a
                  data-external=&quot;true&quot;
                  data-testid=&quot;link&quot;
                  href=&quot;https://www.investopedia.com/terms/c/capitalizationrate.asp&quot;
                &gt;
                  Going In Cap Rate
                &lt;/a&gt;
              &lt;/div&gt;
              &lt;div
                data-testid=&quot;box&quot;
              &gt;
                6.00%
              &lt;/div&gt;
              &lt;div
                data-testid=&quot;box&quot;
              &gt;
                &lt;div
                  data-testid=&quot;status-error&quot;
                &gt;
                  Bad Deal
                &lt;/div&gt;
              &lt;/div&gt;
              &lt;div
                data-testid=&quot;box&quot;
              &gt;
                Must be &amp;gt;= 7.00%
              &lt;/div&gt;
            &lt;/div&gt;
          &lt;/div&gt;
          &lt;div
            data-testid=&quot;box&quot;
          &gt;
            &lt;div
              data-testid=&quot;box&quot;
            &gt;
              &lt;div
                data-testid=&quot;box&quot;
              &gt;
                &lt;a
                  data-external=&quot;true&quot;
                  data-testid=&quot;link&quot;
                  href=&quot;https://www.investopedia.com/terms/o/one-percent-rule.asp&quot;
                &gt;
                  1% Rule
                &lt;/a&gt;
              &lt;/div&gt;
              &lt;div
                data-testid=&quot;box&quot;
              &gt;
                1.00%
              &lt;/div&gt;
              &lt;div
                data-testid=&quot;box&quot;
              &gt;
                &lt;div
                  data-testid=&quot;status-success&quot;
                &gt;
                  Good Deal
                &lt;/div&gt;
              &lt;/div&gt;
              &lt;div
                data-testid=&quot;box&quot;
              &gt;
                Must be &amp;gt;= 1.00%
              &lt;/div&gt;
            &lt;/div&gt;
          &lt;/div&gt;
          &lt;div
            data-testid=&quot;box&quot;
          &gt;
            &lt;div
              data-testid=&quot;box&quot;
            &gt;
              &lt;div
                data-testid=&quot;box&quot;
              &gt;
                &lt;a
                  data-external=&quot;true&quot;
                  data-testid=&quot;link&quot;
                  href=&quot;https://smartasset.com/investing/50-rule-real-estate&quot;
                &gt;
                  50% Rule
                &lt;/a&gt;
              &lt;/div&gt;
              &lt;div
                data-testid=&quot;box&quot;
              &gt;
                $-100
              &lt;/div&gt;
              &lt;div
                data-testid=&quot;box&quot;
              &gt;
                &lt;div
                  data-testid=&quot;status-error&quot;
                &gt;
                  Bad Deal
                &lt;/div&gt;
              &lt;/div&gt;
              &lt;div
                data-testid=&quot;box&quot;
              &gt;
                Must be &amp;gt;= $0
              &lt;/div&gt;
            &lt;/div&gt;
          &lt;/div&gt;
        &lt;/div&gt;
      &lt;/div&gt;
      &lt;div
        data-testid=&quot;box&quot;
      &gt;
        &lt;button
          data-testid=&quot;button-undefined&quot;
        &gt;
          Edit Thresholds
        &lt;/button&gt;
      &lt;/div&gt;
    &lt;/div&gt;
  &lt;/div&gt;
&lt;/body&gt;
    at Object.getElementError (C:\Users\benpe\Coding\REI-Project\InstantlyAnalyze-Components\node_modules\@testing-library\react\node_modules\@testing-library\dom\dist\config.js:37:19)
    at C:\Users\benpe\Coding\REI-Project\InstantlyAnalyze-Components\node_modules\@testing-library\react\node_modules\@testing-library\dom\dist\query-helpers.js:76:38
    at C:\Users\benpe\Coding\REI-Project\InstantlyAnalyze-Components\node_modules\@testing-library\react\node_modules\@testing-library\dom\dist\query-helpers.js:52:17
    at C:\Users\benpe\Coding\REI-Project\InstantlyAnalyze-Components\node_modules\@testing-library\react\node_modules\@testing-library\dom\dist\query-helpers.js:95:19
    at C:\Users\benpe\Coding\REI-Project\InstantlyAnalyze-Components\tst\components\Calculator\CalculatorBuyboxChecklist.test.tsx:247:33
    at step (C:\Users\benpe\Coding\REI-Project\InstantlyAnalyze-Components\tst\components\Calculator\CalculatorBuyboxChecklist.test.tsx:44:23)
    at Object.next (C:\Users\benpe\Coding\REI-Project\InstantlyAnalyze-Components\tst\components\Calculator\CalculatorBuyboxChecklist.test.tsx:25:53)
    at C:\Users\benpe\Coding\REI-Project\InstantlyAnalyze-Components\tst\components\Calculator\CalculatorBuyboxChecklist.test.tsx:19:71
    at new Promise (&lt;anonymous&gt;)
    at Object.&lt;anonymous&gt;.__awaiter (C:\Users\benpe\Coding\REI-Project\InstantlyAnalyze-Components\tst\components\Calculator\CalculatorBuyboxChecklist.test.tsx:15:12)
    at Object.&lt;anonymous&gt; (C:\Users\benpe\Coding\REI-Project\InstantlyAnalyze-Components\tst\components\Calculator\CalculatorBuyboxChecklist.test.tsx:243:63)
    at Promise.then.completed (C:\Users\benpe\Coding\REI-Project\InstantlyAnalyze-Components\node_modules\jest-circus\build\utils.js:298:28)
    at new Promise (&lt;anonymous&gt;)
    at callAsyncCircusFn (C:\Users\benpe\Coding\REI-Project\InstantlyAnalyze-Components\node_modules\jest-circus\build\utils.js:231:10)
    at _callCircusTest (C:\Users\benpe\Coding\REI-Project\InstantlyAnalyze-Components\node_modules\jest-circus\build\run.js:316:40)
    at processTicksAndRejections (node:internal/process/task_queues:95:5)
    at _runTest (C:\Users\benpe\Coding\REI-Project\InstantlyAnalyze-Components\node_modules\jest-circus\build\run.js:252:3)
    at _runTestsForDescribeBlock (C:\Users\benpe\Coding\REI-Project\InstantlyAnalyze-Components\node_modules\jest-circus\build\run.js:126:9)
    at _runTestsForDescribeBlock (C:\Users\benpe\Coding\REI-Project\InstantlyAnalyze-Components\node_modules\jest-circus\build\run.js:121:9)
    at _runTestsForDescribeBlock (C:\Users\benpe\Coding\REI-Project\InstantlyAnalyze-Components\node_modules\jest-circus\build\run.js:121:9)
    at run (C:\Users\benpe\Coding\REI-Project\InstantlyAnalyze-Components\node_modules\jest-circus\build\run.js:71:3)
    at runAndTransformResultsToJestFormat (C:\Users\benpe\Coding\REI-Project\InstantlyAnalyze-Components\node_modules\jest-circus\build\legacy-code-todo-rewrite\jestAdapterInit.js:122:21)
    at jestAdapter (C:\Users\benpe\Coding\REI-Project\InstantlyAnalyze-Components\node_modules\jest-circus\build\legacy-code-todo-rewrite\jestAdapter.js:79:19)
    at runTestInternal (C:\Users\benpe\Coding\REI-Project\InstantlyAnalyze-Components\node_modules\jest-runner\build\runTest.js:367:16)
    at runTest (C:\Users\benpe\Coding\REI-Project\InstantlyAnalyze-Components\node_modules\jest-runner\build\runTest.js:444:34)
    at Object.worker (C:\Users\benpe\Coding\REI-Project\InstantlyAnalyze-Components\node_modules\jest-runner\build\testWorker.js:106:12)</failure>
    </testcase>
  </testsuite>
  <testsuite name="ManualRefresh" errors="0" failures="4" skipped="0" timestamp="2025-07-31T04:52:58" time="62.373" tests="19">
    <testcase classname="ManualRefresh rendering should render with correct test id" name="ManualRefresh rendering should render with correct test id" time="0.374">
    </testcase>
    <testcase classname="ManualRefresh rendering should render with correct SpaceBetween props" name="ManualRefresh rendering should render with correct SpaceBetween props" time="0.06">
    </testcase>
    <testcase classname="ManualRefresh rendering should render last refresh information" name="ManualRefresh rendering should render last refresh information" time="0.057">
    </testcase>
    <testcase classname="ManualRefresh rendering should render refresh button" name="ManualRefresh rendering should render refresh button" time="0.02">
    </testcase>
    <testcase classname="ManualRefresh last refresh display should display last refresh text" name="ManualRefresh last refresh display should display last refresh text" time="0.042">
      <failure>TestingLibraryElementError: Unable to find an element with the text: Last updated. This could be because the text is broken up by multiple elements. In this case, you can provide a function for your text matcher to make your matcher more flexible.

Ignored nodes: comments, script, style
&lt;body&gt;
  &lt;div&gt;
    &lt;div
      data-align-items=&quot;center&quot;
      data-direction=&quot;horizontal&quot;
      data-size=&quot;xs&quot;
      data-testid=&quot;manual-refresh&quot;
    &gt;
      &lt;div
        data-color=&quot;text-status-inactive&quot;
        data-font-size=&quot;body-s&quot;
        data-padding=&quot;n&quot;
        data-testid=&quot;box&quot;
        data-text-align=&quot;right&quot;
        data-variant=&quot;p&quot;
      &gt;
        &lt;span
          aria-atomic=&quot;true&quot;
          aria-live=&quot;polite&quot;
        &gt;
          Last updated
          &lt;br /&gt;
          Formatted: 2024-01-15T10:30:00.000Z
        &lt;/span&gt;
      &lt;/div&gt;
      &lt;button
        aria-label=&quot;Refresh&quot;
        data-disabled=&quot;false&quot;
        data-icon=&quot;refresh&quot;
        data-loading=&quot;false&quot;
        data-loading-text=&quot;Refreshing table content&quot;
        data-testid=&quot;refresh-button&quot;
      &gt;
        Refresh
      &lt;/button&gt;
    &lt;/div&gt;
  &lt;/div&gt;
&lt;/body&gt;
    at Object.getElementError (C:\Users\benpe\Coding\REI-Project\InstantlyAnalyze-Components\node_modules\@testing-library\react\node_modules\@testing-library\dom\dist\config.js:37:19)
    at C:\Users\benpe\Coding\REI-Project\InstantlyAnalyze-Components\node_modules\@testing-library\react\node_modules\@testing-library\dom\dist\query-helpers.js:76:38
    at C:\Users\benpe\Coding\REI-Project\InstantlyAnalyze-Components\node_modules\@testing-library\react\node_modules\@testing-library\dom\dist\query-helpers.js:52:17
    at C:\Users\benpe\Coding\REI-Project\InstantlyAnalyze-Components\node_modules\@testing-library\react\node_modules\@testing-library\dom\dist\query-helpers.js:95:19
    at Object.&lt;anonymous&gt; (C:\Users\benpe\Coding\REI-Project\InstantlyAnalyze-Components\tst\components\ManualRefresh\ManualRefresh.test.tsx:100:21)
    at Promise.then.completed (C:\Users\benpe\Coding\REI-Project\InstantlyAnalyze-Components\node_modules\jest-circus\build\utils.js:298:28)
    at new Promise (&lt;anonymous&gt;)
    at callAsyncCircusFn (C:\Users\benpe\Coding\REI-Project\InstantlyAnalyze-Components\node_modules\jest-circus\build\utils.js:231:10)
    at _callCircusTest (C:\Users\benpe\Coding\REI-Project\InstantlyAnalyze-Components\node_modules\jest-circus\build\run.js:316:40)
    at processTicksAndRejections (node:internal/process/task_queues:95:5)
    at _runTest (C:\Users\benpe\Coding\REI-Project\InstantlyAnalyze-Components\node_modules\jest-circus\build\run.js:252:3)
    at _runTestsForDescribeBlock (C:\Users\benpe\Coding\REI-Project\InstantlyAnalyze-Components\node_modules\jest-circus\build\run.js:126:9)
    at _runTestsForDescribeBlock (C:\Users\benpe\Coding\REI-Project\InstantlyAnalyze-Components\node_modules\jest-circus\build\run.js:121:9)
    at _runTestsForDescribeBlock (C:\Users\benpe\Coding\REI-Project\InstantlyAnalyze-Components\node_modules\jest-circus\build\run.js:121:9)
    at run (C:\Users\benpe\Coding\REI-Project\InstantlyAnalyze-Components\node_modules\jest-circus\build\run.js:71:3)
    at runAndTransformResultsToJestFormat (C:\Users\benpe\Coding\REI-Project\InstantlyAnalyze-Components\node_modules\jest-circus\build\legacy-code-todo-rewrite\jestAdapterInit.js:122:21)
    at jestAdapter (C:\Users\benpe\Coding\REI-Project\InstantlyAnalyze-Components\node_modules\jest-circus\build\legacy-code-todo-rewrite\jestAdapter.js:79:19)
    at runTestInternal (C:\Users\benpe\Coding\REI-Project\InstantlyAnalyze-Components\node_modules\jest-runner\build\runTest.js:367:16)
    at runTest (C:\Users\benpe\Coding\REI-Project\InstantlyAnalyze-Components\node_modules\jest-runner\build\runTest.js:444:34)
    at Object.worker (C:\Users\benpe\Coding\REI-Project\InstantlyAnalyze-Components\node_modules\jest-runner\build\testWorker.js:106:12)</failure>
    </testcase>
    <testcase classname="ManualRefresh last refresh display should display formatted date" name="ManualRefresh last refresh display should display formatted date" time="0.079">
    </testcase>
    <testcase classname="ManualRefresh last refresh display should have correct ARIA attributes for last refresh" name="ManualRefresh last refresh display should have correct ARIA attributes for last refresh" time="0.02">
      <failure>TestingLibraryElementError: Unable to find an element with the text: Last updated. This could be because the text is broken up by multiple elements. In this case, you can provide a function for your text matcher to make your matcher more flexible.

Ignored nodes: comments, script, style
&lt;body&gt;
  &lt;div&gt;
    &lt;div
      data-align-items=&quot;center&quot;
      data-direction=&quot;horizontal&quot;
      data-size=&quot;xs&quot;
      data-testid=&quot;manual-refresh&quot;
    &gt;
      &lt;div
        data-color=&quot;text-status-inactive&quot;
        data-font-size=&quot;body-s&quot;
        data-padding=&quot;n&quot;
        data-testid=&quot;box&quot;
        data-text-align=&quot;right&quot;
        data-variant=&quot;p&quot;
      &gt;
        &lt;span
          aria-atomic=&quot;true&quot;
          aria-live=&quot;polite&quot;
        &gt;
          Last updated
          &lt;br /&gt;
          Formatted: 2024-01-15T10:30:00.000Z
        &lt;/span&gt;
      &lt;/div&gt;
      &lt;button
        aria-label=&quot;Refresh&quot;
        data-disabled=&quot;false&quot;
        data-icon=&quot;refresh&quot;
        data-loading=&quot;false&quot;
        data-loading-text=&quot;Refreshing table content&quot;
        data-testid=&quot;refresh-button&quot;
      &gt;
        Refresh
      &lt;/button&gt;
    &lt;/div&gt;
  &lt;/div&gt;
&lt;/body&gt;
    at Object.getElementError (C:\Users\benpe\Coding\REI-Project\InstantlyAnalyze-Components\node_modules\@testing-library\react\node_modules\@testing-library\dom\dist\config.js:37:19)
    at C:\Users\benpe\Coding\REI-Project\InstantlyAnalyze-Components\node_modules\@testing-library\react\node_modules\@testing-library\dom\dist\query-helpers.js:76:38
    at C:\Users\benpe\Coding\REI-Project\InstantlyAnalyze-Components\node_modules\@testing-library\react\node_modules\@testing-library\dom\dist\query-helpers.js:52:17
    at C:\Users\benpe\Coding\REI-Project\InstantlyAnalyze-Components\node_modules\@testing-library\react\node_modules\@testing-library\dom\dist\query-helpers.js:95:19
    at Object.&lt;anonymous&gt; (C:\Users\benpe\Coding\REI-Project\InstantlyAnalyze-Components\tst\components\ManualRefresh\ManualRefresh.test.tsx:112:41)
    at Promise.then.completed (C:\Users\benpe\Coding\REI-Project\InstantlyAnalyze-Components\node_modules\jest-circus\build\utils.js:298:28)
    at new Promise (&lt;anonymous&gt;)
    at callAsyncCircusFn (C:\Users\benpe\Coding\REI-Project\InstantlyAnalyze-Components\node_modules\jest-circus\build\utils.js:231:10)
    at _callCircusTest (C:\Users\benpe\Coding\REI-Project\InstantlyAnalyze-Components\node_modules\jest-circus\build\run.js:316:40)
    at processTicksAndRejections (node:internal/process/task_queues:95:5)
    at _runTest (C:\Users\benpe\Coding\REI-Project\InstantlyAnalyze-Components\node_modules\jest-circus\build\run.js:252:3)
    at _runTestsForDescribeBlock (C:\Users\benpe\Coding\REI-Project\InstantlyAnalyze-Components\node_modules\jest-circus\build\run.js:126:9)
    at _runTestsForDescribeBlock (C:\Users\benpe\Coding\REI-Project\InstantlyAnalyze-Components\node_modules\jest-circus\build\run.js:121:9)
    at _runTestsForDescribeBlock (C:\Users\benpe\Coding\REI-Project\InstantlyAnalyze-Components\node_modules\jest-circus\build\run.js:121:9)
    at run (C:\Users\benpe\Coding\REI-Project\InstantlyAnalyze-Components\node_modules\jest-circus\build\run.js:71:3)
    at runAndTransformResultsToJestFormat (C:\Users\benpe\Coding\REI-Project\InstantlyAnalyze-Components\node_modules\jest-circus\build\legacy-code-todo-rewrite\jestAdapterInit.js:122:21)
    at jestAdapter (C:\Users\benpe\Coding\REI-Project\InstantlyAnalyze-Components\node_modules\jest-circus\build\legacy-code-todo-rewrite\jestAdapter.js:79:19)
    at runTestInternal (C:\Users\benpe\Coding\REI-Project\InstantlyAnalyze-Components\node_modules\jest-runner\build\runTest.js:367:16)
    at runTest (C:\Users\benpe\Coding\REI-Project\InstantlyAnalyze-Components\node_modules\jest-runner\build\runTest.js:444:34)
    at Object.worker (C:\Users\benpe\Coding\REI-Project\InstantlyAnalyze-Components\node_modules\jest-runner\build\testWorker.js:106:12)</failure>
    </testcase>
    <testcase classname="ManualRefresh last refresh display should not render last refresh when not provided" name="ManualRefresh last refresh display should not render last refresh when not provided" time="0.115">
    </testcase>
    <testcase classname="ManualRefresh button states should render button in normal state" name="ManualRefresh button states should render button in normal state" time="0.015">
    </testcase>
    <testcase classname="ManualRefresh button states should render button in loading state" name="ManualRefresh button states should render button in loading state" time="0.055">
    </testcase>
    <testcase classname="ManualRefresh button states should render button in disabled state" name="ManualRefresh button states should render button in disabled state" time="0.015">
    </testcase>
    <testcase classname="ManualRefresh button states should render button in loading and disabled state" name="ManualRefresh button states should render button in loading and disabled state" time="0.011">
    </testcase>
    <testcase classname="ManualRefresh user interactions should call onRefresh when button is clicked" name="ManualRefresh user interactions should call onRefresh when button is clicked" time="0.405">
    </testcase>
    <testcase classname="ManualRefresh user interactions should not call onRefresh when button is disabled" name="ManualRefresh user interactions should not call onRefresh when button is disabled" time="0.132">
    </testcase>
    <testcase classname="ManualRefresh user interactions should not call onRefresh when button is loading" name="ManualRefresh user interactions should not call onRefresh when button is loading" time="0.084">
      <failure>Error: expect(jest.fn()).not.toHaveBeenCalled()

Expected number of calls: 0
Received number of calls: 1

1: {&quot;_reactName&quot;: &quot;onClick&quot;, &quot;_targetInst&quot;: null, &quot;altKey&quot;: false, &quot;bubbles&quot;: true, &quot;button&quot;: 0, &quot;buttons&quot;: 0, &quot;cancelable&quot;: true, &quot;clientX&quot;: 0, &quot;clientY&quot;: 0, &quot;ctrlKey&quot;: false, &quot;currentTarget&quot;: null, &quot;defaultPrevented&quot;: false, &quot;detail&quot;: 1, &quot;eventPhase&quot;: 3, &quot;getModifierState&quot;: [Function modifierStateGetter], &quot;isDefaultPrevented&quot;: [Function functionThatReturnsFalse], &quot;isPropagationStopped&quot;: [Function functionThatReturnsFalse], &quot;isTrusted&quot;: false, &quot;metaKey&quot;: false, &quot;movementX&quot;: 0, &quot;movementY&quot;: 0, &quot;nativeEvent&quot;: {&quot;isTrusted&quot;: false}, &quot;pageX&quot;: 0, &quot;pageY&quot;: 0, &quot;relatedTarget&quot;: null, &quot;screenX&quot;: 0, &quot;screenY&quot;: 0, &quot;shiftKey&quot;: false, &quot;target&quot;: &lt;button aria-label=&quot;Refresh&quot; data-disabled=&quot;false&quot; data-icon=&quot;refresh&quot; data-loading=&quot;true&quot; data-loading-text=&quot;Refreshing table content&quot; data-testid=&quot;refresh-button&quot;&gt;Refresh&lt;/button&gt;, &quot;timeStamp&quot;: 1753937640149, &quot;type&quot;: &quot;click&quot;, &quot;view&quot;: null}
    at C:\Users\benpe\Coding\REI-Project\InstantlyAnalyze-Components\tst\components\ManualRefresh\ManualRefresh.test.tsx:187:33
    at step (C:\Users\benpe\Coding\REI-Project\InstantlyAnalyze-Components\tst\components\ManualRefresh\ManualRefresh.test.tsx:44:23)
    at Object.next (C:\Users\benpe\Coding\REI-Project\InstantlyAnalyze-Components\tst\components\ManualRefresh\ManualRefresh.test.tsx:25:53)
    at fulfilled (C:\Users\benpe\Coding\REI-Project\InstantlyAnalyze-Components\tst\components\ManualRefresh\ManualRefresh.test.tsx:16:58)</failure>
    </testcase>
    <testcase classname="ManualRefresh date formatting should format different dates correctly" name="ManualRefresh date formatting should format different dates correctly" time="0.015">
    </testcase>
    <testcase classname="ManualRefresh date formatting should handle null date gracefully" name="ManualRefresh date formatting should handle null date gracefully" time="0.009">
    </testcase>
    <testcase classname="ManualRefresh accessibility should have proper ARIA labels" name="ManualRefresh accessibility should have proper ARIA labels" time="0.022">
    </testcase>
    <testcase classname="ManualRefresh accessibility should have proper ARIA live regions" name="ManualRefresh accessibility should have proper ARIA live regions" time="0.019">
      <failure>TestingLibraryElementError: Unable to find an element with the text: Last updated. This could be because the text is broken up by multiple elements. In this case, you can provide a function for your text matcher to make your matcher more flexible.

Ignored nodes: comments, script, style
&lt;body&gt;
  &lt;div&gt;
    &lt;div
      data-align-items=&quot;center&quot;
      data-direction=&quot;horizontal&quot;
      data-size=&quot;xs&quot;
      data-testid=&quot;manual-refresh&quot;
    &gt;
      &lt;div
        data-color=&quot;text-status-inactive&quot;
        data-font-size=&quot;body-s&quot;
        data-padding=&quot;n&quot;
        data-testid=&quot;box&quot;
        data-text-align=&quot;right&quot;
        data-variant=&quot;p&quot;
      &gt;
        &lt;span
          aria-atomic=&quot;true&quot;
          aria-live=&quot;polite&quot;
        &gt;
          Last updated
          &lt;br /&gt;
          Formatted: 2024-01-15T10:30:00.000Z
        &lt;/span&gt;
      &lt;/div&gt;
      &lt;button
        aria-label=&quot;Refresh&quot;
        data-disabled=&quot;false&quot;
        data-icon=&quot;refresh&quot;
        data-loading=&quot;false&quot;
        data-loading-text=&quot;Refreshing table content&quot;
        data-testid=&quot;refresh-button&quot;
      &gt;
        Refresh
      &lt;/button&gt;
    &lt;/div&gt;
  &lt;/div&gt;
&lt;/body&gt;
    at Object.getElementError (C:\Users\benpe\Coding\REI-Project\InstantlyAnalyze-Components\node_modules\@testing-library\react\node_modules\@testing-library\dom\dist\config.js:37:19)
    at C:\Users\benpe\Coding\REI-Project\InstantlyAnalyze-Components\node_modules\@testing-library\react\node_modules\@testing-library\dom\dist\query-helpers.js:76:38
    at C:\Users\benpe\Coding\REI-Project\InstantlyAnalyze-Components\node_modules\@testing-library\react\node_modules\@testing-library\dom\dist\query-helpers.js:52:17
    at C:\Users\benpe\Coding\REI-Project\InstantlyAnalyze-Components\node_modules\@testing-library\react\node_modules\@testing-library\dom\dist\query-helpers.js:95:19
    at Object.&lt;anonymous&gt; (C:\Users\benpe\Coding\REI-Project\InstantlyAnalyze-Components\tst\components\ManualRefresh\ManualRefresh.test.tsx:217:33)
    at Promise.then.completed (C:\Users\benpe\Coding\REI-Project\InstantlyAnalyze-Components\node_modules\jest-circus\build\utils.js:298:28)
    at new Promise (&lt;anonymous&gt;)
    at callAsyncCircusFn (C:\Users\benpe\Coding\REI-Project\InstantlyAnalyze-Components\node_modules\jest-circus\build\utils.js:231:10)
    at _callCircusTest (C:\Users\benpe\Coding\REI-Project\InstantlyAnalyze-Components\node_modules\jest-circus\build\run.js:316:40)
    at _runTest (C:\Users\benpe\Coding\REI-Project\InstantlyAnalyze-Components\node_modules\jest-circus\build\run.js:252:3)
    at _runTestsForDescribeBlock (C:\Users\benpe\Coding\REI-Project\InstantlyAnalyze-Components\node_modules\jest-circus\build\run.js:126:9)
    at _runTestsForDescribeBlock (C:\Users\benpe\Coding\REI-Project\InstantlyAnalyze-Components\node_modules\jest-circus\build\run.js:121:9)
    at _runTestsForDescribeBlock (C:\Users\benpe\Coding\REI-Project\InstantlyAnalyze-Components\node_modules\jest-circus\build\run.js:121:9)
    at run (C:\Users\benpe\Coding\REI-Project\InstantlyAnalyze-Components\node_modules\jest-circus\build\run.js:71:3)
    at runAndTransformResultsToJestFormat (C:\Users\benpe\Coding\REI-Project\InstantlyAnalyze-Components\node_modules\jest-circus\build\legacy-code-todo-rewrite\jestAdapterInit.js:122:21)
    at jestAdapter (C:\Users\benpe\Coding\REI-Project\InstantlyAnalyze-Components\node_modules\jest-circus\build\legacy-code-todo-rewrite\jestAdapter.js:79:19)
    at runTestInternal (C:\Users\benpe\Coding\REI-Project\InstantlyAnalyze-Components\node_modules\jest-runner\build\runTest.js:367:16)
    at runTest (C:\Users\benpe\Coding\REI-Project\InstantlyAnalyze-Components\node_modules\jest-runner\build\runTest.js:444:34)
    at Object.worker (C:\Users\benpe\Coding\REI-Project\InstantlyAnalyze-Components\node_modules\jest-runner\build\testWorker.js:106:12)</failure>
    </testcase>
  </testsuite>
  <testsuite name="DropdownButton Component" errors="0" failures="1" skipped="0" timestamp="2025-07-31T04:52:58" time="66.084" tests="5">
    <testcase classname="DropdownButton Component should render without crashing" name="DropdownButton Component should render without crashing" time="0.219">
    </testcase>
    <testcase classname="DropdownButton Component should handle dropdown toggle when multiple items" name="DropdownButton Component should handle dropdown toggle when multiple items" time="0.117">
    </testcase>
    <testcase classname="DropdownButton Component should call redirect when only one item" name="DropdownButton Component should call redirect when only one item" time="0.023">
      <failure>Error: expect(received).toHaveBeenCalledWith(...expected)

Matcher error: received value must be a mock or spy function

Received has value: undefined
    at Object.&lt;anonymous&gt; (C:\Users\benpe\Coding\REI-Project\InstantlyAnalyze-Components\tst\components\Button\DropdownButton.test.tsx:55:40)
    at Promise.then.completed (C:\Users\benpe\Coding\REI-Project\InstantlyAnalyze-Components\node_modules\jest-circus\build\utils.js:298:28)
    at new Promise (&lt;anonymous&gt;)
    at callAsyncCircusFn (C:\Users\benpe\Coding\REI-Project\InstantlyAnalyze-Components\node_modules\jest-circus\build\utils.js:231:10)
    at _callCircusTest (C:\Users\benpe\Coding\REI-Project\InstantlyAnalyze-Components\node_modules\jest-circus\build\run.js:316:40)
    at processTicksAndRejections (node:internal/process/task_queues:95:5)
    at _runTest (C:\Users\benpe\Coding\REI-Project\InstantlyAnalyze-Components\node_modules\jest-circus\build\run.js:252:3)
    at _runTestsForDescribeBlock (C:\Users\benpe\Coding\REI-Project\InstantlyAnalyze-Components\node_modules\jest-circus\build\run.js:126:9)
    at _runTestsForDescribeBlock (C:\Users\benpe\Coding\REI-Project\InstantlyAnalyze-Components\node_modules\jest-circus\build\run.js:121:9)
    at run (C:\Users\benpe\Coding\REI-Project\InstantlyAnalyze-Components\node_modules\jest-circus\build\run.js:71:3)
    at runAndTransformResultsToJestFormat (C:\Users\benpe\Coding\REI-Project\InstantlyAnalyze-Components\node_modules\jest-circus\build\legacy-code-todo-rewrite\jestAdapterInit.js:122:21)
    at jestAdapter (C:\Users\benpe\Coding\REI-Project\InstantlyAnalyze-Components\node_modules\jest-circus\build\legacy-code-todo-rewrite\jestAdapter.js:79:19)
    at runTestInternal (C:\Users\benpe\Coding\REI-Project\InstantlyAnalyze-Components\node_modules\jest-runner\build\runTest.js:367:16)
    at runTest (C:\Users\benpe\Coding\REI-Project\InstantlyAnalyze-Components\node_modules\jest-runner\build\runTest.js:444:34)
    at Object.worker (C:\Users\benpe\Coding\REI-Project\InstantlyAnalyze-Components\node_modules\jest-runner\build\testWorker.js:106:12)</failure>
    </testcase>
    <testcase classname="DropdownButton Component should display dropdown arrow when multiple items" name="DropdownButton Component should display dropdown arrow when multiple items" time="0.026">
    </testcase>
    <testcase classname="DropdownButton Component should not display dropdown arrow when only one item" name="DropdownButton Component should not display dropdown arrow when only one item" time="0.021">
    </testcase>
  </testsuite>
  <testsuite name="CalculatorCustomize Component" errors="0" failures="1" skipped="0" timestamp="2025-07-31T04:52:58" time="71.227" tests="3">
    <testcase classname="CalculatorCustomize Component should render without crashing" name="CalculatorCustomize Component should render without crashing" time="1.151">
    </testcase>
    <testcase classname="CalculatorCustomize Component should handle customization functionality (slider change)" name="CalculatorCustomize Component should handle customization functionality (slider change)" time="0.34">
      <failure>TypeError: Cannot set properties of undefined (setting &apos;capitalExpenditure&apos;)
    at handleRentalIncomeChange (C:\Users\benpe\Coding\REI-Project\InstantlyAnalyze-Components\src\components\Calculator\CalculatorCustomize.tsx:113:46)
    at onChange (C:\Users\benpe\Coding\REI-Project\InstantlyAnalyze-Components\src\components\Calculator\CalculatorCustomize.tsx:243:13)
    at onChange (C:\Users\benpe\Coding\REI-Project\InstantlyAnalyze-Components\tst\components\Calculator\CalculatorCustomize.test.tsx:35:22)
    at HTMLUnknownElement.callCallback (C:\Users\benpe\Coding\REI-Project\InstantlyAnalyze-Components\node_modules\react-dom\cjs\react-dom.development.js:4164:14)
    at HTMLUnknownElement.callTheUserObjectsOperation (C:\Users\benpe\Coding\REI-Project\InstantlyAnalyze-Components\node_modules\jsdom\lib\jsdom\living\generated\EventListener.js:26:30)
    at innerInvokeEventListeners (C:\Users\benpe\Coding\REI-Project\InstantlyAnalyze-Components\node_modules\jsdom\lib\jsdom\living\events\EventTarget-impl.js:350:25)
    at invokeEventListeners (C:\Users\benpe\Coding\REI-Project\InstantlyAnalyze-Components\node_modules\jsdom\lib\jsdom\living\events\EventTarget-impl.js:286:3)
    at HTMLUnknownElementImpl._dispatch (C:\Users\benpe\Coding\REI-Project\InstantlyAnalyze-Components\node_modules\jsdom\lib\jsdom\living\events\EventTarget-impl.js:233:9)
    at HTMLUnknownElementImpl.dispatchEvent (C:\Users\benpe\Coding\REI-Project\InstantlyAnalyze-Components\node_modules\jsdom\lib\jsdom\living\events\EventTarget-impl.js:104:17)
    at HTMLUnknownElement.dispatchEvent (C:\Users\benpe\Coding\REI-Project\InstantlyAnalyze-Components\node_modules\jsdom\lib\jsdom\living\generated\EventTarget.js:241:34)
    at Object.invokeGuardedCallbackDev (C:\Users\benpe\Coding\REI-Project\InstantlyAnalyze-Components\node_modules\react-dom\cjs\react-dom.development.js:4213:16)
    at invokeGuardedCallback (C:\Users\benpe\Coding\REI-Project\InstantlyAnalyze-Components\node_modules\react-dom\cjs\react-dom.development.js:4277:31)
    at invokeGuardedCallbackAndCatchFirstError (C:\Users\benpe\Coding\REI-Project\InstantlyAnalyze-Components\node_modules\react-dom\cjs\react-dom.development.js:4291:25)
    at executeDispatch (C:\Users\benpe\Coding\REI-Project\InstantlyAnalyze-Components\node_modules\react-dom\cjs\react-dom.development.js:9041:3)
    at processDispatchQueueItemsInOrder (C:\Users\benpe\Coding\REI-Project\InstantlyAnalyze-Components\node_modules\react-dom\cjs\react-dom.development.js:9073:7)
    at processDispatchQueue (C:\Users\benpe\Coding\REI-Project\InstantlyAnalyze-Components\node_modules\react-dom\cjs\react-dom.development.js:9086:5)
    at dispatchEventsForPlugins (C:\Users\benpe\Coding\REI-Project\InstantlyAnalyze-Components\node_modules\react-dom\cjs\react-dom.development.js:9097:3)
    at C:\Users\benpe\Coding\REI-Project\InstantlyAnalyze-Components\node_modules\react-dom\cjs\react-dom.development.js:9288:12
    at batchedUpdates$1 (C:\Users\benpe\Coding\REI-Project\InstantlyAnalyze-Components\node_modules\react-dom\cjs\react-dom.development.js:26179:12)
    at batchedUpdates (C:\Users\benpe\Coding\REI-Project\InstantlyAnalyze-Components\node_modules\react-dom\cjs\react-dom.development.js:3991:12)
    at dispatchEventForPluginEventSystem (C:\Users\benpe\Coding\REI-Project\InstantlyAnalyze-Components\node_modules\react-dom\cjs\react-dom.development.js:9287:3)
    at dispatchEventWithEnableCapturePhaseSelectiveHydrationWithoutDiscreteEventReplay (C:\Users\benpe\Coding\REI-Project\InstantlyAnalyze-Components\node_modules\react-dom\cjs\react-dom.development.js:6465:5)
    at dispatchEvent (C:\Users\benpe\Coding\REI-Project\InstantlyAnalyze-Components\node_modules\react-dom\cjs\react-dom.development.js:6457:5)
    at dispatchDiscreteEvent (C:\Users\benpe\Coding\REI-Project\InstantlyAnalyze-Components\node_modules\react-dom\cjs\react-dom.development.js:6430:5)
    at HTMLDivElement.callTheUserObjectsOperation (C:\Users\benpe\Coding\REI-Project\InstantlyAnalyze-Components\node_modules\jsdom\lib\jsdom\living\generated\EventListener.js:26:30)
    at innerInvokeEventListeners (C:\Users\benpe\Coding\REI-Project\InstantlyAnalyze-Components\node_modules\jsdom\lib\jsdom\living\events\EventTarget-impl.js:350:25)
    at invokeEventListeners (C:\Users\benpe\Coding\REI-Project\InstantlyAnalyze-Components\node_modules\jsdom\lib\jsdom\living\events\EventTarget-impl.js:286:3)
    at HTMLInputElementImpl._dispatch (C:\Users\benpe\Coding\REI-Project\InstantlyAnalyze-Components\node_modules\jsdom\lib\jsdom\living\events\EventTarget-impl.js:233:9)
    at HTMLInputElementImpl.dispatchEvent (C:\Users\benpe\Coding\REI-Project\InstantlyAnalyze-Components\node_modules\jsdom\lib\jsdom\living\events\EventTarget-impl.js:104:17)
    at HTMLInputElement.dispatchEvent (C:\Users\benpe\Coding\REI-Project\InstantlyAnalyze-Components\node_modules\jsdom\lib\jsdom\living\generated\EventTarget.js:241:34)
    at C:\Users\benpe\Coding\REI-Project\InstantlyAnalyze-Components\node_modules\@testing-library\react\node_modules\@testing-library\dom\dist\events.js:19:20
    at C:\Users\benpe\Coding\REI-Project\InstantlyAnalyze-Components\node_modules\@testing-library\react\dist\pure.js:79:16
    at C:\Users\benpe\Coding\REI-Project\InstantlyAnalyze-Components\node_modules\@testing-library\react\dist\act-compat.js:64:24
    at act (C:\Users\benpe\Coding\REI-Project\InstantlyAnalyze-Components\node_modules\react\cjs\react.development.js:2512:16)
    at actWithWarning (C:\Users\benpe\Coding\REI-Project\InstantlyAnalyze-Components\node_modules\react-dom\cjs\react-dom-test-utils.development.js:1740:10)
    at C:\Users\benpe\Coding\REI-Project\InstantlyAnalyze-Components\node_modules\@testing-library\react\dist\act-compat.js:63:25
    at Object.eventWrapper (C:\Users\benpe\Coding\REI-Project\InstantlyAnalyze-Components\node_modules\@testing-library\react\dist\pure.js:78:28)
    at fireEvent (C:\Users\benpe\Coding\REI-Project\InstantlyAnalyze-Components\node_modules\@testing-library\react\node_modules\@testing-library\dom\dist\events.js:12:35)
    at Function.fireEvent.&lt;computed&gt; [as change] (C:\Users\benpe\Coding\REI-Project\InstantlyAnalyze-Components\node_modules\@testing-library\react\node_modules\@testing-library\dom\dist\events.js:110:36)
    at Function.fireEvent.&lt;computed&gt; [as change] (C:\Users\benpe\Coding\REI-Project\InstantlyAnalyze-Components\node_modules\@testing-library\react\dist\fire-event.js:18:52)
    at Object.&lt;anonymous&gt; (C:\Users\benpe\Coding\REI-Project\InstantlyAnalyze-Components\tst\components\Calculator\CalculatorCustomize.test.tsx:68:15)
    at Promise.then.completed (C:\Users\benpe\Coding\REI-Project\InstantlyAnalyze-Components\node_modules\jest-circus\build\utils.js:298:28)
    at new Promise (&lt;anonymous&gt;)
    at callAsyncCircusFn (C:\Users\benpe\Coding\REI-Project\InstantlyAnalyze-Components\node_modules\jest-circus\build\utils.js:231:10)
    at _callCircusTest (C:\Users\benpe\Coding\REI-Project\InstantlyAnalyze-Components\node_modules\jest-circus\build\run.js:316:40)
    at processTicksAndRejections (node:internal/process/task_queues:95:5)
    at _runTest (C:\Users\benpe\Coding\REI-Project\InstantlyAnalyze-Components\node_modules\jest-circus\build\run.js:252:3)
    at _runTestsForDescribeBlock (C:\Users\benpe\Coding\REI-Project\InstantlyAnalyze-Components\node_modules\jest-circus\build\run.js:126:9)
    at _runTestsForDescribeBlock (C:\Users\benpe\Coding\REI-Project\InstantlyAnalyze-Components\node_modules\jest-circus\build\run.js:121:9)
    at run (C:\Users\benpe\Coding\REI-Project\InstantlyAnalyze-Components\node_modules\jest-circus\build\run.js:71:3)
    at runAndTransformResultsToJestFormat (C:\Users\benpe\Coding\REI-Project\InstantlyAnalyze-Components\node_modules\jest-circus\build\legacy-code-todo-rewrite\jestAdapterInit.js:122:21)
    at jestAdapter (C:\Users\benpe\Coding\REI-Project\InstantlyAnalyze-Components\node_modules\jest-circus\build\legacy-code-todo-rewrite\jestAdapter.js:79:19)
    at runTestInternal (C:\Users\benpe\Coding\REI-Project\InstantlyAnalyze-Components\node_modules\jest-runner\build\runTest.js:367:16)
    at runTest (C:\Users\benpe\Coding\REI-Project\InstantlyAnalyze-Components\node_modules\jest-runner\build\runTest.js:444:34)
    at Object.worker (C:\Users\benpe\Coding\REI-Project\InstantlyAnalyze-Components\node_modules\jest-runner\build\testWorker.js:106:12)</failure>
      <failure>Error: expect(jest.fn()).toHaveBeenCalled()

Expected number of calls: &gt;= 1
Received number of calls:    0
    at Object.&lt;anonymous&gt; (C:\Users\benpe\Coding\REI-Project\InstantlyAnalyze-Components\tst\components\Calculator\CalculatorCustomize.test.tsx:69:41)
    at Promise.then.completed (C:\Users\benpe\Coding\REI-Project\InstantlyAnalyze-Components\node_modules\jest-circus\build\utils.js:298:28)
    at new Promise (&lt;anonymous&gt;)
    at callAsyncCircusFn (C:\Users\benpe\Coding\REI-Project\InstantlyAnalyze-Components\node_modules\jest-circus\build\utils.js:231:10)
    at _callCircusTest (C:\Users\benpe\Coding\REI-Project\InstantlyAnalyze-Components\node_modules\jest-circus\build\run.js:316:40)
    at processTicksAndRejections (node:internal/process/task_queues:95:5)
    at _runTest (C:\Users\benpe\Coding\REI-Project\InstantlyAnalyze-Components\node_modules\jest-circus\build\run.js:252:3)
    at _runTestsForDescribeBlock (C:\Users\benpe\Coding\REI-Project\InstantlyAnalyze-Components\node_modules\jest-circus\build\run.js:126:9)
    at _runTestsForDescribeBlock (C:\Users\benpe\Coding\REI-Project\InstantlyAnalyze-Components\node_modules\jest-circus\build\run.js:121:9)
    at run (C:\Users\benpe\Coding\REI-Project\InstantlyAnalyze-Components\node_modules\jest-circus\build\run.js:71:3)
    at runAndTransformResultsToJestFormat (C:\Users\benpe\Coding\REI-Project\InstantlyAnalyze-Components\node_modules\jest-circus\build\legacy-code-todo-rewrite\jestAdapterInit.js:122:21)
    at jestAdapter (C:\Users\benpe\Coding\REI-Project\InstantlyAnalyze-Components\node_modules\jest-circus\build\legacy-code-todo-rewrite\jestAdapter.js:79:19)
    at runTestInternal (C:\Users\benpe\Coding\REI-Project\InstantlyAnalyze-Components\node_modules\jest-runner\build\runTest.js:367:16)
    at runTest (C:\Users\benpe\Coding\REI-Project\InstantlyAnalyze-Components\node_modules\jest-runner\build\runTest.js:444:34)
    at Object.worker (C:\Users\benpe\Coding\REI-Project\InstantlyAnalyze-Components\node_modules\jest-runner\build\testWorker.js:106:12)</failure>
    </testcase>
    <testcase classname="CalculatorCustomize Component should save customization settings on slider change" name="CalculatorCustomize Component should save customization settings on slider change" time="0.143">
    </testcase>
  </testsuite>
  <testsuite name="LoginModal Component" errors="0" failures="1" skipped="0" timestamp="2025-07-31T04:52:58" time="71.558" tests="3">
    <testcase classname="LoginModal Component should render without crashing" name="LoginModal Component should render without crashing" time="0.253">
    </testcase>
    <testcase classname="LoginModal Component should handle login functionality" name="LoginModal Component should handle login functionality" time="0.139">
    </testcase>
    <testcase classname="LoginModal Component should handle modal open/close" name="LoginModal Component should handle modal open/close" time="1.286">
      <failure>Error: expect(element).not.toBeInTheDocument()

expected document not to contain element, found &lt;h1 class=&quot;info-light&quot;&gt;Automate Your On-Market Deal Finding.&lt;/h1&gt; instead

Ignored nodes: comments, script, style
&lt;html&gt;
  &lt;head /&gt;
  &lt;body&gt;
    &lt;div&gt;
      &lt;div
        class=&quot;login-overlay&quot;
      &gt;
        &lt;div&gt;
          &lt;div
            class=&quot;login-background login-background-light&quot;
          &gt;
            &lt;div&gt;
              &lt;div&gt;
                &lt;h1
                  class=&quot;info-light&quot;
                &gt;
                  Automate Your On-Market Deal Finding.
                &lt;/h1&gt;
                &lt;p
                  class=&quot;info-light&quot;
                &gt;
                  Our platform empowers you to scan entire markets, dive deep into specific deals with advanced analysis features, and stay ahead with AI enhancements coming soon.
                &lt;/p&gt;
                &lt;button&gt;
                  Login/Sign Up
                &lt;/button&gt;
              &lt;/div&gt;
            &lt;/div&gt;
          &lt;/div&gt;
        &lt;/div&gt;
      &lt;/div&gt;
    &lt;/div&gt;
  &lt;/body&gt;
&lt;/html&gt;
    at C:\Users\benpe\Coding\REI-Project\InstantlyAnalyze-Components\tst\components\Authentication\LoginModal.test.tsx:75:81
    at runWithExpensiveErrorDiagnosticsDisabled (C:\Users\benpe\Coding\REI-Project\InstantlyAnalyze-Components\node_modules\@testing-library\react\node_modules\@testing-library\dom\dist\config.js:47:12)
    at checkCallback (C:\Users\benpe\Coding\REI-Project\InstantlyAnalyze-Components\node_modules\@testing-library\react\node_modules\@testing-library\dom\dist\wait-for.js:127:77)
    at checkRealTimersCallback (C:\Users\benpe\Coding\REI-Project\InstantlyAnalyze-Components\node_modules\@testing-library\react\node_modules\@testing-library\dom\dist\wait-for.js:121:16)
    at Timeout.task [as _onTimeout] (C:\Users\benpe\Coding\REI-Project\InstantlyAnalyze-Components\node_modules\jsdom\lib\jsdom\browser\Window.js:520:19)
    at listOnTimeout (node:internal/timers:573:17)
    at processTimers (node:internal/timers:514:7)</failure>
    </testcase>
  </testsuite>
  <testsuite name="CalculatorHeader Component" errors="0" failures="2" skipped="0" timestamp="2025-07-31T04:52:58" time="72.083" tests="3">
    <testcase classname="CalculatorHeader Component should render without crashing" name="CalculatorHeader Component should render without crashing" time="0.602">
    </testcase>
    <testcase classname="CalculatorHeader Component should display header content correctly" name="CalculatorHeader Component should display header content correctly" time="0.521">
      <failure>TestingLibraryElementError: Unable to find an accessible element with the role &quot;link&quot; and name &quot;123 Main St&quot;

Here are the accessible roles:

  img:

  Name &quot;Property&quot;:
  &lt;img
    alt=&quot;Property&quot;
    src=&quot;test-image.jpg&quot;
    style=&quot;width: 100%; border-radius: 10px;&quot;
  /&gt;

  --------------------------------------------------
  heading:

  Name &quot;123 Main St&quot;:
  &lt;h2 /&gt;

  Name &quot;Anytown, CA&quot;:
  &lt;h2 /&gt;

  --------------------------------------------------
  button:

  Name &quot;Share&quot;:
  &lt;button /&gt;

  Name &quot;Save&quot;:
  &lt;button /&gt;

  Name &quot;Edit&quot;:
  &lt;button
    data-href=&quot;/edit-url&quot;
  /&gt;

  Name &quot;Delete Report&quot;:
  &lt;button /&gt;

  --------------------------------------------------

Ignored nodes: comments, script, style
&lt;body&gt;
  &lt;div&gt;
    &lt;div&gt;
      &lt;div&gt;
        &lt;div
          class=&quot;header-box&quot;
        &gt;
          &lt;div&gt;
            &lt;img
              alt=&quot;Property&quot;
              src=&quot;test-image.jpg&quot;
              style=&quot;width: 100%; border-radius: 10px;&quot;
            /&gt;
          &lt;/div&gt;
        &lt;/div&gt;
        &lt;div
          class=&quot;header-address&quot;
        &gt;
          &lt;div&gt;
            &lt;h2&gt;
              123 Main St
            &lt;/h2&gt;
            &lt;h2&gt;
              Anytown
              , 
              CA
            &lt;/h2&gt;
          &lt;/div&gt;
        &lt;/div&gt;
        &lt;div
          class=&quot;header-buttons&quot;
        &gt;
          &lt;div&gt;
            &lt;button&gt;
              Share
            &lt;/button&gt;
            &lt;button&gt;
              Save
            &lt;/button&gt;
            &lt;button
              data-href=&quot;/edit-url&quot;
            &gt;
              Edit
            &lt;/button&gt;
            &lt;button&gt;
              Delete Report
            &lt;/button&gt;
          &lt;/div&gt;
        &lt;/div&gt;
      &lt;/div&gt;
    &lt;/div&gt;
  &lt;/div&gt;
&lt;/body&gt;
    at Object.getElementError (C:\Users\benpe\Coding\REI-Project\InstantlyAnalyze-Components\node_modules\@testing-library\react\node_modules\@testing-library\dom\dist\config.js:37:19)
    at C:\Users\benpe\Coding\REI-Project\InstantlyAnalyze-Components\node_modules\@testing-library\react\node_modules\@testing-library\dom\dist\query-helpers.js:76:38
    at C:\Users\benpe\Coding\REI-Project\InstantlyAnalyze-Components\node_modules\@testing-library\react\node_modules\@testing-library\dom\dist\query-helpers.js:52:17
    at C:\Users\benpe\Coding\REI-Project\InstantlyAnalyze-Components\node_modules\@testing-library\react\node_modules\@testing-library\dom\dist\query-helpers.js:95:19
    at Object.&lt;anonymous&gt; (C:\Users\benpe\Coding\REI-Project\InstantlyAnalyze-Components\tst\components\Calculator\CalculatorHeader.test.tsx:60:19)
    at Promise.then.completed (C:\Users\benpe\Coding\REI-Project\InstantlyAnalyze-Components\node_modules\jest-circus\build\utils.js:298:28)
    at new Promise (&lt;anonymous&gt;)
    at callAsyncCircusFn (C:\Users\benpe\Coding\REI-Project\InstantlyAnalyze-Components\node_modules\jest-circus\build\utils.js:231:10)
    at _callCircusTest (C:\Users\benpe\Coding\REI-Project\InstantlyAnalyze-Components\node_modules\jest-circus\build\run.js:316:40)
    at processTicksAndRejections (node:internal/process/task_queues:95:5)
    at _runTest (C:\Users\benpe\Coding\REI-Project\InstantlyAnalyze-Components\node_modules\jest-circus\build\run.js:252:3)
    at _runTestsForDescribeBlock (C:\Users\benpe\Coding\REI-Project\InstantlyAnalyze-Components\node_modules\jest-circus\build\run.js:126:9)
    at _runTestsForDescribeBlock (C:\Users\benpe\Coding\REI-Project\InstantlyAnalyze-Components\node_modules\jest-circus\build\run.js:121:9)
    at run (C:\Users\benpe\Coding\REI-Project\InstantlyAnalyze-Components\node_modules\jest-circus\build\run.js:71:3)
    at runAndTransformResultsToJestFormat (C:\Users\benpe\Coding\REI-Project\InstantlyAnalyze-Components\node_modules\jest-circus\build\legacy-code-todo-rewrite\jestAdapterInit.js:122:21)
    at jestAdapter (C:\Users\benpe\Coding\REI-Project\InstantlyAnalyze-Components\node_modules\jest-circus\build\legacy-code-todo-rewrite\jestAdapter.js:79:19)
    at runTestInternal (C:\Users\benpe\Coding\REI-Project\InstantlyAnalyze-Components\node_modules\jest-runner\build\runTest.js:367:16)
    at runTest (C:\Users\benpe\Coding\REI-Project\InstantlyAnalyze-Components\node_modules\jest-runner\build\runTest.js:444:34)
    at Object.worker (C:\Users\benpe\Coding\REI-Project\InstantlyAnalyze-Components\node_modules\jest-runner\build\testWorker.js:106:12)</failure>
    </testcase>
    <testcase classname="CalculatorHeader Component should handle header actions" name="CalculatorHeader Component should handle header actions" time="0.477">
      <failure>Error: expect(jest.fn()).toHaveBeenCalled()

Expected number of calls: &gt;= 1
Received number of calls:    0
    at Object.&lt;anonymous&gt; (C:\Users\benpe\Coding\REI-Project\InstantlyAnalyze-Components\tst\components\Calculator\CalculatorHeader.test.tsx:73:92)
    at Promise.then.completed (C:\Users\benpe\Coding\REI-Project\InstantlyAnalyze-Components\node_modules\jest-circus\build\utils.js:298:28)
    at new Promise (&lt;anonymous&gt;)
    at callAsyncCircusFn (C:\Users\benpe\Coding\REI-Project\InstantlyAnalyze-Components\node_modules\jest-circus\build\utils.js:231:10)
    at _callCircusTest (C:\Users\benpe\Coding\REI-Project\InstantlyAnalyze-Components\node_modules\jest-circus\build\run.js:316:40)
    at processTicksAndRejections (node:internal/process/task_queues:95:5)
    at _runTest (C:\Users\benpe\Coding\REI-Project\InstantlyAnalyze-Components\node_modules\jest-circus\build\run.js:252:3)
    at _runTestsForDescribeBlock (C:\Users\benpe\Coding\REI-Project\InstantlyAnalyze-Components\node_modules\jest-circus\build\run.js:126:9)
    at _runTestsForDescribeBlock (C:\Users\benpe\Coding\REI-Project\InstantlyAnalyze-Components\node_modules\jest-circus\build\run.js:121:9)
    at run (C:\Users\benpe\Coding\REI-Project\InstantlyAnalyze-Components\node_modules\jest-circus\build\run.js:71:3)
    at runAndTransformResultsToJestFormat (C:\Users\benpe\Coding\REI-Project\InstantlyAnalyze-Components\node_modules\jest-circus\build\legacy-code-todo-rewrite\jestAdapterInit.js:122:21)
    at jestAdapter (C:\Users\benpe\Coding\REI-Project\InstantlyAnalyze-Components\node_modules\jest-circus\build\legacy-code-todo-rewrite\jestAdapter.js:79:19)
    at runTestInternal (C:\Users\benpe\Coding\REI-Project\InstantlyAnalyze-Components\node_modules\jest-runner\build\runTest.js:367:16)
    at runTest (C:\Users\benpe\Coding\REI-Project\InstantlyAnalyze-Components\node_modules\jest-runner\build\runTest.js:444:34)
    at Object.worker (C:\Users\benpe\Coding\REI-Project\InstantlyAnalyze-Components\node_modules\jest-runner\build\testWorker.js:106:12)</failure>
    </testcase>
  </testsuite>
  <testsuite name="ShareModal" errors="0" failures="1" skipped="0" timestamp="2025-07-31T04:52:58" time="72.136" tests="28">
    <testcase classname="ShareModal rendering should render modal when isOpen is true" name="ShareModal rendering should render modal when isOpen is true" time="0.237">
    </testcase>
    <testcase classname="ShareModal rendering should not render modal when isOpen is false" name="ShareModal rendering should not render modal when isOpen is false" time="0.081">
    </testcase>
    <testcase classname="ShareModal rendering should render modal header" name="ShareModal rendering should render modal header" time="0.025">
    </testcase>
    <testcase classname="ShareModal rendering should render checkbox with correct initial state" name="ShareModal rendering should render checkbox with correct initial state" time="0.013">
    </testcase>
    <testcase classname="ShareModal rendering should render checkbox with correct text when not shareable" name="ShareModal rendering should render checkbox with correct text when not shareable" time="0.021">
    </testcase>
    <testcase classname="ShareModal rendering should render checkbox with correct text when shareable" name="ShareModal rendering should render checkbox with correct text when shareable" time="0.02">
    </testcase>
    <testcase classname="ShareModal shareable content should not show input and copy button when not shareable" name="ShareModal shareable content should not show input and copy button when not shareable" time="0.101">
    </testcase>
    <testcase classname="ShareModal shareable content should show input and copy button when shareable" name="ShareModal shareable content should show input and copy button when shareable" time="0.048">
    </testcase>
    <testcase classname="ShareModal shareable content should display shareable link in input" name="ShareModal shareable content should display shareable link in input" time="0.029">
    </testcase>
    <testcase classname="ShareModal shareable content should make input read-only" name="ShareModal shareable content should make input read-only" time="0.016">
    </testcase>
    <testcase classname="ShareModal shareable content should show copy button with correct text" name="ShareModal shareable content should show copy button with correct text" time="0.018">
    </testcase>
    <testcase classname="ShareModal checkbox interactions should handle checkbox change from unchecked to checked" name="ShareModal checkbox interactions should handle checkbox change from unchecked to checked" time="0.387">
    </testcase>
    <testcase classname="ShareModal checkbox interactions should handle checkbox change from checked to unchecked" name="ShareModal checkbox interactions should handle checkbox change from checked to unchecked" time="0.35">
    </testcase>
    <testcase classname="ShareModal checkbox interactions should call onShareableChange when checkbox changes" name="ShareModal checkbox interactions should call onShareableChange when checkbox changes" time="0.358">
    </testcase>
    <testcase classname="ShareModal API integration should call changeRentalReportSharability when checkbox changes" name="ShareModal API integration should call changeRentalReportSharability when checkbox changes" time="0.237">
    </testcase>
    <testcase classname="ShareModal API integration should handle API errors gracefully" name="ShareModal API integration should handle API errors gracefully" time="1.259">
      <failure>Error: API Error
    at C:\Users\benpe\Coding\REI-Project\InstantlyAnalyze-Components\tst\components\ShareModal\ShareModal.test.tsx:271:63
    at step (C:\Users\benpe\Coding\REI-Project\InstantlyAnalyze-Components\tst\components\ShareModal\ShareModal.test.tsx:44:23)
    at Object.next (C:\Users\benpe\Coding\REI-Project\InstantlyAnalyze-Components\tst\components\ShareModal\ShareModal.test.tsx:25:53)
    at C:\Users\benpe\Coding\REI-Project\InstantlyAnalyze-Components\tst\components\ShareModal\ShareModal.test.tsx:19:71
    at new Promise (&lt;anonymous&gt;)
    at Object.&lt;anonymous&gt;.__awaiter (C:\Users\benpe\Coding\REI-Project\InstantlyAnalyze-Components\tst\components\ShareModal\ShareModal.test.tsx:15:12)
    at Object.&lt;anonymous&gt; (C:\Users\benpe\Coding\REI-Project\InstantlyAnalyze-Components\tst\components\ShareModal\ShareModal.test.tsx:269:47)
    at Promise.then.completed (C:\Users\benpe\Coding\REI-Project\InstantlyAnalyze-Components\node_modules\jest-circus\build\utils.js:298:28)
    at new Promise (&lt;anonymous&gt;)
    at callAsyncCircusFn (C:\Users\benpe\Coding\REI-Project\InstantlyAnalyze-Components\node_modules\jest-circus\build\utils.js:231:10)
    at _callCircusTest (C:\Users\benpe\Coding\REI-Project\InstantlyAnalyze-Components\node_modules\jest-circus\build\run.js:316:40)
    at _runTest (C:\Users\benpe\Coding\REI-Project\InstantlyAnalyze-Components\node_modules\jest-circus\build\run.js:252:3)
    at _runTestsForDescribeBlock (C:\Users\benpe\Coding\REI-Project\InstantlyAnalyze-Components\node_modules\jest-circus\build\run.js:126:9)
    at _runTestsForDescribeBlock (C:\Users\benpe\Coding\REI-Project\InstantlyAnalyze-Components\node_modules\jest-circus\build\run.js:121:9)
    at _runTestsForDescribeBlock (C:\Users\benpe\Coding\REI-Project\InstantlyAnalyze-Components\node_modules\jest-circus\build\run.js:121:9)
    at run (C:\Users\benpe\Coding\REI-Project\InstantlyAnalyze-Components\node_modules\jest-circus\build\run.js:71:3)
    at runAndTransformResultsToJestFormat (C:\Users\benpe\Coding\REI-Project\InstantlyAnalyze-Components\node_modules\jest-circus\build\legacy-code-todo-rewrite\jestAdapterInit.js:122:21)
    at jestAdapter (C:\Users\benpe\Coding\REI-Project\InstantlyAnalyze-Components\node_modules\jest-circus\build\legacy-code-todo-rewrite\jestAdapter.js:79:19)
    at runTestInternal (C:\Users\benpe\Coding\REI-Project\InstantlyAnalyze-Components\node_modules\jest-runner\build\runTest.js:367:16)
    at runTest (C:\Users\benpe\Coding\REI-Project\InstantlyAnalyze-Components\node_modules\jest-runner\build\runTest.js:444:34)
    at Object.worker (C:\Users\benpe\Coding\REI-Project\InstantlyAnalyze-Components\node_modules\jest-runner\build\testWorker.js:106:12)</failure>
      <failure>Error: Unable to find role=&quot;alert&quot;

Ignored nodes: comments, script, style
&lt;body&gt;
  &lt;div&gt;
    &lt;div
      data-testid=&quot;modal&quot;
    &gt;
      &lt;div
        data-testid=&quot;modal-header&quot;
      &gt;
        Share Report
      &lt;/div&gt;
      &lt;div
        data-testid=&quot;modal-content&quot;
      &gt;
        &lt;div
          data-testid=&quot;space-between&quot;
        &gt;
          &lt;label
            data-testid=&quot;checkbox&quot;
          &gt;
            &lt;input
              data-testid=&quot;checkbox-input&quot;
              type=&quot;checkbox&quot;
            /&gt;
            Report is shareable
          &lt;/label&gt;
        &lt;/div&gt;
      &lt;/div&gt;
      &lt;button
        data-testid=&quot;modal-close&quot;
      &gt;
        Close
      &lt;/button&gt;
    &lt;/div&gt;
  &lt;/div&gt;
&lt;/body&gt;
    at waitForWrapper (C:\Users\benpe\Coding\REI-Project\InstantlyAnalyze-Components\node_modules\@testing-library\react\node_modules\@testing-library\dom\dist\wait-for.js:166:27)
    at C:\Users\benpe\Coding\REI-Project\InstantlyAnalyze-Components\node_modules\@testing-library\react\node_modules\@testing-library\dom\dist\query-helpers.js:86:33
    at C:\Users\benpe\Coding\REI-Project\InstantlyAnalyze-Components\tst\components\ShareModal\ShareModal.test.tsx:275:34
    at step (C:\Users\benpe\Coding\REI-Project\InstantlyAnalyze-Components\tst\components\ShareModal\ShareModal.test.tsx:44:23)
    at Object.next (C:\Users\benpe\Coding\REI-Project\InstantlyAnalyze-Components\tst\components\ShareModal\ShareModal.test.tsx:25:53)
    at fulfilled (C:\Users\benpe\Coding\REI-Project\InstantlyAnalyze-Components\tst\components\ShareModal\ShareModal.test.tsx:16:58)</failure>
    </testcase>
    <testcase classname="ShareModal modal actions should call onClose when modal close button is clicked" name="ShareModal modal actions should call onClose when modal close button is clicked" time="0.187">
    </testcase>
    <testcase classname="ShareModal state management should initialize isShareable from reportData" name="ShareModal state management should initialize isShareable from reportData" time="0.198">
    </testcase>
    <testcase classname="ShareModal state management should update local state when checkbox changes" name="ShareModal state management should update local state when checkbox changes" time="0.458">
    </testcase>
    <testcase classname="ShareModal accessibility should have proper modal structure" name="ShareModal accessibility should have proper modal structure" time="0.014">
    </testcase>
    <testcase classname="ShareModal accessibility should have accessible checkbox" name="ShareModal accessibility should have accessible checkbox" time="0.009">
    </testcase>
    <testcase classname="ShareModal accessibility should have accessible input when shareable" name="ShareModal accessibility should have accessible input when shareable" time="0.011">
    </testcase>
    <testcase classname="ShareModal accessibility should have accessible copy button when shareable" name="ShareModal accessibility should have accessible copy button when shareable" time="0.013">
    </testcase>
    <testcase classname="ShareModal props validation should work with different report IDs" name="ShareModal props validation should work with different report IDs" time="0.01">
    </testcase>
    <testcase classname="ShareModal props validation should work with different shareable links" name="ShareModal props validation should work with different shareable links" time="0.013">
    </testcase>
    <testcase classname="ShareModal props validation should handle empty shareable link" name="ShareModal props validation should handle empty shareable link" time="0.141">
    </testcase>
    <testcase classname="ShareModal copy functionality should render CopyToClipboard component with correct props" name="ShareModal copy functionality should render CopyToClipboard component with correct props" time="0.011">
    </testcase>
    <testcase classname="ShareModal copy functionality should pass correct textToCopy to CopyToClipboard" name="ShareModal copy functionality should pass correct textToCopy to CopyToClipboard" time="0.013">
    </testcase>
  </testsuite>
  <testsuite name="AddressForm" errors="0" failures="0" skipped="0" timestamp="2025-07-31T04:54:05" time="6.172" tests="12">
    <testcase classname="AddressForm rendering should render all form fields" name="AddressForm rendering should render all form fields" time="0.108">
    </testcase>
    <testcase classname="AddressForm rendering should render with column layout" name="AddressForm rendering should render with column layout" time="0.024">
    </testcase>
    <testcase classname="AddressForm rendering should render labels for all fields" name="AddressForm rendering should render labels for all fields" time="0.03">
    </testcase>
    <testcase classname="AddressForm form interactions should update street address when input changes" name="AddressForm form interactions should update street address when input changes" time="1.128">
    </testcase>
    <testcase classname="AddressForm form interactions should update city when input changes" name="AddressForm form interactions should update city when input changes" time="1.002">
    </testcase>
    <testcase classname="AddressForm form interactions should update state when select changes" name="AddressForm form interactions should update state when select changes" time="0.264">
    </testcase>
    <testcase classname="AddressForm form interactions should update zip code when input changes" name="AddressForm form interactions should update zip code when input changes" time="0.632">
    </testcase>
    <testcase classname="AddressForm API integration should call onAddressSubmit with property data when API succeeds" name="AddressForm API integration should call onAddressSubmit with property data when API succeeds" time="0.056">
    </testcase>
    <testcase classname="AddressForm API integration should handle API errors gracefully" name="AddressForm API integration should handle API errors gracefully" time="0.131">
    </testcase>
    <testcase classname="AddressForm loading states should show loading bar during API call" name="AddressForm loading states should show loading bar during API call" time="0.083">
    </testcase>
    <testcase classname="AddressForm props validation should work without triggerAddressSubmit prop" name="AddressForm props validation should work without triggerAddressSubmit prop" time="0.024">
    </testcase>
    <testcase classname="AddressForm props validation should handle triggerAddressSubmit prop correctly" name="AddressForm props validation should handle triggerAddressSubmit prop correctly" time="0.03">
    </testcase>
  </testsuite>
  <testsuite name="CustomDropdown" errors="0" failures="0" skipped="0" timestamp="2025-07-31T04:54:11" time="2.549" tests="14">
    <testcase classname="CustomDropdown rendering should render with placeholder text" name="CustomDropdown rendering should render with placeholder text" time="0.073">
    </testcase>
    <testcase classname="CustomDropdown rendering should render all options" name="CustomDropdown rendering should render all options" time="0.015">
    </testcase>
    <testcase classname="CustomDropdown rendering should render with custom options" name="CustomDropdown rendering should render with custom options" time="0.014">
    </testcase>
    <testcase classname="CustomDropdown option selection should call onSelect when an option is selected" name="CustomDropdown option selection should call onSelect when an option is selected" time="0.019">
    </testcase>
    <testcase classname="CustomDropdown option selection should call onSelect with correct option for different selections" name="CustomDropdown option selection should call onSelect with correct option for different selections" time="0.079">
    </testcase>
    <testcase classname="CustomDropdown option selection should handle selection of option with only text tokens" name="CustomDropdown option selection should handle selection of option with only text tokens" time="0.019">
    </testcase>
    <testcase classname="CustomDropdown option selection should not call onSelect when placeholder is selected" name="CustomDropdown option selection should not call onSelect when placeholder is selected" time="0.032">
    </testcase>
    <testcase classname="CustomDropdown token processing should process text tokens correctly" name="CustomDropdown token processing should process text tokens correctly" time="0.011">
    </testcase>
    <testcase classname="CustomDropdown token processing should process input tokens as [INPUT]" name="CustomDropdown token processing should process input tokens as [INPUT]" time="0.011">
    </testcase>
    <testcase classname="CustomDropdown token processing should handle mixed token types" name="CustomDropdown token processing should handle mixed token types" time="0.09">
    </testcase>
    <testcase classname="CustomDropdown props validation should work with empty options array" name="CustomDropdown props validation should work with empty options array" time="0.009">
    </testcase>
    <testcase classname="CustomDropdown props validation should handle options with empty tokens array" name="CustomDropdown props validation should handle options with empty tokens array" time="0.007">
    </testcase>
    <testcase classname="CustomDropdown accessibility should have proper select element" name="CustomDropdown accessibility should have proper select element" time="0.012">
    </testcase>
    <testcase classname="CustomDropdown accessibility should have proper option elements" name="CustomDropdown accessibility should have proper option elements" time="0.012">
    </testcase>
  </testsuite>
  <testsuite name="CalculatorTitle" errors="0" failures="0" skipped="0" timestamp="2025-07-31T04:54:11" time="2.905" tests="5">
    <testcase classname="CalculatorTitle rendering should render with property information" name="CalculatorTitle rendering should render with property information" time="0.039">
    </testcase>
    <testcase classname="CalculatorTitle rendering should render property image" name="CalculatorTitle rendering should render property image" time="0.015">
    </testcase>
    <testcase classname="CalculatorTitle rendering should render with different property data" name="CalculatorTitle rendering should render with different property data" time="0.016">
    </testcase>
    <testcase classname="CalculatorTitle rendering should have correct CSS classes" name="CalculatorTitle rendering should have correct CSS classes" time="0.012">
    </testcase>
    <testcase classname="CalculatorTitle rendering should apply correct text styling classes" name="CalculatorTitle rendering should apply correct text styling classes" time="0.028">
    </testcase>
  </testsuite>
  <testsuite name="Asterisk" errors="0" failures="0" skipped="0" timestamp="2025-07-31T04:54:11" time="3.682" tests="6">
    <testcase classname="Asterisk should render asterisk character" name="Asterisk should render asterisk character" time="0.079">
    </testcase>
    <testcase classname="Asterisk should render with custom content" name="Asterisk should render with custom content" time="0.009">
    </testcase>
    <testcase classname="Asterisk should have red color styling" name="Asterisk should have red color styling" time="0.076">
    </testcase>
    <testcase classname="Asterisk should have left margin styling" name="Asterisk should have left margin styling" time="0.024">
    </testcase>
    <testcase classname="Asterisk should render as a span element" name="Asterisk should render as a span element" time="0.011">
    </testcase>
    <testcase classname="Asterisk should be accessible" name="Asterisk should be accessible" time="0.013">
    </testcase>
  </testsuite>
  <testsuite name="Dropdown" errors="0" failures="0" skipped="0" timestamp="2025-07-31T04:54:10" time="5.513" tests="18">
    <testcase classname="Dropdown rendering should render with default props" name="Dropdown rendering should render with default props" time="0.417">
    </testcase>
    <testcase classname="Dropdown rendering should render all options" name="Dropdown rendering should render all options" time="0.12">
    </testcase>
    <testcase classname="Dropdown rendering should render with custom label" name="Dropdown rendering should render with custom label" time="0.017">
    </testcase>
    <testcase classname="Dropdown rendering should render with custom options" name="Dropdown rendering should render with custom options" time="0.133">
    </testcase>
    <testcase classname="Dropdown rendering should render with selected value" name="Dropdown rendering should render with selected value" time="0.097">
    </testcase>
    <testcase classname="Dropdown user interactions should call onChange when option is selected" name="Dropdown user interactions should call onChange when option is selected" time="0.318">
    </testcase>
    <testcase classname="Dropdown user interactions should pass correct event to onChange handler" name="Dropdown user interactions should pass correct event to onChange handler" time="0.216">
    </testcase>
    <testcase classname="Dropdown user interactions should handle empty options array" name="Dropdown user interactions should handle empty options array" time="0.034">
    </testcase>
    <testcase classname="Dropdown accessibility should have proper label association" name="Dropdown accessibility should have proper label association" time="0.044">
    </testcase>
    <testcase classname="Dropdown accessibility should have combobox role" name="Dropdown accessibility should have combobox role" time="0.03">
    </testcase>
    <testcase classname="Dropdown accessibility should have proper option roles" name="Dropdown accessibility should have proper option roles" time="0.073">
    </testcase>
    <testcase classname="Dropdown accessibility should be accessible by label text" name="Dropdown accessibility should be accessible by label text" time="0.024">
    </testcase>
    <testcase classname="Dropdown structure should have correct CSS classes" name="Dropdown structure should have correct CSS classes" time="0.038">
    </testcase>
    <testcase classname="Dropdown structure should have proper DOM structure" name="Dropdown structure should have proper DOM structure" time="0.02">
    </testcase>
    <testcase classname="Dropdown structure should have unique keys for options" name="Dropdown structure should have unique keys for options" time="0.2">
    </testcase>
    <testcase classname="Dropdown props validation should handle undefined value prop" name="Dropdown props validation should handle undefined value prop" time="0.146">
    </testcase>
    <testcase classname="Dropdown props validation should handle empty string value" name="Dropdown props validation should handle empty string value" time="0.101">
    </testcase>
    <testcase classname="Dropdown props validation should handle value that matches an option" name="Dropdown props validation should handle value that matches an option" time="0.038">
    </testcase>
  </testsuite>
  <testsuite name="Button" errors="0" failures="0" skipped="0" timestamp="2025-07-31T04:54:10" time="6.074" tests="17">
    <testcase classname="Button rendering should render with default props" name="Button rendering should render with default props" time="0.277">
    </testcase>
    <testcase classname="Button rendering should render with custom label" name="Button rendering should render with custom label" time="0.053">
    </testcase>
    <testcase classname="Button rendering should render with different sizes" name="Button rendering should render with different sizes" time="0.126">
    </testcase>
    <testcase classname="Button rendering should render with different button types" name="Button rendering should render with different button types" time="0.044">
    </testcase>
    <testcase classname="Button rendering should apply custom background color" name="Button rendering should apply custom background color" time="0.027">
    </testcase>
    <testcase classname="Button user interactions should call onClick when clicked" name="Button user interactions should call onClick when clicked" time="0.276">
    </testcase>
    <testcase classname="Button user interactions should not call onClick when disabled" name="Button user interactions should not call onClick when disabled" time="0.228">
    </testcase>
    <testcase classname="Button user interactions should not call onClick when loading" name="Button user interactions should not call onClick when loading" time="0.543">
    </testcase>
    <testcase classname="Button loading state should show loading spinner when loading is true" name="Button loading state should show loading spinner when loading is true" time="0.038">
    </testcase>
    <testcase classname="Button loading state should not show label when loading" name="Button loading state should not show label when loading" time="0.062">
    </testcase>
    <testcase classname="Button loading state should be disabled when loading" name="Button loading state should be disabled when loading" time="0.027">
    </testcase>
    <testcase classname="Button disabled state should be disabled when disabled prop is true" name="Button disabled state should be disabled when disabled prop is true" time="0.051">
    </testcase>
    <testcase classname="Button disabled state should not be disabled by default" name="Button disabled state should not be disabled by default" time="0.02">
    </testcase>
    <testcase classname="Button accessibility should have button role" name="Button accessibility should have button role" time="0.016">
    </testcase>
    <testcase classname="Button accessibility should be accessible by label text" name="Button accessibility should be accessible by label text" time="0.048">
    </testcase>
    <testcase classname="Button accessibility should maintain accessibility when disabled" name="Button accessibility should maintain accessibility when disabled" time="0.02">
    </testcase>
    <testcase classname="Button props spreading should spread additional props to button element" name="Button props spreading should spread additional props to button element" time="0.01">
    </testcase>
  </testsuite>
  <testsuite name="CalculatorLoanPaydown Component" errors="0" failures="1" skipped="0" timestamp="2025-07-31T04:53:56" time="21.337" tests="3">
    <testcase classname="CalculatorLoanPaydown Component should render without crashing" name="CalculatorLoanPaydown Component should render without crashing" time="0.305">
      <failure>TestingLibraryElementError: Unable to find an element by: [data-testid=&quot;header&quot;]

Ignored nodes: comments, script, style
&lt;body&gt;
  &lt;div&gt;
    &lt;div
      data-testid=&quot;space-between&quot;
    &gt;
      &lt;div
        data-testid=&quot;container&quot;
      &gt;
        &lt;div
          data-testid=&quot;box&quot;
        &gt;
          &lt;div
            data-testid=&quot;line-chart&quot;
          &gt;
            Loan Balance, Equity, Property Value
          &lt;/div&gt;
        &lt;/div&gt;
        &lt;table
          data-testid=&quot;table&quot;
        &gt;
          &lt;tbody&gt;
            &lt;tr&gt;
              &lt;td&gt;
                &lt;span
                  class=&quot;color-box&quot;
                  style=&quot;background-color: rgb(0, 74, 0);&quot;
                /&gt;
                Property Value
              &lt;/td&gt;
            &lt;/tr&gt;
            &lt;tr&gt;
              &lt;td&gt;
                &lt;span
                  class=&quot;color-box&quot;
                  style=&quot;background-color: rgb(230, 159, 0);&quot;
                /&gt;
                Equity
              &lt;/td&gt;
            &lt;/tr&gt;
            &lt;tr&gt;
              &lt;td&gt;
                &lt;span
                  class=&quot;color-box&quot;
                  style=&quot;background-color: rgb(164, 0, 0);&quot;
                /&gt;
                Loan Balance
              &lt;/td&gt;
            &lt;/tr&gt;
            &lt;tr&gt;
              &lt;td&gt;
                Cash Flow
              &lt;/td&gt;
            &lt;/tr&gt;
            &lt;tr&gt;
              &lt;td&gt;
                Mortgage Payment
              &lt;/td&gt;
            &lt;/tr&gt;
            &lt;tr&gt;
              &lt;td&gt;
                Before Tax Equity Reversion
              &lt;/td&gt;
            &lt;/tr&gt;
            &lt;tr&gt;
              &lt;td&gt;
                Annualized Return (if NOT sold)
              &lt;/td&gt;
            &lt;/tr&gt;
            &lt;tr&gt;
              &lt;td&gt;
                Annualized Return (if sold)
              &lt;/td&gt;
            &lt;/tr&gt;
          &lt;/tbody&gt;
        &lt;/table&gt;
      &lt;/div&gt;
    &lt;/div&gt;
  &lt;/div&gt;
&lt;/body&gt;
    at Object.getElementError (C:\Users\benpe\Coding\REI-Project\InstantlyAnalyze-Components\node_modules\@testing-library\react\node_modules\@testing-library\dom\dist\config.js:37:19)
    at C:\Users\benpe\Coding\REI-Project\InstantlyAnalyze-Components\node_modules\@testing-library\react\node_modules\@testing-library\dom\dist\query-helpers.js:76:38
    at C:\Users\benpe\Coding\REI-Project\InstantlyAnalyze-Components\node_modules\@testing-library\react\node_modules\@testing-library\dom\dist\query-helpers.js:52:17
    at C:\Users\benpe\Coding\REI-Project\InstantlyAnalyze-Components\node_modules\@testing-library\react\node_modules\@testing-library\dom\dist\query-helpers.js:95:19
    at Object.&lt;anonymous&gt; (C:\Users\benpe\Coding\REI-Project\InstantlyAnalyze-Components\tst\components\Calculator\CalculatorLoanPaydown.test.tsx:46:19)
    at Promise.then.completed (C:\Users\benpe\Coding\REI-Project\InstantlyAnalyze-Components\node_modules\jest-circus\build\utils.js:298:28)
    at new Promise (&lt;anonymous&gt;)
    at callAsyncCircusFn (C:\Users\benpe\Coding\REI-Project\InstantlyAnalyze-Components\node_modules\jest-circus\build\utils.js:231:10)
    at _callCircusTest (C:\Users\benpe\Coding\REI-Project\InstantlyAnalyze-Components\node_modules\jest-circus\build\run.js:316:40)
    at processTicksAndRejections (node:internal/process/task_queues:95:5)
    at _runTest (C:\Users\benpe\Coding\REI-Project\InstantlyAnalyze-Components\node_modules\jest-circus\build\run.js:252:3)
    at _runTestsForDescribeBlock (C:\Users\benpe\Coding\REI-Project\InstantlyAnalyze-Components\node_modules\jest-circus\build\run.js:126:9)
    at _runTestsForDescribeBlock (C:\Users\benpe\Coding\REI-Project\InstantlyAnalyze-Components\node_modules\jest-circus\build\run.js:121:9)
    at run (C:\Users\benpe\Coding\REI-Project\InstantlyAnalyze-Components\node_modules\jest-circus\build\run.js:71:3)
    at runAndTransformResultsToJestFormat (C:\Users\benpe\Coding\REI-Project\InstantlyAnalyze-Components\node_modules\jest-circus\build\legacy-code-todo-rewrite\jestAdapterInit.js:122:21)
    at jestAdapter (C:\Users\benpe\Coding\REI-Project\InstantlyAnalyze-Components\node_modules\jest-circus\build\legacy-code-todo-rewrite\jestAdapter.js:79:19)
    at runTestInternal (C:\Users\benpe\Coding\REI-Project\InstantlyAnalyze-Components\node_modules\jest-runner\build\runTest.js:367:16)
    at runTest (C:\Users\benpe\Coding\REI-Project\InstantlyAnalyze-Components\node_modules\jest-runner\build\runTest.js:444:34)
    at Object.worker (C:\Users\benpe\Coding\REI-Project\InstantlyAnalyze-Components\node_modules\jest-runner\build\testWorker.js:106:12)</failure>
    </testcase>
    <testcase classname="CalculatorLoanPaydown Component should handle loan paydown calculations" name="CalculatorLoanPaydown Component should handle loan paydown calculations" time="0.449">
    </testcase>
    <testcase classname="CalculatorLoanPaydown Component should filter time periods based on loan term" name="CalculatorLoanPaydown Component should filter time periods based on loan term" time="0.036">
    </testcase>
  </testsuite>
  <testsuite name="Footer" errors="0" failures="0" skipped="0" timestamp="2025-07-31T04:54:14" time="4.769" tests="25">
    <testcase classname="Footer rendering should render the footer component" name="Footer rendering should render the footer component" time="0.252">
    </testcase>
    <testcase classname="Footer rendering should render the logo" name="Footer rendering should render the logo" time="0.047">
    </testcase>
    <testcase classname="Footer rendering should render all section headings" name="Footer rendering should render all section headings" time="0.113">
    </testcase>
    <testcase classname="Footer rendering should render copyright text" name="Footer rendering should render copyright text" time="0.187">
    </testcase>
    <testcase classname="Footer navigation links should render all site page links" name="Footer navigation links should render all site page links" time="0.016">
    </testcase>
    <testcase classname="Footer navigation links should render all social media links" name="Footer navigation links should render all social media links" time="0.03">
    </testcase>
    <testcase classname="Footer navigation links should render legal links" name="Footer navigation links should render legal links" time="0.017">
    </testcase>
    <testcase classname="Footer navigation links should have correct href attributes for site pages" name="Footer navigation links should have correct href attributes for site pages" time="0.084">
    </testcase>
    <testcase classname="Footer navigation links should have correct href attributes for social media" name="Footer navigation links should have correct href attributes for social media" time="0.029">
    </testcase>
    <testcase classname="Footer navigation links should have correct href attributes for legal pages" name="Footer navigation links should have correct href attributes for legal pages" time="0.02">
    </testcase>
    <testcase classname="Footer styling and layout should have proper CSS classes" name="Footer styling and layout should have proper CSS classes" time="0.166">
    </testcase>
    <testcase classname="Footer styling and layout should have proper structure with sections" name="Footer styling and layout should have proper structure with sections" time="0.038">
    </testcase>
    <testcase classname="Footer styling and layout should have proper list structure" name="Footer styling and layout should have proper list structure" time="0.278">
    </testcase>
    <testcase classname="Footer styling and layout should have proper list items" name="Footer styling and layout should have proper list items" time="0.223">
    </testcase>
    <testcase classname="Footer accessibility should have proper semantic structure" name="Footer accessibility should have proper semantic structure" time="0.03">
    </testcase>
    <testcase classname="Footer accessibility should have proper heading structure" name="Footer accessibility should have proper heading structure" time="0.053">
    </testcase>
    <testcase classname="Footer accessibility should have accessible links" name="Footer accessibility should have accessible links" time="0.285">
    </testcase>
    <testcase classname="Footer accessibility should have proper alt text for logo" name="Footer accessibility should have proper alt text for logo" time="0.015">
    </testcase>
    <testcase classname="Footer theme integration should apply light theme classes by default" name="Footer theme integration should apply light theme classes by default" time="0.274">
    </testcase>
    <testcase classname="Footer theme integration should include dark theme classes" name="Footer theme integration should include dark theme classes" time="0.038">
    </testcase>
    <testcase classname="Footer responsive design should have responsive classes" name="Footer responsive design should have responsive classes" time="0.03">
    </testcase>
    <testcase classname="Footer responsive design should have responsive text sizing" name="Footer responsive design should have responsive text sizing" time="0.02">
    </testcase>
    <testcase classname="Footer content validation should contain all required sections" name="Footer content validation should contain all required sections" time="0.02">
    </testcase>
    <testcase classname="Footer content validation should contain all required links" name="Footer content validation should contain all required links" time="0.053">
    </testcase>
    <testcase classname="Footer content validation should have proper copyright year" name="Footer content validation should have proper copyright year" time="0.028">
    </testcase>
  </testsuite>
  <testsuite name="AuthenticatedPage" errors="0" failures="0" skipped="0" timestamp="2025-07-31T04:54:16" time="3.176" tests="13">
    <testcase classname="AuthenticatedPage loading state should show loading spinner when Auth0 is loading" name="AuthenticatedPage loading state should show loading spinner when Auth0 is loading" time="0.299">
    </testcase>
    <testcase classname="AuthenticatedPage loading state should not show loading spinner when user is logging in" name="AuthenticatedPage loading state should not show loading spinner when user is logging in" time="0.085">
    </testcase>
    <testcase classname="AuthenticatedPage unauthenticated state should show login modal when not authenticated" name="AuthenticatedPage unauthenticated state should show login modal when not authenticated" time="0.008">
    </testcase>
    <testcase classname="AuthenticatedPage unauthenticated state should show children content when not authenticated" name="AuthenticatedPage unauthenticated state should show children content when not authenticated" time="0.081">
    </testcase>
    <testcase classname="AuthenticatedPage unauthenticated state should show login modal when there is an error" name="AuthenticatedPage unauthenticated state should show login modal when there is an error" time="0.007">
    </testcase>
    <testcase classname="AuthenticatedPage authenticated state should show children content when authenticated" name="AuthenticatedPage authenticated state should show children content when authenticated" time="0.011">
    </testcase>
    <testcase classname="AuthenticatedPage authenticated state should not show login modal when authenticated" name="AuthenticatedPage authenticated state should not show login modal when authenticated" time="0.01">
    </testcase>
    <testcase classname="AuthenticatedPage login interaction should handle login button click" name="AuthenticatedPage login interaction should handle login button click" time="0.015">
    </testcase>
    <testcase classname="AuthenticatedPage login interaction should set isLoggingIn state during login process" name="AuthenticatedPage login interaction should set isLoggingIn state during login process" time="0.011">
    </testcase>
    <testcase classname="AuthenticatedPage children rendering should render multiple children correctly" name="AuthenticatedPage children rendering should render multiple children correctly" time="0.014">
    </testcase>
    <testcase classname="AuthenticatedPage children rendering should render children with keys" name="AuthenticatedPage children rendering should render children with keys" time="0.004">
    </testcase>
    <testcase classname="AuthenticatedPage error handling should show login modal when Auth0 has an error" name="AuthenticatedPage error handling should show login modal when Auth0 has an error" time="0.011">
    </testcase>
    <testcase classname="AuthenticatedPage error handling should still render children when there is an error" name="AuthenticatedPage error handling should still render children when there is an error" time="0.012">
    </testcase>
  </testsuite>
  <testsuite name="FlyoutDropdown" errors="0" failures="0" skipped="0" timestamp="2025-07-31T04:54:16" time="3.783" tests="16">
    <testcase classname="FlyoutDropdown rendering should render all items" name="FlyoutDropdown rendering should render all items" time="0.085">
    </testcase>
    <testcase classname="FlyoutDropdown rendering should render correct number of items" name="FlyoutDropdown rendering should render correct number of items" time="0.209">
    </testcase>
    <testcase classname="FlyoutDropdown rendering should render with correct CSS classes" name="FlyoutDropdown rendering should render with correct CSS classes" time="0.033">
    </testcase>
    <testcase classname="FlyoutDropdown rendering should render items with correct structure" name="FlyoutDropdown rendering should render items with correct structure" time="0.059">
    </testcase>
    <testcase classname="FlyoutDropdown item content should render item icons" name="FlyoutDropdown item content should render item icons" time="0.163">
    </testcase>
    <testcase classname="FlyoutDropdown item content should render item links" name="FlyoutDropdown item content should render item links" time="0.057">
    </testcase>
    <testcase classname="FlyoutDropdown item content should render item titles" name="FlyoutDropdown item content should render item titles" time="0.037">
    </testcase>
    <testcase classname="FlyoutDropdown item content should render item descriptions" name="FlyoutDropdown item content should render item descriptions" time="0.019">
    </testcase>
    <testcase classname="FlyoutDropdown item structure should have correct icon container" name="FlyoutDropdown item structure should have correct icon container" time="0.072">
    </testcase>
    <testcase classname="FlyoutDropdown item structure should have correct content container" name="FlyoutDropdown item structure should have correct content container" time="0.021">
    </testcase>
    <testcase classname="FlyoutDropdown item structure should have arrow indicators" name="FlyoutDropdown item structure should have arrow indicators" time="0.013">
    </testcase>
    <testcase classname="FlyoutDropdown item structure should have SVG arrows with correct attributes" name="FlyoutDropdown item structure should have SVG arrows with correct attributes" time="0.03">
    </testcase>
    <testcase classname="FlyoutDropdown edge cases should handle empty items array" name="FlyoutDropdown edge cases should handle empty items array" time="0.005">
    </testcase>
    <testcase classname="FlyoutDropdown edge cases should handle single item" name="FlyoutDropdown edge cases should handle single item" time="0.031">
    </testcase>
    <testcase classname="FlyoutDropdown edge cases should handle items with special characters" name="FlyoutDropdown edge cases should handle items with special characters" time="0.014">
    </testcase>
    <testcase classname="FlyoutDropdown edge cases should handle long text content" name="FlyoutDropdown edge cases should handle long text content" time="0.012">
    </testcase>
  </testsuite>
  <testsuite name="CalculatorSensitivityTable Component" errors="0" failures="3" skipped="0" timestamp="2025-07-31T04:53:57" time="23.615" tests="3">
    <testcase classname="CalculatorSensitivityTable Component should render without crashing" name="CalculatorSensitivityTable Component should render without crashing" time="0.287">
      <failure>ReferenceError: structuredClone is not defined
    at CalculatorSensitivityTable (C:\Users\benpe\Coding\REI-Project\InstantlyAnalyze-Components\src\components\Calculator\CalculatorSensitivityTable.tsx:187:46)
    at renderWithHooks (C:\Users\benpe\Coding\REI-Project\InstantlyAnalyze-Components\node_modules\react-dom\cjs\react-dom.development.js:15486:18)
    at mountIndeterminateComponent (C:\Users\benpe\Coding\REI-Project\InstantlyAnalyze-Components\node_modules\react-dom\cjs\react-dom.development.js:20103:13)
    at beginWork (C:\Users\benpe\Coding\REI-Project\InstantlyAnalyze-Components\node_modules\react-dom\cjs\react-dom.development.js:21626:16)
    at beginWork$1 (C:\Users\benpe\Coding\REI-Project\InstantlyAnalyze-Components\node_modules\react-dom\cjs\react-dom.development.js:27465:14)
    at performUnitOfWork (C:\Users\benpe\Coding\REI-Project\InstantlyAnalyze-Components\node_modules\react-dom\cjs\react-dom.development.js:26599:12)
    at workLoopSync (C:\Users\benpe\Coding\REI-Project\InstantlyAnalyze-Components\node_modules\react-dom\cjs\react-dom.development.js:26505:5)
    at renderRootSync (C:\Users\benpe\Coding\REI-Project\InstantlyAnalyze-Components\node_modules\react-dom\cjs\react-dom.development.js:26473:7)
    at recoverFromConcurrentError (C:\Users\benpe\Coding\REI-Project\InstantlyAnalyze-Components\node_modules\react-dom\cjs\react-dom.development.js:25889:20)
    at performConcurrentWorkOnRoot (C:\Users\benpe\Coding\REI-Project\InstantlyAnalyze-Components\node_modules\react-dom\cjs\react-dom.development.js:25789:22)
    at flushActQueue (C:\Users\benpe\Coding\REI-Project\InstantlyAnalyze-Components\node_modules\react\cjs\react.development.js:2667:24)
    at act (C:\Users\benpe\Coding\REI-Project\InstantlyAnalyze-Components\node_modules\react\cjs\react.development.js:2582:11)
    at actWithWarning (C:\Users\benpe\Coding\REI-Project\InstantlyAnalyze-Components\node_modules\react-dom\cjs\react-dom-test-utils.development.js:1740:10)
    at C:\Users\benpe\Coding\REI-Project\InstantlyAnalyze-Components\node_modules\@testing-library\react\dist\act-compat.js:63:25
    at renderRoot (C:\Users\benpe\Coding\REI-Project\InstantlyAnalyze-Components\node_modules\@testing-library\react\dist\pure.js:159:26)
    at render (C:\Users\benpe\Coding\REI-Project\InstantlyAnalyze-Components\node_modules\@testing-library\react\dist\pure.js:246:10)
    at Object.&lt;anonymous&gt; (C:\Users\benpe\Coding\REI-Project\InstantlyAnalyze-Components\tst\components\Calculator\CalculatorSensitivityTable.test.tsx:50:11)
    at Promise.then.completed (C:\Users\benpe\Coding\REI-Project\InstantlyAnalyze-Components\node_modules\jest-circus\build\utils.js:298:28)
    at new Promise (&lt;anonymous&gt;)
    at callAsyncCircusFn (C:\Users\benpe\Coding\REI-Project\InstantlyAnalyze-Components\node_modules\jest-circus\build\utils.js:231:10)
    at _callCircusTest (C:\Users\benpe\Coding\REI-Project\InstantlyAnalyze-Components\node_modules\jest-circus\build\run.js:316:40)
    at processTicksAndRejections (node:internal/process/task_queues:95:5)
    at _runTest (C:\Users\benpe\Coding\REI-Project\InstantlyAnalyze-Components\node_modules\jest-circus\build\run.js:252:3)
    at _runTestsForDescribeBlock (C:\Users\benpe\Coding\REI-Project\InstantlyAnalyze-Components\node_modules\jest-circus\build\run.js:126:9)
    at _runTestsForDescribeBlock (C:\Users\benpe\Coding\REI-Project\InstantlyAnalyze-Components\node_modules\jest-circus\build\run.js:121:9)
    at run (C:\Users\benpe\Coding\REI-Project\InstantlyAnalyze-Components\node_modules\jest-circus\build\run.js:71:3)
    at runAndTransformResultsToJestFormat (C:\Users\benpe\Coding\REI-Project\InstantlyAnalyze-Components\node_modules\jest-circus\build\legacy-code-todo-rewrite\jestAdapterInit.js:122:21)
    at jestAdapter (C:\Users\benpe\Coding\REI-Project\InstantlyAnalyze-Components\node_modules\jest-circus\build\legacy-code-todo-rewrite\jestAdapter.js:79:19)
    at runTestInternal (C:\Users\benpe\Coding\REI-Project\InstantlyAnalyze-Components\node_modules\jest-runner\build\runTest.js:367:16)
    at runTest (C:\Users\benpe\Coding\REI-Project\InstantlyAnalyze-Components\node_modules\jest-runner\build\runTest.js:444:34)
    at Object.worker (C:\Users\benpe\Coding\REI-Project\InstantlyAnalyze-Components\node_modules\jest-runner\build\testWorker.js:106:12)</failure>
    </testcase>
    <testcase classname="CalculatorSensitivityTable Component should display sensitivity data correctly after generation" name="CalculatorSensitivityTable Component should display sensitivity data correctly after generation" time="0.182">
      <failure>ReferenceError: structuredClone is not defined
    at CalculatorSensitivityTable (C:\Users\benpe\Coding\REI-Project\InstantlyAnalyze-Components\src\components\Calculator\CalculatorSensitivityTable.tsx:187:46)
    at renderWithHooks (C:\Users\benpe\Coding\REI-Project\InstantlyAnalyze-Components\node_modules\react-dom\cjs\react-dom.development.js:15486:18)
    at mountIndeterminateComponent (C:\Users\benpe\Coding\REI-Project\InstantlyAnalyze-Components\node_modules\react-dom\cjs\react-dom.development.js:20103:13)
    at beginWork (C:\Users\benpe\Coding\REI-Project\InstantlyAnalyze-Components\node_modules\react-dom\cjs\react-dom.development.js:21626:16)
    at beginWork$1 (C:\Users\benpe\Coding\REI-Project\InstantlyAnalyze-Components\node_modules\react-dom\cjs\react-dom.development.js:27465:14)
    at performUnitOfWork (C:\Users\benpe\Coding\REI-Project\InstantlyAnalyze-Components\node_modules\react-dom\cjs\react-dom.development.js:26599:12)
    at workLoopSync (C:\Users\benpe\Coding\REI-Project\InstantlyAnalyze-Components\node_modules\react-dom\cjs\react-dom.development.js:26505:5)
    at renderRootSync (C:\Users\benpe\Coding\REI-Project\InstantlyAnalyze-Components\node_modules\react-dom\cjs\react-dom.development.js:26473:7)
    at recoverFromConcurrentError (C:\Users\benpe\Coding\REI-Project\InstantlyAnalyze-Components\node_modules\react-dom\cjs\react-dom.development.js:25889:20)
    at performConcurrentWorkOnRoot (C:\Users\benpe\Coding\REI-Project\InstantlyAnalyze-Components\node_modules\react-dom\cjs\react-dom.development.js:25789:22)
    at flushActQueue (C:\Users\benpe\Coding\REI-Project\InstantlyAnalyze-Components\node_modules\react\cjs\react.development.js:2667:24)
    at act (C:\Users\benpe\Coding\REI-Project\InstantlyAnalyze-Components\node_modules\react\cjs\react.development.js:2582:11)
    at actWithWarning (C:\Users\benpe\Coding\REI-Project\InstantlyAnalyze-Components\node_modules\react-dom\cjs\react-dom-test-utils.development.js:1740:10)
    at C:\Users\benpe\Coding\REI-Project\InstantlyAnalyze-Components\node_modules\@testing-library\react\dist\act-compat.js:63:25
    at renderRoot (C:\Users\benpe\Coding\REI-Project\InstantlyAnalyze-Components\node_modules\@testing-library\react\dist\pure.js:159:26)
    at render (C:\Users\benpe\Coding\REI-Project\InstantlyAnalyze-Components\node_modules\@testing-library\react\dist\pure.js:246:10)
    at C:\Users\benpe\Coding\REI-Project\InstantlyAnalyze-Components\tst\components\Calculator\CalculatorSensitivityTable.test.tsx:57:11
    at step (C:\Users\benpe\Coding\REI-Project\InstantlyAnalyze-Components\tst\components\Calculator\CalculatorSensitivityTable.test.tsx:44:23)
    at Object.next (C:\Users\benpe\Coding\REI-Project\InstantlyAnalyze-Components\tst\components\Calculator\CalculatorSensitivityTable.test.tsx:25:53)
    at C:\Users\benpe\Coding\REI-Project\InstantlyAnalyze-Components\tst\components\Calculator\CalculatorSensitivityTable.test.tsx:19:71
    at new Promise (&lt;anonymous&gt;)
    at Object.&lt;anonymous&gt;.__awaiter (C:\Users\benpe\Coding\REI-Project\InstantlyAnalyze-Components\tst\components\Calculator\CalculatorSensitivityTable.test.tsx:15:12)
    at Object.&lt;anonymous&gt; (C:\Users\benpe\Coding\REI-Project\InstantlyAnalyze-Components\tst\components\Calculator\CalculatorSensitivityTable.test.tsx:56:68)
    at Promise.then.completed (C:\Users\benpe\Coding\REI-Project\InstantlyAnalyze-Components\node_modules\jest-circus\build\utils.js:298:28)
    at new Promise (&lt;anonymous&gt;)
    at callAsyncCircusFn (C:\Users\benpe\Coding\REI-Project\InstantlyAnalyze-Components\node_modules\jest-circus\build\utils.js:231:10)
    at _callCircusTest (C:\Users\benpe\Coding\REI-Project\InstantlyAnalyze-Components\node_modules\jest-circus\build\run.js:316:40)
    at processTicksAndRejections (node:internal/process/task_queues:95:5)
    at _runTest (C:\Users\benpe\Coding\REI-Project\InstantlyAnalyze-Components\node_modules\jest-circus\build\run.js:252:3)
    at _runTestsForDescribeBlock (C:\Users\benpe\Coding\REI-Project\InstantlyAnalyze-Components\node_modules\jest-circus\build\run.js:126:9)
    at _runTestsForDescribeBlock (C:\Users\benpe\Coding\REI-Project\InstantlyAnalyze-Components\node_modules\jest-circus\build\run.js:121:9)
    at run (C:\Users\benpe\Coding\REI-Project\InstantlyAnalyze-Components\node_modules\jest-circus\build\run.js:71:3)
    at runAndTransformResultsToJestFormat (C:\Users\benpe\Coding\REI-Project\InstantlyAnalyze-Components\node_modules\jest-circus\build\legacy-code-todo-rewrite\jestAdapterInit.js:122:21)
    at jestAdapter (C:\Users\benpe\Coding\REI-Project\InstantlyAnalyze-Components\node_modules\jest-circus\build\legacy-code-todo-rewrite\jestAdapter.js:79:19)
    at runTestInternal (C:\Users\benpe\Coding\REI-Project\InstantlyAnalyze-Components\node_modules\jest-runner\build\runTest.js:367:16)
    at runTest (C:\Users\benpe\Coding\REI-Project\InstantlyAnalyze-Components\node_modules\jest-runner\build\runTest.js:444:34)
    at Object.worker (C:\Users\benpe\Coding\REI-Project\InstantlyAnalyze-Components\node_modules\jest-runner\build\testWorker.js:106:12)</failure>
    </testcase>
    <testcase classname="CalculatorSensitivityTable Component should show an alert if not enough inputs are selected" name="CalculatorSensitivityTable Component should show an alert if not enough inputs are selected" time="0.032">
      <failure>ReferenceError: structuredClone is not defined
    at CalculatorSensitivityTable (C:\Users\benpe\Coding\REI-Project\InstantlyAnalyze-Components\src\components\Calculator\CalculatorSensitivityTable.tsx:187:46)
    at renderWithHooks (C:\Users\benpe\Coding\REI-Project\InstantlyAnalyze-Components\node_modules\react-dom\cjs\react-dom.development.js:15486:18)
    at mountIndeterminateComponent (C:\Users\benpe\Coding\REI-Project\InstantlyAnalyze-Components\node_modules\react-dom\cjs\react-dom.development.js:20103:13)
    at beginWork (C:\Users\benpe\Coding\REI-Project\InstantlyAnalyze-Components\node_modules\react-dom\cjs\react-dom.development.js:21626:16)
    at beginWork$1 (C:\Users\benpe\Coding\REI-Project\InstantlyAnalyze-Components\node_modules\react-dom\cjs\react-dom.development.js:27465:14)
    at performUnitOfWork (C:\Users\benpe\Coding\REI-Project\InstantlyAnalyze-Components\node_modules\react-dom\cjs\react-dom.development.js:26599:12)
    at workLoopSync (C:\Users\benpe\Coding\REI-Project\InstantlyAnalyze-Components\node_modules\react-dom\cjs\react-dom.development.js:26505:5)
    at renderRootSync (C:\Users\benpe\Coding\REI-Project\InstantlyAnalyze-Components\node_modules\react-dom\cjs\react-dom.development.js:26473:7)
    at recoverFromConcurrentError (C:\Users\benpe\Coding\REI-Project\InstantlyAnalyze-Components\node_modules\react-dom\cjs\react-dom.development.js:25889:20)
    at performConcurrentWorkOnRoot (C:\Users\benpe\Coding\REI-Project\InstantlyAnalyze-Components\node_modules\react-dom\cjs\react-dom.development.js:25789:22)
    at flushActQueue (C:\Users\benpe\Coding\REI-Project\InstantlyAnalyze-Components\node_modules\react\cjs\react.development.js:2667:24)
    at act (C:\Users\benpe\Coding\REI-Project\InstantlyAnalyze-Components\node_modules\react\cjs\react.development.js:2582:11)
    at actWithWarning (C:\Users\benpe\Coding\REI-Project\InstantlyAnalyze-Components\node_modules\react-dom\cjs\react-dom-test-utils.development.js:1740:10)
    at C:\Users\benpe\Coding\REI-Project\InstantlyAnalyze-Components\node_modules\@testing-library\react\dist\act-compat.js:63:25
    at renderRoot (C:\Users\benpe\Coding\REI-Project\InstantlyAnalyze-Components\node_modules\@testing-library\react\dist\pure.js:159:26)
    at render (C:\Users\benpe\Coding\REI-Project\InstantlyAnalyze-Components\node_modules\@testing-library\react\dist\pure.js:246:10)
    at Object.&lt;anonymous&gt; (C:\Users\benpe\Coding\REI-Project\InstantlyAnalyze-Components\tst\components\Calculator\CalculatorSensitivityTable.test.tsx:68:11)
    at Promise.then.completed (C:\Users\benpe\Coding\REI-Project\InstantlyAnalyze-Components\node_modules\jest-circus\build\utils.js:298:28)
    at new Promise (&lt;anonymous&gt;)
    at callAsyncCircusFn (C:\Users\benpe\Coding\REI-Project\InstantlyAnalyze-Components\node_modules\jest-circus\build\utils.js:231:10)
    at _callCircusTest (C:\Users\benpe\Coding\REI-Project\InstantlyAnalyze-Components\node_modules\jest-circus\build\run.js:316:40)
    at processTicksAndRejections (node:internal/process/task_queues:95:5)
    at _runTest (C:\Users\benpe\Coding\REI-Project\InstantlyAnalyze-Components\node_modules\jest-circus\build\run.js:252:3)
    at _runTestsForDescribeBlock (C:\Users\benpe\Coding\REI-Project\InstantlyAnalyze-Components\node_modules\jest-circus\build\run.js:126:9)
    at _runTestsForDescribeBlock (C:\Users\benpe\Coding\REI-Project\InstantlyAnalyze-Components\node_modules\jest-circus\build\run.js:121:9)
    at run (C:\Users\benpe\Coding\REI-Project\InstantlyAnalyze-Components\node_modules\jest-circus\build\run.js:71:3)
    at runAndTransformResultsToJestFormat (C:\Users\benpe\Coding\REI-Project\InstantlyAnalyze-Components\node_modules\jest-circus\build\legacy-code-todo-rewrite\jestAdapterInit.js:122:21)
    at jestAdapter (C:\Users\benpe\Coding\REI-Project\InstantlyAnalyze-Components\node_modules\jest-circus\build\legacy-code-todo-rewrite\jestAdapter.js:79:19)
    at runTestInternal (C:\Users\benpe\Coding\REI-Project\InstantlyAnalyze-Components\node_modules\jest-runner\build\runTest.js:367:16)
    at runTest (C:\Users\benpe\Coding\REI-Project\InstantlyAnalyze-Components\node_modules\jest-runner\build\runTest.js:444:34)
    at Object.worker (C:\Users\benpe\Coding\REI-Project\InstantlyAnalyze-Components\node_modules\jest-runner\build\testWorker.js:106:12)</failure>
    </testcase>
  </testsuite>
  <testsuite name="AccountStatus" errors="0" failures="0" skipped="0" timestamp="2025-07-31T04:54:05" time="15.731" tests="11">
    <testcase classname="AccountStatus rendering should render PRO status correctly" name="AccountStatus rendering should render PRO status correctly" time="0.132">
    </testcase>
    <testcase classname="AccountStatus rendering should render FREE status correctly" name="AccountStatus rendering should render FREE status correctly" time="0.013">
    </testcase>
    <testcase classname="AccountStatus rendering should render unknown status as pending" name="AccountStatus rendering should render unknown status as pending" time="0.013">
    </testcase>
    <testcase classname="AccountStatus status mapping should map PRO status to success type" name="AccountStatus status mapping should map PRO status to success type" time="0.011">
    </testcase>
    <testcase classname="AccountStatus status mapping should map FREE status to info type" name="AccountStatus status mapping should map FREE status to info type" time="0.01">
    </testcase>
    <testcase classname="AccountStatus status mapping should map unknown status to pending type" name="AccountStatus status mapping should map unknown status to pending type" time="0.078">
    </testcase>
    <testcase classname="AccountStatus text display should display &quot;Pro&quot; for PRO status" name="AccountStatus text display should display &quot;Pro&quot; for PRO status" time="0.017">
    </testcase>
    <testcase classname="AccountStatus text display should display &quot;Free&quot; for FREE status" name="AccountStatus text display should display &quot;Free&quot; for FREE status" time="0.013">
    </testcase>
    <testcase classname="AccountStatus text display should display &quot;Loading...&quot; for unknown status" name="AccountStatus text display should display &quot;Loading...&quot; for unknown status" time="0.01">
    </testcase>
    <testcase classname="AccountStatus layout should render with proper box margin" name="AccountStatus layout should render with proper box margin" time="0.01">
    </testcase>
    <testcase classname="AccountStatus layout should contain status indicator within box" name="AccountStatus layout should contain status indicator within box" time="0.1">
    </testcase>
  </testsuite>
  <testsuite name="SelectableButton Component" errors="0" failures="0" skipped="0" timestamp="2025-07-31T04:54:15" time="6.799" tests="4">
    <testcase classname="SelectableButton Component should render without crashing" name="SelectableButton Component should render without crashing" time="0.27">
    </testcase>
    <testcase classname="SelectableButton Component should handle selection state" name="SelectableButton Component should handle selection state" time="0.091">
    </testcase>
    <testcase classname="SelectableButton Component should handle click events" name="SelectableButton Component should handle click events" time="0.028">
    </testcase>
    <testcase classname="SelectableButton Component should be disabled when isDisabled is true" name="SelectableButton Component should be disabled when isDisabled is true" time="0.029">
    </testcase>
  </testsuite>
  <testsuite name="CalculatorExpenses Component" errors="0" failures="0" skipped="0" timestamp="2025-07-31T04:53:58" time="23.821" tests="3">
    <testcase classname="CalculatorExpenses Component should render without crashing" name="CalculatorExpenses Component should render without crashing" time="0.153">
    </testcase>
    <testcase classname="CalculatorExpenses Component should handle expense calculations correctly" name="CalculatorExpenses Component should handle expense calculations correctly" time="0.942">
    </testcase>
    <testcase classname="CalculatorExpenses Component should render all expense details" name="CalculatorExpenses Component should render all expense details" time="0.683">
    </testcase>
  </testsuite>
  <testsuite name="AppLayoutPreview" errors="0" failures="0" skipped="0" timestamp="2025-07-31T04:54:19" time="3.312" tests="13">
    <testcase classname="AppLayoutPreview rendering should render with children content" name="AppLayoutPreview rendering should render with children content" time="0.079">
    </testcase>
    <testcase classname="AppLayoutPreview rendering should render with I18nProvider" name="AppLayoutPreview rendering should render with I18nProvider" time="0.008">
    </testcase>
    <testcase classname="AppLayoutPreview rendering should render AppLayout with correct props" name="AppLayoutPreview rendering should render AppLayout with correct props" time="0.01">
    </testcase>
    <testcase classname="AppLayoutPreview breadcrumb generation should generate breadcrumbs for simple path" name="AppLayoutPreview breadcrumb generation should generate breadcrumbs for simple path" time="0.012">
    </testcase>
    <testcase classname="AppLayoutPreview breadcrumb generation should handle UUID segments in path" name="AppLayoutPreview breadcrumb generation should handle UUID segments in path" time="0.027">
    </testcase>
    <testcase classname="AppLayoutPreview breadcrumb generation should handle paths with hash segments" name="AppLayoutPreview breadcrumb generation should handle paths with hash segments" time="0.007">
    </testcase>
    <testcase classname="AppLayoutPreview breadcrumb generation should handle paths with profile segments" name="AppLayoutPreview breadcrumb generation should handle paths with profile segments" time="0.009">
    </testcase>
    <testcase classname="AppLayoutPreview breadcrumb generation should handle paths with subscribe segments" name="AppLayoutPreview breadcrumb generation should handle paths with subscribe segments" time="0.011">
    </testcase>
    <testcase classname="AppLayoutPreview breadcrumb generation should not show breadcrumbs for empty path" name="AppLayoutPreview breadcrumb generation should not show breadcrumbs for empty path" time="0.005">
    </testcase>
    <testcase classname="AppLayoutPreview content padding should disable content padding for home page" name="AppLayoutPreview content padding should disable content padding for home page" time="0.009">
    </testcase>
    <testcase classname="AppLayoutPreview content padding should disable content padding for subscribe page" name="AppLayoutPreview content padding should disable content padding for subscribe page" time="0.006">
    </testcase>
    <testcase classname="AppLayoutPreview content padding should enable content padding for other pages" name="AppLayoutPreview content padding should enable content padding for other pages" time="0.01">
    </testcase>
    <testcase classname="AppLayoutPreview breadcrumb URLs should generate correct URLs for breadcrumbs" name="AppLayoutPreview breadcrumb URLs should generate correct URLs for breadcrumbs" time="0.008">
    </testcase>
  </testsuite>
  <testsuite name="ComingSoonWrapper" errors="0" failures="0" skipped="0" timestamp="2025-07-31T04:54:20" time="2.957" tests="7">
    <testcase classname="ComingSoonWrapper rendering should render children content" name="ComingSoonWrapper rendering should render children content" time="0.042">
    </testcase>
    <testcase classname="ComingSoonWrapper rendering should render with default coming soon text" name="ComingSoonWrapper rendering should render with default coming soon text" time="0.006">
    </testcase>
    <testcase classname="ComingSoonWrapper rendering should render with custom coming soon text" name="ComingSoonWrapper rendering should render with custom coming soon text" time="0.004">
    </testcase>
    <testcase classname="ComingSoonWrapper rendering should have correct CSS classes" name="ComingSoonWrapper rendering should have correct CSS classes" time="0.012">
    </testcase>
    <testcase classname="ComingSoonWrapper rendering should have overlay with correct styling" name="ComingSoonWrapper rendering should have overlay with correct styling" time="0.008">
    </testcase>
    <testcase classname="ComingSoonWrapper rendering should render multiple children" name="ComingSoonWrapper rendering should render multiple children" time="0.011">
    </testcase>
    <testcase classname="ComingSoonWrapper rendering should render complex children components" name="ComingSoonWrapper rendering should render complex children components" time="0.061">
    </testcase>
  </testsuite>
  <testsuite name="HeaderV2 Component" errors="0" failures="0" skipped="0" timestamp="2025-07-31T04:54:16" time="6.791" tests="3">
    <testcase classname="HeaderV2 Component should render without crashing" name="HeaderV2 Component should render without crashing" time="0.12">
    </testcase>
    <testcase classname="HeaderV2 Component should display navigation links correctly" name="HeaderV2 Component should display navigation links correctly" time="0.023">
    </testcase>
    <testcase classname="HeaderV2 Component should handle mobile menu toggle" name="HeaderV2 Component should handle mobile menu toggle" time="0.088">
    </testcase>
  </testsuite>
  <testsuite name="ImageUploadContainer" errors="0" failures="0" skipped="0" timestamp="2025-07-31T04:54:19" time="5.292" tests="15">
    <testcase classname="ImageUploadContainer rendering should render without image initially" name="ImageUploadContainer rendering should render without image initially" time="0.114">
    </testcase>
    <testcase classname="ImageUploadContainer rendering should render with image when provided" name="ImageUploadContainer rendering should render with image when provided" time="0.118">
    </testcase>
    <testcase classname="ImageUploadContainer rendering should have correct CSS classes when no image" name="ImageUploadContainer rendering should have correct CSS classes when no image" time="0.013">
    </testcase>
    <testcase classname="ImageUploadContainer rendering should have correct CSS classes when image is present" name="ImageUploadContainer rendering should have correct CSS classes when image is present" time="0.044">
    </testcase>
    <testcase classname="ImageUploadContainer rendering should have hidden file input" name="ImageUploadContainer rendering should have hidden file input" time="0.033">
    </testcase>
    <testcase classname="ImageUploadContainer user interactions should trigger file input when container is clicked" name="ImageUploadContainer user interactions should trigger file input when container is clicked" time="0.204">
    </testcase>
    <testcase classname="ImageUploadContainer user interactions should handle file selection" name="ImageUploadContainer user interactions should handle file selection" time="0.348">
    </testcase>
    <testcase classname="ImageUploadContainer user interactions should call setRentalCalculatorFormState when file is loaded" name="ImageUploadContainer user interactions should call setRentalCalculatorFormState when file is loaded" time="0.014">
    </testcase>
    <testcase classname="ImageUploadContainer user interactions should not call setRentalCalculatorFormState when no file is selected" name="ImageUploadContainer user interactions should not call setRentalCalculatorFormState when no file is selected" time="0.009">
    </testcase>
    <testcase classname="ImageUploadContainer user interactions should not call setRentalCalculatorFormState when file is null" name="ImageUploadContainer user interactions should not call setRentalCalculatorFormState when file is null" time="0.049">
    </testcase>
    <testcase classname="ImageUploadContainer file handling should handle different image file types" name="ImageUploadContainer file handling should handle different image file types" time="0.21">
    </testcase>
    <testcase classname="ImageUploadContainer file handling should handle large image files" name="ImageUploadContainer file handling should handle large image files" time="0.35">
    </testcase>
    <testcase classname="ImageUploadContainer edge cases should handle empty file array" name="ImageUploadContainer edge cases should handle empty file array" time="0.013">
    </testcase>
    <testcase classname="ImageUploadContainer edge cases should handle undefined files property" name="ImageUploadContainer edge cases should handle undefined files property" time="0.019">
    </testcase>
    <testcase classname="ImageUploadContainer edge cases should handle FileReader errors gracefully" name="ImageUploadContainer edge cases should handle FileReader errors gracefully" time="0.011">
    </testcase>
  </testsuite>
  <testsuite name="Header" errors="0" failures="0" skipped="0" timestamp="2025-07-31T04:54:22" time="2.72" tests="7">
    <testcase classname="Header rendering should render the header component" name="Header rendering should render the header component" time="0.019">
    </testcase>
    <testcase classname="Header rendering should render the navbar component" name="Header rendering should render the navbar component" time="0.023">
    </testcase>
    <testcase classname="Header rendering should have proper DOM structure" name="Header rendering should have proper DOM structure" time="0.036">
    </testcase>
    <testcase classname="Header component integration should integrate with Navbar component" name="Header component integration should integrate with Navbar component" time="0.042">
    </testcase>
    <testcase classname="Header component integration should render as a functional component" name="Header component integration should render as a functional component" time="0.051">
    </testcase>
    <testcase classname="Header accessibility should be present in the DOM" name="Header accessibility should be present in the DOM" time="0.005">
    </testcase>
    <testcase classname="Header accessibility should have semantic structure" name="Header accessibility should have semantic structure" time="0.007">
    </testcase>
  </testsuite>
  <testsuite name="CloudscapePieChart" errors="0" failures="0" skipped="0" timestamp="2025-07-31T04:54:22" time="2.262" tests="7">
    <testcase classname="CloudscapePieChart rendering should render with default props" name="CloudscapePieChart rendering should render with default props" time="0.091">
    </testcase>
    <testcase classname="CloudscapePieChart rendering should render with custom title" name="CloudscapePieChart rendering should render with custom title" time="0.008">
    </testcase>
    <testcase classname="CloudscapePieChart rendering should transform data correctly" name="CloudscapePieChart rendering should transform data correctly" time="0.011">
    </testcase>
    <testcase classname="CloudscapePieChart rendering should handle decimal values correctly" name="CloudscapePieChart rendering should handle decimal values correctly" time="0.01">
    </testcase>
    <testcase classname="CloudscapePieChart rendering should use correct color palette" name="CloudscapePieChart rendering should use correct color palette" time="0.013">
    </testcase>
    <testcase classname="CloudscapePieChart rendering should handle empty data arrays" name="CloudscapePieChart rendering should handle empty data arrays" time="0.004">
    </testcase>
    <testcase classname="CloudscapePieChart rendering should handle single data point" name="CloudscapePieChart rendering should handle single data point" time="0.006">
    </testcase>
  </testsuite>
  <testsuite name="Constants" errors="0" failures="0" skipped="0" timestamp="2025-07-31T04:54:23" time="1.598" tests="7">
    <testcase classname="Constants CHART_COLORS should export chart colors object" name="Constants CHART_COLORS should export chart colors object" time="0.005">
    </testcase>
    <testcase classname="Constants CHART_COLORS should have mainGreen color" name="Constants CHART_COLORS should have mainGreen color" time="0.001">
    </testcase>
    <testcase classname="Constants CHART_COLORS should have complementaryRed color" name="Constants CHART_COLORS should have complementaryRed color" time="0.001">
    </testcase>
    <testcase classname="Constants CHART_COLORS should have cashFlowBlack color" name="Constants CHART_COLORS should have cashFlowBlack color" time="0.002">
    </testcase>
    <testcase classname="Constants CHART_COLORS should have variableExpensesOrange color" name="Constants CHART_COLORS should have variableExpensesOrange color" time="0">
    </testcase>
    <testcase classname="Constants CHART_COLORS should have all required color properties" name="Constants CHART_COLORS should have all required color properties" time="0.077">
    </testcase>
    <testcase classname="Constants CHART_COLORS should have valid hex color values" name="Constants CHART_COLORS should have valid hex color values" time="0.007">
    </testcase>
  </testsuite>
  <testsuite name="Components Index" errors="0" failures="0" skipped="0" timestamp="2025-07-31T04:54:24" time="1.341" tests="2">
    <testcase classname="Components Index should export all required components" name="Components Index should export all required components" time="0.001">
    </testcase>
    <testcase classname="Components Index should have correct export structure" name="Components Index should have correct export structure" time="0">
    </testcase>
  </testsuite>
  <testsuite name="CardItem" errors="0" failures="0" skipped="0" timestamp="2025-07-31T04:54:22" time="3.709" tests="14">
    <testcase classname="CardItem rendering should render with default props" name="CardItem rendering should render with default props" time="0.217">
    </testcase>
    <testcase classname="CardItem rendering should render with custom props" name="CardItem rendering should render with custom props" time="0.203">
    </testcase>
    <testcase classname="CardItem rendering should render image with correct alt text" name="CardItem rendering should render image with correct alt text" time="0.037">
    </testcase>
    <testcase classname="CardItem rendering should render figure with data-category attribute" name="CardItem rendering should render figure with data-category attribute" time="0.042">
    </testcase>
    <testcase classname="CardItem structure should have proper DOM structure" name="CardItem structure should have proper DOM structure" time="0.225">
    </testcase>
    <testcase classname="CardItem structure should have correct CSS classes" name="CardItem structure should have correct CSS classes" time="0.067">
    </testcase>
    <testcase classname="CardItem accessibility should have proper heading structure" name="CardItem accessibility should have proper heading structure" time="0.028">
    </testcase>
    <testcase classname="CardItem accessibility should have accessible link" name="CardItem accessibility should have accessible link" time="0.018">
    </testcase>
    <testcase classname="CardItem accessibility should have semantic figure element" name="CardItem accessibility should have semantic figure element" time="0.045">
    </testcase>
    <testcase classname="CardItem accessibility should have list item role" name="CardItem accessibility should have list item role" time="0.05">
    </testcase>
    <testcase classname="CardItem content display should display the text content correctly" name="CardItem content display should display the text content correctly" time="0.032">
    </testcase>
    <testcase classname="CardItem content display should display the label as data-category" name="CardItem content display should display the label as data-category" time="0.022">
    </testcase>
    <testcase classname="CardItem content display should set the correct image source" name="CardItem content display should set the correct image source" time="0.073">
    </testcase>
    <testcase classname="CardItem content display should set the correct link path" name="CardItem content display should set the correct link path" time="0.023">
    </testcase>
  </testsuite>
  <testsuite name="ErrorBoundary" errors="0" failures="0" skipped="0" timestamp="2025-07-31T04:54:25" time="1.183" tests="3">
    <testcase classname="ErrorBoundary should render without crashing" name="ErrorBoundary should render without crashing" time="0.001">
    </testcase>
    <testcase classname="ErrorBoundary should catch and handle errors" name="ErrorBoundary should catch and handle errors" time="0">
    </testcase>
    <testcase classname="ErrorBoundary should display error UI when errors occur" name="ErrorBoundary should display error UI when errors occur" time="0.001">
    </testcase>
  </testsuite>
  <testsuite name="Interfaces" errors="0" failures="0" skipped="0" timestamp="2025-07-31T04:54:25" time="1.326" tests="2">
    <testcase classname="Interfaces IRentalCalculatorPageProps should have required properties" name="Interfaces IRentalCalculatorPageProps should have required properties" time="0.038">
    </testcase>
    <testcase classname="Interfaces IRentalCalculatorPageProps should have correct property types" name="Interfaces IRentalCalculatorPageProps should have correct property types" time="0.004">
    </testcase>
  </testsuite>
  <testsuite name="AppContextProvider" errors="0" failures="0" skipped="0" timestamp="2025-07-31T04:54:25" time="1.277" tests="3">
    <testcase classname="AppContextProvider should render without crashing" name="AppContextProvider should render without crashing" time="0.002">
    </testcase>
    <testcase classname="AppContextProvider should provide context values correctly" name="AppContextProvider should provide context values correctly" time="0.001">
    </testcase>
    <testcase classname="AppContextProvider should handle context updates" name="AppContextProvider should handle context updates" time="0.001">
    </testcase>
  </testsuite>
  <testsuite name="CalculatorSummary Component" errors="0" failures="0" skipped="0" timestamp="2025-07-31T04:54:19" time="7.125" tests="3">
    <testcase classname="CalculatorSummary Component should render without crashing" name="CalculatorSummary Component should render without crashing" time="0.039">
    </testcase>
    <testcase classname="CalculatorSummary Component should display summary data correctly" name="CalculatorSummary Component should display summary data correctly" time="0.036">
    </testcase>
    <testcase classname="CalculatorSummary Component should handle summary calculations and render chart data" name="CalculatorSummary Component should handle summary calculations and render chart data" time="0.038">
    </testcase>
  </testsuite>
  <testsuite name="CloudscapeLineChart Component" errors="0" failures="0" skipped="0" timestamp="2025-07-31T04:54:22" time="4.993" tests="3">
    <testcase classname="CloudscapeLineChart Component should render without crashing" name="CloudscapeLineChart Component should render without crashing" time="0.05">
    </testcase>
    <testcase classname="CloudscapeLineChart Component should display chart data correctly" name="CloudscapeLineChart Component should display chart data correctly" time="0.005">
    </testcase>
    <testcase classname="CloudscapeLineChart Component should handle chart interactions (props)" name="CloudscapeLineChart Component should handle chart interactions (props)" time="0.008">
    </testcase>
  </testsuite>
  <testsuite name="AddressFormV2 Component" errors="0" failures="0" skipped="0" timestamp="2025-07-31T04:54:22" time="5.551" tests="4">
    <testcase classname="AddressFormV2 Component should render without crashing" name="AddressFormV2 Component should render without crashing" time="0.083">
    </testcase>
    <testcase classname="AddressFormV2 Component should handle form submission via address selection" name="AddressFormV2 Component should handle form submission via address selection" time="0.066">
    </testcase>
    <testcase classname="AddressFormV2 Component should update input value on change" name="AddressFormV2 Component should update input value on change" time="0.019">
    </testcase>
    <testcase classname="AddressFormV2 Component should show loading bar when loading" name="AddressFormV2 Component should show loading bar when loading" time="0.028">
    </testcase>
  </testsuite>
  <testsuite name="Input" errors="0" failures="4" skipped="0" timestamp="2025-07-31T04:53:57" time="29.916" tests="27">
    <testcase classname="Input rendering should render with default props" name="Input rendering should render with default props" time="0.341">
    </testcase>
    <testcase classname="Input rendering should render with required asterisk" name="Input rendering should render with required asterisk" time="0.045">
    </testcase>
    <testcase classname="Input rendering should render select input when type is select" name="Input rendering should render select input when type is select" time="0.189">
    </testcase>
    <testcase classname="Input rendering should render checkbox when type is checkbox" name="Input rendering should render checkbox when type is checkbox" time="0.098">
    </testcase>
    <testcase classname="Input text input functionality should call onChange when text input changes" name="Input text input functionality should call onChange when text input changes" time="0.142">
    </testcase>
    <testcase classname="Input text input functionality should handle empty value" name="Input text input functionality should handle empty value" time="0.098">
    </testcase>
    <testcase classname="Input text input functionality should handle undefined value" name="Input text input functionality should handle undefined value" time="0.048">
    </testcase>
    <testcase classname="Input currency input functionality should format currency input correctly" name="Input currency input functionality should format currency input correctly" time="0.654">
      <failure>Error: expect(jest.fn()).toHaveBeenCalledWith(...expected)

Expected: &quot;1234&quot;
Received
       1: &quot;$1&quot;
       2: &quot;$12&quot;
       3: &quot;$123&quot;

Number of calls: 4
    at C:\Users\benpe\Coding\REI-Project\InstantlyAnalyze-Components\tst\components\Input\Input.test.tsx:92:28
    at step (C:\Users\benpe\Coding\REI-Project\InstantlyAnalyze-Components\tst\components\Input\Input.test.tsx:44:23)
    at Object.next (C:\Users\benpe\Coding\REI-Project\InstantlyAnalyze-Components\tst\components\Input\Input.test.tsx:25:53)
    at fulfilled (C:\Users\benpe\Coding\REI-Project\InstantlyAnalyze-Components\tst\components\Input\Input.test.tsx:16:58)
    at runNextTicks (node:internal/process/task_queues:60:5)
    at processTimers (node:internal/timers:511:9)</failure>
    </testcase>
    <testcase classname="Input currency input functionality should handle decimal currency input" name="Input currency input functionality should handle decimal currency input" time="0.639">
    </testcase>
    <testcase classname="Input currency input functionality should limit decimal places to 2" name="Input currency input functionality should limit decimal places to 2" time="0.522">
    </testcase>
    <testcase classname="Input currency input functionality should handle currency value exceeding maximum" name="Input currency input functionality should handle currency value exceeding maximum" time="1.108">
    </testcase>
    <testcase classname="Input percent input functionality should format percent input correctly" name="Input percent input functionality should format percent input correctly" time="0.239">
      <failure>Error: expect(jest.fn()).toHaveBeenCalledWith(...expected)

Expected: &quot;50&quot;
Received
       1: &quot;5%&quot;
       2: &quot;50%&quot;

Number of calls: 2
    at C:\Users\benpe\Coding\REI-Project\InstantlyAnalyze-Components\tst\components\Input\Input.test.tsx:131:28
    at step (C:\Users\benpe\Coding\REI-Project\InstantlyAnalyze-Components\tst\components\Input\Input.test.tsx:44:23)
    at Object.next (C:\Users\benpe\Coding\REI-Project\InstantlyAnalyze-Components\tst\components\Input\Input.test.tsx:25:53)
    at fulfilled (C:\Users\benpe\Coding\REI-Project\InstantlyAnalyze-Components\tst\components\Input\Input.test.tsx:16:58)</failure>
    </testcase>
    <testcase classname="Input percent input functionality should handle percent value exceeding 100" name="Input percent input functionality should handle percent value exceeding 100" time="0.233">
    </testcase>
    <testcase classname="Input percent input functionality should handle negative percent value" name="Input percent input functionality should handle negative percent value" time="0.028">
    </testcase>
    <testcase classname="Input select input functionality should call onChange when select option changes" name="Input select input functionality should call onChange when select option changes" time="0.16">
    </testcase>
    <testcase classname="Input select input functionality should render all options correctly" name="Input select input functionality should render all options correctly" time="0.05">
    </testcase>
    <testcase classname="Input checkbox functionality should handle checkbox checked state" name="Input checkbox functionality should handle checkbox checked state" time="0.032">
      <failure>Error: expect(jest.fn()).toHaveBeenCalledWith(...expected)

Expected: true
Received: &quot;false&quot;

Number of calls: 1
    at Object.&lt;anonymous&gt; (C:\Users\benpe\Coding\REI-Project\InstantlyAnalyze-Components\tst\components\Input\Input.test.tsx:182:28)
    at Promise.then.completed (C:\Users\benpe\Coding\REI-Project\InstantlyAnalyze-Components\node_modules\jest-circus\build\utils.js:298:28)
    at new Promise (&lt;anonymous&gt;)
    at callAsyncCircusFn (C:\Users\benpe\Coding\REI-Project\InstantlyAnalyze-Components\node_modules\jest-circus\build\utils.js:231:10)
    at _callCircusTest (C:\Users\benpe\Coding\REI-Project\InstantlyAnalyze-Components\node_modules\jest-circus\build\run.js:316:40)
    at _runTest (C:\Users\benpe\Coding\REI-Project\InstantlyAnalyze-Components\node_modules\jest-circus\build\run.js:252:3)
    at _runTestsForDescribeBlock (C:\Users\benpe\Coding\REI-Project\InstantlyAnalyze-Components\node_modules\jest-circus\build\run.js:126:9)
    at _runTestsForDescribeBlock (C:\Users\benpe\Coding\REI-Project\InstantlyAnalyze-Components\node_modules\jest-circus\build\run.js:121:9)
    at _runTestsForDescribeBlock (C:\Users\benpe\Coding\REI-Project\InstantlyAnalyze-Components\node_modules\jest-circus\build\run.js:121:9)
    at run (C:\Users\benpe\Coding\REI-Project\InstantlyAnalyze-Components\node_modules\jest-circus\build\run.js:71:3)
    at runAndTransformResultsToJestFormat (C:\Users\benpe\Coding\REI-Project\InstantlyAnalyze-Components\node_modules\jest-circus\build\legacy-code-todo-rewrite\jestAdapterInit.js:122:21)
    at jestAdapter (C:\Users\benpe\Coding\REI-Project\InstantlyAnalyze-Components\node_modules\jest-circus\build\legacy-code-todo-rewrite\jestAdapter.js:79:19)
    at runTestInternal (C:\Users\benpe\Coding\REI-Project\InstantlyAnalyze-Components\node_modules\jest-runner\build\runTest.js:367:16)
    at runTest (C:\Users\benpe\Coding\REI-Project\InstantlyAnalyze-Components\node_modules\jest-runner\build\runTest.js:444:34)
    at Object.worker (C:\Users\benpe\Coding\REI-Project\InstantlyAnalyze-Components\node_modules\jest-runner\build\testWorker.js:106:12)</failure>
    </testcase>
    <testcase classname="Input checkbox functionality should handle checkbox unchecked state" name="Input checkbox functionality should handle checkbox unchecked state" time="0.032">
      <failure>Error: expect(jest.fn()).toHaveBeenCalledWith(...expected)

Expected: false
Received: &quot;true&quot;

Number of calls: 1
    at Object.&lt;anonymous&gt; (C:\Users\benpe\Coding\REI-Project\InstantlyAnalyze-Components\tst\components\Input\Input.test.tsx:190:28)
    at Promise.then.completed (C:\Users\benpe\Coding\REI-Project\InstantlyAnalyze-Components\node_modules\jest-circus\build\utils.js:298:28)
    at new Promise (&lt;anonymous&gt;)
    at callAsyncCircusFn (C:\Users\benpe\Coding\REI-Project\InstantlyAnalyze-Components\node_modules\jest-circus\build\utils.js:231:10)
    at _callCircusTest (C:\Users\benpe\Coding\REI-Project\InstantlyAnalyze-Components\node_modules\jest-circus\build\run.js:316:40)
    at _runTest (C:\Users\benpe\Coding\REI-Project\InstantlyAnalyze-Components\node_modules\jest-circus\build\run.js:252:3)
    at _runTestsForDescribeBlock (C:\Users\benpe\Coding\REI-Project\InstantlyAnalyze-Components\node_modules\jest-circus\build\run.js:126:9)
    at _runTestsForDescribeBlock (C:\Users\benpe\Coding\REI-Project\InstantlyAnalyze-Components\node_modules\jest-circus\build\run.js:121:9)
    at _runTestsForDescribeBlock (C:\Users\benpe\Coding\REI-Project\InstantlyAnalyze-Components\node_modules\jest-circus\build\run.js:121:9)
    at run (C:\Users\benpe\Coding\REI-Project\InstantlyAnalyze-Components\node_modules\jest-circus\build\run.js:71:3)
    at runAndTransformResultsToJestFormat (C:\Users\benpe\Coding\REI-Project\InstantlyAnalyze-Components\node_modules\jest-circus\build\legacy-code-todo-rewrite\jestAdapterInit.js:122:21)
    at jestAdapter (C:\Users\benpe\Coding\REI-Project\InstantlyAnalyze-Components\node_modules\jest-circus\build\legacy-code-todo-rewrite\jestAdapter.js:79:19)
    at runTestInternal (C:\Users\benpe\Coding\REI-Project\InstantlyAnalyze-Components\node_modules\jest-runner\build\runTest.js:367:16)
    at runTest (C:\Users\benpe\Coding\REI-Project\InstantlyAnalyze-Components\node_modules\jest-runner\build\runTest.js:444:34)
    at Object.worker (C:\Users\benpe\Coding\REI-Project\InstantlyAnalyze-Components\node_modules\jest-runner\build\testWorker.js:106:12)</failure>
    </testcase>
    <testcase classname="Input locked functionality should render lock button when locked is true" name="Input locked functionality should render lock button when locked is true" time="0.016">
    </testcase>
    <testcase classname="Input locked functionality should disable input when locked" name="Input locked functionality should disable input when locked" time="0.037">
    </testcase>
    <testcase classname="Input locked functionality should toggle lock state when lock button is clicked" name="Input locked functionality should toggle lock state when lock button is clicked" time="0.126">
    </testcase>
    <testcase classname="Input accessibility should have proper label association" name="Input accessibility should have proper label association" time="0.009">
    </testcase>
    <testcase classname="Input accessibility should be accessible by label text" name="Input accessibility should be accessible by label text" time="0.009">
    </testcase>
    <testcase classname="Input accessibility should have proper ARIA attributes for required fields" name="Input accessibility should have proper ARIA attributes for required fields" time="0.027">
    </testcase>
    <testcase classname="Input error handling should throw error for invalid input type" name="Input error handling should throw error for invalid input type" time="0.062">
    </testcase>
    <testcase classname="Input caret position handling should handle caret position for currency input" name="Input caret position handling should handle caret position for currency input" time="0.156">
    </testcase>
    <testcase classname="Input caret position handling should handle caret position for percent input" name="Input caret position handling should handle caret position for percent input" time="0.106">
    </testcase>
  </testsuite>
  <testsuite name="BuyboxFilter Component" errors="0" failures="0" skipped="0" timestamp="2025-07-31T04:54:05" time="23.562" tests="4">
    <testcase classname="BuyboxFilter Component should render without crashing" name="BuyboxFilter Component should render without crashing" time="0.075">
    </testcase>
    <testcase classname="BuyboxFilter Component should handle filter functionality (input change)" name="BuyboxFilter Component should handle filter functionality (input change)" time="0.023">
    </testcase>
    <testcase classname="BuyboxFilter Component should apply filters correctly (valid/invalid)" name="BuyboxFilter Component should apply filters correctly (valid/invalid)" time="0.02">
    </testcase>
    <testcase classname="BuyboxFilter Component should handle remove filter" name="BuyboxFilter Component should handle remove filter" time="0.03">
    </testcase>
  </testsuite>
  <testsuite name="Header_Alt Component" errors="0" failures="0" skipped="0" timestamp="2025-07-31T04:54:04" time="25.309" tests="3">
    <testcase classname="Header_Alt Component should render login state correctly" name="Header_Alt Component should render login state correctly" time="0.239">
    </testcase>
    <testcase classname="Header_Alt Component should render logout state correctly" name="Header_Alt Component should render logout state correctly" time="0.082">
    </testcase>
    <testcase classname="Header_Alt Component should handle login and logout actions" name="Header_Alt Component should handle login and logout actions" time="0.118">
    </testcase>
  </testsuite>
  <testsuite name="FeedbackModal" errors="0" failures="1" skipped="0" timestamp="2025-07-31T04:52:58" time="93.216" tests="20">
    <testcase classname="FeedbackModal rendering should render the feedback trigger link" name="FeedbackModal rendering should render the feedback trigger link" time="0.209">
    </testcase>
    <testcase classname="FeedbackModal rendering should not render modal initially" name="FeedbackModal rendering should not render modal initially" time="0.022">
    </testcase>
    <testcase classname="FeedbackModal rendering should render modal when opened" name="FeedbackModal rendering should render modal when opened" time="0.523">
    </testcase>
    <testcase classname="FeedbackModal rendering should render modal header" name="FeedbackModal rendering should render modal header" time="0.264">
    </testcase>
    <testcase classname="FeedbackModal form fields should render feedback type field" name="FeedbackModal form fields should render feedback type field" time="0.144">
    </testcase>
    <testcase classname="FeedbackModal form fields should render email field with info" name="FeedbackModal form fields should render email field with info" time="0.116">
    </testcase>
    <testcase classname="FeedbackModal form fields should render note field with info" name="FeedbackModal form fields should render note field with info" time="0.075">
    </testcase>
    <testcase classname="FeedbackModal form fields should have correct select options" name="FeedbackModal form fields should have correct select options" time="0.034">
    </testcase>
    <testcase classname="FeedbackModal form interactions should handle feedback type change" name="FeedbackModal form interactions should handle feedback type change" time="0.491">
    </testcase>
    <testcase classname="FeedbackModal form interactions should handle email input" name="FeedbackModal form interactions should handle email input" time="1.547">
    </testcase>
    <testcase classname="FeedbackModal form interactions should handle note input" name="FeedbackModal form interactions should handle note input" time="2.467">
    </testcase>
    <testcase classname="FeedbackModal modal actions should close modal when cancel button is clicked" name="FeedbackModal modal actions should close modal when cancel button is clicked" time="0.254">
    </testcase>
    <testcase classname="FeedbackModal modal actions should close modal when close button is clicked" name="FeedbackModal modal actions should close modal when close button is clicked" time="0.204">
    </testcase>
    <testcase classname="FeedbackModal modal actions should show submit button" name="FeedbackModal modal actions should show submit button" time="0.122">
    </testcase>
    <testcase classname="FeedbackModal form validation should show error when submitting empty note" name="FeedbackModal form validation should show error when submitting empty note" time="0.21">
    </testcase>
    <testcase classname="FeedbackModal form validation should allow submission with valid note" name="FeedbackModal form validation should allow submission with valid note" time="0.753">
    </testcase>
    <testcase classname="FeedbackModal API integration should call sendFeedbackEmail on successful submission" name="FeedbackModal API integration should call sendFeedbackEmail on successful submission" time="1.796">
      <failure>Error: expect(jest.fn()).toHaveBeenCalledWith(...expected)

Expected: &quot;bug&quot;, &quot;test@example.com&quot;, &quot;Test feedback&quot;, &quot;test-user-id&quot;
Received: &quot;bug&quot;, &quot;&quot;, &quot;Test feedback&quot;, &quot;test-user-id&quot;

Number of calls: 1

Ignored nodes: comments, script, style
&lt;html&gt;
  &lt;head /&gt;
  &lt;body&gt;
    &lt;div&gt;
      &lt;a
        class=&quot;text-base font-semibold cursor-pointer&quot;
      &gt;
        Feedback
      &lt;/a&gt;
      &lt;div
        data-testid=&quot;modal&quot;
      &gt;
        &lt;div
          data-testid=&quot;modal-header&quot;
        &gt;
          Send Feedback
        &lt;/div&gt;
        &lt;div
          data-testid=&quot;modal-content&quot;
        &gt;
          &lt;div
            data-testid=&quot;space-between&quot;
          &gt;
            &lt;div
              data-testid=&quot;alert-success&quot;
              role=&quot;alert&quot;
            &gt;
              Feedback submitted successfully!
            &lt;/div&gt;
            &lt;div
              data-testid=&quot;form-field-Feedback Type&quot;
            &gt;
              &lt;label&gt;
                Feedback Type
              &lt;/label&gt;
              &lt;select
                data-testid=&quot;select&quot;
              &gt;
                &lt;option
                  value=&quot;bug&quot;
                &gt;
                  Report a Bug
                &lt;/option&gt;
                &lt;option
                  value=&quot;feature&quot;
                &gt;
                  Suggest a Feature
                &lt;/option&gt;
              &lt;/select&gt;
            &lt;/div&gt;
            &lt;div
              data-testid=&quot;form-field-Email&quot;
            &gt;
              &lt;label&gt;
                Email
              &lt;/label&gt;
              &lt;span
                data-testid=&quot;field-info&quot;
              &gt;
                Optional
              &lt;/span&gt;
              &lt;input
                data-testid=&quot;input&quot;
                placeholder=&quot;you@example.com&quot;
                value=&quot;&quot;
              /&gt;
            &lt;/div&gt;
            &lt;div
              data-testid=&quot;form-field-Note to Developer&quot;
            &gt;
              &lt;label&gt;
                Note to Developer
              &lt;/label&gt;
              &lt;span
                data-testid=&quot;field-info&quot;
              &gt;
                Required
              &lt;/span&gt;
              &lt;textarea
                data-testid=&quot;textarea&quot;
                placeholder=&quot;Describe your feedback...&quot;
                rows=&quot;3&quot;
              &gt;
                Test feedback
              &lt;/textarea&gt;
            &lt;/div&gt;
          &lt;/div&gt;
        &lt;/div&gt;
        &lt;div
          data-testid=&quot;modal-footer&quot;
        &gt;
          &lt;div
            data-testid=&quot;box&quot;
          &gt;
            &lt;button
              data-testid=&quot;button-link&quot;
            &gt;
              Cancel
            &lt;/button&gt;
            &lt;button
              data-testid=&quot;button-primary&quot;
            &gt;
              Submit
            &lt;/button&gt;
          &lt;/div&gt;
        &lt;/div&gt;
        &lt;button
          data-testid=&quot;modal-close&quot;
        &gt;
          Close
        &lt;/button&gt;
      &lt;/div&gt;
    &lt;/div&gt;
  &lt;/body&gt;
&lt;/html&gt;
    at C:\Users\benpe\Coding\REI-Project\InstantlyAnalyze-Components\tst\components\FeedbackModal\FeedbackModal.test.tsx:309:39
    at runWithExpensiveErrorDiagnosticsDisabled (C:\Users\benpe\Coding\REI-Project\InstantlyAnalyze-Components\node_modules\@testing-library\react\node_modules\@testing-library\dom\dist\config.js:47:12)
    at checkCallback (C:\Users\benpe\Coding\REI-Project\InstantlyAnalyze-Components\node_modules\@testing-library\react\node_modules\@testing-library\dom\dist\wait-for.js:127:77)
    at checkRealTimersCallback (C:\Users\benpe\Coding\REI-Project\InstantlyAnalyze-Components\node_modules\@testing-library\react\node_modules\@testing-library\dom\dist\wait-for.js:121:16)
    at Timeout.task [as _onTimeout] (C:\Users\benpe\Coding\REI-Project\InstantlyAnalyze-Components\node_modules\jsdom\lib\jsdom\browser\Window.js:520:19)
    at listOnTimeout (node:internal/timers:573:17)
    at processTimers (node:internal/timers:514:7)</failure>
    </testcase>
    <testcase classname="FeedbackModal API integration should show error message on API failure" name="FeedbackModal API integration should show error message on API failure" time="0.43">
    </testcase>
    <testcase classname="FeedbackModal loading states should disable buttons and show loading text during submission" name="FeedbackModal loading states should disable buttons and show loading text during submission" time="0.402">
    </testcase>
    <testcase classname="FeedbackModal accessibility should have proper alert roles" name="FeedbackModal accessibility should have proper alert roles" time="0.414">
    </testcase>
  </testsuite>
  <testsuite name="CalculatorUpdate" errors="0" failures="2" skipped="0" timestamp="2025-07-31T04:54:26" time="6.467" tests="15">
    <testcase classname="CalculatorUpdate rendering should render all three buttons" name="CalculatorUpdate rendering should render all three buttons" time="0.03">
    </testcase>
    <testcase classname="CalculatorUpdate rendering should display correct button text" name="CalculatorUpdate rendering should display correct button text" time="0.01">
    </testcase>
    <testcase classname="CalculatorUpdate rendering should have correct CSS classes" name="CalculatorUpdate rendering should have correct CSS classes" time="0.012">
    </testcase>
    <testcase classname="CalculatorUpdate save functionality should call saveUpdatedRentalReport when save button is clicked" name="CalculatorUpdate save functionality should call saveUpdatedRentalReport when save button is clicked" time="1.044">
      <failure>Error: expect(jest.fn()).toHaveBeenCalledWith(...expected)

- Expected
+ Received

  &quot;test-report-id&quot;,
@@ -1,10 +1,10 @@
  Object {
    &quot;propertyInformation&quot;: Object {
      &quot;city&quot;: &quot;Anytown&quot;,
      &quot;state&quot;: &quot;CA&quot;,
-     &quot;streetAddress&quot;: &quot;New Address&quot;,
+     &quot;streetAddress&quot;: &quot;123 Main St&quot;,
      &quot;zipCode&quot;: &quot;12345&quot;,
    },
    &quot;purchaseDetails&quot;: Object {
      &quot;purchasePrice&quot;: 200000,
    },,
  true,
  &quot;test-user-id&quot;,

Number of calls: 1

Ignored nodes: comments, script, style
&lt;html&gt;
  &lt;head /&gt;
  &lt;body&gt;
    &lt;div&gt;
      &lt;div
        class=&quot;calculator-update-container&quot;
      &gt;
        &lt;div
          class=&quot;calculator-update-buttons&quot;
        &gt;
          &lt;button
            data-testid=&quot;button-save-button&quot;
            disabled=&quot;&quot;
          &gt;
            Save
          &lt;/button&gt;
          &lt;button
            data-href=&quot;/edit&quot;
            data-testid=&quot;button-edit-button&quot;
          &gt;
            Edit
          &lt;/button&gt;
          &lt;button
            data-testid=&quot;button-delete-button&quot;
          &gt;
            Delete
          &lt;/button&gt;
        &lt;/div&gt;
      &lt;/div&gt;
    &lt;/div&gt;
  &lt;/body&gt;
&lt;/html&gt;
    at C:\Users\benpe\Coding\REI-Project\InstantlyAnalyze-Components\tst\components\Calculator\CalculatorUpdate.test.tsx:117:45
    at runWithExpensiveErrorDiagnosticsDisabled (C:\Users\benpe\Coding\REI-Project\InstantlyAnalyze-Components\node_modules\@testing-library\react\node_modules\@testing-library\dom\dist\config.js:47:12)
    at checkCallback (C:\Users\benpe\Coding\REI-Project\InstantlyAnalyze-Components\node_modules\@testing-library\react\node_modules\@testing-library\dom\dist\wait-for.js:127:77)
    at checkRealTimersCallback (C:\Users\benpe\Coding\REI-Project\InstantlyAnalyze-Components\node_modules\@testing-library\react\node_modules\@testing-library\dom\dist\wait-for.js:121:16)
    at Timeout.task [as _onTimeout] (C:\Users\benpe\Coding\REI-Project\InstantlyAnalyze-Components\node_modules\jsdom\lib\jsdom\browser\Window.js:520:19)
    at listOnTimeout (node:internal/timers:573:17)
    at processTimers (node:internal/timers:514:7)</failure>
    </testcase>
    <testcase classname="CalculatorUpdate save functionality should show success alert when save is successful" name="CalculatorUpdate save functionality should show success alert when save is successful" time="0.082">
    </testcase>
    <testcase classname="CalculatorUpdate save functionality should show error alert when save fails" name="CalculatorUpdate save functionality should show error alert when save fails" time="0.06">
    </testcase>
    <testcase classname="CalculatorUpdate edit functionality should have correct edit redirect URL" name="CalculatorUpdate edit functionality should have correct edit redirect URL" time="0.004">
    </testcase>
    <testcase classname="CalculatorUpdate delete functionality should show confirmation dialog when delete button is clicked" name="CalculatorUpdate delete functionality should show confirmation dialog when delete button is clicked" time="0.057">
    </testcase>
    <testcase classname="CalculatorUpdate delete functionality should call deleteRentalReport when delete is confirmed" name="CalculatorUpdate delete functionality should call deleteRentalReport when delete is confirmed" time="0.048">
    </testcase>
    <testcase classname="CalculatorUpdate delete functionality should show success alert when delete is successful" name="CalculatorUpdate delete functionality should show success alert when delete is successful" time="0.047">
    </testcase>
    <testcase classname="CalculatorUpdate delete functionality should show error alert when delete fails" name="CalculatorUpdate delete functionality should show error alert when delete fails" time="0.047">
    </testcase>
    <testcase classname="CalculatorUpdate delete functionality should not call deleteRentalReport when delete is cancelled" name="CalculatorUpdate delete functionality should not call deleteRentalReport when delete is cancelled" time="0.061">
    </testcase>
    <testcase classname="CalculatorUpdate modification tracking should disable save button when no modifications are made" name="CalculatorUpdate modification tracking should disable save button when no modifications are made" time="0.006">
    </testcase>
    <testcase classname="CalculatorUpdate modification tracking should enable save button when modifications are made" name="CalculatorUpdate modification tracking should enable save button when modifications are made" time="0.007">
    </testcase>
    <testcase classname="CalculatorUpdate error handling should handle missing user ID gracefully" name="CalculatorUpdate error handling should handle missing user ID gracefully" time="1.054">
      <failure>Error: expect(jest.fn()).toHaveBeenCalledWith(...expected)

- Expected
+ Received

  &quot;test-report-id&quot;,
@@ -1,10 +1,10 @@
  Object {
    &quot;propertyInformation&quot;: Object {
      &quot;city&quot;: &quot;Anytown&quot;,
      &quot;state&quot;: &quot;CA&quot;,
-     &quot;streetAddress&quot;: &quot;New Address&quot;,
+     &quot;streetAddress&quot;: &quot;123 Main St&quot;,
      &quot;zipCode&quot;: &quot;12345&quot;,
    },
    &quot;purchaseDetails&quot;: Object {
      &quot;purchasePrice&quot;: 200000,
    },,
  true,
  undefined,

Number of calls: 1

Ignored nodes: comments, script, style
&lt;html&gt;
  &lt;head /&gt;
  &lt;body&gt;
    &lt;div&gt;
      &lt;div
        class=&quot;calculator-update-container&quot;
      &gt;
        &lt;div
          class=&quot;calculator-update-buttons&quot;
        &gt;
          &lt;button
            data-testid=&quot;button-save-button&quot;
            disabled=&quot;&quot;
          &gt;
            Save
          &lt;/button&gt;
          &lt;button
            data-href=&quot;/edit&quot;
            data-testid=&quot;button-edit-button&quot;
          &gt;
            Edit
          &lt;/button&gt;
          &lt;button
            data-testid=&quot;button-delete-button&quot;
          &gt;
            Delete
          &lt;/button&gt;
        &lt;/div&gt;
      &lt;/div&gt;
    &lt;/div&gt;
  &lt;/body&gt;
&lt;/html&gt;
    at C:\Users\benpe\Coding\REI-Project\InstantlyAnalyze-Components\tst\components\Calculator\CalculatorUpdate.test.tsx:267:45
    at runWithExpensiveErrorDiagnosticsDisabled (C:\Users\benpe\Coding\REI-Project\InstantlyAnalyze-Components\node_modules\@testing-library\react\node_modules\@testing-library\dom\dist\config.js:47:12)
    at checkCallback (C:\Users\benpe\Coding\REI-Project\InstantlyAnalyze-Components\node_modules\@testing-library\react\node_modules\@testing-library\dom\dist\wait-for.js:127:77)
    at checkRealTimersCallback (C:\Users\benpe\Coding\REI-Project\InstantlyAnalyze-Components\node_modules\@testing-library\react\node_modules\@testing-library\dom\dist\wait-for.js:121:16)
    at Timeout.task [as _onTimeout] (C:\Users\benpe\Coding\REI-Project\InstantlyAnalyze-Components\node_modules\jsdom\lib\jsdom\browser\Window.js:520:19)
    at listOnTimeout (node:internal/timers:573:17)
    at processTimers (node:internal/timers:514:7)</failure>
    </testcase>
  </testsuite>
  <testsuite name="TermsOfUse Component" errors="0" failures="0" skipped="0" timestamp="2025-07-31T04:54:23" time="10.464" tests="3">
    <testcase classname="TermsOfUse Component should render without crashing" name="TermsOfUse Component should render without crashing" time="0.019">
    </testcase>
    <testcase classname="TermsOfUse Component should display terms content correctly" name="TermsOfUse Component should display terms content correctly" time="0.009">
    </testcase>
    <testcase classname="TermsOfUse Component should be wrapped in a small tag" name="TermsOfUse Component should be wrapped in a small tag" time="0.006">
    </testcase>
  </testsuite>
  <testsuite name="Navbar Component" errors="0" failures="0" skipped="0" timestamp="2025-07-31T04:54:04" time="29.921" tests="3">
    <testcase classname="Navbar Component should render without crashing" name="Navbar Component should render without crashing" time="0.214">
    </testcase>
    <testcase classname="Navbar Component should display navigation items correctly" name="Navbar Component should display navigation items correctly" time="0.052">
    </testcase>
    <testcase classname="Navbar Component should handle navigation interactions (user menu)" name="Navbar Component should handle navigation interactions (user menu)" time="0.165">
    </testcase>
  </testsuite>
  <testsuite name="TableHelpers" errors="0" failures="0" skipped="0" timestamp="2025-07-31T04:53:57" time="39.979" tests="5">
    <testcase classname="TableHelpers TableNoMatchState renders correctly and handles clear filter" name="TableHelpers TableNoMatchState renders correctly and handles clear filter" time="0.185">
    </testcase>
    <testcase classname="TableHelpers TableEmptyState renders create state when user can create" name="TableHelpers TableEmptyState renders create state when user can create" time="0.036">
    </testcase>
    <testcase classname="TableHelpers TableEmptyState renders alert state when user cannot create" name="TableHelpers TableEmptyState renders alert state when user cannot create" time="0.051">
    </testcase>
    <testcase classname="TableHelpers FullPageHeader handles button states correctly based on selection" name="TableHelpers FullPageHeader handles button states correctly based on selection" time="0.093">
    </testcase>
    <testcase classname="TableHelpers useColumnWidths should manage column widths" name="TableHelpers useColumnWidths should manage column widths" time="0.004">
    </testcase>
  </testsuite>
</testsuites>